2026-04-04T09:00:01.000+0000: 1.000: [GC pause (G1 Evacuation Pause) (young), 0.0450000 secs]
   [Parallel Time: 43.0 ms, GC Workers: 8]
   [Humongous regions: 2->2]
   [Eden: 24.0M(24.0M)->0.0B(16.0M) Survivors: 4096.0K->4096.0K Heap: 244.0M(256.0M)->240.0M(256.0M)]
   [Times: user=0.08 sys=0.00, real=0.05 secs]
2026-04-04T09:00:02.000+0000: 2.000: [GC pause (G1 Evacuation Pause) (young), 0.0450000 secs]
   [Parallel Time: 43.0 ms, GC Workers: 8]
   [Humongous regions: 2->2]
   [Eden: 24.0M(24.0M)->0.0B(16.0M) Survivors: 4096.0K->4096.0K Heap: 244.0M(256.0M)->240.0M(256.0M)]
   [Times: user=0.08 sys=0.00, real=0.05 secs]
2026-04-04T09:00:03.000+0000: 3.000: [GC pause (G1 Evacuation Pause) (young), 0.0450000 secs]
   [Parallel Time: 43.0 ms, GC Workers: 8]
   [Humongous regions: 2->2]
   [Eden: 24.0M(24.0M)->0.0B(16.0M) Survivors: 4096.0K->4096.0K Heap: 244.0M(256.0M)->240.0M(256.0M)]
   [Times: user=0.08 sys=0.00, real=0.05 secs]
2026-04-04T09:00:04.000+0000: 4.000: [GC pause (G1 Evacuation Pause) (young), 0.0450000 secs]
   [Parallel Time: 43.0 ms, GC Workers: 8]
   [Humongous regions: 2->2]
   [Eden: 24.0M(24.0M)->0.0B(16.0M) Survivors: 4096.0K->4096.0K Heap: 244.0M(256.0M)->240.0M(256.0M)]
   [Times: user=0.08 sys=0.00, real=0.05 secs]
2026-04-04T09:00:05.000+0000: 5.000: [GC pause (G1 Evacuation Pause) (young), 0.0450000 secs]
   [Parallel Time: 43.0 ms, GC Workers: 8]
   [Humongous regions: 2->2]
   [Eden: 24.0M(24.0M)->0.0B(16.0M) Survivors: 4096.0K->4096.0K Heap: 244.0M(256.0M)->240.0M(256.0M)]
   [Times: user=0.08 sys=0.00, real=0.05 secs]
2026-04-04T09:00:06.000+0000: 6.000: [GC pause (G1 Evacuation Pause) (young), 0.0450000 secs]
   [Parallel Time: 43.0 ms, GC Workers: 8]
   [Humongous regions: 2->2]
   [Eden: 24.0M(24.0M)->0.0B(16.0M) Survivors: 4096.0K->4096.0K Heap: 244.0M(256.0M)->240.0M(256.0M)]
   [Times: user=0.08 sys=0.00, real=0.05 secs]
2026-04-04T09:00:07.000+0000: 7.000: [GC pause (G1 Evacuation Pause) (young), 0.0450000 secs]
   [Parallel Time: 43.0 ms, GC Workers: 8]
   [Humongous regions: 2->2]
   [Eden: 24.0M(24.0M)->0.0B(16.0M) Survivors: 4096.0K->4096.0K Heap: 244.0M(256.0M)->240.0M(256.0M)]
   [Times: user=0.08 sys=0.00, real=0.05 secs]
2026-04-04T09:00:08.000+0000: 8.000: [GC pause (G1 Evacuation Pause) (young), 0.0450000 secs]
   [Parallel Time: 43.0 ms, GC Workers: 8]
   [Humongous regions: 2->2]
   [Eden: 24.0M(24.0M)->0.0B(16.0M) Survivors: 4096.0K->4096.0K Heap: 244.0M(256.0M)->240.0M(256.0M)]
   [Times: user=0.08 sys=0.00, real=0.05 secs]
2026-04-04T09:00:09.000+0000: 9.000: [GC pause (G1 Evacuation Pause) (young), 0.0450000 secs]
   [Parallel Time: 43.0 ms, GC Workers: 8]
   [Humongous regions: 2->2]
   [Eden: 24.0M(24.0M)->0.0B(16.0M) Survivors: 4096.0K->4096.0K Heap: 244.0M(256.0M)->240.0M(256.0M)]
   [Times: user=0.08 sys=0.00, real=0.05 secs]
2026-04-04T09:00:10.000+0000: 10.000: [GC pause (G1 Evacuation Pause) (young), 0.0450000 secs]
   [Parallel Time: 43.0 ms, GC Workers: 8]
   [Humongous regions: 2->2]
   [Eden: 24.0M(24.0M)->0.0B(16.0M) Survivors: 4096.0K->4096.0K Heap: 244.0M(256.0M)->240.0M(256.0M)]
   [Times: user=0.08 sys=0.00, real=0.05 secs]
2026-04-04T09:00:11.000+0000: 11.000: [GC pause (G1 Evacuation Pause) (young), 0.0450000 secs]
   [Parallel Time: 43.0 ms, GC Workers: 8]
   [Humongous regions: 2->2]
   [Eden: 24.0M(24.0M)->0.0B(16.0M) Survivors: 4096.0K->4096.0K Heap: 244.0M(256.0M)->240.0M(256.0M)]
   [Times: user=0.08 sys=0.00, real=0.05 secs]
2026-04-04T09:00:12.000+0000: 12.000: [GC pause (G1 Evacuation Pause) (young), 0.0450000 secs]
   [Parallel Time: 43.0 ms, GC Workers: 8]
   [Humongous regions: 2->2]
   [Eden: 24.0M(24.0M)->0.0B(16.0M) Survivors: 4096.0K->4096.0K Heap: 244.0M(256.0M)->240.0M(256.0M)]
   [Times: user=0.08 sys=0.00, real=0.05 secs]
2026-04-04T09:00:13.000+0000: 13.000: [GC pause (G1 Evacuation Pause) (young), 0.0450000 secs]
   [Parallel Time: 43.0 ms, GC Workers: 8]
   [Humongous regions: 2->2]
   [Eden: 24.0M(24.0M)->0.0B(16.0M) Survivors: 4096.0K->4096.0K Heap: 244.0M(256.0M)->240.0M(256.0M)]
   [Times: user=0.08 sys=0.00, real=0.05 secs]
2026-04-04T09:00:14.000+0000: 14.000: [GC pause (G1 Evacuation Pause) (young), 0.0450000 secs]
   [Parallel Time: 43.0 ms, GC Workers: 8]
   [Humongous regions: 2->2]
   [Eden: 24.0M(24.0M)->0.0B(16.0M) Survivors: 4096.0K->4096.0K Heap: 244.0M(256.0M)->240.0M(256.0M)]
   [Times: user=0.08 sys=0.00, real=0.05 secs]
2026-04-04T09:00:15.000+0000: 15.000: [GC pause (G1 Evacuation Pause) (young), 0.0450000 secs]
   [Parallel Time: 43.0 ms, GC Workers: 8]
   [Humongous regions: 2->2]
   [Eden: 24.0M(24.0M)->0.0B(16.0M) Survivors: 4096.0K->4096.0K Heap: 244.0M(256.0M)->240.0M(256.0M)]
   [Times: user=0.08 sys=0.00, real=0.05 secs]
2026-04-04T09:00:16.000+0000: 16.000: [GC pause (G1 Evacuation Pause) (young), 0.0450000 secs]
   [Parallel Time: 43.0 ms, GC Workers: 8]
   [Humongous regions: 2->2]
   [Eden: 24.0M(24.0M)->0.0B(16.0M) Survivors: 4096.0K->4096.0K Heap: 244.0M(256.0M)->240.0M(256.0M)]
   [Times: user=0.08 sys=0.00, real=0.05 secs]
2026-04-04T09:00:17.000+0000: 17.000: [GC pause (G1 Evacuation Pause) (young), 0.0450000 secs]
   [Parallel Time: 43.0 ms, GC Workers: 8]
   [Humongous regions: 2->2]
   [Eden: 24.0M(24.0M)->0.0B(16.0M) Survivors: 4096.0K->4096.0K Heap: 244.0M(256.0M)->240.0M(256.0M)]
   [Times: user=0.08 sys=0.00, real=0.05 secs]
2026-04-04T09:00:18.000+0000: 18.000: [GC pause (G1 Evacuation Pause) (young), 0.0450000 secs]
   [Parallel Time: 43.0 ms, GC Workers: 8]
   [Humongous regions: 2->2]
   [Eden: 24.0M(24.0M)->0.0B(16.0M) Survivors: 4096.0K->4096.0K Heap: 244.0M(256.0M)->240.0M(256.0M)]
   [Times: user=0.08 sys=0.00, real=0.05 secs]
2026-04-04T09:00:19.000+0000: 19.000: [GC pause (G1 Evacuation Pause) (young), 0.0450000 secs]
   [Parallel Time: 43.0 ms, GC Workers: 8]
   [Humongous regions: 2->2]
   [Eden: 24.0M(24.0M)->0.0B(16.0M) Survivors: 4096.0K->4096.0K Heap: 244.0M(256.0M)->240.0M(256.0M)]
   [Times: user=0.08 sys=0.00, real=0.05 secs]
2026-04-04T09:00:20.000+0000: 20.000: [GC pause (G1 Evacuation Pause) (young), 0.0450000 secs]
   [Parallel Time: 43.0 ms, GC Workers: 8]
   [Humongous regions: 2->2]
   [Eden: 24.0M(24.0M)->0.0B(16.0M) Survivors: 4096.0K->4096.0K Heap: 244.0M(256.0M)->240.0M(256.0M)]
   [Times: user=0.08 sys=0.00, real=0.05 secs]
2026-04-04T09:00:21.000+0000: 21.000: [GC pause (G1 Evacuation Pause) (young), 0.0450000 secs]
   [Parallel Time: 43.0 ms, GC Workers: 8]
   [Humongous regions: 2->2]
   [Eden: 24.0M(24.0M)->0.0B(16.0M) Survivors: 4096.0K->4096.0K Heap: 244.0M(256.0M)->240.0M(256.0M)]
   [Times: user=0.08 sys=0.00, real=0.05 secs]
2026-04-04T09:00:22.000+0000: 22.000: [GC pause (G1 Evacuation Pause) (young), 0.0450000 secs]
   [Parallel Time: 43.0 ms, GC Workers: 8]
   [Humongous regions: 2->2]
   [Eden: 24.0M(24.0M)->0.0B(16.0M) Survivors: 4096.0K->4096.0K Heap: 244.0M(256.0M)->240.0M(256.0M)]
   [Times: user=0.08 sys=0.00, real=0.05 secs]
2026-04-04T09:00:23.000+0000: 23.000: [GC pause (G1 Evacuation Pause) (young), 0.0450000 secs]
   [Parallel Time: 43.0 ms, GC Workers: 8]
   [Humongous regions: 2->2]
   [Eden: 24.0M(24.0M)->0.0B(16.0M) Survivors: 4096.0K->4096.0K Heap: 244.0M(256.0M)->240.0M(256.0M)]
   [Times: user=0.08 sys=0.00, real=0.05 secs]
2026-04-04T09:00:24.000+0000: 24.000: [GC pause (G1 Evacuation Pause) (young) (to-space exhausted), 0.1500000 secs]
   [Parallel Time: 149.0 ms, GC Workers: 8]
   [Humongous regions: 4->6]
   [Eden: 32.0M(32.0M)->0.0B(20.0M) Survivors: 4096.0K->4096.0K Heap: 250.0M(256.0M)->248.0M(256.0M)]
   [Times: user=0.40 sys=0.00, real=0.15 secs]
2026-04-04T09:00:24.000+0000: 24.500: [Full GC (G1 Compaction Pause) 252M->250M(256M), 0.3200000 secs] [Times: user=0.55 sys=0.01, real=0.32 secs]
2026-04-04T09:00:25.000+0000: 25.000: [GC pause (G1 Evacuation Pause) (young), 0.0450000 secs]
   [Parallel Time: 43.0 ms, GC Workers: 8]
   [Humongous regions: 2->2]
   [Eden: 24.0M(24.0M)->0.0B(16.0M) Survivors: 4096.0K->4096.0K Heap: 244.0M(256.0M)->240.0M(256.0M)]
   [Times: user=0.08 sys=0.00, real=0.05 secs]
2026-04-04T09:00:26.000+0000: 26.000: [GC pause (G1 Evacuation Pause) (young), 0.0450000 secs]
   [Parallel Time: 43.0 ms, GC Workers: 8]
   [Humongous regions: 2->2]
   [Eden: 24.0M(24.0M)->0.0B(16.0M) Survivors: 4096.0K->4096.0K Heap: 244.0M(256.0M)->240.0M(256.0M)]
   [Times: user=0.08 sys=0.00, real=0.05 secs]
2026-04-04T09:00:27.000+0000: 27.000: [GC pause (G1 Evacuation Pause) (young), 0.0450000 secs]
   [Parallel Time: 43.0 ms, GC Workers: 8]
   [Humongous regions: 2->2]
   [Eden: 24.0M(24.0M)->0.0B(16.0M) Survivors: 4096.0K->4096.0K Heap: 244.0M(256.0M)->240.0M(256.0M)]
   [Times: user=0.08 sys=0.00, real=0.05 secs]
2026-04-04T09:00:27.000+0000: 27.500: [Full GC (G1 Compaction Pause) 252M->250M(256M), 0.3200000 secs] [Times: user=0.55 sys=0.01, real=0.32 secs]
2026-04-04T09:00:28.000+0000: 28.000: [GC pause (G1 Evacuation Pause) (young), 0.0450000 secs]
   [Parallel Time: 43.0 ms, GC Workers: 8]
   [Humongous regions: 2->2]
   [Eden: 24.0M(24.0M)->0.0B(16.0M) Survivors: 4096.0K->4096.0K Heap: 244.0M(256.0M)->240.0M(256.0M)]
   [Times: user=0.08 sys=0.00, real=0.05 secs]
2026-04-04T09:00:29.000+0000: 29.000: [GC pause (G1 Evacuation Pause) (young), 0.0450000 secs]
   [Parallel Time: 43.0 ms, GC Workers: 8]
   [Humongous regions: 2->2]
   [Eden: 24.0M(24.0M)->0.0B(16.0M) Survivors: 4096.0K->4096.0K Heap: 244.0M(256.0M)->240.0M(256.0M)]
   [Times: user=0.08 sys=0.00, real=0.05 secs]
2026-04-04T09:00:30.000+0000: 30.000: [GC pause (G1 Evacuation Pause) (young), 0.0450000 secs]
   [Parallel Time: 43.0 ms, GC Workers: 8]
   [Humongous regions: 2->2]
   [Eden: 24.0M(24.0M)->0.0B(16.0M) Survivors: 4096.0K->4096.0K Heap: 244.0M(256.0M)->240.0M(256.0M)]
   [Times: user=0.08 sys=0.00, real=0.05 secs]
2026-04-04T09:00:30.000+0000: 30.500: [Full GC (G1 Compaction Pause) 252M->250M(256M), 0.3200000 secs] [Times: user=0.55 sys=0.01, real=0.32 secs]
2026-04-04T09:00:31.000+0000: 31.000: [GC pause (G1 Evacuation Pause) (young), 0.0450000 secs]
   [Parallel Time: 43.0 ms, GC Workers: 8]
   [Humongous regions: 2->2]
   [Eden: 24.0M(24.0M)->0.0B(16.0M) Survivors: 4096.0K->4096.0K Heap: 244.0M(256.0M)->240.0M(256.0M)]
   [Times: user=0.08 sys=0.00, real=0.05 secs]
2026-04-04T09:00:32.000+0000: 32.000: [GC pause (G1 Evacuation Pause) (young), 0.0450000 secs]
   [Parallel Time: 43.0 ms, GC Workers: 8]
   [Humongous regions: 2->2]
   [Eden: 24.0M(24.0M)->0.0B(16.0M) Survivors: 4096.0K->4096.0K Heap: 244.0M(256.0M)->240.0M(256.0M)]
   [Times: user=0.08 sys=0.00, real=0.05 secs]
2026-04-04T09:00:32.000+0000: 32.500: [Full GC (G1 Compaction Pause) 252M->250M(256M), 0.3200000 secs] [Times: user=0.55 sys=0.01, real=0.32 secs]
