[2026-01-30T01:42:13.415+0000][0.006s][info][gc,init] CardTable entry size: 512
[2026-01-30T01:42:13.419+0000][0.010s][info][gc     ] Using G1
[2026-01-30T01:42:13.422+0000][0.013s][info][gc,init] Version: 21-ea+18-LTS-1480 (release)
[2026-01-30T01:42:13.422+0000][0.013s][info][gc,init] CPUs: 2 total, 2 available
[2026-01-30T01:42:13.422+0000][0.013s][info][gc,init] Memory: 14978M
[2026-01-30T01:42:13.422+0000][0.013s][info][gc,init] Large Page Support: Disabled
[2026-01-30T01:42:13.422+0000][0.013s][info][gc,init] NUMA Support: Disabled
[2026-01-30T01:42:13.422+0000][0.013s][info][gc,init] Compressed Oops: Enabled (Zero based)
[2026-01-30T01:42:13.422+0000][0.013s][info][gc,init] Heap Region Size: 2M
[2026-01-30T01:42:13.422+0000][0.013s][info][gc,init] Heap Min Capacity: 8M
[2026-01-30T01:42:13.422+0000][0.013s][info][gc,init] Heap Initial Capacity: 236M
[2026-01-30T01:42:13.422+0000][0.013s][info][gc,init] Heap Max Capacity: 3746M
[2026-01-30T01:42:13.422+0000][0.013s][info][gc,init] Pre-touch: Disabled
[2026-01-30T01:42:13.422+0000][0.013s][info][gc,init] Parallel Workers: 2
[2026-01-30T01:42:13.422+0000][0.013s][info][gc,init] Concurrent Workers: 1
[2026-01-30T01:42:13.422+0000][0.013s][info][gc,init] Concurrent Refinement Workers: 2
[2026-01-30T01:42:13.422+0000][0.013s][info][gc,init] Periodic GC: Disabled
[2026-01-30T01:42:13.422+0000][0.013s][info][gc,metaspace] CDS archive(s) mapped at: [0x0000000800000000-0x0000000800c8c000-0x0000000800c8c000), size 13156352, SharedBaseAddress: 0x0000000800000000, ArchiveRelocationMode: 0.
[2026-01-30T01:42:13.422+0000][0.013s][info][gc,metaspace] Compressed class space mapped at: 0x0000000801000000-0x0000000804000000, reserved size: 50331648
[2026-01-30T01:42:13.422+0000][0.013s][info][gc,metaspace] Narrow klass base: 0x0000000800000000, Narrow klass shift: 0, Narrow klass range: 0x100000000
[2026-01-30T01:42:35.895+0000][22.486s][info][gc,start    ] GC(0) Pause Young (Normal) (G1 Evacuation Pause)
[2026-01-30T01:42:35.896+0000][22.487s][info][gc,task     ] GC(0) Using 2 workers of 2 for evacuation
[2026-01-30T01:42:35.910+0000][22.501s][info][gc,phases   ] GC(0)   Pre Evacuate Collection Set: 0.4ms
[2026-01-30T01:42:35.910+0000][22.501s][info][gc,phases   ] GC(0)   Merge Heap Roots: 1.4ms
[2026-01-30T01:42:35.910+0000][22.501s][info][gc,phases   ] GC(0)   Evacuate Collection Set: 8.8ms
[2026-01-30T01:42:35.910+0000][22.501s][info][gc,phases   ] GC(0)   Post Evacuate Collection Set: 2.9ms
[2026-01-30T01:42:35.910+0000][22.501s][info][gc,phases   ] GC(0)   Other: 0.4ms
[2026-01-30T01:42:35.910+0000][22.501s][info][gc,heap     ] GC(0) Eden regions: 5->0(4)
[2026-01-30T01:42:35.910+0000][22.501s][info][gc,heap     ] GC(0) Survivor regions: 0->1(1)
[2026-01-30T01:42:35.910+0000][22.501s][info][gc,heap     ] GC(0) Old regions: 0->1
[2026-01-30T01:42:35.910+0000][22.501s][info][gc,heap     ] GC(0) Archive regions: 2->2
[2026-01-30T01:42:35.910+0000][22.501s][info][gc,heap     ] GC(0) Humongous regions: 0->0
[2026-01-30T01:42:35.910+0000][22.501s][info][gc,metaspace] GC(0) Metaspace: 17945K(21504K)->17945K(21504K) NonClass: 8387K(9408K)->8387K(9408K) Class: 9557K(12096K)->9557K(12096K)
[2026-01-30T01:42:35.910+0000][22.501s][info][gc          ] GC(0) Pause Young (Normal) (G1 Evacuation Pause) 12M->4M(240M) 14.473ms
[2026-01-30T01:42:35.910+0000][22.501s][info][gc,cpu      ] GC(0) User=0.01s Sys=0.01s Real=0.01s
[2026-01-30T01:42:36.023+0000][22.614s][info][gc,start    ] GC(1) Pause Young (Concurrent Start) (Metadata GC Threshold)
[2026-01-30T01:42:36.023+0000][22.614s][info][gc,task     ] GC(1) Using 2 workers of 2 for evacuation
[2026-01-30T01:42:36.029+0000][22.620s][info][gc,phases   ] GC(1)   Pre Evacuate Collection Set: 0.3ms
[2026-01-30T01:42:36.029+0000][22.620s][info][gc,phases   ] GC(1)   Merge Heap Roots: 0.1ms
[2026-01-30T01:42:36.029+0000][22.620s][info][gc,phases   ] GC(1)   Evacuate Collection Set: 5.4ms
[2026-01-30T01:42:36.029+0000][22.620s][info][gc,phases   ] GC(1)   Post Evacuate Collection Set: 0.3ms
[2026-01-30T01:42:36.029+0000][22.620s][info][gc,phases   ] GC(1)   Other: 0.2ms
[2026-01-30T01:42:36.029+0000][22.620s][info][gc,heap     ] GC(1) Eden regions: 1->0(10)
[2026-01-30T01:42:36.029+0000][22.620s][info][gc,heap     ] GC(1) Survivor regions: 1->1(1)
[2026-01-30T01:42:36.029+0000][22.620s][info][gc,heap     ] GC(1) Old regions: 1->2
[2026-01-30T01:42:36.029+0000][22.620s][info][gc,heap     ] GC(1) Archive regions: 2->2
[2026-01-30T01:42:36.029+0000][22.620s][info][gc,heap     ] GC(1) Humongous regions: 0->0
[2026-01-30T01:42:36.029+0000][22.620s][info][gc,metaspace] GC(1) Metaspace: 18030K(21504K)->18030K(21504K) NonClass: 8426K(9408K)->8426K(9408K) Class: 9603K(12096K)->9603K(12096K)
[2026-01-30T01:42:36.029+0000][22.620s][info][gc          ] GC(1) Pause Young (Concurrent Start) (Metadata GC Threshold) 4M->5M(240M) 6.696ms
[2026-01-30T01:42:36.029+0000][22.620s][info][gc,cpu      ] GC(1) User=0.01s Sys=0.00s Real=0.01s
[2026-01-30T01:42:36.029+0000][22.620s][info][gc          ] GC(2) Concurrent Mark Cycle
[2026-01-30T01:42:36.029+0000][22.620s][info][gc,marking  ] GC(2) Concurrent Scan Root Regions
[2026-01-30T01:42:36.032+0000][22.623s][info][gc,marking  ] GC(2) Concurrent Scan Root Regions 2.804ms
[2026-01-30T01:42:36.032+0000][22.623s][info][gc,marking  ] GC(2) Concurrent Mark
[2026-01-30T01:42:36.032+0000][22.623s][info][gc,marking  ] GC(2) Concurrent Mark From Roots
[2026-01-30T01:42:36.032+0000][22.623s][info][gc,task     ] GC(2) Using 1 workers of 1 for marking
[2026-01-30T01:42:36.035+0000][22.626s][info][gc,marking  ] GC(2) Concurrent Mark From Roots 3.035ms
[2026-01-30T01:42:36.035+0000][22.626s][info][gc,marking  ] GC(2) Concurrent Preclean
[2026-01-30T01:42:36.035+0000][22.626s][info][gc,marking  ] GC(2) Concurrent Preclean 0.043ms
[2026-01-30T01:42:36.036+0000][22.627s][info][gc,start    ] GC(2) Pause Remark
[2026-01-30T01:42:36.037+0000][22.628s][info][gc          ] GC(2) Pause Remark 5M->5M(40M) 1.355ms
[2026-01-30T01:42:36.037+0000][22.628s][info][gc,cpu      ] GC(2) User=0.00s Sys=0.00s Real=0.00s
[2026-01-30T01:42:36.037+0000][22.628s][info][gc,marking  ] GC(2) Concurrent Mark 4.790ms
[2026-01-30T01:42:36.037+0000][22.628s][info][gc,marking  ] GC(2) Concurrent Rebuild Remembered Sets and Scrub Regions
[2026-01-30T01:42:36.039+0000][22.630s][info][gc,marking  ] GC(2) Concurrent Rebuild Remembered Sets and Scrub Regions 2.274ms
[2026-01-30T01:42:36.040+0000][22.631s][info][gc,start    ] GC(2) Pause Cleanup
[2026-01-30T01:42:36.040+0000][22.631s][info][gc          ] GC(2) Pause Cleanup 5M->5M(40M) 0.118ms
[2026-01-30T01:42:36.040+0000][22.631s][info][gc,cpu      ] GC(2) User=0.00s Sys=0.00s Real=0.00s
[2026-01-30T01:42:36.040+0000][22.631s][info][gc,marking  ] GC(2) Concurrent Clear Claimed Marks
[2026-01-30T01:42:36.040+0000][22.631s][info][gc,marking  ] GC(2) Concurrent Clear Claimed Marks 0.047ms
[2026-01-30T01:42:36.040+0000][22.631s][info][gc,marking  ] GC(2) Concurrent Cleanup for Next Mark
[2026-01-30T01:42:36.041+0000][22.631s][info][gc,marking  ] GC(2) Concurrent Cleanup for Next Mark 0.725ms
[2026-01-30T01:42:36.041+0000][22.632s][info][gc          ] GC(2) Concurrent Mark Cycle 11.172ms
[2026-01-30T01:42:50.694+0000][37.285s][info][gc,start    ] GC(3) Pause Young (Prepare Mixed) (Metadata GC Threshold)
[2026-01-30T01:42:50.694+0000][37.285s][info][gc,task     ] GC(3) Using 2 workers of 2 for evacuation
[2026-01-30T01:42:50.699+0000][37.290s][info][gc,phases   ] GC(3)   Pre Evacuate Collection Set: 0.1ms
[2026-01-30T01:42:50.699+0000][37.290s][info][gc,phases   ] GC(3)   Merge Heap Roots: 0.1ms
[2026-01-30T01:42:50.699+0000][37.290s][info][gc,phases   ] GC(3)   Evacuate Collection Set: 4.3ms
[2026-01-30T01:42:50.699+0000][37.290s][info][gc,phases   ] GC(3)   Post Evacuate Collection Set: 0.4ms
[2026-01-30T01:42:50.699+0000][37.290s][info][gc,phases   ] GC(3)   Other: 0.1ms
[2026-01-30T01:42:50.699+0000][37.290s][info][gc,heap     ] GC(3) Eden regions: 4->0(8)
[2026-01-30T01:42:50.699+0000][37.290s][info][gc,heap     ] GC(3) Survivor regions: 1->1(2)
[2026-01-30T01:42:50.699+0000][37.290s][info][gc,heap     ] GC(3) Old regions: 2->2
[2026-01-30T01:42:50.699+0000][37.290s][info][gc,heap     ] GC(3) Archive regions: 2->2
[2026-01-30T01:42:50.699+0000][37.290s][info][gc,heap     ] GC(3) Humongous regions: 0->0
[2026-01-30T01:42:50.699+0000][37.290s][info][gc,metaspace] GC(3) Metaspace: 30105K(35968K)->30105K(35968K) NonClass: 13970K(15616K)->13970K(15616K) Class: 16134K(20352K)->16134K(20352K)
[2026-01-30T01:42:50.699+0000][37.290s][info][gc          ] GC(3) Pause Young (Prepare Mixed) (Metadata GC Threshold) 11M->6M(40M) 5.356ms
[2026-01-30T01:42:50.699+0000][37.290s][info][gc,cpu      ] GC(3) User=0.01s Sys=0.00s Real=0.00s
[2026-01-30T01:42:51.033+0000][37.624s][info][gc,start    ] GC(4) Pause Young (Mixed) (Metadata GC Threshold)
[2026-01-30T01:42:51.033+0000][37.624s][info][gc,task     ] GC(4) Using 2 workers of 2 for evacuation
[2026-01-30T01:42:51.039+0000][37.630s][info][gc,phases   ] GC(4)   Pre Evacuate Collection Set: 0.2ms
[2026-01-30T01:42:51.039+0000][37.630s][info][gc,phases   ] GC(4)   Merge Heap Roots: 0.1ms
[2026-01-30T01:42:51.039+0000][37.630s][info][gc,phases   ] GC(4)   Evacuate Collection Set: 5.3ms
[2026-01-30T01:42:51.039+0000][37.630s][info][gc,phases   ] GC(4)   Post Evacuate Collection Set: 0.5ms
[2026-01-30T01:42:51.039+0000][37.630s][info][gc,phases   ] GC(4)   Other: 0.1ms
[2026-01-30T01:42:51.039+0000][37.630s][info][gc,heap     ] GC(4) Eden regions: 1->0(8)
[2026-01-30T01:42:51.039+0000][37.630s][info][gc,heap     ] GC(4) Survivor regions: 1->1(2)
[2026-01-30T01:42:51.039+0000][37.630s][info][gc,heap     ] GC(4) Old regions: 2->2
[2026-01-30T01:42:51.039+0000][37.630s][info][gc,heap     ] GC(4) Archive regions: 2->2
[2026-01-30T01:42:51.039+0000][37.630s][info][gc,heap     ] GC(4) Humongous regions: 0->0
[2026-01-30T01:42:51.039+0000][37.630s][info][gc,metaspace] GC(4) Metaspace: 30382K(36288K)->30382K(36288K) NonClass: 14097K(15808K)->14097K(15808K) Class: 16284K(20480K)->16284K(20480K)
[2026-01-30T01:42:51.039+0000][37.630s][info][gc          ] GC(4) Pause Young (Mixed) (Metadata GC Threshold) 7M->6M(40M) 6.358ms
[2026-01-30T01:42:51.039+0000][37.630s][info][gc,cpu      ] GC(4) User=0.00s Sys=0.00s Real=0.01s
[2026-01-30T01:42:51.386+0000][37.977s][info][gc,start    ] GC(5) Pause Young (Concurrent Start) (Metadata GC Threshold)
[2026-01-30T01:42:51.386+0000][37.977s][info][gc,task     ] GC(5) Using 2 workers of 2 for evacuation
[2026-01-30T01:42:51.390+0000][37.981s][info][gc,phases   ] GC(5)   Pre Evacuate Collection Set: 0.2ms
[2026-01-30T01:42:51.391+0000][37.981s][info][gc,phases   ] GC(5)   Merge Heap Roots: 0.1ms
[2026-01-30T01:42:51.391+0000][37.981s][info][gc,phases   ] GC(5)   Evacuate Collection Set: 3.8ms
[2026-01-30T01:42:51.391+0000][37.981s][info][gc,phases   ] GC(5)   Post Evacuate Collection Set: 0.3ms
[2026-01-30T01:42:51.391+0000][37.981s][info][gc,phases   ] GC(5)   Other: 0.2ms
[2026-01-30T01:42:51.391+0000][37.981s][info][gc,heap     ] GC(5) Eden regions: 1->0(9)
[2026-01-30T01:42:51.391+0000][37.981s][info][gc,heap     ] GC(5) Survivor regions: 1->2(2)
[2026-01-30T01:42:51.391+0000][37.981s][info][gc,heap     ] GC(5) Old regions: 2->2
[2026-01-30T01:42:51.391+0000][37.982s][info][gc,heap     ] GC(5) Archive regions: 2->2
[2026-01-30T01:42:51.391+0000][37.982s][info][gc,heap     ] GC(5) Humongous regions: 0->0
[2026-01-30T01:42:51.391+0000][37.982s][info][gc,metaspace] GC(5) Metaspace: 30664K(36608K)->30664K(36608K) NonClass: 14226K(15936K)->14226K(15936K) Class: 16437K(20672K)->16437K(20672K)
[2026-01-30T01:42:51.391+0000][37.982s][info][gc          ] GC(5) Pause Young (Concurrent Start) (Metadata GC Threshold) 6M->6M(40M) 4.785ms
[2026-01-30T01:42:51.391+0000][37.982s][info][gc,cpu      ] GC(5) User=0.00s Sys=0.00s Real=0.00s
[2026-01-30T01:42:51.391+0000][37.982s][info][gc          ] GC(6) Concurrent Mark Cycle
[2026-01-30T01:42:51.391+0000][37.982s][info][gc,marking  ] GC(6) Concurrent Scan Root Regions
[2026-01-30T01:42:51.395+0000][37.986s][info][gc,marking  ] GC(6) Concurrent Scan Root Regions 4.140ms
[2026-01-30T01:42:51.395+0000][37.986s][info][gc,marking  ] GC(6) Concurrent Mark
[2026-01-30T01:42:51.395+0000][37.986s][info][gc,marking  ] GC(6) Concurrent Mark From Roots
[2026-01-30T01:42:51.395+0000][37.986s][info][gc,task     ] GC(6) Using 1 workers of 1 for marking
[2026-01-30T01:42:51.404+0000][37.995s][info][gc,marking  ] GC(6) Concurrent Mark From Roots 9.144ms
[2026-01-30T01:42:51.404+0000][37.995s][info][gc,marking  ] GC(6) Concurrent Preclean
[2026-01-30T01:42:51.404+0000][37.995s][info][gc,marking  ] GC(6) Concurrent Preclean 0.015ms
[2026-01-30T01:42:51.404+0000][37.995s][info][gc,start    ] GC(6) Pause Remark
[2026-01-30T01:42:51.406+0000][37.996s][info][gc          ] GC(6) Pause Remark 7M->7M(40M) 1.274ms
[2026-01-30T01:42:51.406+0000][37.996s][info][gc,cpu      ] GC(6) User=0.00s Sys=0.00s Real=0.01s
[2026-01-30T01:42:51.406+0000][37.997s][info][gc,marking  ] GC(6) Concurrent Mark 10.667ms
[2026-01-30T01:42:51.406+0000][37.997s][info][gc,marking  ] GC(6) Concurrent Rebuild Remembered Sets and Scrub Regions
[2026-01-30T01:42:51.407+0000][37.998s][info][gc,marking  ] GC(6) Concurrent Rebuild Remembered Sets and Scrub Regions 1.841ms
[2026-01-30T01:42:51.408+0000][37.999s][info][gc,start    ] GC(6) Pause Cleanup
[2026-01-30T01:42:51.408+0000][37.999s][info][gc          ] GC(6) Pause Cleanup 7M->7M(40M) 0.118ms
[2026-01-30T01:42:51.408+0000][37.999s][info][gc,cpu      ] GC(6) User=0.00s Sys=0.00s Real=0.00s
[2026-01-30T01:42:51.408+0000][37.999s][info][gc,marking  ] GC(6) Concurrent Clear Claimed Marks
[2026-01-30T01:42:51.408+0000][37.999s][info][gc,marking  ] GC(6) Concurrent Clear Claimed Marks 0.068ms
[2026-01-30T01:42:51.408+0000][37.999s][info][gc,marking  ] GC(6) Concurrent Cleanup for Next Mark
[2026-01-30T01:42:51.408+0000][37.999s][info][gc,marking  ] GC(6) Concurrent Cleanup for Next Mark 0.170ms
[2026-01-30T01:42:51.408+0000][37.999s][info][gc          ] GC(6) Concurrent Mark Cycle 17.329ms
[2026-01-30T01:43:06.287+0000][52.878s][info][gc,start    ] GC(7) Pause Young (Concurrent Start) (Metadata GC Threshold)
[2026-01-30T01:43:06.288+0000][52.878s][info][gc,task     ] GC(7) Using 2 workers of 2 for evacuation
[2026-01-30T01:43:06.296+0000][52.887s][info][gc,phases   ] GC(7)   Pre Evacuate Collection Set: 0.2ms
[2026-01-30T01:43:06.296+0000][52.887s][info][gc,phases   ] GC(7)   Merge Heap Roots: 0.1ms
[2026-01-30T01:43:06.296+0000][52.887s][info][gc,phases   ] GC(7)   Evacuate Collection Set: 7.6ms
[2026-01-30T01:43:06.296+0000][52.887s][info][gc,phases   ] GC(7)   Post Evacuate Collection Set: 0.3ms
[2026-01-30T01:43:06.296+0000][52.887s][info][gc,phases   ] GC(7)   Other: 0.1ms
[2026-01-30T01:43:06.296+0000][52.887s][info][gc,heap     ] GC(7) Eden regions: 3->0(8)
[2026-01-30T01:43:06.296+0000][52.887s][info][gc,heap     ] GC(7) Survivor regions: 2->2(2)
[2026-01-30T01:43:06.296+0000][52.887s][info][gc,heap     ] GC(7) Old regions: 2->2
[2026-01-30T01:43:06.296+0000][52.887s][info][gc,heap     ] GC(7) Archive regions: 2->2
[2026-01-30T01:43:06.296+0000][52.887s][info][gc,heap     ] GC(7) Humongous regions: 0->0
[2026-01-30T01:43:06.296+0000][52.887s][info][gc,metaspace] GC(7) Metaspace: 42910K(51200K)->42910K(51200K) NonClass: 19839K(22144K)->19839K(22144K) Class: 23070K(29056K)->23070K(29056K)
[2026-01-30T01:43:06.296+0000][52.887s][info][gc          ] GC(7) Pause Young (Concurrent Start) (Metadata GC Threshold) 12M->8M(40M) 8.570ms
[2026-01-30T01:43:06.296+0000][52.887s][info][gc,cpu      ] GC(7) User=0.01s Sys=0.00s Real=0.01s
[2026-01-30T01:43:06.296+0000][52.887s][info][gc          ] GC(8) Concurrent Mark Cycle
[2026-01-30T01:43:06.296+0000][52.887s][info][gc,start    ] GC(9) Pause Full (Metadata GC Threshold)
[2026-01-30T01:43:06.296+0000][52.887s][info][gc,marking  ] GC(8) Concurrent Scan Root Regions
[2026-01-30T01:43:06.296+0000][52.887s][info][gc,task     ] GC(9) Using 2 workers of 2 for full compaction
[2026-01-30T01:43:06.296+0000][52.887s][info][gc,marking  ] GC(8) Concurrent Scan Root Regions 0.255ms
[2026-01-30T01:43:06.296+0000][52.887s][info][gc,marking  ] GC(8) Concurrent Mark
[2026-01-30T01:43:06.296+0000][52.887s][info][gc,marking  ] GC(8) Concurrent Mark From Roots
[2026-01-30T01:43:06.296+0000][52.887s][info][gc,task     ] GC(8) Using 1 workers of 1 for marking
[2026-01-30T01:43:06.297+0000][52.888s][info][gc,phases,start] GC(9) Phase 1: Mark live objects
[2026-01-30T01:43:06.308+0000][52.899s][info][gc,phases      ] GC(9) Phase 1: Mark live objects 11.057ms
[2026-01-30T01:43:06.308+0000][52.899s][info][gc,phases,start] GC(9) Phase 2: Prepare compaction
[2026-01-30T01:43:06.309+0000][52.900s][info][gc,phases      ] GC(9) Phase 2: Prepare compaction 0.968ms
[2026-01-30T01:43:06.309+0000][52.900s][info][gc,phases,start] GC(9) Phase 3: Adjust pointers
[2026-01-30T01:43:06.314+0000][52.905s][info][gc,phases      ] GC(9) Phase 3: Adjust pointers 4.932ms
[2026-01-30T01:43:06.314+0000][52.905s][info][gc,phases,start] GC(9) Phase 4: Compact heap
[2026-01-30T01:43:06.316+0000][52.907s][info][gc,phases      ] GC(9) Phase 4: Compact heap 1.903ms
[2026-01-30T01:43:06.316+0000][52.907s][info][gc,phases,start] GC(9) Phase 5: Reset Metadata
[2026-01-30T01:43:06.316+0000][52.907s][info][gc,phases      ] GC(9) Phase 5: Reset Metadata 0.684ms
[2026-01-30T01:43:06.317+0000][52.908s][info][gc,heap        ] GC(9) Eden regions: 0->0(8)
[2026-01-30T01:43:06.317+0000][52.908s][info][gc,heap        ] GC(9) Survivor regions: 2->0(2)
[2026-01-30T01:43:06.317+0000][52.908s][info][gc,heap        ] GC(9) Old regions: 2->4
[2026-01-30T01:43:06.317+0000][52.908s][info][gc,heap        ] GC(9) Archive regions: 2->2
[2026-01-30T01:43:06.317+0000][52.908s][info][gc,heap        ] GC(9) Humongous regions: 0->0
[2026-01-30T01:43:06.317+0000][52.908s][info][gc,metaspace   ] GC(9) Metaspace: 42910K(51200K)->42910K(51200K) NonClass: 19839K(22144K)->19839K(22144K) Class: 23070K(29056K)->23070K(29056K)
[2026-01-30T01:43:06.317+0000][52.908s][info][gc             ] GC(9) Pause Full (Metadata GC Threshold) 8M->7M(40M) 21.260ms
[2026-01-30T01:43:06.317+0000][52.908s][info][gc,cpu         ] GC(9) User=0.03s Sys=0.00s Real=0.02s
[2026-01-30T01:43:06.317+0000][52.908s][info][gc,start       ] GC(10) Pause Full (Metadata GC Clear Soft References)
[2026-01-30T01:43:06.317+0000][52.908s][info][gc,task        ] GC(10) Using 2 workers of 2 for full compaction
[2026-01-30T01:43:06.318+0000][52.909s][info][gc,phases,start] GC(10) Phase 1: Mark live objects
[2026-01-30T01:43:06.334+0000][52.925s][info][gc,phases      ] GC(10) Phase 1: Mark live objects 16.838ms
[2026-01-30T01:43:06.334+0000][52.925s][info][gc,phases,start] GC(10) Phase 2: Prepare compaction
[2026-01-30T01:43:06.335+0000][52.926s][info][gc,phases      ] GC(10) Phase 2: Prepare compaction 0.497ms
[2026-01-30T01:43:06.335+0000][52.926s][info][gc,phases,start] GC(10) Phase 3: Adjust pointers
[2026-01-30T01:43:06.339+0000][52.930s][info][gc,phases      ] GC(10) Phase 3: Adjust pointers 3.904ms
[2026-01-30T01:43:06.339+0000][52.930s][info][gc,phases,start] GC(10) Phase 4: Compact heap
[2026-01-30T01:43:06.339+0000][52.930s][info][gc,phases      ] GC(10) Phase 4: Compact heap 0.326ms
[2026-01-30T01:43:06.339+0000][52.930s][info][gc,phases,start] GC(10) Phase 5: Reset Metadata
[2026-01-30T01:43:06.340+0000][52.931s][info][gc,phases      ] GC(10) Phase 5: Reset Metadata 0.958ms
[2026-01-30T01:43:06.341+0000][52.932s][info][gc,heap        ] GC(10) Eden regions: 0->0(8)
[2026-01-30T01:43:06.341+0000][52.932s][info][gc,heap        ] GC(10) Survivor regions: 0->0(2)
[2026-01-30T01:43:06.341+0000][52.932s][info][gc,heap        ] GC(10) Old regions: 4->4
[2026-01-30T01:43:06.341+0000][52.932s][info][gc,heap        ] GC(10) Archive regions: 2->2
[2026-01-30T01:43:06.341+0000][52.932s][info][gc,heap        ] GC(10) Humongous regions: 0->0
[2026-01-30T01:43:06.341+0000][52.932s][info][gc,metaspace   ] GC(10) Metaspace: 42910K(51200K)->42893K(51200K) NonClass: 19839K(22144K)->19827K(22144K) Class: 23070K(29056K)->23065K(29056K)
[2026-01-30T01:43:06.341+0000][52.932s][info][gc             ] GC(10) Pause Full (Metadata GC Clear Soft References) 7M->7M(40M) 23.737ms
[2026-01-30T01:43:06.341+0000][52.932s][info][gc,cpu         ] GC(10) User=0.04s Sys=0.00s Real=0.02s
[2026-01-30T01:43:06.342+0000][52.933s][info][gc,marking     ] GC(8) Concurrent Mark From Roots 45.456ms
[2026-01-30T01:43:06.342+0000][52.933s][info][gc,marking     ] GC(8) Concurrent Mark Abort
[2026-01-30T01:43:06.342+0000][52.933s][info][gc             ] GC(8) Concurrent Mark Cycle 45.857ms
[2026-01-30T01:43:06.391+0000][52.982s][info][gc,start       ] GC(11) Pause Young (Concurrent Start) (Metadata GC Threshold)
[2026-01-30T01:43:06.391+0000][52.982s][info][gc,task        ] GC(11) Using 2 workers of 2 for evacuation
[2026-01-30T01:43:06.394+0000][52.984s][info][gc,phases      ] GC(11)   Pre Evacuate Collection Set: 0.2ms
[2026-01-30T01:43:06.394+0000][52.985s][info][gc,phases      ] GC(11)   Merge Heap Roots: 0.1ms
[2026-01-30T01:43:06.394+0000][52.985s][info][gc,phases      ] GC(11)   Evacuate Collection Set: 1.4ms
[2026-01-30T01:43:06.394+0000][52.985s][info][gc,phases      ] GC(11)   Post Evacuate Collection Set: 0.6ms
[2026-01-30T01:43:06.394+0000][52.985s][info][gc,phases      ] GC(11)   Other: 0.2ms
[2026-01-30T01:43:06.394+0000][52.985s][info][gc,heap        ] GC(11) Eden regions: 1->0(40)
[2026-01-30T01:43:06.394+0000][52.985s][info][gc,heap        ] GC(11) Survivor regions: 0->1(1)
[2026-01-30T01:43:06.394+0000][52.985s][info][gc,heap        ] GC(11) Old regions: 4->4
[2026-01-30T01:43:06.394+0000][52.985s][info][gc,heap        ] GC(11) Archive regions: 2->2
[2026-01-30T01:43:06.394+0000][52.985s][info][gc,heap        ] GC(11) Humongous regions: 0->0
[2026-01-30T01:43:06.394+0000][52.985s][info][gc,metaspace   ] GC(11) Metaspace: 42934K(51200K)->42934K(51200K) NonClass: 19846K(22144K)->19846K(22144K) Class: 23087K(29056K)->23087K(29056K)
[2026-01-30T01:43:06.394+0000][52.985s][info][gc             ] GC(11) Pause Young (Concurrent Start) (Metadata GC Threshold) 8M->8M(138M) 2.703ms
[2026-01-30T01:43:06.394+0000][52.985s][info][gc,cpu         ] GC(11) User=0.00s Sys=0.00s Real=0.01s
[2026-01-30T01:43:06.394+0000][52.985s][info][gc             ] GC(12) Concurrent Mark Cycle
[2026-01-30T01:43:06.394+0000][52.985s][info][gc,marking     ] GC(12) Concurrent Scan Root Regions
[2026-01-30T01:43:06.394+0000][52.985s][info][gc,start       ] GC(13) Pause Full (Metadata GC Threshold)
[2026-01-30T01:43:06.394+0000][52.985s][info][gc,marking     ] GC(12) Concurrent Scan Root Regions 0.101ms
[2026-01-30T01:43:06.394+0000][52.985s][info][gc,marking     ] GC(12) Concurrent Mark
[2026-01-30T01:43:06.394+0000][52.985s][info][gc,task        ] GC(13) Using 2 workers of 2 for full compaction
[2026-01-30T01:43:06.394+0000][52.985s][info][gc,marking     ] GC(12) Concurrent Mark From Roots
[2026-01-30T01:43:06.394+0000][52.985s][info][gc,task        ] GC(12) Using 1 workers of 1 for marking
[2026-01-30T01:43:06.397+0000][52.988s][info][gc,phases,start] GC(13) Phase 1: Mark live objects
[2026-01-30T01:43:06.408+0000][52.999s][info][gc,phases      ] GC(13) Phase 1: Mark live objects 10.897ms
[2026-01-30T01:43:06.408+0000][52.999s][info][gc,phases,start] GC(13) Phase 2: Prepare compaction
[2026-01-30T01:43:06.409+0000][52.999s][info][gc,phases      ] GC(13) Phase 2: Prepare compaction 0.469ms
[2026-01-30T01:43:06.409+0000][52.999s][info][gc,phases,start] GC(13) Phase 3: Adjust pointers
[2026-01-30T01:43:06.412+0000][53.003s][info][gc,phases      ] GC(13) Phase 3: Adjust pointers 3.377ms
[2026-01-30T01:43:06.412+0000][53.003s][info][gc,phases,start] GC(13) Phase 4: Compact heap
[2026-01-30T01:43:06.412+0000][53.003s][info][gc,phases      ] GC(13) Phase 4: Compact heap 0.335ms
[2026-01-30T01:43:06.412+0000][53.003s][info][gc,phases,start] GC(13) Phase 5: Reset Metadata
[2026-01-30T01:43:06.413+0000][53.004s][info][gc,phases      ] GC(13) Phase 5: Reset Metadata 0.773ms
[2026-01-30T01:43:06.414+0000][53.005s][info][gc,heap        ] GC(13) Eden regions: 0->0(9)
[2026-01-30T01:43:06.414+0000][53.005s][info][gc,heap        ] GC(13) Survivor regions: 1->0(1)
[2026-01-30T01:43:06.414+0000][53.005s][info][gc,heap        ] GC(13) Old regions: 4->4
[2026-01-30T01:43:06.414+0000][53.005s][info][gc,heap        ] GC(13) Archive regions: 2->2
[2026-01-30T01:43:06.414+0000][53.005s][info][gc,heap        ] GC(13) Humongous regions: 0->0
[2026-01-30T01:43:06.414+0000][53.005s][info][gc,metaspace   ] GC(13) Metaspace: 42934K(51200K)->42934K(51200K) NonClass: 19846K(22144K)->19846K(22144K) Class: 23087K(29056K)->23087K(29056K)
[2026-01-30T01:43:06.414+0000][53.005s][info][gc             ] GC(13) Pause Full (Metadata GC Threshold) 8M->7M(40M) 20.412ms
[2026-01-30T01:43:06.414+0000][53.005s][info][gc,cpu         ] GC(13) User=0.03s Sys=0.01s Real=0.02s
[2026-01-30T01:43:06.414+0000][53.005s][info][gc,start       ] GC(14) Pause Full (Metadata GC Clear Soft References)
[2026-01-30T01:43:06.414+0000][53.005s][info][gc,task        ] GC(14) Using 2 workers of 2 for full compaction
[2026-01-30T01:43:06.414+0000][53.005s][info][gc,phases,start] GC(14) Phase 1: Mark live objects
[2026-01-30T01:43:06.425+0000][53.016s][info][gc,phases      ] GC(14) Phase 1: Mark live objects 10.238ms
[2026-01-30T01:43:06.425+0000][53.016s][info][gc,phases,start] GC(14) Phase 2: Prepare compaction
[2026-01-30T01:43:06.425+0000][53.016s][info][gc,phases      ] GC(14) Phase 2: Prepare compaction 0.397ms
[2026-01-30T01:43:06.425+0000][53.016s][info][gc,phases,start] GC(14) Phase 3: Adjust pointers
[2026-01-30T01:43:06.429+0000][53.020s][info][gc,phases      ] GC(14) Phase 3: Adjust pointers 3.818ms
[2026-01-30T01:43:06.429+0000][53.020s][info][gc,phases,start] GC(14) Phase 4: Compact heap
[2026-01-30T01:43:06.429+0000][53.020s][info][gc,phases      ] GC(14) Phase 4: Compact heap 0.328ms
[2026-01-30T01:43:06.429+0000][53.020s][info][gc,phases,start] GC(14) Phase 5: Reset Metadata
[2026-01-30T01:43:06.430+0000][53.021s][info][gc,phases      ] GC(14) Phase 5: Reset Metadata 0.896ms
[2026-01-30T01:43:06.431+0000][53.022s][info][gc,heap        ] GC(14) Eden regions: 0->0(9)
[2026-01-30T01:43:06.431+0000][53.022s][info][gc,heap        ] GC(14) Survivor regions: 0->0(1)
[2026-01-30T01:43:06.431+0000][53.022s][info][gc,heap        ] GC(14) Old regions: 4->4
[2026-01-30T01:43:06.431+0000][53.022s][info][gc,heap        ] GC(14) Archive regions: 2->2
[2026-01-30T01:43:06.431+0000][53.022s][info][gc,heap        ] GC(14) Humongous regions: 0->0
[2026-01-30T01:43:06.431+0000][53.022s][info][gc,metaspace   ] GC(14) Metaspace: 42934K(51200K)->42934K(51200K) NonClass: 19846K(22144K)->19846K(22144K) Class: 23087K(29056K)->23087K(29056K)
[2026-01-30T01:43:06.431+0000][53.022s][info][gc             ] GC(14) Pause Full (Metadata GC Clear Soft References) 7M->7M(40M) 16.729ms
[2026-01-30T01:43:06.431+0000][53.022s][info][gc,cpu         ] GC(14) User=0.01s Sys=0.00s Real=0.01s
[2026-01-30T01:43:06.437+0000][53.028s][info][gc,metaspace,freelist,oom] Metaspace (data) allocation failed for size 11
[2026-01-30T01:43:06.437+0000][53.028s][info][gc,metaspace,freelist,oom] 
[2026-01-30T01:43:06.437+0000][53.028s][info][gc,metaspace,freelist,oom] Usage:
[2026-01-30T01:43:06.437+0000][53.028s][info][gc,metaspace,freelist,oom]   Non-class:     19.38 MB used.
[2026-01-30T01:43:06.437+0000][53.028s][info][gc,metaspace,freelist,oom]       Class:     22.55 MB used.
[2026-01-30T01:43:06.437+0000][53.028s][info][gc,metaspace,freelist,oom]        Both:     41.93 MB used.
[2026-01-30T01:43:06.437+0000][53.028s][info][gc,metaspace,freelist,oom] 
[2026-01-30T01:43:06.437+0000][53.028s][info][gc,metaspace,freelist,oom] Virtual space:
[2026-01-30T01:43:06.437+0000][53.028s][info][gc,metaspace,freelist,oom]   Non-class space:       64.00 MB reserved,      21.62 MB ( 34%) committed,  1 nodes.
[2026-01-30T01:43:06.437+0000][53.028s][info][gc,marking               ] GC(12) Concurrent Mark From Roots 43.046ms
[2026-01-30T01:43:06.437+0000][53.028s][info][gc,metaspace,freelist,oom]       Class space:       48.00 MB reserved,      28.38 MB ( 59%) committed,  1 nodes.
[2026-01-30T01:43:06.437+0000][53.028s][info][gc,marking               ] GC(12) Concurrent Mark Abort
[2026-01-30T01:43:06.437+0000][53.028s][info][gc,metaspace,freelist,oom]              Both:      112.00 MB reserved,      50.00 MB ( 45%) committed. 
[2026-01-30T01:43:06.437+0000][53.028s][info][gc,metaspace,freelist,oom] 
[2026-01-30T01:43:06.437+0000][53.028s][info][gc,metaspace,freelist,oom] Chunk freelists:
[2026-01-30T01:43:06.437+0000][53.028s][info][gc,metaspace,freelist,oom]    Non-Class:  6.75 MB
[2026-01-30T01:43:06.437+0000][53.028s][info][gc,metaspace,freelist,oom]        Class:  3.47 MB
[2026-01-30T01:43:06.437+0000][53.028s][info][gc,metaspace,freelist,oom]         Both:  10.22 MB
[2026-01-30T01:43:06.437+0000][53.028s][info][gc,metaspace,freelist,oom] 
[2026-01-30T01:43:06.437+0000][53.028s][info][gc,metaspace,freelist,oom] MaxMetaspaceSize: 50.00 MB
[2026-01-30T01:43:06.437+0000][53.028s][info][gc,metaspace,freelist,oom] CompressedClassSpaceSize: 48.00 MB
[2026-01-30T01:43:06.437+0000][53.028s][info][gc,metaspace,freelist,oom] Initial GC threshold: 21.00 MB
[2026-01-30T01:43:06.437+0000][53.028s][info][gc,metaspace,freelist,oom] Current GC threshold: 50.00 MB
[2026-01-30T01:43:06.437+0000][53.028s][info][gc,metaspace,freelist,oom] CDS: on
[2026-01-30T01:43:06.438+0000][53.028s][info][gc,metaspace,freelist,oom] MetaspaceReclaimPolicy: balanced
[2026-01-30T01:43:06.438+0000][53.028s][info][gc,metaspace,freelist,oom]  - commit_granule_bytes: 65536.
[2026-01-30T01:43:06.438+0000][53.028s][info][gc,metaspace,freelist,oom]  - commit_granule_words: 8192.
[2026-01-30T01:43:06.438+0000][53.028s][info][gc,metaspace,freelist,oom]  - virtual_space_node_default_size: 8388608.
[2026-01-30T01:43:06.438+0000][53.028s][info][gc,metaspace,freelist,oom]  - enlarge_chunks_in_place: 1.
[2026-01-30T01:43:06.438+0000][53.029s][info][gc,metaspace,freelist,oom]  - use_allocation_guard: 0.
[2026-01-30T01:43:06.438+0000][53.029s][info][gc,metaspace,freelist,oom] 
[2026-01-30T01:43:06.438+0000][53.029s][info][gc,metaspace,freelist,oom] 
[2026-01-30T01:43:06.438+0000][53.029s][info][gc,metaspace,freelist,oom] Internal statistics:
[2026-01-30T01:43:06.438+0000][53.029s][info][gc,metaspace,freelist,oom] 
[2026-01-30T01:43:06.438+0000][53.029s][info][gc,metaspace,freelist,oom] num_allocs_failed_limit: 25.
[2026-01-30T01:43:06.438+0000][53.029s][info][gc,metaspace,freelist,oom] num_arena_births: 948.
[2026-01-30T01:43:06.438+0000][53.029s][info][gc,metaspace,freelist,oom] num_arena_deaths: 20.
[2026-01-30T01:43:06.438+0000][53.029s][info][gc,metaspace,freelist,oom] num_vsnodes_births: 2.
[2026-01-30T01:43:06.438+0000][53.029s][info][gc,metaspace,freelist,oom] num_vsnodes_deaths: 0.
[2026-01-30T01:43:06.438+0000][53.029s][info][gc,metaspace,freelist,oom] num_space_committed: 800.
[2026-01-30T01:43:06.438+0000][53.029s][info][gc,metaspace,freelist,oom] num_space_uncommitted: 0.
[2026-01-30T01:43:06.438+0000][53.029s][info][gc,metaspace,freelist,oom] num_chunks_returned_to_freelist: 53.
[2026-01-30T01:43:06.438+0000][53.029s][info][gc,metaspace,freelist,oom] num_chunks_taken_from_freelist: 4159.
[2026-01-30T01:43:06.438+0000][53.029s][info][gc,metaspace,freelist,oom] num_chunk_merges: 30.
[2026-01-30T01:43:06.438+0000][53.029s][info][gc,metaspace,freelist,oom] num_chunk_splits: 4124.
[2026-01-30T01:43:06.438+0000][53.029s][info][gc,metaspace,freelist,oom] num_chunks_enlarged: 4517.
[2026-01-30T01:43:06.438+0000][53.029s][info][gc,metaspace,freelist,oom] num_inconsistent_stats: 0.
[2026-01-30T01:43:06.438+0000][53.029s][info][gc,metaspace,freelist,oom] 
[2026-01-30T01:43:06.437+0000][53.028s][info][gc                       ] GC(12) Concurrent Mark Cycle 43.447ms
[2026-01-30T01:43:06.442+0000][53.032s][info][gc,heap,exit             ] Heap
[2026-01-30T01:43:06.442+0000][53.032s][info][gc,heap,exit             ]  garbage-first heap   total 40960K, used 8886K [0x0000000715e00000, 0x0000000800000000)
[2026-01-30T01:43:06.442+0000][53.032s][info][gc,heap,exit             ]   region size 2048K, 1 young (2048K), 0 survivors (0K)
[2026-01-30T01:43:06.442+0000][53.033s][info][gc,heap,exit             ]  Metaspace       used 42948K, committed 51200K, reserved 114688K
[2026-01-30T01:43:06.442+0000][53.033s][info][gc,heap,exit             ]   class space    used 23088K, committed 29056K, reserved 49152K
