2026-04-04T10:00:01.000+0000: 1.000: [GC (CMS Initial Mark) [1 CMS-initial-mark: 350000K(393216K)] 360000K(393216K), 0.0123456 secs] [Times: user=0.02 sys=0.00, real=0.01 secs]
2026-04-04T10:00:01.000+0000: 1.500: [CMS-concurrent-mark: 0.120/0.450 secs] [Times: user=0.40 sys=0.00, real=0.45 secs]
2026-04-04T10:00:01.000+0000: 1.900: [Full GC (concurrent mode failure) [CMS: 388000K->386000K(393216K)] 390000K->386000K(393216K), 0.2500000 secs] [Times: user=0.30 sys=0.00, real=0.25 secs]
2026-04-04T10:00:02.000+0000: 2.000: [GC (CMS Initial Mark) [1 CMS-initial-mark: 350000K(393216K)] 360000K(393216K), 0.0123456 secs] [Times: user=0.02 sys=0.00, real=0.01 secs]
2026-04-04T10:00:02.000+0000: 2.500: [CMS-concurrent-mark: 0.120/0.450 secs] [Times: user=0.40 sys=0.00, real=0.45 secs]
2026-04-04T10:00:02.000+0000: 2.900: [Full GC (concurrent mode failure) [CMS: 388000K->386000K(393216K)] 390000K->386000K(393216K), 0.2500000 secs] [Times: user=0.30 sys=0.00, real=0.25 secs]
2026-04-04T10:00:03.000+0000: 3.000: [GC (CMS Initial Mark) [1 CMS-initial-mark: 350000K(393216K)] 360000K(393216K), 0.0123456 secs] [Times: user=0.02 sys=0.00, real=0.01 secs]
2026-04-04T10:00:03.000+0000: 3.500: [CMS-concurrent-mark: 0.120/0.450 secs] [Times: user=0.40 sys=0.00, real=0.45 secs]
2026-04-04T10:00:03.000+0000: 3.900: [Full GC (concurrent mode failure) [CMS: 388000K->386000K(393216K)] 390000K->386000K(393216K), 0.2500000 secs] [Times: user=0.30 sys=0.00, real=0.25 secs]
2026-04-04T10:00:04.000+0000: 4.000: [GC (CMS Initial Mark) [1 CMS-initial-mark: 350000K(393216K)] 360000K(393216K), 0.0123456 secs] [Times: user=0.02 sys=0.00, real=0.01 secs]
2026-04-04T10:00:04.000+0000: 4.500: [CMS-concurrent-mark: 0.120/0.450 secs] [Times: user=0.40 sys=0.00, real=0.45 secs]
2026-04-04T10:00:04.000+0000: 4.900: [Full GC (concurrent mode failure) [CMS: 388000K->386000K(393216K)] 390000K->386000K(393216K), 0.2500000 secs] [Times: user=0.30 sys=0.00, real=0.25 secs]
2026-04-04T10:00:05.000+0000: 5.000: [GC (CMS Initial Mark) [1 CMS-initial-mark: 350000K(393216K)] 360000K(393216K), 0.0123456 secs] [Times: user=0.02 sys=0.00, real=0.01 secs]
2026-04-04T10:00:05.000+0000: 5.500: [CMS-concurrent-mark: 0.120/0.450 secs] [Times: user=0.40 sys=0.00, real=0.45 secs]
2026-04-04T10:00:05.000+0000: 5.900: [Full GC (concurrent mode failure) [CMS: 388000K->386000K(393216K)] 390000K->386000K(393216K), 0.2500000 secs] [Times: user=0.30 sys=0.00, real=0.25 secs]
2026-04-04T10:00:06.000+0000: 6.000: [GC (CMS Initial Mark) [1 CMS-initial-mark: 350000K(393216K)] 360000K(393216K), 0.0123456 secs] [Times: user=0.02 sys=0.00, real=0.01 secs]
2026-04-04T10:00:06.000+0000: 6.500: [CMS-concurrent-mark: 0.120/0.450 secs] [Times: user=0.40 sys=0.00, real=0.45 secs]
2026-04-04T10:00:06.000+0000: 6.900: [Full GC (concurrent mode failure) [CMS: 388000K->386000K(393216K)] 390000K->386000K(393216K), 0.2500000 secs] [Times: user=0.30 sys=0.00, real=0.25 secs]
2026-04-04T10:00:07.000+0000: 7.000: [GC (CMS Initial Mark) [1 CMS-initial-mark: 350000K(393216K)] 360000K(393216K), 0.0123456 secs] [Times: user=0.02 sys=0.00, real=0.01 secs]
2026-04-04T10:00:07.000+0000: 7.500: [CMS-concurrent-mark: 0.120/0.450 secs] [Times: user=0.40 sys=0.00, real=0.45 secs]
2026-04-04T10:00:07.000+0000: 7.900: [Full GC (concurrent mode failure) [CMS: 388000K->386000K(393216K)] 390000K->386000K(393216K), 0.2500000 secs] [Times: user=0.30 sys=0.00, real=0.25 secs]
2026-04-04T10:00:08.000+0000: 8.000: [GC (CMS Initial Mark) [1 CMS-initial-mark: 350000K(393216K)] 360000K(393216K), 0.0123456 secs] [Times: user=0.02 sys=0.00, real=0.01 secs]
2026-04-04T10:00:08.000+0000: 8.500: [CMS-concurrent-mark: 0.120/0.450 secs] [Times: user=0.40 sys=0.00, real=0.45 secs]
2026-04-04T10:00:08.000+0000: 8.900: [Full GC (concurrent mode failure) [CMS: 388000K->386000K(393216K)] 390000K->386000K(393216K), 0.2500000 secs] [Times: user=0.30 sys=0.00, real=0.25 secs]
2026-04-04T10:00:09.000+0000: 9.000: [GC (CMS Initial Mark) [1 CMS-initial-mark: 350000K(393216K)] 360000K(393216K), 0.0123456 secs] [Times: user=0.02 sys=0.00, real=0.01 secs]
2026-04-04T10:00:09.000+0000: 9.500: [CMS-concurrent-mark: 0.120/0.450 secs] [Times: user=0.40 sys=0.00, real=0.45 secs]
2026-04-04T10:00:09.000+0000: 9.900: [Full GC (concurrent mode failure) [CMS: 388000K->386000K(393216K)] 390000K->386000K(393216K), 0.2500000 secs] [Times: user=0.30 sys=0.00, real=0.25 secs]
2026-04-04T10:00:10.000+0000: 10.000: [GC (CMS Initial Mark) [1 CMS-initial-mark: 350000K(393216K)] 360000K(393216K), 0.0123456 secs] [Times: user=0.02 sys=0.00, real=0.01 secs]
2026-04-04T10:00:10.000+0000: 10.500: [CMS-concurrent-mark: 0.120/0.450 secs] [Times: user=0.40 sys=0.00, real=0.45 secs]
2026-04-04T10:00:10.000+0000: 10.900: [Full GC (concurrent mode failure) [CMS: 388000K->386000K(393216K)] 390000K->386000K(393216K), 0.2500000 secs] [Times: user=0.30 sys=0.00, real=0.25 secs]
2026-04-04T10:00:11.000+0000: 11.000: [GC (CMS Initial Mark) [1 CMS-initial-mark: 350000K(393216K)] 360000K(393216K), 0.0123456 secs] [Times: user=0.02 sys=0.00, real=0.01 secs]
2026-04-04T10:00:11.000+0000: 11.500: [CMS-concurrent-mark: 0.120/0.450 secs] [Times: user=0.40 sys=0.00, real=0.45 secs]
2026-04-04T10:00:11.000+0000: 11.900: [Full GC (concurrent mode failure) [CMS: 388000K->386000K(393216K)] 390000K->386000K(393216K), 0.2500000 secs] [Times: user=0.30 sys=0.00, real=0.25 secs]
2026-04-04T10:00:12.000+0000: 12.000: [GC (CMS Initial Mark) [1 CMS-initial-mark: 350000K(393216K)] 360000K(393216K), 0.0123456 secs] [Times: user=0.02 sys=0.00, real=0.01 secs]
2026-04-04T10:00:12.000+0000: 12.500: [CMS-concurrent-mark: 0.120/0.450 secs] [Times: user=0.40 sys=0.00, real=0.45 secs]
2026-04-04T10:00:12.000+0000: 12.900: [Full GC (concurrent mode failure) [CMS: 388000K->386000K(393216K)] 390000K->386000K(393216K), 0.2500000 secs] [Times: user=0.30 sys=0.00, real=0.25 secs]
2026-04-04T10:00:13.000+0000: 13.000: [GC (CMS Initial Mark) [1 CMS-initial-mark: 350000K(393216K)] 360000K(393216K), 0.0123456 secs] [Times: user=0.02 sys=0.00, real=0.01 secs]
2026-04-04T10:00:13.000+0000: 13.500: [CMS-concurrent-mark: 0.120/0.450 secs] [Times: user=0.40 sys=0.00, real=0.45 secs]
2026-04-04T10:00:13.000+0000: 13.900: [Full GC (concurrent mode failure) [CMS: 388000K->386000K(393216K)] 390000K->386000K(393216K), 0.2500000 secs] [Times: user=0.30 sys=0.00, real=0.25 secs]
2026-04-04T10:00:14.000+0000: 14.000: [GC (CMS Initial Mark) [1 CMS-initial-mark: 350000K(393216K)] 360000K(393216K), 0.0123456 secs] [Times: user=0.02 sys=0.00, real=0.01 secs]
2026-04-04T10:00:14.000+0000: 14.500: [CMS-concurrent-mark: 0.120/0.450 secs] [Times: user=0.40 sys=0.00, real=0.45 secs]
2026-04-04T10:00:14.000+0000: 14.900: [Full GC (concurrent mode failure) [CMS: 388000K->386000K(393216K)] 390000K->386000K(393216K), 0.2500000 secs] [Times: user=0.30 sys=0.00, real=0.25 secs]
2026-04-04T10:00:15.000+0000: 15.000: [GC (CMS Initial Mark) [1 CMS-initial-mark: 350000K(393216K)] 360000K(393216K), 0.0123456 secs] [Times: user=0.02 sys=0.00, real=0.01 secs]
2026-04-04T10:00:15.000+0000: 15.500: [CMS-concurrent-mark: 0.120/0.450 secs] [Times: user=0.40 sys=0.00, real=0.45 secs]
2026-04-04T10:00:15.000+0000: 15.900: [Full GC (concurrent mode failure) [CMS: 388000K->386000K(393216K)] 390000K->386000K(393216K), 0.2500000 secs] [Times: user=0.30 sys=0.00, real=0.25 secs]
2026-04-04T10:00:16.000+0000: 16.000: [GC (CMS Initial Mark) [1 CMS-initial-mark: 350000K(393216K)] 360000K(393216K), 0.0123456 secs] [Times: user=0.02 sys=0.00, real=0.01 secs]
2026-04-04T10:00:16.000+0000: 16.500: [CMS-concurrent-mark: 0.120/0.450 secs] [Times: user=0.40 sys=0.00, real=0.45 secs]
2026-04-04T10:00:16.000+0000: 16.900: [Full GC (concurrent mode failure) [CMS: 388000K->386000K(393216K)] 390000K->386000K(393216K), 0.2500000 secs] [Times: user=0.30 sys=0.00, real=0.25 secs]
2026-04-04T10:00:17.000+0000: 17.000: [GC (CMS Initial Mark) [1 CMS-initial-mark: 350000K(393216K)] 360000K(393216K), 0.0123456 secs] [Times: user=0.02 sys=0.00, real=0.01 secs]
2026-04-04T10:00:17.000+0000: 17.500: [CMS-concurrent-mark: 0.120/0.450 secs] [Times: user=0.40 sys=0.00, real=0.45 secs]
2026-04-04T10:00:17.000+0000: 17.900: [Full GC (concurrent mode failure) [CMS: 388000K->386000K(393216K)] 390000K->386000K(393216K), 0.2500000 secs] [Times: user=0.30 sys=0.00, real=0.25 secs]
2026-04-04T10:00:18.000+0000: 18.000: [GC (CMS Initial Mark) [1 CMS-initial-mark: 350000K(393216K)] 360000K(393216K), 0.0123456 secs] [Times: user=0.02 sys=0.00, real=0.01 secs]
2026-04-04T10:00:18.000+0000: 18.500: [CMS-concurrent-mark: 0.120/0.450 secs] [Times: user=0.40 sys=0.00, real=0.45 secs]
2026-04-04T10:00:18.000+0000: 18.900: [Full GC (concurrent mode failure) [CMS: 388000K->386000K(393216K)] 390000K->386000K(393216K), 0.2500000 secs] [Times: user=0.30 sys=0.00, real=0.25 secs]
2026-04-04T10:00:19.000+0000: 19.000: [GC (CMS Initial Mark) [1 CMS-initial-mark: 350000K(393216K)] 360000K(393216K), 0.0123456 secs] [Times: user=0.02 sys=0.00, real=0.01 secs]
2026-04-04T10:00:19.000+0000: 19.500: [CMS-concurrent-mark: 0.120/0.450 secs] [Times: user=0.40 sys=0.00, real=0.45 secs]
2026-04-04T10:00:19.000+0000: 19.900: [Full GC (concurrent mode failure) [CMS: 388000K->386000K(393216K)] 390000K->386000K(393216K), 0.2500000 secs] [Times: user=0.30 sys=0.00, real=0.25 secs]
2026-04-04T10:00:20.000+0000: 20.000: [GC (CMS Initial Mark) [1 CMS-initial-mark: 350000K(393216K)] 360000K(393216K), 0.0123456 secs] [Times: user=0.02 sys=0.00, real=0.01 secs]
2026-04-04T10:00:20.000+0000: 20.500: [CMS-concurrent-mark: 0.120/0.450 secs] [Times: user=0.40 sys=0.00, real=0.45 secs]
2026-04-04T10:00:20.000+0000: 20.900: [Full GC (concurrent mode failure) [CMS: 388000K->386000K(393216K)] 390000K->386000K(393216K), 0.2500000 secs] [Times: user=0.30 sys=0.00, real=0.25 secs]
2026-04-04T10:00:21.000+0000: 21.000: [GC (CMS Initial Mark) [1 CMS-initial-mark: 350000K(393216K)] 360000K(393216K), 0.0123456 secs] [Times: user=0.02 sys=0.00, real=0.01 secs]
2026-04-04T10:00:21.000+0000: 21.500: [CMS-concurrent-mark: 0.120/0.450 secs] [Times: user=0.40 sys=0.00, real=0.45 secs]
2026-04-04T10:00:21.000+0000: 21.900: [Full GC (concurrent mode failure) [CMS: 388000K->386000K(393216K)] 390000K->386000K(393216K), 0.2500000 secs] [Times: user=0.30 sys=0.00, real=0.25 secs]
2026-04-04T10:00:22.000+0000: 22.000: [GC (CMS Initial Mark) [1 CMS-initial-mark: 350000K(393216K)] 360000K(393216K), 0.0123456 secs] [Times: user=0.02 sys=0.00, real=0.01 secs]
2026-04-04T10:00:22.000+0000: 22.500: [CMS-concurrent-mark: 0.120/0.450 secs] [Times: user=0.40 sys=0.00, real=0.45 secs]
2026-04-04T10:00:22.000+0000: 22.900: [Full GC (concurrent mode failure) [CMS: 388000K->386000K(393216K)] 390000K->386000K(393216K), 0.2500000 secs] [Times: user=0.30 sys=0.00, real=0.25 secs]
2026-04-04T10:00:23.000+0000: 23.000: [GC (CMS Initial Mark) [1 CMS-initial-mark: 350000K(393216K)] 360000K(393216K), 0.0123456 secs] [Times: user=0.02 sys=0.00, real=0.01 secs]
2026-04-04T10:00:23.000+0000: 23.500: [CMS-concurrent-mark: 0.120/0.450 secs] [Times: user=0.40 sys=0.00, real=0.45 secs]
2026-04-04T10:00:23.000+0000: 23.900: [Full GC (concurrent mode failure) [CMS: 388000K->386000K(393216K)] 390000K->386000K(393216K), 0.2500000 secs] [Times: user=0.30 sys=0.00, real=0.25 secs]
2026-04-04T10:00:24.000+0000: 24.000: [GC (CMS Initial Mark) [1 CMS-initial-mark: 350000K(393216K)] 360000K(393216K), 0.0123456 secs] [Times: user=0.02 sys=0.00, real=0.01 secs]
2026-04-04T10:00:24.000+0000: 24.500: [CMS-concurrent-mark: 0.120/0.450 secs] [Times: user=0.40 sys=0.00, real=0.45 secs]
2026-04-04T10:00:24.000+0000: 24.900: [Full GC (concurrent mode failure) [CMS: 388000K->386000K(393216K)] 390000K->386000K(393216K), 0.2500000 secs] [Times: user=0.30 sys=0.00, real=0.25 secs]
2026-04-04T10:00:25.000+0000: 25.000: [GC (CMS Initial Mark) [1 CMS-initial-mark: 350000K(393216K)] 360000K(393216K), 0.0123456 secs] [Times: user=0.02 sys=0.00, real=0.01 secs]
2026-04-04T10:00:25.000+0000: 25.500: [CMS-concurrent-mark: 0.120/0.450 secs] [Times: user=0.40 sys=0.00, real=0.45 secs]
2026-04-04T10:00:25.000+0000: 25.900: [Full GC (concurrent mode failure) [CMS: 388000K->386000K(393216K)] 390000K->386000K(393216K), 0.2500000 secs] [Times: user=0.30 sys=0.00, real=0.25 secs]
2026-04-04T10:00:26.000+0000: 26.000: [GC (CMS Initial Mark) [1 CMS-initial-mark: 350000K(393216K)] 360000K(393216K), 0.0123456 secs] [Times: user=0.02 sys=0.00, real=0.01 secs]
2026-04-04T10:00:26.000+0000: 26.500: [CMS-concurrent-mark: 0.120/0.450 secs] [Times: user=0.40 sys=0.00, real=0.45 secs]
2026-04-04T10:00:26.000+0000: 26.900: [Full GC (concurrent mode failure) [CMS: 388000K->386000K(393216K)] 390000K->386000K(393216K), 0.2500000 secs] [Times: user=0.30 sys=0.00, real=0.25 secs]
2026-04-04T10:00:27.000+0000: 27.000: [GC (CMS Initial Mark) [1 CMS-initial-mark: 350000K(393216K)] 360000K(393216K), 0.0123456 secs] [Times: user=0.02 sys=0.00, real=0.01 secs]
2026-04-04T10:00:27.000+0000: 27.500: [CMS-concurrent-mark: 0.120/0.450 secs] [Times: user=0.40 sys=0.00, real=0.45 secs]
2026-04-04T10:00:27.000+0000: 27.900: [Full GC (concurrent mode failure) [CMS: 388000K->386000K(393216K)] 390000K->386000K(393216K), 0.2500000 secs] [Times: user=0.30 sys=0.00, real=0.25 secs]
2026-04-04T10:00:28.000+0000: 28.000: [GC (CMS Initial Mark) [1 CMS-initial-mark: 350000K(393216K)] 360000K(393216K), 0.0123456 secs] [Times: user=0.02 sys=0.00, real=0.01 secs]
2026-04-04T10:00:28.000+0000: 28.500: [CMS-concurrent-mark: 0.120/0.450 secs] [Times: user=0.40 sys=0.00, real=0.45 secs]
2026-04-04T10:00:28.000+0000: 28.900: [Full GC (concurrent mode failure) [CMS: 388000K->386000K(393216K)] 390000K->386000K(393216K), 0.2500000 secs] [Times: user=0.30 sys=0.00, real=0.25 secs]
2026-04-04T10:00:29.000+0000: 29.000: [GC (CMS Initial Mark) [1 CMS-initial-mark: 350000K(393216K)] 360000K(393216K), 0.0123456 secs] [Times: user=0.02 sys=0.00, real=0.01 secs]
2026-04-04T10:00:29.000+0000: 29.500: [CMS-concurrent-mark: 0.120/0.450 secs] [Times: user=0.40 sys=0.00, real=0.45 secs]
2026-04-04T10:00:29.000+0000: 29.900: [Full GC (concurrent mode failure) [CMS: 388000K->386000K(393216K)] 390000K->386000K(393216K), 0.2500000 secs] [Times: user=0.30 sys=0.00, real=0.25 secs]
2026-04-04T10:00:30.000+0000: 30.000: [GC (CMS Initial Mark) [1 CMS-initial-mark: 350000K(393216K)] 360000K(393216K), 0.0123456 secs] [Times: user=0.02 sys=0.00, real=0.01 secs]
2026-04-04T10:00:30.000+0000: 30.500: [CMS-concurrent-mark: 0.120/0.450 secs] [Times: user=0.40 sys=0.00, real=0.45 secs]
2026-04-04T10:00:30.000+0000: 30.900: [Full GC (concurrent mode failure) [CMS: 388000K->386000K(393216K)] 390000K->386000K(393216K), 0.2500000 secs] [Times: user=0.30 sys=0.00, real=0.25 secs]
2026-04-04T10:00:31.000+0000: 31.000: [GC (CMS Initial Mark) [1 CMS-initial-mark: 350000K(393216K)] 360000K(393216K), 0.0123456 secs] [Times: user=0.02 sys=0.00, real=0.01 secs]
2026-04-04T10:00:31.000+0000: 31.500: [CMS-concurrent-mark: 0.120/0.450 secs] [Times: user=0.40 sys=0.00, real=0.45 secs]
2026-04-04T10:00:31.000+0000: 31.900: [Full GC (concurrent mode failure) [CMS: 388000K->386000K(393216K)] 390000K->386000K(393216K), 0.2500000 secs] [Times: user=0.30 sys=0.00, real=0.25 secs]
2026-04-04T10:00:32.000+0000: 32.000: [GC (CMS Initial Mark) [1 CMS-initial-mark: 350000K(393216K)] 360000K(393216K), 0.0123456 secs] [Times: user=0.02 sys=0.00, real=0.01 secs]
2026-04-04T10:00:32.000+0000: 32.500: [CMS-concurrent-mark: 0.120/0.450 secs] [Times: user=0.40 sys=0.00, real=0.45 secs]
2026-04-04T10:00:32.000+0000: 32.900: [Full GC (concurrent mode failure) [CMS: 388000K->386000K(393216K)] 390000K->386000K(393216K), 0.2500000 secs] [Times: user=0.30 sys=0.00, real=0.25 secs]
2026-04-04T10:00:33.000+0000: 33.000: [GC (CMS Initial Mark) [1 CMS-initial-mark: 350000K(393216K)] 360000K(393216K), 0.0123456 secs] [Times: user=0.02 sys=0.00, real=0.01 secs]
2026-04-04T10:00:33.000+0000: 33.500: [CMS-concurrent-mark: 0.120/0.450 secs] [Times: user=0.40 sys=0.00, real=0.45 secs]
2026-04-04T10:00:33.000+0000: 33.900: [Full GC (concurrent mode failure) [CMS: 388000K->386000K(393216K)] 390000K->386000K(393216K), 0.2500000 secs] [Times: user=0.30 sys=0.00, real=0.25 secs]
2026-04-04T10:00:34.000+0000: 34.000: [GC (CMS Initial Mark) [1 CMS-initial-mark: 350000K(393216K)] 360000K(393216K), 0.0123456 secs] [Times: user=0.02 sys=0.00, real=0.01 secs]
2026-04-04T10:00:34.000+0000: 34.500: [CMS-concurrent-mark: 0.120/0.450 secs] [Times: user=0.40 sys=0.00, real=0.45 secs]
2026-04-04T10:00:34.000+0000: 34.900: [Full GC (concurrent mode failure) [CMS: 388000K->386000K(393216K)] 390000K->386000K(393216K), 0.2500000 secs] [Times: user=0.30 sys=0.00, real=0.25 secs]
2026-04-04T10:00:35.000+0000: 35.000: [GC (CMS Initial Mark) [1 CMS-initial-mark: 350000K(393216K)] 360000K(393216K), 0.0123456 secs] [Times: user=0.02 sys=0.00, real=0.01 secs]
2026-04-04T10:00:35.000+0000: 35.500: [CMS-concurrent-mark: 0.120/0.450 secs] [Times: user=0.40 sys=0.00, real=0.45 secs]
2026-04-04T10:00:35.000+0000: 35.900: [Full GC (concurrent mode failure) [CMS: 388000K->386000K(393216K)] 390000K->386000K(393216K), 0.2500000 secs] [Times: user=0.30 sys=0.00, real=0.25 secs]
2026-04-04T10:00:36.000+0000: 36.000: [GC (CMS Initial Mark) [1 CMS-initial-mark: 350000K(393216K)] 360000K(393216K), 0.0123456 secs] [Times: user=0.02 sys=0.00, real=0.01 secs]
2026-04-04T10:00:36.000+0000: 36.500: [CMS-concurrent-mark: 0.120/0.450 secs] [Times: user=0.40 sys=0.00, real=0.45 secs]
2026-04-04T10:00:36.000+0000: 36.900: [Full GC (concurrent mode failure) [CMS: 388000K->386000K(393216K)] 390000K->386000K(393216K), 0.2500000 secs] [Times: user=0.30 sys=0.00, real=0.25 secs]
2026-04-04T10:00:37.000+0000: 37.000: [GC (CMS Initial Mark) [1 CMS-initial-mark: 350000K(393216K)] 360000K(393216K), 0.0123456 secs] [Times: user=0.02 sys=0.00, real=0.01 secs]
2026-04-04T10:00:37.000+0000: 37.500: [CMS-concurrent-mark: 0.120/0.450 secs] [Times: user=0.40 sys=0.00, real=0.45 secs]
2026-04-04T10:00:37.000+0000: 37.900: [Full GC (concurrent mode failure) [CMS: 388000K->386000K(393216K)] 390000K->386000K(393216K), 0.2500000 secs] [Times: user=0.30 sys=0.00, real=0.25 secs]
2026-04-04T10:00:38.000+0000: 38.000: [GC (CMS Initial Mark) [1 CMS-initial-mark: 350000K(393216K)] 360000K(393216K), 0.0123456 secs] [Times: user=0.02 sys=0.00, real=0.01 secs]
2026-04-04T10:00:38.000+0000: 38.500: [CMS-concurrent-mark: 0.120/0.450 secs] [Times: user=0.40 sys=0.00, real=0.45 secs]
2026-04-04T10:00:38.000+0000: 38.900: [Full GC (concurrent mode failure) [CMS: 388000K->386000K(393216K)] 390000K->386000K(393216K), 0.2500000 secs] [Times: user=0.30 sys=0.00, real=0.25 secs]
2026-04-04T10:00:39.000+0000: 39.000: [GC (CMS Initial Mark) [1 CMS-initial-mark: 350000K(393216K)] 360000K(393216K), 0.0123456 secs] [Times: user=0.02 sys=0.00, real=0.01 secs]
2026-04-04T10:00:39.000+0000: 39.500: [CMS-concurrent-mark: 0.120/0.450 secs] [Times: user=0.40 sys=0.00, real=0.45 secs]
2026-04-04T10:00:39.000+0000: 39.900: [Full GC (concurrent mode failure) [CMS: 388000K->386000K(393216K)] 390000K->386000K(393216K), 0.2500000 secs] [Times: user=0.30 sys=0.00, real=0.25 secs]
2026-04-04T10:00:40.000+0000: 40.000: [GC (CMS Initial Mark) [1 CMS-initial-mark: 350000K(393216K)] 360000K(393216K), 0.0123456 secs] [Times: user=0.02 sys=0.00, real=0.01 secs]
2026-04-04T10:00:40.000+0000: 40.500: [CMS-concurrent-mark: 0.120/0.450 secs] [Times: user=0.40 sys=0.00, real=0.45 secs]
2026-04-04T10:00:40.000+0000: 40.900: [Full GC (concurrent mode failure) [CMS: 388000K->386000K(393216K)] 390000K->386000K(393216K), 0.2500000 secs] [Times: user=0.30 sys=0.00, real=0.25 secs]
2026-04-04T10:00:41.000+0000: 41.000: [GC (CMS Initial Mark) [1 CMS-initial-mark: 350000K(393216K)] 360000K(393216K), 0.0123456 secs] [Times: user=0.02 sys=0.00, real=0.01 secs]
2026-04-04T10:00:41.000+0000: 41.500: [CMS-concurrent-mark: 0.120/0.450 secs] [Times: user=0.40 sys=0.00, real=0.45 secs]
2026-04-04T10:00:41.000+0000: 41.900: [Full GC (concurrent mode failure) [CMS: 388000K->386000K(393216K)] 390000K->386000K(393216K), 0.2500000 secs] [Times: user=0.30 sys=0.00, real=0.25 secs]
2026-04-04T10:00:42.000+0000: 42.000: [GC (CMS Initial Mark) [1 CMS-initial-mark: 350000K(393216K)] 360000K(393216K), 0.0123456 secs] [Times: user=0.02 sys=0.00, real=0.01 secs]
2026-04-04T10:00:42.000+0000: 42.500: [CMS-concurrent-mark: 0.120/0.450 secs] [Times: user=0.40 sys=0.00, real=0.45 secs]
2026-04-04T10:00:42.000+0000: 42.900: [Full GC (concurrent mode failure) [CMS: 388000K->386000K(393216K)] 390000K->386000K(393216K), 0.2500000 secs] [Times: user=0.30 sys=0.00, real=0.25 secs]
2026-04-04T10:00:43.000+0000: 43.000: [GC (CMS Initial Mark) [1 CMS-initial-mark: 350000K(393216K)] 360000K(393216K), 0.0123456 secs] [Times: user=0.02 sys=0.00, real=0.01 secs]
2026-04-04T10:00:43.000+0000: 43.500: [CMS-concurrent-mark: 0.120/0.450 secs] [Times: user=0.40 sys=0.00, real=0.45 secs]
2026-04-04T10:00:43.000+0000: 43.900: [Full GC (concurrent mode failure) [CMS: 388000K->386000K(393216K)] 390000K->386000K(393216K), 0.2500000 secs] [Times: user=0.30 sys=0.00, real=0.25 secs]
2026-04-04T10:00:44.000+0000: 44.000: [GC (CMS Initial Mark) [1 CMS-initial-mark: 350000K(393216K)] 360000K(393216K), 0.0123456 secs] [Times: user=0.02 sys=0.00, real=0.01 secs]
2026-04-04T10:00:44.000+0000: 44.500: [CMS-concurrent-mark: 0.120/0.450 secs] [Times: user=0.40 sys=0.00, real=0.45 secs]
2026-04-04T10:00:44.000+0000: 44.900: [Full GC (concurrent mode failure) [CMS: 388000K->386000K(393216K)] 390000K->386000K(393216K), 0.2500000 secs] [Times: user=0.30 sys=0.00, real=0.25 secs]
2026-04-04T10:00:45.000+0000: 45.000: [GC (CMS Initial Mark) [1 CMS-initial-mark: 350000K(393216K)] 360000K(393216K), 0.0123456 secs] [Times: user=0.02 sys=0.00, real=0.01 secs]
2026-04-04T10:00:45.000+0000: 45.500: [CMS-concurrent-mark: 0.120/0.450 secs] [Times: user=0.40 sys=0.00, real=0.45 secs]
2026-04-04T10:00:45.000+0000: 45.900: [Full GC (concurrent mode failure) [CMS: 388000K->386000K(393216K)] 390000K->386000K(393216K), 0.2500000 secs] [Times: user=0.30 sys=0.00, real=0.25 secs]
2026-04-04T10:00:46.000+0000: 46.000: [GC (CMS Initial Mark) [1 CMS-initial-mark: 350000K(393216K)] 360000K(393216K), 0.0123456 secs] [Times: user=0.02 sys=0.00, real=0.01 secs]
2026-04-04T10:00:46.000+0000: 46.500: [CMS-concurrent-mark: 0.120/0.450 secs] [Times: user=0.40 sys=0.00, real=0.45 secs]
2026-04-04T10:00:46.000+0000: 46.900: [Full GC (concurrent mode failure) [CMS: 388000K->386000K(393216K)] 390000K->386000K(393216K), 0.2500000 secs] [Times: user=0.30 sys=0.00, real=0.25 secs]
2026-04-04T10:00:47.000+0000: 47.000: [GC (CMS Initial Mark) [1 CMS-initial-mark: 350000K(393216K)] 360000K(393216K), 0.0123456 secs] [Times: user=0.02 sys=0.00, real=0.01 secs]
2026-04-04T10:00:47.000+0000: 47.500: [CMS-concurrent-mark: 0.120/0.450 secs] [Times: user=0.40 sys=0.00, real=0.45 secs]
2026-04-04T10:00:47.000+0000: 47.900: [Full GC (concurrent mode failure) [CMS: 388000K->386000K(393216K)] 390000K->386000K(393216K), 0.2500000 secs] [Times: user=0.30 sys=0.00, real=0.25 secs]
2026-04-04T10:00:48.000+0000: 48.000: [GC (CMS Initial Mark) [1 CMS-initial-mark: 350000K(393216K)] 360000K(393216K), 0.0123456 secs] [Times: user=0.02 sys=0.00, real=0.01 secs]
2026-04-04T10:00:48.000+0000: 48.500: [CMS-concurrent-mark: 0.120/0.450 secs] [Times: user=0.40 sys=0.00, real=0.45 secs]
2026-04-04T10:00:48.000+0000: 48.900: [Full GC (concurrent mode failure) [CMS: 388000K->386000K(393216K)] 390000K->386000K(393216K), 0.2500000 secs] [Times: user=0.30 sys=0.00, real=0.25 secs]
2026-04-04T10:00:49.000+0000: 49.000: [GC (CMS Initial Mark) [1 CMS-initial-mark: 350000K(393216K)] 360000K(393216K), 0.0123456 secs] [Times: user=0.02 sys=0.00, real=0.01 secs]
2026-04-04T10:00:49.000+0000: 49.500: [CMS-concurrent-mark: 0.120/0.450 secs] [Times: user=0.40 sys=0.00, real=0.45 secs]
2026-04-04T10:00:49.000+0000: 49.900: [Full GC (concurrent mode failure) [CMS: 388000K->386000K(393216K)] 390000K->386000K(393216K), 0.2500000 secs] [Times: user=0.30 sys=0.00, real=0.25 secs]
2026-04-04T10:00:50.000+0000: 50.000: [GC (CMS Initial Mark) [1 CMS-initial-mark: 350000K(393216K)] 360000K(393216K), 0.0123456 secs] [Times: user=0.02 sys=0.00, real=0.01 secs]
2026-04-04T10:00:50.000+0000: 50.500: [CMS-concurrent-mark: 0.120/0.450 secs] [Times: user=0.40 sys=0.00, real=0.45 secs]
2026-04-04T10:00:50.000+0000: 50.900: [Full GC (concurrent mode failure) [CMS: 388000K->386000K(393216K)] 390000K->386000K(393216K), 0.2500000 secs] [Times: user=0.30 sys=0.00, real=0.25 secs]
2026-04-04T10:00:51.000+0000: 51.000: [GC (CMS Initial Mark) [1 CMS-initial-mark: 350000K(393216K)] 360000K(393216K), 0.0123456 secs] [Times: user=0.02 sys=0.00, real=0.01 secs]
2026-04-04T10:00:51.000+0000: 51.500: [CMS-concurrent-mark: 0.120/0.450 secs] [Times: user=0.40 sys=0.00, real=0.45 secs]
2026-04-04T10:00:51.000+0000: 51.900: [Full GC (concurrent mode failure) [CMS: 388000K->386000K(393216K)] 390000K->386000K(393216K), 0.2500000 secs] [Times: user=0.30 sys=0.00, real=0.25 secs]
2026-04-04T10:00:52.000+0000: 52.000: [GC (CMS Initial Mark) [1 CMS-initial-mark: 350000K(393216K)] 360000K(393216K), 0.0123456 secs] [Times: user=0.02 sys=0.00, real=0.01 secs]
2026-04-04T10:00:52.000+0000: 52.500: [CMS-concurrent-mark: 0.120/0.450 secs] [Times: user=0.40 sys=0.00, real=0.45 secs]
2026-04-04T10:00:52.000+0000: 52.900: [Full GC (concurrent mode failure) [CMS: 388000K->386000K(393216K)] 390000K->386000K(393216K), 0.2500000 secs] [Times: user=0.30 sys=0.00, real=0.25 secs]
2026-04-04T10:00:53.000+0000: 53.000: [GC (CMS Initial Mark) [1 CMS-initial-mark: 350000K(393216K)] 360000K(393216K), 0.0123456 secs] [Times: user=0.02 sys=0.00, real=0.01 secs]
2026-04-04T10:00:53.000+0000: 53.500: [CMS-concurrent-mark: 0.120/0.450 secs] [Times: user=0.40 sys=0.00, real=0.45 secs]
2026-04-04T10:00:53.000+0000: 53.900: [Full GC (concurrent mode failure) [CMS: 388000K->386000K(393216K)] 390000K->386000K(393216K), 0.2500000 secs] [Times: user=0.30 sys=0.00, real=0.25 secs]
2026-04-04T10:00:54.000+0000: 54.000: [GC (CMS Initial Mark) [1 CMS-initial-mark: 350000K(393216K)] 360000K(393216K), 0.0123456 secs] [Times: user=0.02 sys=0.00, real=0.01 secs]
2026-04-04T10:00:54.000+0000: 54.500: [CMS-concurrent-mark: 0.120/0.450 secs] [Times: user=0.40 sys=0.00, real=0.45 secs]
2026-04-04T10:00:54.000+0000: 54.900: [Full GC (concurrent mode failure) [CMS: 388000K->386000K(393216K)] 390000K->386000K(393216K), 0.2500000 secs] [Times: user=0.30 sys=0.00, real=0.25 secs]
