[0.000s][info][gc           ] Using G1
[0.000s][info][gc,heap     ] Heap region size: 1M
[0.001s][info][gc          ] G1 Init: 32M->32M(32M) 0M(0%) 0M(0%) 0M(0%)
[0.001s][info][gc          ] Concurrent cycle init
[0.123s][gc,id=1           ][gc,young] GC(0) Pause Young (Allocation Failure) 2M->1M(32M) 0.012s
[0.123s][gc,id=1           ][gc,phases] GC(0) Pre Evacuate Collection Set: 0.001s
[0.123s][gc,id=1           ][gc,phases] GC(0) Evacuate Collection Set: 0.008s
[0.123s][gc,id=1           ][gc,phases] GC(0) Post Evacuate Collection Set: 0.002s
[0.123s][gc,id=1           ][gc,heap  ] GC(0) Eden regions: 2->0(8)
[0.123s][gc,id=1           ][gc,heap  ] GC(0) Survivor regions: 0->1(1)
[0.123s][gc,id=1           ][gc,heap  ] GC(0) Old regions: 0->0
[0.123s][gc,id=1           ][gc,metaspace] GC(0) Metaspace: 8192K->8192K(1056768K)
[0.456s][gc,id=2           ][gc,young] GC(1) Pause Young (Allocation Failure) 5M->3M(32M) 0.015s
[0.456s][gc,id=2           ][gc,phases] GC(1) Pre Evacuate Collection Set: 0.002s
[0.456s][gc,id=2           ][gc,phases] GC(1) Evacuate Collection Set: 0.010s
[0.456s][gc,id=2           ][gc,phases] GC(1) Post Evacuate Collection Set: 0.002s
[0.456s][gc,id=2           ][gc,heap  ] GC(1) Eden regions: 4->0(8)
[0.456s][gc,id=2           ][gc,heap  ] GC(1) Survivor regions: 1->1(1)
[0.456s][gc,id=2           ][gc,heap  ] GC(1) Old regions: 0->1
[0.456s][gc,id=2           ][gc,metaspace] GC(1) Metaspace: 8192K->8192K(1056768K)
[0.789s][gc,id=3           ][gc,young] GC(2) Pause Young (Allocation Failure) 8M->6M(32M) 0.018s
[0.789s][gc,id=3           ][gc,phases] GC(2) Pre Evacuate Collection Set: 0.002s
[0.789s][gc,id=3           ][gc,phases] GC(2) Evacuate Collection Set: 0.012s
[0.789s][gc,id=3           ][gc,phases] GC(2) Post Evacuate Collection Set: 0.003s
[0.789s][gc,id=3           ][gc,heap  ] GC(2) Eden regions: 5->0(8)
[0.789s][gc,id=3           ][gc,heap  ] GC(2) Survivor regions: 1->1(1)
[0.789s][gc,id=3           ][gc,heap  ] GC(2) Old regions: 1->2
[0.789s][gc,id=3           ][gc,metaspace] GC(2) Metaspace: 8192K->8192K(1056768K)
[1.012s][gc,id=4           ][gc,young] GC(3) Pause Young (Allocation Failure) 12M->9M(32M) 0.020s
[1.012s][gc,id=4           ][gc,phases] GC(3) Pre Evacuate Collection Set: 0.003s
[1.012s][gc,id=4           ][gc,phases] GC(3) Evacuate Collection Set: 0.014s
[1.012s][gc,id=4           ][gc,phases] GC(3) Post Evacuate Collection Set: 0.003s
[1.012s][gc,id=4           ][gc,heap  ] GC(4) Eden regions: 6->0(8)
[1.012s][gc,id=4           ][gc,heap  ] GC(4) Survivor regions: 1->1(1)
[1.012s][gc,id=4           ][gc,heap  ] GC(4) Old regions: 2->4
[1.012s][gc,id=4           ][gc,metaspace] GC(3) Metaspace: 8192K->8192K(1056768K)
[1.234s][gc,id=5           ][gc,young] GC(4) Pause Young (Allocation Failure) 16M->12M(32M) 0.022s
[1.234s][gc,id=5           ][gc,phases] GC(4) Pre Evacuate Collection Set: 0.003s
[1.234s][gc,id=5           ][gc,phases] GC(4) Evacuate Collection Set: 0.015s
[1.234s][gc,id=5           ][gc,phases] GC(4) Post Evacuate Collection Set: 0.004s
[1.234s][gc,id=5           ][gc,heap  ] GC(4) Eden regions: 7->0(8)
[1.234s][gc,id=5           ][gc,heap  ] GC(4) Survivor regions: 1->2(1)
[1.234s][gc,id=5           ][gc,heap  ] GC(4) Old regions: 4->6
[1.234s][gc,id=5           ][gc,metaspace] GC(4) Metaspace: 8192K->8192K(1056768K)
[1.567s][gc,id=6           ][gc,full  ] GC(5) Pause Full (Allocation Failure) 28M->20M(32M) 0.567s
[1.567s][gc,id=6           ][gc,phases] GC(5) Pre Evacuate Collection Set: 0.050s
[1.567s][gc,id=6           ][gc,phases] GC(5) Evacuate Collection Set: 0.450s
[1.567s][gc,id=6           ][gc,phases] GC(5) Post Evacuate Collection Set: 0.060s
[1.567s][gc,id=6           ][gc,heap  ] GC(5) Eden regions: 0->0(8)
[1.567s][gc,id=6           ][gc,heap  ] GC(5) Survivor regions: 2->1(1)
[1.567s][gc,id=6           ][gc,heap  ] GC(5) Old regions: 6->3
[1.567s][gc,id=6           ][gc,metaspace] GC(5) Metaspace: 8192K->8192K(1056768K)
[1.890s][gc,id=7           ][gc,young] GC(6) Pause Young (Allocation Failure) 24M->22M(32M) 0.025s
[1.890s][gc,id=7           ][gc,phases] GC(6) Pre Evacuate Collection Set: 0.003s
[1.890s][gc,id=7           ][gc,phases] GC(6) Evacuate Collection Set: 0.018s
[1.890s][gc,id=7           ][gc,phases] GC(6) Post Evacuate Collection Set: 0.004s
[1.890s][gc,id=7           ][gc,heap  ] GC(6) Eden regions: 2->0(8)
[1.890s][gc,id=7           ][gc,heap  ] GC(6) Survivor regions: 1->1(1)
[1.890s][gc,id=7           ][gc,heap  ] GC(6) Old regions: 3->4
[1.890s][gc,id=7           ][gc,metaspace] GC(6) Metaspace: 8192K->8192K(1056768K)
[2.123s][gc,id=8           ][gc,young] GC(7) Pause Young (Allocation Failure) 26M->24M(32M) 0.028s
[2.123s][gc,id=8           ][gc,phases] GC(7) Pre Evacuate Collection Set: 0.004s
[2.123s][gc,id=8           ][gc,phases] GC(7) Evacuate Collection Set: 0.020s
[2.123s][gc,id=8           ][gc,phases] GC(7) Post Evacuate Collection Set: 0.004s
[2.123s][gc,id=8           ][gc,heap  ] GC(7) Eden regions: 3->0(8)
[2.123s][gc,id=8           ][gc,heap  ] GC(7) Survivor regions: 1->1(1)
[2.123s][gc,id=8           ][gc,heap  ] GC(7) Old regions: 4->5
[2.123s][gc,id=8           ][gc,metaspace] GC(7) Metaspace: 8192K->8192K(1056768K)
[2.456s][gc,id=9           ][gc,young] GC(8) Pause Young (Allocation Failure) 28M->26M(32M) 0.030s
[2.456s][gc,id=9           ][gc,phases] GC(8) Pre Evacuate Collection Set: 0.004s
[2.456s][gc,id=9           ][gc,phases] GC(8) Evacuate Collection Set: 0.022s
[2.456s][gc,id=9           ][gc,phases] GC(8) Post Evacuate Collection Set: 0.004s
[2.456s][gc,id=9           ][gc,heap  ] GC(8) Eden regions: 4->0(8)
[2.456s][gc,id=9           ][gc,heap  ] GC(8) Survivor regions: 1->2(1)
[2.456s][gc,id=9           ][gc,heap  ] GC(8) Old regions: 5->7
[2.456s][gc,id=9           ][gc,metaspace] GC(8) Metaspace: 8192K->8192K(1056768K)
[2.789s][gc,id=10          ][gc,full  ] GC(9) Pause Full (Allocation Failure) 30M->15M(32M) 1.234s
[2.789s][gc,id=10          ][gc,phases] GC(9) Pre Evacuate Collection Set: 0.100s
[2.789s][gc,id=10          ][gc,phases] GC(9) Evacuate Collection Set: 1.100s
[2.789s][gc,id=10          ][gc,phases] GC(9) Post Evacuate Collection Set: 0.030s
[2.789s][gc,id=10          ][gc,heap  ] GC(9) Eden regions: 0->0(8)
[2.789s][gc,id=10          ][gc,heap  ] GC(9) Survivor regions: 2->1(1)
[2.789s][gc,id=10          ][gc,heap  ] GC(9) Old regions: 7->2
[2.789s][gc,id=10          ][gc,metaspace] GC(9) Metaspace: 8192K->8192K(1056768K)
[3.012s][info][gc          ] GC time: 2.123s (70% of total time), application time: 0.889s
[3.012s][info][gc          ] Frequent Full GCs detected due to small heap size; consider increasing -Xmx
