[2024-03-20T08:55:45.852-0700][0.025s][info][gc,init] Initializing The Z Garbage Collector
[2024-03-20T08:55:45.852-0700][0.025s][info][gc,init] Version: 21+35-LTS-2513 (release)
[2024-03-20T08:55:45.852-0700][0.025s][info][gc,init] Using legacy single-generation mode
[2024-03-20T08:55:45.852-0700][0.026s][info][gc,init] NUMA Support: Disabled
[2024-03-20T08:55:45.852-0700][0.026s][info][gc,init] CPUs: 8 total, 8 available
[2024-03-20T08:55:45.852-0700][0.026s][info][gc,init] Memory: 32768M
[2024-03-20T08:55:45.852-0700][0.026s][info][gc,init] Large Page Support: Disabled
[2024-03-20T08:55:45.852-0700][0.026s][info][gc,init] GC Workers: 1 (dynamic)
[2024-03-20T08:55:45.852-0700][0.026s][info][gc,init] Address Space Type: Contiguous/Unrestricted/Complete
[2024-03-20T08:55:45.852-0700][0.026s][info][gc,init] Address Space Size: 16384M x 3 = 49152M
[2024-03-20T08:55:45.852-0700][0.026s][info][gc,init] Min Capacity: 8M
[2024-03-20T08:55:45.852-0700][0.026s][info][gc,init] Initial Capacity: 512M
[2024-03-20T08:55:45.852-0700][0.026s][info][gc,init] Max Capacity: 1024M
[2024-03-20T08:55:45.853-0700][0.026s][info][gc,init] Medium Page Size: 32M
[2024-03-20T08:55:45.853-0700][0.026s][info][gc,init] Pre-touch: Disabled
[2024-03-20T08:55:45.853-0700][0.026s][info][gc,init] Uncommit: Enabled
[2024-03-20T08:55:45.853-0700][0.026s][info][gc,init] Uncommit Delay: 300s
[2024-03-20T08:55:45.853-0700][0.026s][info][gc,init] Runtime Workers: 5
[2024-03-20T08:55:45.853-0700][0.026s][info][gc     ] Using The Z Garbage Collector
[2024-03-20T08:55:45.879-0700][0.053s][info][gc,metaspace] CDS archive(s) mapped at: [0x0000007000000000-0x0000007000ca4000-0x0000007000ca4000), size 13254656, SharedBaseAddress: 0x0000007000000000, ArchiveRelocationMode: 1.
[2024-03-20T08:55:45.879-0700][0.053s][info][gc,metaspace] Compressed class space mapped at: 0x0000007001000000-0x0000007041000000, reserved size: 1073741824
[2024-03-20T08:55:45.879-0700][0.053s][info][gc,metaspace] Narrow klass base: 0x0000007000000000, Narrow klass shift: 0, Narrow klass range: 0x100000000
[2024-03-20T08:55:46.000-0700][0.173s][info][gc,start    ] GC(0) Garbage Collection (Warmup)
[2024-03-20T08:55:46.000-0700][0.173s][info][gc,task     ] GC(0) Using 1 workers
[2024-03-20T08:55:46.000-0700][0.173s][info][gc,phases   ] GC(0) Pause Mark Start 0.008ms
[2024-03-20T08:55:46.028-0700][0.202s][info][gc,phases   ] GC(0) Concurrent Mark 28.382ms
[2024-03-20T08:55:46.029-0700][0.202s][info][gc,phases   ] GC(0) Pause Mark End 0.009ms
[2024-03-20T08:55:46.029-0700][0.202s][info][gc,phases   ] GC(0) Concurrent Mark Free 0.000ms
[2024-03-20T08:55:46.029-0700][0.202s][info][gc,phases   ] GC(0) Concurrent Process Non-Strong References 0.368ms
[2024-03-20T08:55:46.029-0700][0.202s][info][gc,phases   ] GC(0) Concurrent Reset Relocation Set 0.000ms
[2024-03-20T08:55:46.058-0700][0.232s][info][gc,phases   ] GC(0) Concurrent Select Relocation Set 29.280ms
[2024-03-20T08:55:46.058-0700][0.232s][info][gc,phases   ] GC(0) Pause Relocate Start 0.006ms
[2024-03-20T08:55:46.061-0700][0.234s][info][gc,phases   ] GC(0) Concurrent Relocate 2.511ms
[2024-03-20T08:55:46.062-0700][0.235s][info][gc,load     ] GC(0) Load: 9.03/8.73/8.15
[2024-03-20T08:55:46.062-0700][0.235s][info][gc,mmu      ] GC(0) MMU: 2ms/99.5%, 5ms/99.8%, 10ms/99.9%, 20ms/100.0%, 50ms/100.0%, 100ms/100.0%
[2024-03-20T08:55:46.062-0700][0.235s][info][gc,marking  ] GC(0) Mark: 1 stripe(s), 2 proactive flush(es), 1 terminate flush(es), 0 completion(s), 0 continuation(s) 
[2024-03-20T08:55:46.062-0700][0.235s][info][gc,marking  ] GC(0) Mark Stack Usage: 32M
[2024-03-20T08:55:46.062-0700][0.235s][info][gc,nmethod  ] GC(0) NMethods: 177 registered, 13 unregistered
[2024-03-20T08:55:46.062-0700][0.235s][info][gc,metaspace] GC(0) Metaspace: 0M used, 0M committed, 1088M reserved
[2024-03-20T08:55:46.062-0700][0.235s][info][gc,ref      ] GC(0) Soft: 60 encountered, 0 discovered, 0 enqueued
[2024-03-20T08:55:46.062-0700][0.235s][info][gc,ref      ] GC(0) Weak: 172 encountered, 65 discovered, 27 enqueued
[2024-03-20T08:55:46.062-0700][0.235s][info][gc,ref      ] GC(0) Final: 0 encountered, 0 discovered, 0 enqueued
[2024-03-20T08:55:46.062-0700][0.235s][info][gc,ref      ] GC(0) Phantom: 9 encountered, 8 discovered, 8 enqueued
[2024-03-20T08:55:46.062-0700][0.235s][info][gc,reloc    ] GC(0) Small Pages: 95 / 190M, Empty: 34M, Relocated: 2M, In-Place: 0
[2024-03-20T08:55:46.062-0700][0.235s][info][gc,reloc    ] GC(0) Medium Pages: 0 / 0M, Empty: 0M, Relocated: 0M, In-Place: 0
[2024-03-20T08:55:46.062-0700][0.235s][info][gc,reloc    ] GC(0) Large Pages: 0 / 0M, Empty: 0M, Relocated: 0M, In-Place: 0
[2024-03-20T08:55:46.062-0700][0.235s][info][gc,reloc    ] GC(0) Forwarding Usage: 1M
[2024-03-20T08:55:46.062-0700][0.235s][info][gc,heap     ] GC(0) Min Capacity: 8M(1%)
[2024-03-20T08:55:46.062-0700][0.235s][info][gc,heap     ] GC(0) Max Capacity: 1024M(100%)
[2024-03-20T08:55:46.062-0700][0.235s][info][gc,heap     ] GC(0) Soft Max Capacity: 1024M(100%)
[2024-03-20T08:55:46.062-0700][0.235s][info][gc,heap     ] GC(0)                Mark Start          Mark End        Relocate Start      Relocate End           High               Low         
[2024-03-20T08:55:46.062-0700][0.235s][info][gc,heap     ] GC(0)  Capacity:      512M (50%)         512M (50%)         512M (50%)         512M (50%)         512M (50%)         512M (50%)    
[2024-03-20T08:55:46.062-0700][0.235s][info][gc,heap     ] GC(0)      Free:      834M (81%)         756M (74%)         760M (74%)         886M (87%)         886M (87%)         730M (71%)    
[2024-03-20T08:55:46.062-0700][0.235s][info][gc,heap     ] GC(0)      Used:      190M (19%)         268M (26%)         264M (26%)         138M (13%)         294M (29%)         138M (13%)    
[2024-03-20T08:55:46.062-0700][0.235s][info][gc,heap     ] GC(0)      Live:         -                15M (2%)           15M (2%)           15M (2%)             -                  -          
[2024-03-20T08:55:46.062-0700][0.235s][info][gc,heap     ] GC(0) Allocated:         -                78M (8%)          108M (11%)         117M (12%)            -                  -          
[2024-03-20T08:55:46.062-0700][0.235s][info][gc,heap     ] GC(0)   Garbage:         -               174M (17%)         140M (14%)           4M (0%)             -                  -          
[2024-03-20T08:55:46.062-0700][0.235s][info][gc,heap     ] GC(0) Reclaimed:         -                  -                34M (3%)          169M (17%)            -                  -          
[2024-03-20T08:55:46.062-0700][0.235s][info][gc          ] GC(0) Garbage Collection (Warmup) 190M(19%)->138M(13%)
[2024-03-20T08:55:46.098-0700][0.271s][info][gc,start    ] GC(1) Garbage Collection (Warmup)
[2024-03-20T08:55:46.098-0700][0.271s][info][gc,task     ] GC(1) Using 1 workers
[2024-03-20T08:55:46.098-0700][0.271s][info][gc,phases   ] GC(1) Pause Mark Start 0.004ms
[2024-03-20T08:55:46.122-0700][0.295s][info][gc,phases   ] GC(1) Concurrent Mark 23.750ms
[2024-03-20T08:55:46.122-0700][0.295s][info][gc,phases   ] GC(1) Pause Mark End 0.010ms
[2024-03-20T08:55:46.122-0700][0.295s][info][gc,phases   ] GC(1) Concurrent Mark Free 0.001ms
[2024-03-20T08:55:46.123-0700][0.296s][info][gc,phases   ] GC(1) Concurrent Process Non-Strong References 0.562ms
[2024-03-20T08:55:46.123-0700][0.296s][info][gc,phases   ] GC(1) Concurrent Reset Relocation Set 0.034ms
[2024-03-20T08:55:46.128-0700][0.301s][info][gc,phases   ] GC(1) Concurrent Select Relocation Set 5.124ms
[2024-03-20T08:55:46.128-0700][0.301s][info][gc,phases   ] GC(1) Pause Relocate Start 0.006ms
[2024-03-20T08:55:46.130-0700][0.304s][info][gc,phases   ] GC(1) Concurrent Relocate 2.395ms
[2024-03-20T08:55:46.130-0700][0.304s][info][gc,load     ] GC(1) Load: 9.03/8.73/8.15
[2024-03-20T08:55:46.130-0700][0.304s][info][gc,mmu      ] GC(1) MMU: 2ms/99.5%, 5ms/99.8%, 10ms/99.8%, 20ms/99.9%, 50ms/100.0%, 100ms/100.0%
[2024-03-20T08:55:46.130-0700][0.304s][info][gc,marking  ] GC(1) Mark: 1 stripe(s), 2 proactive flush(es), 1 terminate flush(es), 0 completion(s), 0 continuation(s) 
[2024-03-20T08:55:46.130-0700][0.304s][info][gc,marking  ] GC(1) Mark Stack Usage: 32M
[2024-03-20T08:55:46.130-0700][0.304s][info][gc,nmethod  ] GC(1) NMethods: 178 registered, 14 unregistered
[2024-03-20T08:55:46.130-0700][0.304s][info][gc,metaspace] GC(1) Metaspace: 0M used, 0M committed, 1088M reserved
[2024-03-20T08:55:46.130-0700][0.304s][info][gc,ref      ] GC(1) Soft: 60 encountered, 0 discovered, 0 enqueued
[2024-03-20T08:55:46.130-0700][0.304s][info][gc,ref      ] GC(1) Weak: 145 encountered, 38 discovered, 0 enqueued
[2024-03-20T08:55:46.130-0700][0.304s][info][gc,ref      ] GC(1) Final: 0 encountered, 0 discovered, 0 enqueued
[2024-03-20T08:55:46.130-0700][0.304s][info][gc,ref      ] GC(1) Phantom: 1 encountered, 0 discovered, 0 enqueued
[2024-03-20T08:55:46.130-0700][0.304s][info][gc,reloc    ] GC(1) Small Pages: 156 / 312M, Empty: 152M, Relocated: 2M, In-Place: 0
[2024-03-20T08:55:46.130-0700][0.304s][info][gc,reloc    ] GC(1) Medium Pages: 0 / 0M, Empty: 0M, Relocated: 0M, In-Place: 0
[2024-03-20T08:55:46.130-0700][0.304s][info][gc,reloc    ] GC(1) Large Pages: 0 / 0M, Empty: 0M, Relocated: 0M, In-Place: 0
[2024-03-20T08:55:46.131-0700][0.304s][info][gc,reloc    ] GC(1) Forwarding Usage: 1M
[2024-03-20T08:55:46.131-0700][0.304s][info][gc,heap     ] GC(1) Min Capacity: 8M(1%)
[2024-03-20T08:55:46.131-0700][0.304s][info][gc,heap     ] GC(1) Max Capacity: 1024M(100%)
[2024-03-20T08:55:46.131-0700][0.304s][info][gc,heap     ] GC(1) Soft Max Capacity: 1024M(100%)
[2024-03-20T08:55:46.131-0700][0.304s][info][gc,heap     ] GC(1)                Mark Start          Mark End        Relocate Start      Relocate End           High               Low         
[2024-03-20T08:55:46.131-0700][0.304s][info][gc,heap     ] GC(1)  Capacity:      512M (50%)         512M (50%)         512M (50%)         512M (50%)         512M (50%)         512M (50%)    
[2024-03-20T08:55:46.131-0700][0.304s][info][gc,heap     ] GC(1)      Free:      712M (70%)         632M (62%)         764M (75%)         894M (87%)         896M (88%)         630M (62%)    
[2024-03-20T08:55:46.131-0700][0.304s][info][gc,heap     ] GC(1)      Used:      312M (30%)         392M (38%)         260M (25%)         130M (13%)         394M (38%)         128M (12%)    
[2024-03-20T08:55:46.131-0700][0.304s][info][gc,heap     ] GC(1)      Live:         -                15M (2%)           15M (2%)           15M (2%)             -                  -          
[2024-03-20T08:55:46.131-0700][0.304s][info][gc,heap     ] GC(1) Allocated:         -                80M (8%)          100M (10%)         109M (11%)            -                  -          
[2024-03-20T08:55:46.131-0700][0.304s][info][gc,heap     ] GC(1)   Garbage:         -               296M (29%)         144M (14%)           4M (0%)             -                  -          
[2024-03-20T08:55:46.131-0700][0.304s][info][gc,heap     ] GC(1) Reclaimed:         -                  -               152M (15%)         291M (29%)            -                  -          
[2024-03-20T08:55:46.131-0700][0.304s][info][gc          ] GC(1) Garbage Collection (Warmup) 312M(30%)->130M(13%)
[2024-03-20T08:55:46.193-0700][0.366s][info][gc,start    ] GC(2) Garbage Collection (Warmup)
[2024-03-20T08:55:46.193-0700][0.366s][info][gc,task     ] GC(2) Using 1 workers
[2024-03-20T08:55:46.193-0700][0.367s][info][gc,phases   ] GC(2) Pause Mark Start 0.004ms
[2024-03-20T08:55:46.219-0700][0.393s][info][gc,phases   ] GC(2) Concurrent Mark 26.361ms
[2024-03-20T08:55:46.220-0700][0.393s][info][gc,phases   ] GC(2) Pause Mark End 0.009ms
[2024-03-20T08:55:46.220-0700][0.393s][info][gc,phases   ] GC(2) Concurrent Mark Free 0.000ms
[2024-03-20T08:55:46.220-0700][0.393s][info][gc,phases   ] GC(2) Concurrent Process Non-Strong References 0.409ms
[2024-03-20T08:55:46.220-0700][0.394s][info][gc,phases   ] GC(2) Concurrent Reset Relocation Set 0.004ms
[2024-03-20T08:55:46.222-0700][0.395s][info][gc,phases   ] GC(2) Concurrent Select Relocation Set 1.871ms
[2024-03-20T08:55:46.222-0700][0.395s][info][gc,phases   ] GC(2) Pause Relocate Start 0.007ms
[2024-03-20T08:55:46.225-0700][0.398s][info][gc,phases   ] GC(2) Concurrent Relocate 2.897ms
[2024-03-20T08:55:46.225-0700][0.398s][info][gc,load     ] GC(2) Load: 9.03/8.73/8.15
[2024-03-20T08:55:46.225-0700][0.398s][info][gc,mmu      ] GC(2) MMU: 2ms/99.5%, 5ms/99.7%, 10ms/99.8%, 20ms/99.9%, 50ms/100.0%, 100ms/100.0%
[2024-03-20T08:55:46.225-0700][0.399s][info][gc,marking  ] GC(2) Mark: 1 stripe(s), 2 proactive flush(es), 1 terminate flush(es), 0 completion(s), 0 continuation(s) 
[2024-03-20T08:55:46.225-0700][0.399s][info][gc,marking  ] GC(2) Mark Stack Usage: 32M
[2024-03-20T08:55:46.225-0700][0.399s][info][gc,nmethod  ] GC(2) NMethods: 178 registered, 17 unregistered
[2024-03-20T08:55:46.225-0700][0.399s][info][gc,metaspace] GC(2) Metaspace: 0M used, 0M committed, 1088M reserved
[2024-03-20T08:55:46.225-0700][0.399s][info][gc,ref      ] GC(2) Soft: 60 encountered, 0 discovered, 0 enqueued
[2024-03-20T08:55:46.225-0700][0.399s][info][gc,ref      ] GC(2) Weak: 145 encountered, 38 discovered, 0 enqueued
[2024-03-20T08:55:46.225-0700][0.399s][info][gc,ref      ] GC(2) Final: 0 encountered, 0 discovered, 0 enqueued
[2024-03-20T08:55:46.225-0700][0.399s][info][gc,ref      ] GC(2) Phantom: 1 encountered, 0 discovered, 0 enqueued
[2024-03-20T08:55:46.225-0700][0.399s][info][gc,reloc    ] GC(2) Small Pages: 240 / 480M, Empty: 308M, Relocated: 2M, In-Place: 0
[2024-03-20T08:55:46.225-0700][0.399s][info][gc,reloc    ] GC(2) Medium Pages: 0 / 0M, Empty: 0M, Relocated: 0M, In-Place: 0
[2024-03-20T08:55:46.225-0700][0.399s][info][gc,reloc    ] GC(2) Large Pages: 0 / 0M, Empty: 0M, Relocated: 0M, In-Place: 0
[2024-03-20T08:55:46.225-0700][0.399s][info][gc,reloc    ] GC(2) Forwarding Usage: 1M
[2024-03-20T08:55:46.225-0700][0.399s][info][gc,heap     ] GC(2) Min Capacity: 8M(1%)
[2024-03-20T08:55:46.225-0700][0.399s][info][gc,heap     ] GC(2) Max Capacity: 1024M(100%)
[2024-03-20T08:55:46.225-0700][0.399s][info][gc,heap     ] GC(2) Soft Max Capacity: 1024M(100%)
[2024-03-20T08:55:46.225-0700][0.399s][info][gc,heap     ] GC(2)                Mark Start          Mark End        Relocate Start      Relocate End           High               Low         
[2024-03-20T08:55:46.225-0700][0.399s][info][gc,heap     ] GC(2)  Capacity:      512M (50%)         560M (55%)         562M (55%)         562M (55%)         562M (55%)         512M (50%)    
[2024-03-20T08:55:46.225-0700][0.399s][info][gc,heap     ] GC(2)      Free:      544M (53%)         464M (45%)         762M (74%)         904M (88%)         906M (88%)         462M (45%)    
[2024-03-20T08:55:46.225-0700][0.399s][info][gc,heap     ] GC(2)      Used:      480M (47%)         560M (55%)         262M (26%)         120M (12%)         562M (55%)         118M (12%)    
[2024-03-20T08:55:46.225-0700][0.399s][info][gc,heap     ] GC(2)      Live:         -                15M (2%)           15M (2%)           15M (2%)             -                  -          
[2024-03-20T08:55:46.225-0700][0.399s][info][gc,heap     ] GC(2) Allocated:         -                80M (8%)           90M (9%)           99M (10%)            -                  -          
[2024-03-20T08:55:46.225-0700][0.399s][info][gc,heap     ] GC(2)   Garbage:         -               464M (45%)         156M (15%)           4M (0%)             -                  -          
[2024-03-20T08:55:46.225-0700][0.399s][info][gc,heap     ] GC(2) Reclaimed:         -                  -               308M (30%)         459M (45%)            -                  -          
[2024-03-20T08:55:46.225-0700][0.399s][info][gc          ] GC(2) Garbage Collection (Warmup) 480M(47%)->120M(12%)
[2024-03-20T08:55:46.298-0700][0.471s][info][gc,start    ] GC(3) Garbage Collection (Allocation Rate)
[2024-03-20T08:55:46.298-0700][0.472s][info][gc,task     ] GC(3) Using 1 workers
[2024-03-20T08:55:46.298-0700][0.472s][info][gc,phases   ] GC(3) Pause Mark Start 0.003ms
[2024-03-20T08:55:46.327-0700][0.501s][info][gc,phases   ] GC(3) Concurrent Mark 28.960ms
[2024-03-20T08:55:46.327-0700][0.501s][info][gc,phases   ] GC(3) Pause Mark End 0.008ms
[2024-03-20T08:55:46.327-0700][0.501s][info][gc,phases   ] GC(3) Concurrent Mark Free 0.000ms
[2024-03-20T08:55:46.328-0700][0.501s][info][gc,phases   ] GC(3) Concurrent Process Non-Strong References 0.402ms
[2024-03-20T08:55:46.330-0700][0.504s][info][gc,phases   ] GC(3) Concurrent Reset Relocation Set 0.004ms
[2024-03-20T08:55:46.337-0700][0.510s][info][gc,phases   ] GC(3) Concurrent Select Relocation Set 6.323ms
[2024-03-20T08:55:46.337-0700][0.510s][info][gc,phases   ] GC(3) Pause Relocate Start 0.006ms
[2024-03-20T08:55:46.339-0700][0.513s][info][gc,phases   ] GC(3) Concurrent Relocate 2.205ms
[2024-03-20T08:55:46.339-0700][0.513s][info][gc,load     ] GC(3) Load: 9.03/8.73/8.15
[2024-03-20T08:55:46.339-0700][0.513s][info][gc,mmu      ] GC(3) MMU: 2ms/99.5%, 5ms/99.7%, 10ms/99.8%, 20ms/99.9%, 50ms/100.0%, 100ms/100.0%
[2024-03-20T08:55:46.339-0700][0.513s][info][gc,marking  ] GC(3) Mark: 1 stripe(s), 2 proactive flush(es), 1 terminate flush(es), 0 completion(s), 0 continuation(s) 
[2024-03-20T08:55:46.339-0700][0.513s][info][gc,marking  ] GC(3) Mark Stack Usage: 32M
[2024-03-20T08:55:46.339-0700][0.513s][info][gc,nmethod  ] GC(3) NMethods: 178 registered, 18 unregistered
[2024-03-20T08:55:46.339-0700][0.513s][info][gc,metaspace] GC(3) Metaspace: 0M used, 0M committed, 1088M reserved
[2024-03-20T08:55:46.339-0700][0.513s][info][gc,ref      ] GC(3) Soft: 60 encountered, 0 discovered, 0 enqueued
[2024-03-20T08:55:46.339-0700][0.513s][info][gc,ref      ] GC(3) Weak: 145 encountered, 38 discovered, 0 enqueued
[2024-03-20T08:55:46.339-0700][0.513s][info][gc,ref      ] GC(3) Final: 0 encountered, 0 discovered, 0 enqueued
[2024-03-20T08:55:46.339-0700][0.513s][info][gc,ref      ] GC(3) Phantom: 1 encountered, 0 discovered, 0 enqueued
[2024-03-20T08:55:46.339-0700][0.513s][info][gc,reloc    ] GC(3) Small Pages: 296 / 592M, Empty: 406M, Relocated: 2M, In-Place: 0
[2024-03-20T08:55:46.339-0700][0.513s][info][gc,reloc    ] GC(3) Medium Pages: 0 / 0M, Empty: 0M, Relocated: 0M, In-Place: 0
[2024-03-20T08:55:46.339-0700][0.513s][info][gc,reloc    ] GC(3) Large Pages: 0 / 0M, Empty: 0M, Relocated: 0M, In-Place: 0
[2024-03-20T08:55:46.339-0700][0.513s][info][gc,reloc    ] GC(3) Forwarding Usage: 1M
[2024-03-20T08:55:46.339-0700][0.513s][info][gc,heap     ] GC(3) Min Capacity: 8M(1%)
[2024-03-20T08:55:46.339-0700][0.513s][info][gc,heap     ] GC(3) Max Capacity: 1024M(100%)
[2024-03-20T08:55:46.339-0700][0.513s][info][gc,heap     ] GC(3) Soft Max Capacity: 1024M(100%)
[2024-03-20T08:55:46.339-0700][0.513s][info][gc,heap     ] GC(3)                Mark Start          Mark End        Relocate Start      Relocate End           High               Low         
[2024-03-20T08:55:46.339-0700][0.513s][info][gc,heap     ] GC(3)  Capacity:      592M (58%)         702M (69%)         714M (70%)         714M (70%)         714M (70%)         592M (58%)    
[2024-03-20T08:55:46.339-0700][0.513s][info][gc,heap     ] GC(3)      Free:      432M (42%)         322M (31%)         690M (67%)         854M (83%)         854M (83%)         310M (30%)    
[2024-03-20T08:55:46.339-0700][0.513s][info][gc,heap     ] GC(3)      Used:      592M (58%)         702M (69%)         334M (33%)         170M (17%)         714M (70%)         170M (17%)    
[2024-03-20T08:55:46.339-0700][0.513s][info][gc,heap     ] GC(3)      Live:         -                15M (2%)           15M (2%)           15M (2%)             -                  -          
[2024-03-20T08:55:46.339-0700][0.513s][info][gc,heap     ] GC(3) Allocated:         -               110M (11%)         148M (14%)         149M (15%)            -                  -          
[2024-03-20T08:55:46.339-0700][0.513s][info][gc,heap     ] GC(3)   Garbage:         -               576M (56%)         170M (17%)           4M (0%)             -                  -          
[2024-03-20T08:55:46.339-0700][0.513s][info][gc,heap     ] GC(3) Reclaimed:         -                  -               406M (40%)         571M (56%)            -                  -          
[2024-03-20T08:55:46.339-0700][0.513s][info][gc          ] GC(3) Garbage Collection (Allocation Rate) 592M(58%)->170M(17%)
[2024-03-20T08:55:46.398-0700][0.572s][info][gc,start    ] GC(4) Garbage Collection (Allocation Rate)
[2024-03-20T08:55:46.398-0700][0.572s][info][gc,task     ] GC(4) Using 1 workers
[2024-03-20T08:55:46.398-0700][0.572s][info][gc,phases   ] GC(4) Pause Mark Start 0.004ms
[2024-03-20T08:55:46.427-0700][0.601s][info][gc,phases   ] GC(4) Concurrent Mark 28.835ms
[2024-03-20T08:55:46.427-0700][0.601s][info][gc,phases   ] GC(4) Pause Mark End 0.009ms
[2024-03-20T08:55:46.427-0700][0.601s][info][gc,phases   ] GC(4) Concurrent Mark Free 0.000ms
[2024-03-20T08:55:46.428-0700][0.601s][info][gc,phases   ] GC(4) Concurrent Process Non-Strong References 0.380ms
[2024-03-20T08:55:46.428-0700][0.601s][info][gc,phases   ] GC(4) Concurrent Reset Relocation Set 0.007ms
[2024-03-20T08:55:46.429-0700][0.603s][info][gc,phases   ] GC(4) Concurrent Select Relocation Set 1.811ms
[2024-03-20T08:55:46.430-0700][0.603s][info][gc,phases   ] GC(4) Pause Relocate Start 0.006ms
[2024-03-20T08:55:46.432-0700][0.605s][info][gc,phases   ] GC(4) Concurrent Relocate 1.990ms
[2024-03-20T08:55:46.432-0700][0.605s][info][gc,load     ] GC(4) Load: 9.03/8.73/8.15
[2024-03-20T08:55:46.432-0700][0.605s][info][gc,mmu      ] GC(4) MMU: 2ms/99.5%, 5ms/99.7%, 10ms/99.8%, 20ms/99.9%, 50ms/100.0%, 100ms/100.0%
[2024-03-20T08:55:46.432-0700][0.605s][info][gc,marking  ] GC(4) Mark: 1 stripe(s), 2 proactive flush(es), 1 terminate flush(es), 0 completion(s), 0 continuation(s) 
[2024-03-20T08:55:46.432-0700][0.605s][info][gc,marking  ] GC(4) Mark Stack Usage: 32M
[2024-03-20T08:55:46.432-0700][0.605s][info][gc,nmethod  ] GC(4) NMethods: 178 registered, 18 unregistered
[2024-03-20T08:55:46.432-0700][0.605s][info][gc,metaspace] GC(4) Metaspace: 0M used, 0M committed, 1088M reserved
[2024-03-20T08:55:46.432-0700][0.605s][info][gc,ref      ] GC(4) Soft: 60 encountered, 0 discovered, 0 enqueued
[2024-03-20T08:55:46.432-0700][0.605s][info][gc,ref      ] GC(4) Weak: 145 encountered, 38 discovered, 0 enqueued
[2024-03-20T08:55:46.432-0700][0.605s][info][gc,ref      ] GC(4) Final: 0 encountered, 0 discovered, 0 enqueued
[2024-03-20T08:55:46.432-0700][0.605s][info][gc,ref      ] GC(4) Phantom: 1 encountered, 0 discovered, 0 enqueued
[2024-03-20T08:55:46.432-0700][0.605s][info][gc,reloc    ] GC(4) Small Pages: 298 / 596M, Empty: 396M, Relocated: 2M, In-Place: 0
[2024-03-20T08:55:46.432-0700][0.605s][info][gc,reloc    ] GC(4) Medium Pages: 0 / 0M, Empty: 0M, Relocated: 0M, In-Place: 0
[2024-03-20T08:55:46.432-0700][0.605s][info][gc,reloc    ] GC(4) Large Pages: 0 / 0M, Empty: 0M, Relocated: 0M, In-Place: 0
[2024-03-20T08:55:46.432-0700][0.605s][info][gc,reloc    ] GC(4) Forwarding Usage: 1M
[2024-03-20T08:55:46.432-0700][0.605s][info][gc,heap     ] GC(4) Min Capacity: 8M(1%)
[2024-03-20T08:55:46.432-0700][0.605s][info][gc,heap     ] GC(4) Max Capacity: 1024M(100%)
[2024-03-20T08:55:46.432-0700][0.605s][info][gc,heap     ] GC(4) Soft Max Capacity: 1024M(100%)
[2024-03-20T08:55:46.432-0700][0.605s][info][gc,heap     ] GC(4)                Mark Start          Mark End        Relocate Start      Relocate End           High               Low         
[2024-03-20T08:55:46.432-0700][0.605s][info][gc,heap     ] GC(4)  Capacity:      714M (70%)         728M (71%)         730M (71%)         730M (71%)         730M (71%)         714M (70%)    
[2024-03-20T08:55:46.432-0700][0.605s][info][gc,heap     ] GC(4)      Free:      428M (42%)         296M (29%)         682M (67%)         848M (83%)         850M (83%)         294M (29%)    
[2024-03-20T08:55:46.432-0700][0.605s][info][gc,heap     ] GC(4)      Used:      596M (58%)         728M (71%)         342M (33%)         176M (17%)         730M (71%)         174M (17%)    
[2024-03-20T08:55:46.432-0700][0.605s][info][gc,heap     ] GC(4)      Live:         -                15M (2%)           15M (2%)           15M (2%)             -                  -          
[2024-03-20T08:55:46.432-0700][0.605s][info][gc,heap     ] GC(4) Allocated:         -               132M (13%)         142M (14%)         155M (15%)            -                  -          
[2024-03-20T08:55:46.432-0700][0.605s][info][gc,heap     ] GC(4)   Garbage:         -               580M (57%)         184M (18%)           4M (0%)             -                  -          
[2024-03-20T08:55:46.432-0700][0.605s][info][gc,heap     ] GC(4) Reclaimed:         -                  -               396M (39%)         575M (56%)            -                  -          
[2024-03-20T08:55:46.432-0700][0.605s][info][gc          ] GC(4) Garbage Collection (Allocation Rate) 596M(58%)->176M(17%)
[2024-03-20T08:55:46.498-0700][0.672s][info][gc,start    ] GC(5) Garbage Collection (Allocation Rate)
[2024-03-20T08:55:46.498-0700][0.672s][info][gc,task     ] GC(5) Using 1 workers
[2024-03-20T08:55:46.498-0700][0.672s][info][gc,phases   ] GC(5) Pause Mark Start 0.004ms
[2024-03-20T08:55:46.527-0700][0.701s][info][gc,phases   ] GC(5) Concurrent Mark 29.234ms
[2024-03-20T08:55:46.532-0700][0.706s][info][gc,phases   ] GC(5) Pause Mark End 0.010ms
[2024-03-20T08:55:46.532-0700][0.706s][info][gc,phases   ] GC(5) Concurrent Mark Free 0.000ms
[2024-03-20T08:55:46.533-0700][0.706s][info][gc,phases   ] GC(5) Concurrent Process Non-Strong References 0.403ms
[2024-03-20T08:55:46.533-0700][0.706s][info][gc,phases   ] GC(5) Concurrent Reset Relocation Set 0.006ms
[2024-03-20T08:55:46.535-0700][0.708s][info][gc,phases   ] GC(5) Concurrent Select Relocation Set 1.881ms
[2024-03-20T08:55:46.535-0700][0.708s][info][gc,phases   ] GC(5) Pause Relocate Start 0.006ms
[2024-03-20T08:55:46.537-0700][0.710s][info][gc,phases   ] GC(5) Concurrent Relocate 2.164ms
[2024-03-20T08:55:46.537-0700][0.710s][info][gc,load     ] GC(5) Load: 9.03/8.73/8.15
[2024-03-20T08:55:46.537-0700][0.710s][info][gc,mmu      ] GC(5) MMU: 2ms/99.5%, 5ms/99.7%, 10ms/99.8%, 20ms/99.9%, 50ms/100.0%, 100ms/100.0%
[2024-03-20T08:55:46.537-0700][0.711s][info][gc,marking  ] GC(5) Mark: 1 stripe(s), 2 proactive flush(es), 1 terminate flush(es), 0 completion(s), 0 continuation(s) 
[2024-03-20T08:55:46.537-0700][0.711s][info][gc,marking  ] GC(5) Mark Stack Usage: 32M
[2024-03-20T08:55:46.537-0700][0.711s][info][gc,nmethod  ] GC(5) NMethods: 178 registered, 18 unregistered
[2024-03-20T08:55:46.537-0700][0.711s][info][gc,metaspace] GC(5) Metaspace: 0M used, 0M committed, 1088M reserved
[2024-03-20T08:55:46.537-0700][0.711s][info][gc,ref      ] GC(5) Soft: 60 encountered, 0 discovered, 0 enqueued
[2024-03-20T08:55:46.537-0700][0.711s][info][gc,ref      ] GC(5) Weak: 145 encountered, 38 discovered, 0 enqueued
[2024-03-20T08:55:46.537-0700][0.711s][info][gc,ref      ] GC(5) Final: 0 encountered, 0 discovered, 0 enqueued
[2024-03-20T08:55:46.537-0700][0.711s][info][gc,ref      ] GC(5) Phantom: 1 encountered, 0 discovered, 0 enqueued
[2024-03-20T08:55:46.537-0700][0.711s][info][gc,reloc    ] GC(5) Small Pages: 318 / 636M, Empty: 470M, Relocated: 2M, In-Place: 0
[2024-03-20T08:55:46.537-0700][0.711s][info][gc,reloc    ] GC(5) Medium Pages: 0 / 0M, Empty: 0M, Relocated: 0M, In-Place: 0
[2024-03-20T08:55:46.537-0700][0.711s][info][gc,reloc    ] GC(5) Large Pages: 0 / 0M, Empty: 0M, Relocated: 0M, In-Place: 0
[2024-03-20T08:55:46.537-0700][0.711s][info][gc,reloc    ] GC(5) Forwarding Usage: 1M
[2024-03-20T08:55:46.537-0700][0.711s][info][gc,heap     ] GC(5) Min Capacity: 8M(1%)
[2024-03-20T08:55:46.537-0700][0.711s][info][gc,heap     ] GC(5) Max Capacity: 1024M(100%)
[2024-03-20T08:55:46.537-0700][0.711s][info][gc,heap     ] GC(5) Soft Max Capacity: 1024M(100%)
[2024-03-20T08:55:46.537-0700][0.711s][info][gc,heap     ] GC(5)                Mark Start          Mark End        Relocate Start      Relocate End           High               Low         
[2024-03-20T08:55:46.537-0700][0.711s][info][gc,heap     ] GC(5)  Capacity:      730M (71%)         770M (75%)         770M (75%)         770M (75%)         770M (75%)         730M (71%)    
[2024-03-20T08:55:46.537-0700][0.711s][info][gc,heap     ] GC(5)      Free:      388M (38%)         254M (25%)         716M (70%)         852M (83%)         854M (83%)         254M (25%)    
[2024-03-20T08:55:46.537-0700][0.711s][info][gc,heap     ] GC(5)      Used:      636M (62%)         770M (75%)         308M (30%)         172M (17%)         770M (75%)         170M (17%)    
[2024-03-20T08:55:46.537-0700][0.711s][info][gc,heap     ] GC(5)      Live:         -                15M (2%)           15M (2%)           15M (2%)             -                  -          
[2024-03-20T08:55:46.537-0700][0.711s][info][gc,heap     ] GC(5) Allocated:         -               134M (13%)         142M (14%)         151M (15%)            -                  -          
[2024-03-20T08:55:46.537-0700][0.711s][info][gc,heap     ] GC(5)   Garbage:         -               620M (61%)         150M (15%)           4M (0%)             -                  -          
[2024-03-20T08:55:46.537-0700][0.711s][info][gc,heap     ] GC(5) Reclaimed:         -                  -               470M (46%)         615M (60%)            -                  -          
[2024-03-20T08:55:46.537-0700][0.711s][info][gc          ] GC(5) Garbage Collection (Allocation Rate) 636M(62%)->172M(17%)
[2024-03-20T08:55:46.598-0700][0.772s][info][gc,start    ] GC(6) Garbage Collection (Allocation Rate)
[2024-03-20T08:55:46.598-0700][0.772s][info][gc,task     ] GC(6) Using 1 workers
[2024-03-20T08:55:46.598-0700][0.772s][info][gc,phases   ] GC(6) Pause Mark Start 0.005ms
[2024-03-20T08:55:46.629-0700][0.802s][info][gc,phases   ] GC(6) Concurrent Mark 30.263ms
[2024-03-20T08:55:46.629-0700][0.802s][info][gc,phases   ] GC(6) Pause Mark End 0.010ms
[2024-03-20T08:55:46.629-0700][0.802s][info][gc,phases   ] GC(6) Concurrent Mark Free 0.000ms
[2024-03-20T08:55:46.629-0700][0.803s][info][gc,phases   ] GC(6) Concurrent Process Non-Strong References 0.430ms
[2024-03-20T08:55:46.629-0700][0.803s][info][gc,phases   ] GC(6) Concurrent Reset Relocation Set 0.004ms
[2024-03-20T08:55:46.632-0700][0.805s][info][gc,phases   ] GC(6) Concurrent Select Relocation Set 2.460ms
[2024-03-20T08:55:46.632-0700][0.805s][info][gc,phases   ] GC(6) Pause Relocate Start 0.006ms
[2024-03-20T08:55:46.634-0700][0.808s][info][gc,phases   ] GC(6) Concurrent Relocate 2.163ms
[2024-03-20T08:55:46.634-0700][0.808s][info][gc,load     ] GC(6) Load: 9.03/8.73/8.15
[2024-03-20T08:55:46.634-0700][0.808s][info][gc,mmu      ] GC(6) MMU: 2ms/99.5%, 5ms/99.7%, 10ms/99.8%, 20ms/99.9%, 50ms/100.0%, 100ms/100.0%
[2024-03-20T08:55:46.634-0700][0.808s][info][gc,marking  ] GC(6) Mark: 1 stripe(s), 2 proactive flush(es), 1 terminate flush(es), 0 completion(s), 0 continuation(s) 
[2024-03-20T08:55:46.634-0700][0.808s][info][gc,marking  ] GC(6) Mark Stack Usage: 32M
[2024-03-20T08:55:46.634-0700][0.808s][info][gc,nmethod  ] GC(6) NMethods: 178 registered, 18 unregistered
[2024-03-20T08:55:46.634-0700][0.808s][info][gc,metaspace] GC(6) Metaspace: 0M used, 0M committed, 1088M reserved
[2024-03-20T08:55:46.634-0700][0.808s][info][gc,ref      ] GC(6) Soft: 60 encountered, 0 discovered, 0 enqueued
[2024-03-20T08:55:46.634-0700][0.808s][info][gc,ref      ] GC(6) Weak: 145 encountered, 38 discovered, 0 enqueued
[2024-03-20T08:55:46.634-0700][0.808s][info][gc,ref      ] GC(6) Final: 0 encountered, 0 discovered, 0 enqueued
[2024-03-20T08:55:46.634-0700][0.808s][info][gc,ref      ] GC(6) Phantom: 1 encountered, 0 discovered, 0 enqueued
[2024-03-20T08:55:46.635-0700][0.808s][info][gc,reloc    ] GC(6) Small Pages: 344 / 688M, Empty: 502M, Relocated: 2M, In-Place: 0
[2024-03-20T08:55:46.635-0700][0.808s][info][gc,reloc    ] GC(6) Medium Pages: 0 / 0M, Empty: 0M, Relocated: 0M, In-Place: 0
[2024-03-20T08:55:46.635-0700][0.808s][info][gc,reloc    ] GC(6) Large Pages: 0 / 0M, Empty: 0M, Relocated: 0M, In-Place: 0
[2024-03-20T08:55:46.635-0700][0.808s][info][gc,reloc    ] GC(6) Forwarding Usage: 1M
[2024-03-20T08:55:46.635-0700][0.808s][info][gc,heap     ] GC(6) Min Capacity: 8M(1%)
[2024-03-20T08:55:46.635-0700][0.808s][info][gc,heap     ] GC(6) Max Capacity: 1024M(100%)
[2024-03-20T08:55:46.635-0700][0.808s][info][gc,heap     ] GC(6) Soft Max Capacity: 1024M(100%)
[2024-03-20T08:55:46.635-0700][0.808s][info][gc,heap     ] GC(6)                Mark Start          Mark End        Relocate Start      Relocate End           High               Low         
[2024-03-20T08:55:46.635-0700][0.808s][info][gc,heap     ] GC(6)  Capacity:      770M (75%)         846M (83%)         848M (83%)         848M (83%)         848M (83%)         770M (75%)    
[2024-03-20T08:55:46.635-0700][0.808s][info][gc,heap     ] GC(6)      Free:      336M (33%)         178M (17%)         674M (66%)         830M (81%)         830M (81%)         176M (17%)    
[2024-03-20T08:55:46.635-0700][0.808s][info][gc,heap     ] GC(6)      Used:      688M (67%)         846M (83%)         350M (34%)         194M (19%)         848M (83%)         194M (19%)    
[2024-03-20T08:55:46.635-0700][0.808s][info][gc,heap     ] GC(6)      Live:         -                15M (2%)           15M (2%)           15M (2%)             -                  -          
[2024-03-20T08:55:46.635-0700][0.808s][info][gc,heap     ] GC(6) Allocated:         -               158M (15%)         164M (16%)         173M (17%)            -                  -          
[2024-03-20T08:55:46.635-0700][0.808s][info][gc,heap     ] GC(6)   Garbage:         -               672M (66%)         170M (17%)           4M (0%)             -                  -          
[2024-03-20T08:55:46.635-0700][0.808s][info][gc,heap     ] GC(6) Reclaimed:         -                  -               502M (49%)         667M (65%)            -                  -          
[2024-03-20T08:55:46.635-0700][0.808s][info][gc          ] GC(6) Garbage Collection (Allocation Rate) 688M(67%)->194M(19%)
[2024-03-20T08:55:46.698-0700][0.872s][info][gc,start    ] GC(7) Garbage Collection (Allocation Rate)
[2024-03-20T08:55:46.698-0700][0.872s][info][gc,task     ] GC(7) Using 1 workers
[2024-03-20T08:55:46.698-0700][0.872s][info][gc,phases   ] GC(7) Pause Mark Start 0.004ms
[2024-03-20T08:55:46.730-0700][0.904s][info][gc,phases   ] GC(7) Concurrent Mark 31.989ms
[2024-03-20T08:55:46.730-0700][0.904s][info][gc,phases   ] GC(7) Pause Mark End 0.009ms
[2024-03-20T08:55:46.730-0700][0.904s][info][gc,phases   ] GC(7) Concurrent Mark Free 0.000ms
[2024-03-20T08:55:46.731-0700][0.904s][info][gc,phases   ] GC(7) Concurrent Process Non-Strong References 0.459ms
[2024-03-20T08:55:46.731-0700][0.904s][info][gc,phases   ] GC(7) Concurrent Reset Relocation Set 0.004ms
[2024-03-20T08:55:46.733-0700][0.906s][info][gc,phases   ] GC(7) Concurrent Select Relocation Set 1.851ms
[2024-03-20T08:55:46.733-0700][0.906s][info][gc,phases   ] GC(7) Pause Relocate Start 0.004ms
[2024-03-20T08:55:46.735-0700][0.908s][info][gc,phases   ] GC(7) Concurrent Relocate 2.082ms
[2024-03-20T08:55:46.735-0700][0.908s][info][gc,load     ] GC(7) Load: 9.03/8.73/8.15
[2024-03-20T08:55:46.735-0700][0.909s][info][gc,mmu      ] GC(7) MMU: 2ms/99.5%, 5ms/99.7%, 10ms/99.8%, 20ms/99.9%, 50ms/100.0%, 100ms/100.0%
[2024-03-20T08:55:46.735-0700][0.909s][info][gc,marking  ] GC(7) Mark: 1 stripe(s), 2 proactive flush(es), 1 terminate flush(es), 0 completion(s), 0 continuation(s) 
[2024-03-20T08:55:46.735-0700][0.909s][info][gc,marking  ] GC(7) Mark Stack Usage: 32M
[2024-03-20T08:55:46.735-0700][0.909s][info][gc,nmethod  ] GC(7) NMethods: 178 registered, 19 unregistered
[2024-03-20T08:55:46.735-0700][0.909s][info][gc,metaspace] GC(7) Metaspace: 0M used, 0M committed, 1088M reserved
[2024-03-20T08:55:46.735-0700][0.909s][info][gc,ref      ] GC(7) Soft: 60 encountered, 0 discovered, 0 enqueued
[2024-03-20T08:55:46.735-0700][0.909s][info][gc,ref      ] GC(7) Weak: 145 encountered, 38 discovered, 0 enqueued
[2024-03-20T08:55:46.735-0700][0.909s][info][gc,ref      ] GC(7) Final: 0 encountered, 0 discovered, 0 enqueued
[2024-03-20T08:55:46.735-0700][0.909s][info][gc,ref      ] GC(7) Phantom: 1 encountered, 0 discovered, 0 enqueued
[2024-03-20T08:55:46.735-0700][0.909s][info][gc,reloc    ] GC(7) Small Pages: 353 / 706M, Empty: 542M, Relocated: 2M, In-Place: 0
[2024-03-20T08:55:46.735-0700][0.909s][info][gc,reloc    ] GC(7) Medium Pages: 0 / 0M, Empty: 0M, Relocated: 0M, In-Place: 0
[2024-03-20T08:55:46.735-0700][0.909s][info][gc,reloc    ] GC(7) Large Pages: 0 / 0M, Empty: 0M, Relocated: 0M, In-Place: 0
[2024-03-20T08:55:46.735-0700][0.909s][info][gc,reloc    ] GC(7) Forwarding Usage: 1M
[2024-03-20T08:55:46.735-0700][0.909s][info][gc,heap     ] GC(7) Min Capacity: 8M(1%)
[2024-03-20T08:55:46.735-0700][0.909s][info][gc,heap     ] GC(7) Max Capacity: 1024M(100%)
[2024-03-20T08:55:46.735-0700][0.909s][info][gc,heap     ] GC(7) Soft Max Capacity: 1024M(100%)
[2024-03-20T08:55:46.735-0700][0.909s][info][gc,heap     ] GC(7)                Mark Start          Mark End        Relocate Start      Relocate End           High               Low         
[2024-03-20T08:55:46.735-0700][0.909s][info][gc,heap     ] GC(7)  Capacity:      848M (83%)         896M (88%)         898M (88%)         898M (88%)         898M (88%)         848M (83%)    
[2024-03-20T08:55:46.735-0700][0.909s][info][gc,heap     ] GC(7)      Free:      318M (31%)         128M (12%)         664M (65%)         796M (78%)         798M (78%)         126M (12%)    
[2024-03-20T08:55:46.735-0700][0.909s][info][gc,heap     ] GC(7)      Used:      706M (69%)         896M (88%)         360M (35%)         228M (22%)         898M (88%)         226M (22%)    
[2024-03-20T08:55:46.735-0700][0.909s][info][gc,heap     ] GC(7)      Live:         -                15M (2%)           15M (2%)           15M (2%)             -                  -          
[2024-03-20T08:55:46.735-0700][0.909s][info][gc,heap     ] GC(7) Allocated:         -               190M (19%)         196M (19%)         207M (20%)            -                  -          
[2024-03-20T08:55:46.735-0700][0.909s][info][gc,heap     ] GC(7)   Garbage:         -               690M (67%)         148M (14%)           4M (0%)             -                  -          
[2024-03-20T08:55:46.735-0700][0.909s][info][gc,heap     ] GC(7) Reclaimed:         -                  -               542M (53%)         685M (67%)            -                  -          
[2024-03-20T08:55:46.735-0700][0.909s][info][gc          ] GC(7) Garbage Collection (Allocation Rate) 706M(69%)->228M(22%)
[2024-03-20T08:55:46.798-0700][0.972s][info][gc,start    ] GC(8) Garbage Collection (Allocation Rate)
[2024-03-20T08:55:46.798-0700][0.972s][info][gc,task     ] GC(8) Using 1 workers
[2024-03-20T08:55:46.798-0700][0.972s][info][gc,phases   ] GC(8) Pause Mark Start 0.005ms
[2024-03-20T08:55:46.830-0700][1.004s][info][gc,phases   ] GC(8) Concurrent Mark 31.880ms
[2024-03-20T08:55:46.830-0700][1.004s][info][gc,phases   ] GC(8) Pause Mark End 0.008ms
[2024-03-20T08:55:46.830-0700][1.004s][info][gc,phases   ] GC(8) Concurrent Mark Free 0.000ms
[2024-03-20T08:55:46.831-0700][1.004s][info][gc,phases   ] GC(8) Concurrent Process Non-Strong References 0.360ms
[2024-03-20T08:55:46.831-0700][1.004s][info][gc,phases   ] GC(8) Concurrent Reset Relocation Set 0.008ms
[2024-03-20T08:55:46.833-0700][1.006s][info][gc,phases   ] GC(8) Concurrent Select Relocation Set 1.814ms
[2024-03-20T08:55:46.833-0700][1.006s][info][gc,phases   ] GC(8) Pause Relocate Start 0.006ms
[2024-03-20T08:55:46.835-0700][1.008s][info][gc,phases   ] GC(8) Concurrent Relocate 2.024ms
[2024-03-20T08:55:46.835-0700][1.008s][info][gc,load     ] GC(8) Load: 9.03/8.73/8.15
[2024-03-20T08:55:46.835-0700][1.008s][info][gc,mmu      ] GC(8) MMU: 2ms/99.5%, 5ms/99.7%, 10ms/99.8%, 20ms/99.9%, 50ms/100.0%, 100ms/100.0%
[2024-03-20T08:55:46.835-0700][1.008s][info][gc,marking  ] GC(8) Mark: 1 stripe(s), 2 proactive flush(es), 1 terminate flush(es), 0 completion(s), 0 continuation(s) 
[2024-03-20T08:55:46.835-0700][1.008s][info][gc,marking  ] GC(8) Mark Stack Usage: 32M
[2024-03-20T08:55:46.835-0700][1.008s][info][gc,nmethod  ] GC(8) NMethods: 178 registered, 19 unregistered
[2024-03-20T08:55:46.835-0700][1.008s][info][gc,metaspace] GC(8) Metaspace: 0M used, 0M committed, 1088M reserved
[2024-03-20T08:55:46.835-0700][1.008s][info][gc,ref      ] GC(8) Soft: 60 encountered, 0 discovered, 0 enqueued
[2024-03-20T08:55:46.835-0700][1.008s][info][gc,ref      ] GC(8) Weak: 145 encountered, 38 discovered, 0 enqueued
[2024-03-20T08:55:46.835-0700][1.008s][info][gc,ref      ] GC(8) Final: 0 encountered, 0 discovered, 0 enqueued
[2024-03-20T08:55:46.835-0700][1.008s][info][gc,ref      ] GC(8) Phantom: 1 encountered, 0 discovered, 0 enqueued
[2024-03-20T08:55:46.835-0700][1.008s][info][gc,reloc    ] GC(8) Small Pages: 352 / 704M, Empty: 526M, Relocated: 2M, In-Place: 0
[2024-03-20T08:55:46.835-0700][1.008s][info][gc,reloc    ] GC(8) Medium Pages: 0 / 0M, Empty: 0M, Relocated: 0M, In-Place: 0
[2024-03-20T08:55:46.835-0700][1.008s][info][gc,reloc    ] GC(8) Large Pages: 0 / 0M, Empty: 0M, Relocated: 0M, In-Place: 0
[2024-03-20T08:55:46.835-0700][1.008s][info][gc,reloc    ] GC(8) Forwarding Usage: 1M
[2024-03-20T08:55:46.835-0700][1.008s][info][gc,heap     ] GC(8) Min Capacity: 8M(1%)
[2024-03-20T08:55:46.835-0700][1.008s][info][gc,heap     ] GC(8) Max Capacity: 1024M(100%)
[2024-03-20T08:55:46.835-0700][1.008s][info][gc,heap     ] GC(8) Soft Max Capacity: 1024M(100%)
[2024-03-20T08:55:46.835-0700][1.008s][info][gc,heap     ] GC(8)                Mark Start          Mark End        Relocate Start      Relocate End           High               Low         
[2024-03-20T08:55:46.835-0700][1.008s][info][gc,heap     ] GC(8)  Capacity:      898M (88%)         912M (89%)         914M (89%)         914M (89%)         914M (89%)         898M (88%)    
[2024-03-20T08:55:46.835-0700][1.008s][info][gc,heap     ] GC(8)      Free:      320M (31%)         112M (11%)         628M (61%)         772M (75%)         776M (76%)         110M (11%)    
[2024-03-20T08:55:46.835-0700][1.008s][info][gc,heap     ] GC(8)      Used:      704M (69%)         912M (89%)         396M (39%)         252M (25%)         914M (89%)         248M (24%)    
[2024-03-20T08:55:46.835-0700][1.008s][info][gc,heap     ] GC(8)      Live:         -                15M (2%)           15M (2%)           15M (2%)             -                  -          
[2024-03-20T08:55:46.835-0700][1.008s][info][gc,heap     ] GC(8) Allocated:         -               208M (20%)         218M (21%)         231M (23%)            -                  -          
[2024-03-20T08:55:46.835-0700][1.008s][info][gc,heap     ] GC(8)   Garbage:         -               688M (67%)         162M (16%)           4M (0%)             -                  -          
[2024-03-20T08:55:46.835-0700][1.008s][info][gc,heap     ] GC(8) Reclaimed:         -                  -               526M (51%)         683M (67%)            -                  -          
[2024-03-20T08:55:46.835-0700][1.008s][info][gc          ] GC(8) Garbage Collection (Allocation Rate) 704M(69%)->252M(25%)
[2024-03-20T08:55:46.898-0700][1.072s][info][gc,start    ] GC(9) Garbage Collection (Allocation Rate)
[2024-03-20T08:55:46.898-0700][1.072s][info][gc,task     ] GC(9) Using 1 workers
[2024-03-20T08:55:46.898-0700][1.072s][info][gc,phases   ] GC(9) Pause Mark Start 0.005ms
[2024-03-20T08:55:46.931-0700][1.105s][info][gc,phases   ] GC(9) Concurrent Mark 32.905ms
[2024-03-20T08:55:46.931-0700][1.105s][info][gc,phases   ] GC(9) Pause Mark End 0.010ms
[2024-03-20T08:55:46.931-0700][1.105s][info][gc,phases   ] GC(9) Concurrent Mark Free 0.000ms
[2024-03-20T08:55:46.932-0700][1.105s][info][gc,phases   ] GC(9) Concurrent Process Non-Strong References 0.456ms
[2024-03-20T08:55:46.932-0700][1.105s][info][gc,phases   ] GC(9) Concurrent Reset Relocation Set 0.005ms
[2024-03-20T08:55:46.934-0700][1.107s][info][gc,phases   ] GC(9) Concurrent Select Relocation Set 1.887ms
[2024-03-20T08:55:46.934-0700][1.107s][info][gc,phases   ] GC(9) Pause Relocate Start 0.084ms
[2024-03-20T08:55:46.937-0700][1.111s][info][gc,phases   ] GC(9) Concurrent Relocate 3.076ms
[2024-03-20T08:55:46.937-0700][1.111s][info][gc,load     ] GC(9) Load: 9.03/8.73/8.15
[2024-03-20T08:55:46.937-0700][1.111s][info][gc,mmu      ] GC(9) MMU: 2ms/95.8%, 5ms/98.1%, 10ms/99.1%, 20ms/99.5%, 50ms/99.8%, 100ms/99.9%
[2024-03-20T08:55:46.937-0700][1.111s][info][gc,marking  ] GC(9) Mark: 1 stripe(s), 2 proactive flush(es), 1 terminate flush(es), 0 completion(s), 0 continuation(s) 
[2024-03-20T08:55:46.937-0700][1.111s][info][gc,marking  ] GC(9) Mark Stack Usage: 32M
[2024-03-20T08:55:46.937-0700][1.111s][info][gc,nmethod  ] GC(9) NMethods: 178 registered, 19 unregistered
[2024-03-20T08:55:46.937-0700][1.111s][info][gc,metaspace] GC(9) Metaspace: 0M used, 0M committed, 1088M reserved
[2024-03-20T08:55:46.937-0700][1.111s][info][gc,ref      ] GC(9) Soft: 60 encountered, 0 discovered, 0 enqueued
[2024-03-20T08:55:46.937-0700][1.111s][info][gc,ref      ] GC(9) Weak: 145 encountered, 38 discovered, 0 enqueued
[2024-03-20T08:55:46.937-0700][1.111s][info][gc,ref      ] GC(9) Final: 0 encountered, 0 discovered, 0 enqueued
[2024-03-20T08:55:46.937-0700][1.111s][info][gc,ref      ] GC(9) Phantom: 1 encountered, 0 discovered, 0 enqueued
[2024-03-20T08:55:46.937-0700][1.111s][info][gc,reloc    ] GC(9) Small Pages: 389 / 778M, Empty: 620M, Relocated: 2M, In-Place: 0
[2024-03-20T08:55:46.937-0700][1.111s][info][gc,reloc    ] GC(9) Medium Pages: 0 / 0M, Empty: 0M, Relocated: 0M, In-Place: 0
[2024-03-20T08:55:46.937-0700][1.111s][info][gc,reloc    ] GC(9) Large Pages: 0 / 0M, Empty: 0M, Relocated: 0M, In-Place: 0
[2024-03-20T08:55:46.937-0700][1.111s][info][gc,reloc    ] GC(9) Forwarding Usage: 1M
[2024-03-20T08:55:46.937-0700][1.111s][info][gc,heap     ] GC(9) Min Capacity: 8M(1%)
[2024-03-20T08:55:46.937-0700][1.111s][info][gc,heap     ] GC(9) Max Capacity: 1024M(100%)
[2024-03-20T08:55:46.937-0700][1.111s][info][gc,heap     ] GC(9) Soft Max Capacity: 1024M(100%)
[2024-03-20T08:55:46.937-0700][1.111s][info][gc,heap     ] GC(9)                Mark Start          Mark End        Relocate Start      Relocate End           High               Low         
[2024-03-20T08:55:46.937-0700][1.111s][info][gc,heap     ] GC(9)  Capacity:      914M (89%)         970M (95%)         972M (95%)         972M (95%)         972M (95%)         914M (89%)    
[2024-03-20T08:55:46.937-0700][1.111s][info][gc,heap     ] GC(9)      Free:      246M (24%)          54M (5%)          664M (65%)         790M (77%)         792M (77%)          52M (5%)     
[2024-03-20T08:55:46.937-0700][1.111s][info][gc,heap     ] GC(9)      Used:      778M (76%)         970M (95%)         360M (35%)         234M (23%)         972M (95%)         232M (23%)    
[2024-03-20T08:55:46.937-0700][1.111s][info][gc,heap     ] GC(9)      Live:         -                15M (2%)           15M (2%)           15M (2%)             -                  -          
[2024-03-20T08:55:46.937-0700][1.111s][info][gc,heap     ] GC(9) Allocated:         -               192M (19%)         202M (20%)         213M (21%)            -                  -          
[2024-03-20T08:55:46.937-0700][1.111s][info][gc,heap     ] GC(9)   Garbage:         -               762M (74%)         142M (14%)           4M (0%)             -                  -          
[2024-03-20T08:55:46.937-0700][1.111s][info][gc,heap     ] GC(9) Reclaimed:         -                  -               620M (61%)         757M (74%)            -                  -          
[2024-03-20T08:55:46.937-0700][1.111s][info][gc          ] GC(9) Garbage Collection (Allocation Rate) 778M(76%)->234M(23%)
[2024-03-20T08:55:46.998-0700][1.172s][info][gc,start    ] GC(10) Garbage Collection (Allocation Rate)
[2024-03-20T08:55:46.998-0700][1.172s][info][gc,task     ] GC(10) Using 1 workers
[2024-03-20T08:55:46.998-0700][1.172s][info][gc,phases   ] GC(10) Pause Mark Start 0.004ms
[2024-03-20T08:55:47.033-0700][1.206s][info][gc,phases   ] GC(10) Concurrent Mark 34.612ms
[2024-03-20T08:55:47.033-0700][1.206s][info][gc,phases   ] GC(10) Pause Mark End 0.010ms
[2024-03-20T08:55:47.033-0700][1.207s][info][gc,phases   ] GC(10) Concurrent Mark Free 0.000ms
[2024-03-20T08:55:47.033-0700][1.207s][info][gc,phases   ] GC(10) Concurrent Process Non-Strong References 0.391ms
[2024-03-20T08:55:47.033-0700][1.207s][info][gc,phases   ] GC(10) Concurrent Reset Relocation Set 0.004ms
[2024-03-20T08:55:47.035-0700][1.209s][info][gc,phases   ] GC(10) Concurrent Select Relocation Set 1.851ms
[2024-03-20T08:55:47.035-0700][1.209s][info][gc,phases   ] GC(10) Pause Relocate Start 0.006ms
[2024-03-20T08:55:47.038-0700][1.211s][info][gc,phases   ] GC(10) Concurrent Relocate 2.030ms
[2024-03-20T08:55:47.038-0700][1.211s][info][gc,load     ] GC(10) Load: 9.27/8.79/8.18
[2024-03-20T08:55:47.038-0700][1.211s][info][gc,mmu      ] GC(10) MMU: 2ms/95.8%, 5ms/98.1%, 10ms/99.1%, 20ms/99.5%, 50ms/99.8%, 100ms/99.9%
[2024-03-20T08:55:47.038-0700][1.211s][info][gc,marking  ] GC(10) Mark: 1 stripe(s), 2 proactive flush(es), 1 terminate flush(es), 0 completion(s), 0 continuation(s) 
[2024-03-20T08:55:47.038-0700][1.211s][info][gc,marking  ] GC(10) Mark Stack Usage: 32M
[2024-03-20T08:55:47.038-0700][1.211s][info][gc,nmethod  ] GC(10) NMethods: 178 registered, 20 unregistered
[2024-03-20T08:55:47.038-0700][1.211s][info][gc,metaspace] GC(10) Metaspace: 0M used, 0M committed, 1088M reserved
[2024-03-20T08:55:47.038-0700][1.211s][info][gc,ref      ] GC(10) Soft: 60 encountered, 0 discovered, 0 enqueued
[2024-03-20T08:55:47.038-0700][1.211s][info][gc,ref      ] GC(10) Weak: 145 encountered, 38 discovered, 0 enqueued
[2024-03-20T08:55:47.038-0700][1.211s][info][gc,ref      ] GC(10) Final: 0 encountered, 0 discovered, 0 enqueued
[2024-03-20T08:55:47.038-0700][1.211s][info][gc,ref      ] GC(10) Phantom: 1 encountered, 0 discovered, 0 enqueued
[2024-03-20T08:55:47.038-0700][1.211s][info][gc,reloc    ] GC(10) Small Pages: 368 / 736M, Empty: 572M, Relocated: 2M, In-Place: 0
[2024-03-20T08:55:47.038-0700][1.211s][info][gc,reloc    ] GC(10) Medium Pages: 0 / 0M, Empty: 0M, Relocated: 0M, In-Place: 0
[2024-03-20T08:55:47.038-0700][1.211s][info][gc,reloc    ] GC(10) Large Pages: 0 / 0M, Empty: 0M, Relocated: 0M, In-Place: 0
[2024-03-20T08:55:47.038-0700][1.211s][info][gc,reloc    ] GC(10) Forwarding Usage: 1M
[2024-03-20T08:55:47.038-0700][1.211s][info][gc,heap     ] GC(10) Min Capacity: 8M(1%)
[2024-03-20T08:55:47.038-0700][1.211s][info][gc,heap     ] GC(10) Max Capacity: 1024M(100%)
[2024-03-20T08:55:47.038-0700][1.211s][info][gc,heap     ] GC(10) Soft Max Capacity: 1024M(100%)
[2024-03-20T08:55:47.038-0700][1.211s][info][gc,heap     ] GC(10)                Mark Start          Mark End        Relocate Start      Relocate End           High               Low         
[2024-03-20T08:55:47.038-0700][1.211s][info][gc,heap     ] GC(10)  Capacity:      972M (95%)         988M (96%)         990M (97%)         990M (97%)         990M (97%)         972M (95%)    
[2024-03-20T08:55:47.038-0700][1.211s][info][gc,heap     ] GC(10)      Free:      288M (28%)          36M (4%)          598M (58%)         726M (71%)         730M (71%)          34M (3%)     
[2024-03-20T08:55:47.038-0700][1.211s][info][gc,heap     ] GC(10)      Used:      736M (72%)         988M (96%)         426M (42%)         298M (29%)         990M (97%)         294M (29%)    
[2024-03-20T08:55:47.038-0700][1.211s][info][gc,heap     ] GC(10)      Live:         -                15M (2%)           15M (2%)           15M (2%)             -                  -          
[2024-03-20T08:55:47.038-0700][1.211s][info][gc,heap     ] GC(10) Allocated:         -               252M (25%)         262M (26%)         277M (27%)            -                  -          
[2024-03-20T08:55:47.038-0700][1.211s][info][gc,heap     ] GC(10)   Garbage:         -               720M (70%)         148M (14%)           4M (0%)             -                  -          
[2024-03-20T08:55:47.038-0700][1.211s][info][gc,heap     ] GC(10) Reclaimed:         -                  -               572M (56%)         715M (70%)            -                  -          
[2024-03-20T08:55:47.038-0700][1.211s][info][gc          ] GC(10) Garbage Collection (Allocation Rate) 736M(72%)->298M(29%)
[2024-03-20T08:55:47.098-0700][1.272s][info][gc,start    ] GC(11) Garbage Collection (Allocation Rate)
[2024-03-20T08:55:47.098-0700][1.272s][info][gc,task     ] GC(11) Using 1 workers
[2024-03-20T08:55:47.098-0700][1.272s][info][gc,phases   ] GC(11) Pause Mark Start 0.005ms
[2024-03-20T08:55:47.136-0700][1.309s][info][gc,phases   ] GC(11) Concurrent Mark 37.459ms
[2024-03-20T08:55:47.136-0700][1.309s][info][gc,phases   ] GC(11) Pause Mark End 0.009ms
[2024-03-20T08:55:47.136-0700][1.309s][info][gc,phases   ] GC(11) Concurrent Mark Free 0.000ms
[2024-03-20T08:55:47.136-0700][1.310s][info][gc,phases   ] GC(11) Concurrent Process Non-Strong References 0.418ms
[2024-03-20T08:55:47.136-0700][1.310s][info][gc,phases   ] GC(11) Concurrent Reset Relocation Set 0.004ms
[2024-03-20T08:55:47.138-0700][1.312s][info][gc,phases   ] GC(11) Concurrent Select Relocation Set 1.843ms
[2024-03-20T08:55:47.138-0700][1.312s][info][gc,phases   ] GC(11) Pause Relocate Start 0.007ms
[2024-03-20T08:55:47.141-0700][1.314s][info][gc,phases   ] GC(11) Concurrent Relocate 2.062ms
[2024-03-20T08:55:47.141-0700][1.314s][info][gc,load     ] GC(11) Load: 9.27/8.79/8.18
[2024-03-20T08:55:47.141-0700][1.314s][info][gc,mmu      ] GC(11) MMU: 2ms/95.8%, 5ms/98.1%, 10ms/99.1%, 20ms/99.5%, 50ms/99.8%, 100ms/99.9%
[2024-03-20T08:55:47.141-0700][1.314s][info][gc,marking  ] GC(11) Mark: 1 stripe(s), 2 proactive flush(es), 1 terminate flush(es), 0 completion(s), 0 continuation(s) 
[2024-03-20T08:55:47.141-0700][1.314s][info][gc,marking  ] GC(11) Mark Stack Usage: 32M
[2024-03-20T08:55:47.141-0700][1.314s][info][gc,nmethod  ] GC(11) NMethods: 178 registered, 20 unregistered
[2024-03-20T08:55:47.141-0700][1.314s][info][gc,metaspace] GC(11) Metaspace: 0M used, 0M committed, 1088M reserved
[2024-03-20T08:55:47.141-0700][1.314s][info][gc,ref      ] GC(11) Soft: 60 encountered, 0 discovered, 0 enqueued
[2024-03-20T08:55:47.141-0700][1.314s][info][gc,ref      ] GC(11) Weak: 145 encountered, 38 discovered, 0 enqueued
[2024-03-20T08:55:47.141-0700][1.314s][info][gc,ref      ] GC(11) Final: 0 encountered, 0 discovered, 0 enqueued
[2024-03-20T08:55:47.141-0700][1.314s][info][gc,ref      ] GC(11) Phantom: 1 encountered, 0 discovered, 0 enqueued
[2024-03-20T08:55:47.141-0700][1.314s][info][gc,reloc    ] GC(11) Small Pages: 389 / 778M, Empty: 580M, Relocated: 2M, In-Place: 0
[2024-03-20T08:55:47.141-0700][1.314s][info][gc,reloc    ] GC(11) Medium Pages: 0 / 0M, Empty: 0M, Relocated: 0M, In-Place: 0
[2024-03-20T08:55:47.141-0700][1.314s][info][gc,reloc    ] GC(11) Large Pages: 0 / 0M, Empty: 0M, Relocated: 0M, In-Place: 0
[2024-03-20T08:55:47.141-0700][1.314s][info][gc,reloc    ] GC(11) Forwarding Usage: 1M
[2024-03-20T08:55:47.141-0700][1.314s][info][gc,heap     ] GC(11) Min Capacity: 8M(1%)
[2024-03-20T08:55:47.141-0700][1.314s][info][gc,heap     ] GC(11) Max Capacity: 1024M(100%)
[2024-03-20T08:55:47.141-0700][1.314s][info][gc,heap     ] GC(11) Soft Max Capacity: 1024M(100%)
[2024-03-20T08:55:47.141-0700][1.314s][info][gc,heap     ] GC(11)                Mark Start          Mark End        Relocate Start      Relocate End           High               Low         
[2024-03-20T08:55:47.141-0700][1.314s][info][gc,heap     ] GC(11)  Capacity:      990M (97%)        1012M (99%)        1014M (99%)        1014M (99%)        1014M (99%)         990M (97%)    
[2024-03-20T08:55:47.141-0700][1.314s][info][gc,heap     ] GC(11)      Free:      246M (24%)          12M (1%)          580M (57%)         746M (73%)         748M (73%)          10M (1%)     
[2024-03-20T08:55:47.141-0700][1.314s][info][gc,heap     ] GC(11)      Used:      778M (76%)        1012M (99%)         444M (43%)         278M (27%)        1014M (99%)         276M (27%)    
[2024-03-20T08:55:47.141-0700][1.314s][info][gc,heap     ] GC(11)      Live:         -                15M (2%)           15M (2%)           15M (2%)             -                  -          
[2024-03-20T08:55:47.141-0700][1.314s][info][gc,heap     ] GC(11) Allocated:         -               234M (23%)         246M (24%)         257M (25%)            -                  -          
[2024-03-20T08:55:47.141-0700][1.314s][info][gc,heap     ] GC(11)   Garbage:         -               762M (74%)         182M (18%)           4M (0%)             -                  -          
[2024-03-20T08:55:47.141-0700][1.314s][info][gc,heap     ] GC(11) Reclaimed:         -                  -               580M (57%)         757M (74%)            -                  -          
[2024-03-20T08:55:47.141-0700][1.314s][info][gc          ] GC(11) Garbage Collection (Allocation Rate) 778M(76%)->278M(27%)
[2024-03-20T08:55:47.198-0700][1.372s][info][gc,start    ] GC(12) Garbage Collection (Allocation Rate)
[2024-03-20T08:55:47.198-0700][1.372s][info][gc,task     ] GC(12) Using 1 workers
[2024-03-20T08:55:47.198-0700][1.372s][info][gc,phases   ] GC(12) Pause Mark Start 0.004ms
[2024-03-20T08:55:47.234-0700][1.407s][info][gc,phases   ] GC(12) Concurrent Mark 35.162ms
[2024-03-20T08:55:47.234-0700][1.407s][info][gc,phases   ] GC(12) Pause Mark End 0.010ms
[2024-03-20T08:55:47.234-0700][1.407s][info][gc,phases   ] GC(12) Concurrent Mark Free 0.000ms
[2024-03-20T08:55:47.234-0700][1.408s][info][gc,phases   ] GC(12) Concurrent Process Non-Strong References 0.353ms
[2024-03-20T08:55:47.234-0700][1.408s][info][gc,phases   ] GC(12) Concurrent Reset Relocation Set 0.004ms
[2024-03-20T08:55:47.234-0700][1.408s][info][gc          ] Allocation Stall (main) 4.473ms
[2024-03-20T08:55:47.236-0700][1.409s][info][gc,phases   ] GC(12) Concurrent Select Relocation Set 1.843ms
[2024-03-20T08:55:47.236-0700][1.409s][info][gc,phases   ] GC(12) Pause Relocate Start 0.006ms
[2024-03-20T08:55:47.238-0700][1.412s][info][gc,phases   ] GC(12) Concurrent Relocate 2.021ms
[2024-03-20T08:55:47.238-0700][1.412s][info][gc,load     ] GC(12) Load: 9.27/8.79/8.18
[2024-03-20T08:55:47.238-0700][1.412s][info][gc,mmu      ] GC(12) MMU: 2ms/95.8%, 5ms/98.1%, 10ms/99.1%, 20ms/99.5%, 50ms/99.8%, 100ms/99.9%
[2024-03-20T08:55:47.238-0700][1.412s][info][gc,marking  ] GC(12) Mark: 1 stripe(s), 2 proactive flush(es), 1 terminate flush(es), 0 completion(s), 0 continuation(s) 
[2024-03-20T08:55:47.238-0700][1.412s][info][gc,marking  ] GC(12) Mark Stack Usage: 32M
[2024-03-20T08:55:47.238-0700][1.412s][info][gc,nmethod  ] GC(12) NMethods: 178 registered, 20 unregistered
[2024-03-20T08:55:47.238-0700][1.412s][info][gc,metaspace] GC(12) Metaspace: 0M used, 0M committed, 1088M reserved
[2024-03-20T08:55:47.238-0700][1.412s][info][gc,ref      ] GC(12) Soft: 60 encountered, 0 discovered, 0 enqueued
[2024-03-20T08:55:47.238-0700][1.412s][info][gc,ref      ] GC(12) Weak: 145 encountered, 38 discovered, 0 enqueued
[2024-03-20T08:55:47.238-0700][1.412s][info][gc,ref      ] GC(12) Final: 0 encountered, 0 discovered, 0 enqueued
[2024-03-20T08:55:47.238-0700][1.412s][info][gc,ref      ] GC(12) Phantom: 1 encountered, 0 discovered, 0 enqueued
[2024-03-20T08:55:47.238-0700][1.412s][info][gc,reloc    ] GC(12) Small Pages: 386 / 772M, Empty: 598M, Relocated: 2M, In-Place: 0
[2024-03-20T08:55:47.238-0700][1.412s][info][gc,reloc    ] GC(12) Medium Pages: 0 / 0M, Empty: 0M, Relocated: 0M, In-Place: 0
[2024-03-20T08:55:47.238-0700][1.412s][info][gc,reloc    ] GC(12) Large Pages: 0 / 0M, Empty: 0M, Relocated: 0M, In-Place: 0
[2024-03-20T08:55:47.238-0700][1.412s][info][gc,reloc    ] GC(12) Forwarding Usage: 1M
[2024-03-20T08:55:47.238-0700][1.412s][info][gc,heap     ] GC(12) Min Capacity: 8M(1%)
[2024-03-20T08:55:47.238-0700][1.412s][info][gc,heap     ] GC(12) Max Capacity: 1024M(100%)
[2024-03-20T08:55:47.238-0700][1.412s][info][gc,heap     ] GC(12) Soft Max Capacity: 1024M(100%)
[2024-03-20T08:55:47.238-0700][1.412s][info][gc,heap     ] GC(12)                Mark Start          Mark End        Relocate Start      Relocate End           High               Low         
[2024-03-20T08:55:47.238-0700][1.412s][info][gc,heap     ] GC(12)  Capacity:     1014M (99%)        1024M (100%)       1024M (100%)       1024M (100%)       1024M (100%)       1014M (99%)    
[2024-03-20T08:55:47.238-0700][1.412s][info][gc,heap     ] GC(12)      Free:      252M (25%)           0M (0%)          590M (58%)         730M (71%)         730M (71%)           0M (0%)     
[2024-03-20T08:55:47.238-0700][1.412s][info][gc,heap     ] GC(12)      Used:      772M (75%)        1024M (100%)        434M (42%)         294M (29%)        1024M (100%)        294M (29%)    
[2024-03-20T08:55:47.238-0700][1.412s][info][gc,heap     ] GC(12)      Live:         -                15M (2%)           15M (2%)           15M (2%)             -                  -          
[2024-03-20T08:55:47.238-0700][1.412s][info][gc,heap     ] GC(12) Allocated:         -               252M (25%)         260M (25%)         273M (27%)            -                  -          
[2024-03-20T08:55:47.238-0700][1.412s][info][gc,heap     ] GC(12)   Garbage:         -               756M (74%)         158M (15%)           4M (0%)             -                  -          
[2024-03-20T08:55:47.238-0700][1.412s][info][gc,heap     ] GC(12) Reclaimed:         -                  -               598M (58%)         751M (73%)            -                  -          
[2024-03-20T08:55:47.238-0700][1.412s][info][gc          ] GC(12) Garbage Collection (Allocation Rate) 772M(75%)->294M(29%)
[2024-03-20T08:55:47.298-0700][1.472s][info][gc,start    ] GC(13) Garbage Collection (Allocation Stall)
[2024-03-20T08:55:47.298-0700][1.472s][info][gc,ref      ] GC(13) Clearing All SoftReferences
[2024-03-20T08:55:47.298-0700][1.472s][info][gc,task     ] GC(13) Using 1 workers
[2024-03-20T08:55:47.298-0700][1.472s][info][gc,ref      ] GC(13) Clearing All SoftReferences
[2024-03-20T08:55:47.298-0700][1.472s][info][gc,phases   ] GC(13) Pause Mark Start 0.011ms
[2024-03-20T08:55:47.334-0700][1.508s][info][gc,phases   ] GC(13) Concurrent Mark 35.571ms
[2024-03-20T08:55:47.334-0700][1.508s][info][gc,phases   ] GC(13) Pause Mark End 0.008ms
[2024-03-20T08:55:47.334-0700][1.508s][info][gc,phases   ] GC(13) Concurrent Mark Free 0.000ms
[2024-03-20T08:55:47.335-0700][1.508s][info][gc,phases   ] GC(13) Concurrent Process Non-Strong References 0.820ms
[2024-03-20T08:55:47.335-0700][1.508s][info][gc,phases   ] GC(13) Concurrent Reset Relocation Set 0.005ms
[2024-03-20T08:55:47.335-0700][1.509s][info][gc          ] Allocation Stall (main) 6.956ms
[2024-03-20T08:55:47.337-0700][1.510s][info][gc,phases   ] GC(13) Concurrent Select Relocation Set 1.813ms
[2024-03-20T08:55:47.337-0700][1.510s][info][gc,phases   ] GC(13) Pause Relocate Start 0.008ms
[2024-03-20T08:55:47.339-0700][1.512s][info][gc,phases   ] GC(13) Concurrent Relocate 1.944ms
[2024-03-20T08:55:47.339-0700][1.512s][info][gc,load     ] GC(13) Load: 9.27/8.79/8.18
[2024-03-20T08:55:47.339-0700][1.512s][info][gc,mmu      ] GC(13) MMU: 2ms/95.8%, 5ms/98.1%, 10ms/99.1%, 20ms/99.5%, 50ms/99.8%, 100ms/99.9%
[2024-03-20T08:55:47.339-0700][1.512s][info][gc,marking  ] GC(13) Mark: 1 stripe(s), 2 proactive flush(es), 1 terminate flush(es), 0 completion(s), 0 continuation(s) 
[2024-03-20T08:55:47.339-0700][1.512s][info][gc,marking  ] GC(13) Mark Stack Usage: 32M
[2024-03-20T08:55:47.339-0700][1.512s][info][gc,nmethod  ] GC(13) NMethods: 178 registered, 20 unregistered
[2024-03-20T08:55:47.339-0700][1.512s][info][gc,metaspace] GC(13) Metaspace: 0M used, 0M committed, 1088M reserved
[2024-03-20T08:55:47.339-0700][1.512s][info][gc,ref      ] GC(13) Soft: 54 encountered, 36 discovered, 7 enqueued
[2024-03-20T08:55:47.339-0700][1.512s][info][gc,ref      ] GC(13) Weak: 145 encountered, 113 discovered, 5 enqueued
[2024-03-20T08:55:47.339-0700][1.512s][info][gc,ref      ] GC(13) Final: 0 encountered, 0 discovered, 0 enqueued
[2024-03-20T08:55:47.339-0700][1.512s][info][gc,ref      ] GC(13) Phantom: 1 encountered, 0 discovered, 0 enqueued
[2024-03-20T08:55:47.339-0700][1.512s][info][gc,reloc    ] GC(13) Small Pages: 396 / 792M, Empty: 620M, Relocated: 2M, In-Place: 0
[2024-03-20T08:55:47.339-0700][1.512s][info][gc,reloc    ] GC(13) Medium Pages: 0 / 0M, Empty: 0M, Relocated: 0M, In-Place: 0
[2024-03-20T08:55:47.339-0700][1.512s][info][gc,reloc    ] GC(13) Large Pages: 0 / 0M, Empty: 0M, Relocated: 0M, In-Place: 0
[2024-03-20T08:55:47.339-0700][1.512s][info][gc,reloc    ] GC(13) Forwarding Usage: 1M
[2024-03-20T08:55:47.339-0700][1.513s][info][gc,heap     ] GC(13) Min Capacity: 8M(1%)
[2024-03-20T08:55:47.339-0700][1.513s][info][gc,heap     ] GC(13) Max Capacity: 1024M(100%)
[2024-03-20T08:55:47.339-0700][1.513s][info][gc,heap     ] GC(13) Soft Max Capacity: 1024M(100%)
[2024-03-20T08:55:47.339-0700][1.513s][info][gc,heap     ] GC(13)                Mark Start          Mark End        Relocate Start      Relocate End           High               Low         
[2024-03-20T08:55:47.339-0700][1.513s][info][gc,heap     ] GC(13)  Capacity:     1024M (100%)       1024M (100%)       1024M (100%)       1024M (100%)       1024M (100%)       1024M (100%)   
[2024-03-20T08:55:47.339-0700][1.513s][info][gc,heap     ] GC(13)      Free:      232M (23%)           0M (0%)          612M (60%)         748M (73%)         750M (73%)           0M (0%)     
[2024-03-20T08:55:47.339-0700][1.513s][info][gc,heap     ] GC(13)      Used:      792M (77%)        1024M (100%)        412M (40%)         276M (27%)        1024M (100%)        274M (27%)    
[2024-03-20T08:55:47.339-0700][1.513s][info][gc,heap     ] GC(13)      Live:         -                15M (2%)           15M (2%)           15M (2%)             -                  -          
[2024-03-20T08:55:47.339-0700][1.513s][info][gc,heap     ] GC(13) Allocated:         -               232M (23%)         240M (23%)         255M (25%)            -                  -          
[2024-03-20T08:55:47.339-0700][1.513s][info][gc,heap     ] GC(13)   Garbage:         -               776M (76%)         156M (15%)           4M (0%)             -                  -          
[2024-03-20T08:55:47.339-0700][1.513s][info][gc,heap     ] GC(13) Reclaimed:         -                  -               620M (61%)         771M (75%)            -                  -          
[2024-03-20T08:55:47.339-0700][1.513s][info][gc          ] GC(13) Garbage Collection (Allocation Stall) 792M(77%)->276M(27%)
[2024-03-20T08:55:47.398-0700][1.572s][info][gc,start    ] GC(14) Garbage Collection (Allocation Stall)
[2024-03-20T08:55:47.398-0700][1.572s][info][gc,ref      ] GC(14) Clearing All SoftReferences
[2024-03-20T08:55:47.398-0700][1.572s][info][gc,task     ] GC(14) Using 1 workers
[2024-03-20T08:55:47.398-0700][1.572s][info][gc,ref      ] GC(14) Clearing All SoftReferences
[2024-03-20T08:55:47.398-0700][1.572s][info][gc,phases   ] GC(14) Pause Mark Start 0.011ms
[2024-03-20T08:55:47.435-0700][1.609s][info][gc,phases   ] GC(14) Concurrent Mark 36.737ms
[2024-03-20T08:55:47.435-0700][1.609s][info][gc,phases   ] GC(14) Pause Mark End 0.011ms
[2024-03-20T08:55:47.435-0700][1.609s][info][gc,phases   ] GC(14) Concurrent Mark Free 0.000ms
[2024-03-20T08:55:47.436-0700][1.609s][info][gc,phases   ] GC(14) Concurrent Process Non-Strong References 0.351ms
[2024-03-20T08:55:47.436-0700][1.609s][info][gc,phases   ] GC(14) Concurrent Reset Relocation Set 0.027ms
[2024-03-20T08:55:47.436-0700][1.609s][info][gc          ] Allocation Stall (main) 9.557ms
[2024-03-20T08:55:47.438-0700][1.611s][info][gc,phases   ] GC(14) Concurrent Select Relocation Set 1.892ms
[2024-03-20T08:55:47.438-0700][1.611s][info][gc,phases   ] GC(14) Pause Relocate Start 0.006ms
[2024-03-20T08:55:47.440-0700][1.613s][info][gc,phases   ] GC(14) Concurrent Relocate 1.828ms
[2024-03-20T08:55:47.440-0700][1.613s][info][gc,load     ] GC(14) Load: 9.27/8.79/8.18
[2024-03-20T08:55:47.440-0700][1.613s][info][gc,mmu      ] GC(14) MMU: 2ms/95.8%, 5ms/98.1%, 10ms/99.1%, 20ms/99.5%, 50ms/99.8%, 100ms/99.9%
[2024-03-20T08:55:47.440-0700][1.613s][info][gc,marking  ] GC(14) Mark: 1 stripe(s), 2 proactive flush(es), 1 terminate flush(es), 0 completion(s), 0 continuation(s) 
[2024-03-20T08:55:47.440-0700][1.613s][info][gc,marking  ] GC(14) Mark Stack Usage: 32M
[2024-03-20T08:55:47.440-0700][1.613s][info][gc,nmethod  ] GC(14) NMethods: 178 registered, 20 unregistered
[2024-03-20T08:55:47.440-0700][1.613s][info][gc,metaspace] GC(14) Metaspace: 0M used, 0M committed, 1088M reserved
[2024-03-20T08:55:47.440-0700][1.613s][info][gc,ref      ] GC(14) Soft: 47 encountered, 32 discovered, 0 enqueued
[2024-03-20T08:55:47.440-0700][1.613s][info][gc,ref      ] GC(14) Weak: 140 encountered, 108 discovered, 0 enqueued
[2024-03-20T08:55:47.440-0700][1.613s][info][gc,ref      ] GC(14) Final: 0 encountered, 0 discovered, 0 enqueued
[2024-03-20T08:55:47.440-0700][1.613s][info][gc,ref      ] GC(14) Phantom: 1 encountered, 0 discovered, 0 enqueued
[2024-03-20T08:55:47.440-0700][1.613s][info][gc,reloc    ] GC(14) Small Pages: 395 / 790M, Empty: 618M, Relocated: 2M, In-Place: 0
[2024-03-20T08:55:47.440-0700][1.613s][info][gc,reloc    ] GC(14) Medium Pages: 0 / 0M, Empty: 0M, Relocated: 0M, In-Place: 0
[2024-03-20T08:55:47.440-0700][1.613s][info][gc,reloc    ] GC(14) Large Pages: 0 / 0M, Empty: 0M, Relocated: 0M, In-Place: 0
[2024-03-20T08:55:47.440-0700][1.613s][info][gc,reloc    ] GC(14) Forwarding Usage: 1M
[2024-03-20T08:55:47.440-0700][1.613s][info][gc,heap     ] GC(14) Min Capacity: 8M(1%)
[2024-03-20T08:55:47.440-0700][1.613s][info][gc,heap     ] GC(14) Max Capacity: 1024M(100%)
[2024-03-20T08:55:47.440-0700][1.613s][info][gc,heap     ] GC(14) Soft Max Capacity: 1024M(100%)
[2024-03-20T08:55:47.440-0700][1.613s][info][gc,heap     ] GC(14)                Mark Start          Mark End        Relocate Start      Relocate End           High               Low         
[2024-03-20T08:55:47.440-0700][1.613s][info][gc,heap     ] GC(14)  Capacity:     1024M (100%)       1024M (100%)       1024M (100%)       1024M (100%)       1024M (100%)       1024M (100%)   
[2024-03-20T08:55:47.440-0700][1.613s][info][gc,heap     ] GC(14)      Free:      234M (23%)           0M (0%)          608M (59%)         748M (73%)         748M (73%)           0M (0%)     
[2024-03-20T08:55:47.440-0700][1.613s][info][gc,heap     ] GC(14)      Used:      790M (77%)        1024M (100%)        416M (41%)         276M (27%)        1024M (100%)        276M (27%)    
[2024-03-20T08:55:47.440-0700][1.613s][info][gc,heap     ] GC(14)      Live:         -                15M (2%)           15M (2%)           15M (2%)             -                  -          
[2024-03-20T08:55:47.440-0700][1.613s][info][gc,heap     ] GC(14) Allocated:         -               234M (23%)         244M (24%)         255M (25%)            -                  -          
[2024-03-20T08:55:47.440-0700][1.613s][info][gc,heap     ] GC(14)   Garbage:         -               774M (76%)         156M (15%)           4M (0%)             -                  -          
[2024-03-20T08:55:47.440-0700][1.613s][info][gc,heap     ] GC(14) Reclaimed:         -                  -               618M (60%)         769M (75%)            -                  -          
[2024-03-20T08:55:47.440-0700][1.613s][info][gc          ] GC(14) Garbage Collection (Allocation Stall) 790M(77%)->276M(27%)
[2024-03-20T08:55:47.494-0700][1.667s][info][gc,start    ] GC(15) Garbage Collection (Allocation Stall)
[2024-03-20T08:55:47.494-0700][1.667s][info][gc,ref      ] GC(15) Clearing All SoftReferences
[2024-03-20T08:55:47.494-0700][1.667s][info][gc,task     ] GC(15) Using 1 workers
[2024-03-20T08:55:47.494-0700][1.667s][info][gc,ref      ] GC(15) Clearing All SoftReferences
[2024-03-20T08:55:47.494-0700][1.667s][info][gc,phases   ] GC(15) Pause Mark Start 0.020ms
[2024-03-20T08:55:47.532-0700][1.705s][info][gc,phases   ] GC(15) Concurrent Mark 37.830ms
[2024-03-20T08:55:47.532-0700][1.705s][info][gc,phases   ] GC(15) Pause Mark End 0.009ms
[2024-03-20T08:55:47.532-0700][1.705s][info][gc,phases   ] GC(15) Concurrent Mark Free 0.000ms
[2024-03-20T08:55:47.532-0700][1.706s][info][gc,phases   ] GC(15) Concurrent Process Non-Strong References 0.395ms
[2024-03-20T08:55:47.532-0700][1.706s][info][gc,phases   ] GC(15) Concurrent Reset Relocation Set 0.008ms
[2024-03-20T08:55:47.534-0700][1.708s][info][gc,phases   ] GC(15) Concurrent Select Relocation Set 1.843ms
[2024-03-20T08:55:47.534-0700][1.708s][info][gc,phases   ] GC(15) Pause Relocate Start 0.006ms
[2024-03-20T08:55:47.536-0700][1.710s][info][gc,phases   ] GC(15) Concurrent Relocate 1.768ms
[2024-03-20T08:55:47.536-0700][1.710s][info][gc,load     ] GC(15) Load: 9.27/8.79/8.18
[2024-03-20T08:55:47.536-0700][1.710s][info][gc,mmu      ] GC(15) MMU: 2ms/95.8%, 5ms/98.1%, 10ms/99.1%, 20ms/99.5%, 50ms/99.8%, 100ms/99.9%
[2024-03-20T08:55:47.536-0700][1.710s][info][gc,marking  ] GC(15) Mark: 1 stripe(s), 2 proactive flush(es), 1 terminate flush(es), 0 completion(s), 0 continuation(s) 
[2024-03-20T08:55:47.536-0700][1.710s][info][gc,marking  ] GC(15) Mark Stack Usage: 32M
[2024-03-20T08:55:47.536-0700][1.710s][info][gc,nmethod  ] GC(15) NMethods: 178 registered, 20 unregistered
[2024-03-20T08:55:47.536-0700][1.710s][info][gc,metaspace] GC(15) Metaspace: 0M used, 0M committed, 1088M reserved
[2024-03-20T08:55:47.536-0700][1.710s][info][gc,ref      ] GC(15) Soft: 47 encountered, 32 discovered, 0 enqueued
[2024-03-20T08:55:47.536-0700][1.710s][info][gc,ref      ] GC(15) Weak: 140 encountered, 108 discovered, 0 enqueued
[2024-03-20T08:55:47.536-0700][1.710s][info][gc,ref      ] GC(15) Final: 0 encountered, 0 discovered, 0 enqueued
[2024-03-20T08:55:47.536-0700][1.710s][info][gc,ref      ] GC(15) Phantom: 1 encountered, 0 discovered, 0 enqueued
[2024-03-20T08:55:47.536-0700][1.710s][info][gc,reloc    ] GC(15) Small Pages: 360 / 720M, Empty: 544M, Relocated: 2M, In-Place: 0
[2024-03-20T08:55:47.536-0700][1.710s][info][gc,reloc    ] GC(15) Medium Pages: 0 / 0M, Empty: 0M, Relocated: 0M, In-Place: 0
[2024-03-20T08:55:47.536-0700][1.710s][info][gc,reloc    ] GC(15) Large Pages: 0 / 0M, Empty: 0M, Relocated: 0M, In-Place: 0
[2024-03-20T08:55:47.536-0700][1.710s][info][gc,reloc    ] GC(15) Forwarding Usage: 1M
[2024-03-20T08:55:47.536-0700][1.710s][info][gc,heap     ] GC(15) Min Capacity: 8M(1%)
[2024-03-20T08:55:47.536-0700][1.710s][info][gc,heap     ] GC(15) Max Capacity: 1024M(100%)
[2024-03-20T08:55:47.536-0700][1.710s][info][gc,heap     ] GC(15) Soft Max Capacity: 1024M(100%)
[2024-03-20T08:55:47.536-0700][1.710s][info][gc,heap     ] GC(15)                Mark Start          Mark End        Relocate Start      Relocate End           High               Low         
[2024-03-20T08:55:47.536-0700][1.710s][info][gc,heap     ] GC(15)  Capacity:     1024M (100%)       1024M (100%)       1024M (100%)       1024M (100%)       1024M (100%)       1024M (100%)   
[2024-03-20T08:55:47.536-0700][1.710s][info][gc,heap     ] GC(15)      Free:      304M (30%)          38M (4%)          570M (56%)         712M (70%)         714M (70%)          34M (3%)     
[2024-03-20T08:55:47.536-0700][1.710s][info][gc,heap     ] GC(15)      Used:      720M (70%)         986M (96%)         454M (44%)         312M (30%)         990M (97%)         310M (30%)    
[2024-03-20T08:55:47.536-0700][1.710s][info][gc,heap     ] GC(15)      Live:         -                15M (2%)           15M (2%)           15M (2%)             -                  -          
[2024-03-20T08:55:47.536-0700][1.710s][info][gc,heap     ] GC(15) Allocated:         -               266M (26%)         278M (27%)         291M (29%)            -                  -          
[2024-03-20T08:55:47.536-0700][1.710s][info][gc,heap     ] GC(15)   Garbage:         -               704M (69%)         160M (16%)           4M (0%)             -                  -          
[2024-03-20T08:55:47.536-0700][1.710s][info][gc,heap     ] GC(15) Reclaimed:         -                  -               544M (53%)         699M (68%)            -                  -          
[2024-03-20T08:55:47.536-0700][1.710s][info][gc          ] GC(15) Garbage Collection (Allocation Stall) 720M(70%)->312M(30%)
[2024-03-20T08:55:47.598-0700][1.771s][info][gc,start    ] GC(16) Garbage Collection (Allocation Rate)
[2024-03-20T08:55:47.598-0700][1.771s][info][gc,task     ] GC(16) Using 1 workers
[2024-03-20T08:55:47.598-0700][1.771s][info][gc,phases   ] GC(16) Pause Mark Start 0.004ms
[2024-03-20T08:55:47.633-0700][1.806s][info][gc,phases   ] GC(16) Concurrent Mark 34.707ms
[2024-03-20T08:55:47.633-0700][1.806s][info][gc,phases   ] GC(16) Pause Mark End 0.009ms
[2024-03-20T08:55:47.633-0700][1.806s][info][gc,phases   ] GC(16) Concurrent Mark Free 0.000ms
[2024-03-20T08:55:47.633-0700][1.807s][info][gc,phases   ] GC(16) Concurrent Process Non-Strong References 0.357ms
[2024-03-20T08:55:47.633-0700][1.807s][info][gc,phases   ] GC(16) Concurrent Reset Relocation Set 0.004ms
[2024-03-20T08:55:47.633-0700][1.807s][info][gc          ] Allocation Stall (main) 11.920ms
[2024-03-20T08:55:47.635-0700][1.808s][info][gc,phases   ] GC(16) Concurrent Select Relocation Set 1.854ms
[2024-03-20T08:55:47.635-0700][1.809s][info][gc,phases   ] GC(16) Pause Relocate Start 0.007ms
[2024-03-20T08:55:47.637-0700][1.810s][info][gc,phases   ] GC(16) Concurrent Relocate 1.750ms
[2024-03-20T08:55:47.637-0700][1.810s][info][gc,load     ] GC(16) Load: 9.27/8.79/8.18
[2024-03-20T08:55:47.637-0700][1.810s][info][gc,mmu      ] GC(16) MMU: 2ms/95.8%, 5ms/98.1%, 10ms/99.1%, 20ms/99.5%, 50ms/99.8%, 100ms/99.9%
[2024-03-20T08:55:47.637-0700][1.810s][info][gc,marking  ] GC(16) Mark: 1 stripe(s), 2 proactive flush(es), 1 terminate flush(es), 0 completion(s), 0 continuation(s) 
[2024-03-20T08:55:47.637-0700][1.810s][info][gc,marking  ] GC(16) Mark Stack Usage: 32M
[2024-03-20T08:55:47.637-0700][1.810s][info][gc,nmethod  ] GC(16) NMethods: 178 registered, 20 unregistered
[2024-03-20T08:55:47.637-0700][1.810s][info][gc,metaspace] GC(16) Metaspace: 0M used, 0M committed, 1088M reserved
[2024-03-20T08:55:47.637-0700][1.810s][info][gc,ref      ] GC(16) Soft: 47 encountered, 0 discovered, 0 enqueued
[2024-03-20T08:55:47.637-0700][1.810s][info][gc,ref      ] GC(16) Weak: 140 encountered, 73 discovered, 0 enqueued
[2024-03-20T08:55:47.637-0700][1.810s][info][gc,ref      ] GC(16) Final: 0 encountered, 0 discovered, 0 enqueued
[2024-03-20T08:55:47.637-0700][1.810s][info][gc,ref      ] GC(16) Phantom: 1 encountered, 0 discovered, 0 enqueued
[2024-03-20T08:55:47.637-0700][1.810s][info][gc,reloc    ] GC(16) Small Pages: 427 / 854M, Empty: 662M, Relocated: 2M, In-Place: 0
[2024-03-20T08:55:47.637-0700][1.810s][info][gc,reloc    ] GC(16) Medium Pages: 0 / 0M, Empty: 0M, Relocated: 0M, In-Place: 0
[2024-03-20T08:55:47.637-0700][1.810s][info][gc,reloc    ] GC(16) Large Pages: 0 / 0M, Empty: 0M, Relocated: 0M, In-Place: 0
[2024-03-20T08:55:47.637-0700][1.810s][info][gc,reloc    ] GC(16) Forwarding Usage: 1M
[2024-03-20T08:55:47.637-0700][1.810s][info][gc,heap     ] GC(16) Min Capacity: 8M(1%)
[2024-03-20T08:55:47.637-0700][1.810s][info][gc,heap     ] GC(16) Max Capacity: 1024M(100%)
[2024-03-20T08:55:47.637-0700][1.810s][info][gc,heap     ] GC(16) Soft Max Capacity: 1024M(100%)
[2024-03-20T08:55:47.637-0700][1.810s][info][gc,heap     ] GC(16)                Mark Start          Mark End        Relocate Start      Relocate End           High               Low         
[2024-03-20T08:55:47.637-0700][1.811s][info][gc,heap     ] GC(16)  Capacity:     1024M (100%)       1024M (100%)       1024M (100%)       1024M (100%)       1024M (100%)       1024M (100%)   
[2024-03-20T08:55:47.637-0700][1.811s][info][gc,heap     ] GC(16)      Free:      170M (17%)           0M (0%)          654M (64%)         812M (79%)         814M (79%)           0M (0%)     
[2024-03-20T08:55:47.637-0700][1.811s][info][gc,heap     ] GC(16)      Used:      854M (83%)        1024M (100%)        370M (36%)         212M (21%)        1024M (100%)        210M (21%)    
[2024-03-20T08:55:47.637-0700][1.811s][info][gc,heap     ] GC(16)      Live:         -                15M (2%)           15M (2%)           15M (2%)             -                  -          
[2024-03-20T08:55:47.637-0700][1.811s][info][gc,heap     ] GC(16) Allocated:         -               170M (17%)         178M (17%)         191M (19%)            -                  -          
[2024-03-20T08:55:47.637-0700][1.811s][info][gc,heap     ] GC(16)   Garbage:         -               838M (82%)         176M (17%)           4M (0%)             -                  -          
[2024-03-20T08:55:47.637-0700][1.811s][info][gc,heap     ] GC(16) Reclaimed:         -                  -               662M (65%)         833M (81%)            -                  -          
[2024-03-20T08:55:47.637-0700][1.811s][info][gc          ] GC(16) Garbage Collection (Allocation Rate) 854M(83%)->212M(21%)
[2024-03-20T08:55:47.698-0700][1.871s][info][gc,start    ] GC(17) Garbage Collection (Allocation Stall)
[2024-03-20T08:55:47.698-0700][1.871s][info][gc,ref      ] GC(17) Clearing All SoftReferences
[2024-03-20T08:55:47.698-0700][1.871s][info][gc,task     ] GC(17) Using 1 workers
[2024-03-20T08:55:47.698-0700][1.871s][info][gc,ref      ] GC(17) Clearing All SoftReferences
[2024-03-20T08:55:47.698-0700][1.871s][info][gc,phases   ] GC(17) Pause Mark Start 0.012ms
[2024-03-20T08:55:47.735-0700][1.908s][info][gc,phases   ] GC(17) Concurrent Mark 36.706ms
[2024-03-20T08:55:47.735-0700][1.908s][info][gc,phases   ] GC(17) Pause Mark End 0.010ms
[2024-03-20T08:55:47.735-0700][1.908s][info][gc,phases   ] GC(17) Concurrent Mark Free 0.000ms
[2024-03-20T08:55:47.735-0700][1.909s][info][gc,phases   ] GC(17) Concurrent Process Non-Strong References 0.405ms
[2024-03-20T08:55:47.735-0700][1.909s][info][gc,phases   ] GC(17) Concurrent Reset Relocation Set 0.005ms
[2024-03-20T08:55:47.737-0700][1.911s][info][gc,phases   ] GC(17) Concurrent Select Relocation Set 1.836ms
[2024-03-20T08:55:47.737-0700][1.911s][info][gc,phases   ] GC(17) Pause Relocate Start 0.004ms
[2024-03-20T08:55:47.739-0700][1.913s][info][gc,phases   ] GC(17) Concurrent Relocate 1.849ms
[2024-03-20T08:55:47.739-0700][1.913s][info][gc,load     ] GC(17) Load: 9.27/8.79/8.18
[2024-03-20T08:55:47.739-0700][1.913s][info][gc,mmu      ] GC(17) MMU: 2ms/95.8%, 5ms/98.1%, 10ms/99.1%, 20ms/99.5%, 50ms/99.8%, 100ms/99.9%
[2024-03-20T08:55:47.739-0700][1.913s][info][gc,marking  ] GC(17) Mark: 1 stripe(s), 2 proactive flush(es), 1 terminate flush(es), 0 completion(s), 0 continuation(s) 
[2024-03-20T08:55:47.739-0700][1.913s][info][gc,marking  ] GC(17) Mark Stack Usage: 32M
[2024-03-20T08:55:47.739-0700][1.913s][info][gc,nmethod  ] GC(17) NMethods: 178 registered, 20 unregistered
[2024-03-20T08:55:47.739-0700][1.913s][info][gc,metaspace] GC(17) Metaspace: 0M used, 0M committed, 1088M reserved
[2024-03-20T08:55:47.739-0700][1.913s][info][gc,ref      ] GC(17) Soft: 47 encountered, 29 discovered, 0 enqueued
[2024-03-20T08:55:47.739-0700][1.913s][info][gc,ref      ] GC(17) Weak: 140 encountered, 108 discovered, 0 enqueued
[2024-03-20T08:55:47.739-0700][1.913s][info][gc,ref      ] GC(17) Final: 0 encountered, 0 discovered, 0 enqueued
[2024-03-20T08:55:47.739-0700][1.913s][info][gc,ref      ] GC(17) Phantom: 1 encountered, 0 discovered, 0 enqueued
[2024-03-20T08:55:47.739-0700][1.913s][info][gc,reloc    ] GC(17) Small Pages: 371 / 742M, Empty: 578M, Relocated: 2M, In-Place: 0
[2024-03-20T08:55:47.739-0700][1.913s][info][gc,reloc    ] GC(17) Medium Pages: 0 / 0M, Empty: 0M, Relocated: 0M, In-Place: 0
[2024-03-20T08:55:47.739-0700][1.913s][info][gc,reloc    ] GC(17) Large Pages: 0 / 0M, Empty: 0M, Relocated: 0M, In-Place: 0
[2024-03-20T08:55:47.739-0700][1.913s][info][gc,reloc    ] GC(17) Forwarding Usage: 1M
[2024-03-20T08:55:47.739-0700][1.913s][info][gc,heap     ] GC(17) Min Capacity: 8M(1%)
[2024-03-20T08:55:47.739-0700][1.913s][info][gc,heap     ] GC(17) Max Capacity: 1024M(100%)
[2024-03-20T08:55:47.739-0700][1.913s][info][gc,heap     ] GC(17) Soft Max Capacity: 1024M(100%)
[2024-03-20T08:55:47.739-0700][1.913s][info][gc,heap     ] GC(17)                Mark Start          Mark End        Relocate Start      Relocate End           High               Low         
[2024-03-20T08:55:47.739-0700][1.913s][info][gc,heap     ] GC(17)  Capacity:     1024M (100%)       1024M (100%)       1024M (100%)       1024M (100%)       1024M (100%)       1024M (100%)   
[2024-03-20T08:55:47.739-0700][1.913s][info][gc,heap     ] GC(17)      Free:      282M (28%)           4M (0%)          568M (55%)         700M (68%)         702M (69%)           0M (0%)     
[2024-03-20T08:55:47.739-0700][1.913s][info][gc,heap     ] GC(17)      Used:      742M (72%)        1020M (100%)        456M (45%)         324M (32%)        1024M (100%)        322M (31%)    
[2024-03-20T08:55:47.739-0700][1.913s][info][gc,heap     ] GC(17)      Live:         -                15M (2%)           15M (2%)           15M (2%)             -                  -          
[2024-03-20T08:55:47.739-0700][1.913s][info][gc,heap     ] GC(17) Allocated:         -               278M (27%)         292M (29%)         303M (30%)            -                  -          
[2024-03-20T08:55:47.739-0700][1.913s][info][gc,heap     ] GC(17)   Garbage:         -               726M (71%)         148M (14%)           4M (0%)             -                  -          
[2024-03-20T08:55:47.739-0700][1.913s][info][gc,heap     ] GC(17) Reclaimed:         -                  -               578M (56%)         721M (71%)            -                  -          
[2024-03-20T08:55:47.739-0700][1.913s][info][gc          ] GC(17) Garbage Collection (Allocation Stall) 742M(72%)->324M(32%)
[2024-03-20T08:55:47.798-0700][1.971s][info][gc,start    ] GC(18) Garbage Collection (Allocation Rate)
[2024-03-20T08:55:47.798-0700][1.971s][info][gc,task     ] GC(18) Using 1 workers
[2024-03-20T08:55:47.798-0700][1.971s][info][gc,phases   ] GC(18) Pause Mark Start 0.005ms
[2024-03-20T08:55:47.833-0700][2.006s][info][gc,phases   ] GC(18) Concurrent Mark 34.974ms
[2024-03-20T08:55:47.833-0700][2.007s][info][gc,phases   ] GC(18) Pause Mark End 0.007ms
[2024-03-20T08:55:47.833-0700][2.007s][info][gc,phases   ] GC(18) Concurrent Mark Free 0.000ms
[2024-03-20T08:55:47.833-0700][2.007s][info][gc,phases   ] GC(18) Concurrent Process Non-Strong References 0.369ms
[2024-03-20T08:55:47.834-0700][2.007s][info][gc,phases   ] GC(18) Concurrent Reset Relocation Set 0.004ms
[2024-03-20T08:55:47.834-0700][2.007s][info][gc          ] Allocation Stall (main) 14.430ms
[2024-03-20T08:55:47.835-0700][2.009s][info][gc,phases   ] GC(18) Concurrent Select Relocation Set 1.857ms
[2024-03-20T08:55:47.835-0700][2.009s][info][gc,phases   ] GC(18) Pause Relocate Start 0.006ms
[2024-03-20T08:55:47.837-0700][2.011s][info][gc,phases   ] GC(18) Concurrent Relocate 1.787ms
[2024-03-20T08:55:47.837-0700][2.011s][info][gc,load     ] GC(18) Load: 9.27/8.79/8.18
[2024-03-20T08:55:47.837-0700][2.011s][info][gc,mmu      ] GC(18) MMU: 2ms/95.8%, 5ms/98.1%, 10ms/99.1%, 20ms/99.5%, 50ms/99.8%, 100ms/99.9%
[2024-03-20T08:55:47.837-0700][2.011s][info][gc,marking  ] GC(18) Mark: 1 stripe(s), 2 proactive flush(es), 1 terminate flush(es), 0 completion(s), 0 continuation(s) 
[2024-03-20T08:55:47.837-0700][2.011s][info][gc,marking  ] GC(18) Mark Stack Usage: 32M
[2024-03-20T08:55:47.837-0700][2.011s][info][gc,nmethod  ] GC(18) NMethods: 178 registered, 20 unregistered
[2024-03-20T08:55:47.837-0700][2.011s][info][gc,metaspace] GC(18) Metaspace: 0M used, 0M committed, 1088M reserved
[2024-03-20T08:55:47.837-0700][2.011s][info][gc,ref      ] GC(18) Soft: 47 encountered, 0 discovered, 0 enqueued
[2024-03-20T08:55:47.837-0700][2.011s][info][gc,ref      ] GC(18) Weak: 140 encountered, 73 discovered, 0 enqueued
[2024-03-20T08:55:47.837-0700][2.011s][info][gc,ref      ] GC(18) Final: 0 encountered, 0 discovered, 0 enqueued
[2024-03-20T08:55:47.837-0700][2.011s][info][gc,ref      ] GC(18) Phantom: 1 encountered, 0 discovered, 0 enqueued
[2024-03-20T08:55:47.837-0700][2.011s][info][gc,reloc    ] GC(18) Small Pages: 421 / 842M, Empty: 664M, Relocated: 2M, In-Place: 0
[2024-03-20T08:55:47.837-0700][2.011s][info][gc,reloc    ] GC(18) Medium Pages: 0 / 0M, Empty: 0M, Relocated: 0M, In-Place: 0
[2024-03-20T08:55:47.837-0700][2.011s][info][gc,reloc    ] GC(18) Large Pages: 0 / 0M, Empty: 0M, Relocated: 0M, In-Place: 0
[2024-03-20T08:55:47.837-0700][2.011s][info][gc,reloc    ] GC(18) Forwarding Usage: 1M
[2024-03-20T08:55:47.837-0700][2.011s][info][gc,heap     ] GC(18) Min Capacity: 8M(1%)
[2024-03-20T08:55:47.837-0700][2.011s][info][gc,heap     ] GC(18) Max Capacity: 1024M(100%)
[2024-03-20T08:55:47.837-0700][2.011s][info][gc,heap     ] GC(18) Soft Max Capacity: 1024M(100%)
[2024-03-20T08:55:47.837-0700][2.011s][info][gc,heap     ] GC(18)                Mark Start          Mark End        Relocate Start      Relocate End           High               Low         
[2024-03-20T08:55:47.837-0700][2.011s][info][gc,heap     ] GC(18)  Capacity:     1024M (100%)       1024M (100%)       1024M (100%)       1024M (100%)       1024M (100%)       1024M (100%)   
[2024-03-20T08:55:47.837-0700][2.011s][info][gc,heap     ] GC(18)      Free:      182M (18%)           0M (0%)          654M (64%)         798M (78%)         800M (78%)           0M (0%)     
[2024-03-20T08:55:47.837-0700][2.011s][info][gc,heap     ] GC(18)      Used:      842M (82%)        1024M (100%)        370M (36%)         226M (22%)        1024M (100%)        224M (22%)    
[2024-03-20T08:55:47.837-0700][2.011s][info][gc,heap     ] GC(18)      Live:         -                15M (2%)           15M (2%)           15M (2%)             -                  -          
[2024-03-20T08:55:47.837-0700][2.011s][info][gc,heap     ] GC(18) Allocated:         -               182M (18%)         192M (19%)         205M (20%)            -                  -          
[2024-03-20T08:55:47.837-0700][2.011s][info][gc,heap     ] GC(18)   Garbage:         -               826M (81%)         162M (16%)           4M (0%)             -                  -          
[2024-03-20T08:55:47.837-0700][2.011s][info][gc,heap     ] GC(18) Reclaimed:         -                  -               664M (65%)         821M (80%)            -                  -          
[2024-03-20T08:55:47.837-0700][2.011s][info][gc          ] GC(18) Garbage Collection (Allocation Rate) 842M(82%)->226M(22%)
[2024-03-20T08:55:47.897-0700][2.070s][info][gc,start    ] GC(19) Garbage Collection (Allocation Stall)
[2024-03-20T08:55:47.897-0700][2.071s][info][gc,ref      ] GC(19) Clearing All SoftReferences
[2024-03-20T08:55:47.897-0700][2.071s][info][gc,task     ] GC(19) Using 1 workers
[2024-03-20T08:55:47.897-0700][2.071s][info][gc,ref      ] GC(19) Clearing All SoftReferences
[2024-03-20T08:55:47.897-0700][2.071s][info][gc,phases   ] GC(19) Pause Mark Start 0.010ms
[2024-03-20T08:55:47.898-0700][2.071s][info][gc,stats    ] === Garbage Collection Statistics =======================================================================================================================
[2024-03-20T08:55:47.898-0700][2.071s][info][gc,stats    ]                                                              Last 10s              Last 10m              Last 10h                Total
[2024-03-20T08:55:47.898-0700][2.071s][info][gc,stats    ]                                                              Avg / Max             Avg / Max             Avg / Max             Avg / Max
[2024-03-20T08:55:47.898-0700][2.071s][info][gc,stats    ]   Collector: Garbage Collection Cycle                     39.748 / 63.100       39.748 / 63.100       39.748 / 63.100       39.748 / 63.100      ms
[2024-03-20T08:55:47.898-0700][2.071s][info][gc,stats    ]  Contention: Mark Segment Reset Contention                     0 / 0                 0 / 0                 0 / 0                 0 / 0           ops/s
[2024-03-20T08:55:47.898-0700][2.071s][info][gc,stats    ]  Contention: Mark SeqNum Reset Contention                      0 / 0                 0 / 0                 0 / 0                 0 / 0           ops/s
[2024-03-20T08:55:47.898-0700][2.072s][info][gc,stats    ]    Critical: Allocation Stall                                  2 / 5                 2 / 5                 2 / 5                 2 / 5           ops/s
[2024-03-20T08:55:47.898-0700][2.072s][info][gc,stats    ]    Critical: Allocation Stall                              9.467 / 14.430        9.467 / 14.430        9.467 / 14.430        9.467 / 14.430      ms
[2024-03-20T08:55:47.898-0700][2.072s][info][gc,stats    ]    Critical: GC Locker Stall                                   0 / 0                 0 / 0                 0 / 0                 0 / 0           ops/s
[2024-03-20T08:55:47.898-0700][2.072s][info][gc,stats    ]    Critical: GC Locker Stall                               0.000 / 0.000         0.000 / 0.000         0.000 / 0.000         0.000 / 0.000       ms
[2024-03-20T08:55:47.898-0700][2.072s][info][gc,stats    ]    Critical: Relocation Stall                                  0 / 0                 0 / 0                 0 / 0                 0 / 0           ops/s
[2024-03-20T08:55:47.898-0700][2.072s][info][gc,stats    ]    Critical: Relocation Stall                              0.000 / 0.000         0.000 / 0.000         0.000 / 0.000         0.000 / 0.000       ms
[2024-03-20T08:55:47.898-0700][2.072s][info][gc,stats    ]      Memory: Allocation Rate                                6539 / 7582           6539 / 7582           6539 / 7582           6539 / 7582        MB/s
[2024-03-20T08:55:47.898-0700][2.072s][info][gc,stats    ]      Memory: Defragment                                        0 / 0                 0 / 0                 0 / 0                 0 / 0           ops/s
[2024-03-20T08:55:47.898-0700][2.072s][info][gc,stats    ]      Memory: Out Of Memory                                     0 / 0                 0 / 0                 0 / 0                 0 / 0           ops/s
[2024-03-20T08:55:47.898-0700][2.072s][info][gc,stats    ]      Memory: Page Cache Flush                                  0 / 0                 0 / 0                 0 / 0                 0 / 0           MB/s
[2024-03-20T08:55:47.898-0700][2.072s][info][gc,stats    ]      Memory: Page Cache Hit L1                              3033 / 3756           3033 / 3756           3033 / 3756           3033 / 3756        ops/s
[2024-03-20T08:55:47.898-0700][2.072s][info][gc,stats    ]      Memory: Page Cache Hit L2                                 0 / 0                 0 / 0                 0 / 0                 0 / 0           ops/s
[2024-03-20T08:55:47.898-0700][2.072s][info][gc,stats    ]      Memory: Page Cache Hit L3                               127 / 255             127 / 255             127 / 255             127 / 255         ops/s
[2024-03-20T08:55:47.898-0700][2.072s][info][gc,stats    ]      Memory: Page Cache Miss                                 128 / 202             128 / 202             128 / 202             128 / 202         ops/s
[2024-03-20T08:55:47.898-0700][2.072s][info][gc,stats    ]      Memory: Uncommit                                          0 / 0                 0 / 0                 0 / 0                 0 / 0           MB/s
[2024-03-20T08:55:47.898-0700][2.072s][info][gc,stats    ]      Memory: Undo Object Allocation Failed                     0 / 1                 0 / 1                 0 / 1                 0 / 1           ops/s
[2024-03-20T08:55:47.898-0700][2.072s][info][gc,stats    ]      Memory: Undo Object Allocation Succeeded                  0 / 0                 0 / 0                 0 / 0                 0 / 0           ops/s
[2024-03-20T08:55:47.898-0700][2.072s][info][gc,stats    ]      Memory: Undo Page Allocation                              0 / 0                 0 / 0                 0 / 0                 0 / 0           ops/s
[2024-03-20T08:55:47.898-0700][2.072s][info][gc,stats    ]       Phase: Concurrent Mark                              32.438 / 37.830       32.438 / 37.830       32.438 / 37.830       32.438 / 37.830      ms
[2024-03-20T08:55:47.898-0700][2.072s][info][gc,stats    ]       Phase: Concurrent Mark Continue                      0.000 / 0.000         0.000 / 0.000         0.000 / 0.000         0.000 / 0.000       ms
[2024-03-20T08:55:47.898-0700][2.072s][info][gc,stats    ]       Phase: Concurrent Mark Free                          0.000 / 0.001         0.000 / 0.001         0.000 / 0.001         0.000 / 0.001       ms
[2024-03-20T08:55:47.898-0700][2.072s][info][gc,stats    ]       Phase: Concurrent Process Non-Strong References      0.426 / 0.820         0.426 / 0.820         0.426 / 0.820         0.426 / 0.820       ms
[2024-03-20T08:55:47.898-0700][2.072s][info][gc,stats    ]       Phase: Concurrent Relocate                           2.134 / 3.076         2.134 / 3.076         2.134 / 3.076         2.134 / 3.076       ms
[2024-03-20T08:55:47.898-0700][2.072s][info][gc,stats    ]       Phase: Concurrent Reset Relocation Set               0.007 / 0.034         0.007 / 0.034         0.007 / 0.034         0.007 / 0.034       ms
[2024-03-20T08:55:47.898-0700][2.072s][info][gc,stats    ]       Phase: Concurrent Select Relocation Set              3.733 / 29.280        3.733 / 29.280        3.733 / 29.280        3.733 / 29.280      ms
[2024-03-20T08:55:47.898-0700][2.072s][info][gc,stats    ]       Phase: Pause Mark End                                0.009 / 0.011         0.009 / 0.011         0.009 / 0.011         0.009 / 0.011       ms
[2024-03-20T08:55:47.898-0700][2.072s][info][gc,stats    ]       Phase: Pause Mark Start                              0.007 / 0.020         0.007 / 0.020         0.007 / 0.020         0.007 / 0.020       ms
[2024-03-20T08:55:47.898-0700][2.072s][info][gc,stats    ]       Phase: Pause Relocate Start                          0.010 / 0.084         0.010 / 0.084         0.010 / 0.084         0.010 / 0.084       ms
[2024-03-20T08:55:47.898-0700][2.072s][info][gc,stats    ]    Subphase: Concurrent Classes Purge                      0.005 / 0.012         0.005 / 0.012         0.005 / 0.012         0.005 / 0.012       ms
[2024-03-20T08:55:47.898-0700][2.072s][info][gc,stats    ]    Subphase: Concurrent Classes Unlink                     0.264 / 0.671         0.264 / 0.671         0.264 / 0.671         0.264 / 0.671       ms
[2024-03-20T08:55:47.898-0700][2.072s][info][gc,stats    ]    Subphase: Concurrent Mark                              32.215 / 37.592       32.215 / 37.592       32.215 / 37.592       32.215 / 37.592      ms
[2024-03-20T08:55:47.898-0700][2.072s][info][gc,stats    ]    Subphase: Concurrent Mark Try Flush                     0.033 / 0.116         0.033 / 0.116         0.033 / 0.116         0.033 / 0.116       ms
[2024-03-20T08:55:47.898-0700][2.072s][info][gc,stats    ]    Subphase: Concurrent Mark Try Terminate                 0.011 / 0.048         0.011 / 0.048         0.011 / 0.048         0.011 / 0.048       ms
[2024-03-20T08:55:47.898-0700][2.072s][info][gc,stats    ]    Subphase: Concurrent References Enqueue                 0.001 / 0.006         0.001 / 0.006         0.001 / 0.006         0.001 / 0.006       ms
[2024-03-20T08:55:47.898-0700][2.072s][info][gc,stats    ]    Subphase: Concurrent References Process                 0.016 / 0.023         0.016 / 0.023         0.016 / 0.023         0.016 / 0.023       ms
[2024-03-20T08:55:47.898-0700][2.072s][info][gc,stats    ]    Subphase: Concurrent Roots ClassLoaderDataGraph         0.053 / 0.061         0.053 / 0.061         0.053 / 0.061         0.053 / 0.061       ms
[2024-03-20T08:55:47.898-0700][2.072s][info][gc,stats    ]    Subphase: Concurrent Roots CodeCache                    0.000 / 0.000         0.000 / 0.000         0.000 / 0.000         0.000 / 0.000       ms
[2024-03-20T08:55:47.898-0700][2.072s][info][gc,stats    ]    Subphase: Concurrent Roots JavaThreads                  0.112 / 0.220         0.112 / 0.220         0.112 / 0.220         0.112 / 0.220       ms
[2024-03-20T08:55:47.898-0700][2.072s][info][gc,stats    ]    Subphase: Concurrent Roots OopStorageSet                0.026 / 0.139         0.026 / 0.139         0.026 / 0.139         0.026 / 0.139       ms
[2024-03-20T08:55:47.898-0700][2.072s][info][gc,stats    ]    Subphase: Concurrent Weak Roots OopStorageSet           0.094 / 0.115         0.094 / 0.115         0.094 / 0.115         0.094 / 0.115       ms
[2024-03-20T08:55:47.898-0700][2.072s][info][gc,stats    ]    Subphase: Pause Mark Try Complete                       0.000 / 0.000         0.000 / 0.000         0.000 / 0.000         0.000 / 0.000       ms
[2024-03-20T08:55:47.898-0700][2.072s][info][gc,stats    ]      System: Java Threads                                     10 / 10               10 / 10               10 / 10               10 / 10          threads
[2024-03-20T08:55:47.898-0700][2.072s][info][gc,stats    ] =========================================================================================================================================================
[2024-03-20T08:55:47.936-0700][2.109s][info][gc,phases   ] GC(19) Concurrent Mark 38.412ms
[2024-03-20T08:55:47.936-0700][2.109s][info][gc,phases   ] GC(19) Pause Mark End 0.009ms
[2024-03-20T08:55:47.936-0700][2.109s][info][gc,phases   ] GC(19) Concurrent Mark Free 0.000ms
[2024-03-20T08:55:47.936-0700][2.109s][info][gc,phases   ] GC(19) Concurrent Process Non-Strong References 0.356ms
[2024-03-20T08:55:47.936-0700][2.110s][info][gc,phases   ] GC(19) Concurrent Reset Relocation Set 0.005ms
[2024-03-20T08:55:47.936-0700][2.110s][info][gc          ] Allocation Stall (main) 5.474ms
[2024-03-20T08:55:47.938-0700][2.111s][info][gc,phases   ] GC(19) Concurrent Select Relocation Set 1.830ms
[2024-03-20T08:55:47.938-0700][2.111s][info][gc,phases   ] GC(19) Pause Relocate Start 0.006ms
[2024-03-20T08:55:47.940-0700][2.113s][info][gc,phases   ] GC(19) Concurrent Relocate 1.903ms
[2024-03-20T08:55:47.940-0700][2.113s][info][gc,load     ] GC(19) Load: 9.27/8.79/8.18
[2024-03-20T08:55:47.940-0700][2.113s][info][gc,mmu      ] GC(19) MMU: 2ms/95.8%, 5ms/98.1%, 10ms/99.1%, 20ms/99.5%, 50ms/99.8%, 100ms/99.9%
[2024-03-20T08:55:47.940-0700][2.113s][info][gc,marking  ] GC(19) Mark: 1 stripe(s), 2 proactive flush(es), 1 terminate flush(es), 0 completion(s), 0 continuation(s) 
[2024-03-20T08:55:47.940-0700][2.113s][info][gc,marking  ] GC(19) Mark Stack Usage: 32M
[2024-03-20T08:55:47.940-0700][2.113s][info][gc,nmethod  ] GC(19) NMethods: 178 registered, 20 unregistered
[2024-03-20T08:55:47.940-0700][2.113s][info][gc,metaspace] GC(19) Metaspace: 0M used, 0M committed, 1088M reserved
[2024-03-20T08:55:47.940-0700][2.113s][info][gc,ref      ] GC(19) Soft: 47 encountered, 32 discovered, 0 enqueued
[2024-03-20T08:55:47.940-0700][2.113s][info][gc,ref      ] GC(19) Weak: 140 encountered, 108 discovered, 0 enqueued
[2024-03-20T08:55:47.940-0700][2.113s][info][gc,ref      ] GC(19) Final: 0 encountered, 0 discovered, 0 enqueued
[2024-03-20T08:55:47.940-0700][2.113s][info][gc,ref      ] GC(19) Phantom: 1 encountered, 0 discovered, 0 enqueued
[2024-03-20T08:55:47.940-0700][2.113s][info][gc,reloc    ] GC(19) Small Pages: 373 / 746M, Empty: 560M, Relocated: 2M, In-Place: 0
[2024-03-20T08:55:47.940-0700][2.113s][info][gc,reloc    ] GC(19) Medium Pages: 0 / 0M, Empty: 0M, Relocated: 0M, In-Place: 0
[2024-03-20T08:55:47.940-0700][2.113s][info][gc,reloc    ] GC(19) Large Pages: 0 / 0M, Empty: 0M, Relocated: 0M, In-Place: 0
[2024-03-20T08:55:47.940-0700][2.113s][info][gc,reloc    ] GC(19) Forwarding Usage: 1M
[2024-03-20T08:55:47.940-0700][2.113s][info][gc,heap     ] GC(19) Min Capacity: 8M(1%)
[2024-03-20T08:55:47.940-0700][2.114s][info][gc,heap     ] GC(19) Max Capacity: 1024M(100%)
[2024-03-20T08:55:47.940-0700][2.114s][info][gc,heap     ] GC(19) Soft Max Capacity: 1024M(100%)
[2024-03-20T08:55:47.940-0700][2.114s][info][gc,heap     ] GC(19)                Mark Start          Mark End        Relocate Start      Relocate End           High               Low         
[2024-03-20T08:55:47.940-0700][2.114s][info][gc,heap     ] GC(19)  Capacity:     1024M (100%)       1024M (100%)       1024M (100%)       1024M (100%)       1024M (100%)       1024M (100%)   
[2024-03-20T08:55:47.940-0700][2.114s][info][gc,heap     ] GC(19)      Free:      278M (27%)           0M (0%)          550M (54%)         702M (69%)         704M (69%)           0M (0%)     
[2024-03-20T08:55:47.940-0700][2.114s][info][gc,heap     ] GC(19)      Used:      746M (73%)        1024M (100%)        474M (46%)         322M (31%)        1024M (100%)        320M (31%)    
[2024-03-20T08:55:47.940-0700][2.114s][info][gc,heap     ] GC(19)      Live:         -                15M (2%)           15M (2%)           15M (2%)             -                  -          
[2024-03-20T08:55:47.940-0700][2.114s][info][gc,heap     ] GC(19) Allocated:         -               278M (27%)         288M (28%)         301M (29%)            -                  -          
[2024-03-20T08:55:47.940-0700][2.114s][info][gc,heap     ] GC(19)   Garbage:         -               730M (71%)         170M (17%)           4M (0%)             -                  -          
[2024-03-20T08:55:47.940-0700][2.114s][info][gc,heap     ] GC(19) Reclaimed:         -                  -               560M (55%)         725M (71%)            -                  -          
[2024-03-20T08:55:47.940-0700][2.114s][info][gc          ] GC(19) Garbage Collection (Allocation Stall) 746M(73%)->322M(31%)
[2024-03-20T08:55:47.998-0700][2.172s][info][gc,start    ] GC(20) Garbage Collection (Allocation Stall)
[2024-03-20T08:55:47.998-0700][2.172s][info][gc,ref      ] GC(20) Clearing All SoftReferences
[2024-03-20T08:55:47.998-0700][2.172s][info][gc,task     ] GC(20) Using 1 workers
[2024-03-20T08:55:47.998-0700][2.172s][info][gc,ref      ] GC(20) Clearing All SoftReferences
[2024-03-20T08:55:47.998-0700][2.172s][info][gc,phases   ] GC(20) Pause Mark Start 0.012ms
[2024-03-20T08:55:48.033-0700][2.207s][info][gc,phases   ] GC(20) Concurrent Mark 35.129ms
[2024-03-20T08:55:48.033-0700][2.207s][info][gc,phases   ] GC(20) Pause Mark End 0.009ms
[2024-03-20T08:55:48.033-0700][2.207s][info][gc,phases   ] GC(20) Concurrent Mark Free 0.000ms
[2024-03-20T08:55:48.034-0700][2.207s][info][gc,phases   ] GC(20) Concurrent Process Non-Strong References 0.351ms
[2024-03-20T08:55:48.034-0700][2.207s][info][gc,phases   ] GC(20) Concurrent Reset Relocation Set 0.004ms
[2024-03-20T08:55:48.034-0700][2.207s][info][gc          ] Allocation Stall (main) 13.898ms
[2024-03-20T08:55:48.036-0700][2.209s][info][gc,phases   ] GC(20) Concurrent Select Relocation Set 1.828ms
[2024-03-20T08:55:48.036-0700][2.209s][info][gc,phases   ] GC(20) Pause Relocate Start 0.006ms
[2024-03-20T08:55:48.038-0700][2.211s][info][gc,phases   ] GC(20) Concurrent Relocate 1.764ms
[2024-03-20T08:55:48.038-0700][2.211s][info][gc,load     ] GC(20) Load: 9.27/8.79/8.18
[2024-03-20T08:55:48.038-0700][2.211s][info][gc,mmu      ] GC(20) MMU: 2ms/95.8%, 5ms/98.1%, 10ms/99.1%, 20ms/99.5%, 50ms/99.8%, 100ms/99.9%
[2024-03-20T08:55:48.038-0700][2.211s][info][gc,marking  ] GC(20) Mark: 1 stripe(s), 2 proactive flush(es), 1 terminate flush(es), 0 completion(s), 0 continuation(s) 
[2024-03-20T08:55:48.038-0700][2.211s][info][gc,marking  ] GC(20) Mark Stack Usage: 32M
[2024-03-20T08:55:48.038-0700][2.211s][info][gc,nmethod  ] GC(20) NMethods: 178 registered, 20 unregistered
[2024-03-20T08:55:48.038-0700][2.211s][info][gc,metaspace] GC(20) Metaspace: 0M used, 0M committed, 1088M reserved
[2024-03-20T08:55:48.038-0700][2.211s][info][gc,ref      ] GC(20) Soft: 47 encountered, 32 discovered, 0 enqueued
[2024-03-20T08:55:48.038-0700][2.211s][info][gc,ref      ] GC(20) Weak: 140 encountered, 108 discovered, 0 enqueued
[2024-03-20T08:55:48.038-0700][2.211s][info][gc,ref      ] GC(20) Final: 0 encountered, 0 discovered, 0 enqueued
[2024-03-20T08:55:48.038-0700][2.211s][info][gc,ref      ] GC(20) Phantom: 1 encountered, 0 discovered, 0 enqueued
[2024-03-20T08:55:48.038-0700][2.211s][info][gc,reloc    ] GC(20) Small Pages: 420 / 840M, Empty: 666M, Relocated: 2M, In-Place: 0
[2024-03-20T08:55:48.038-0700][2.211s][info][gc,reloc    ] GC(20) Medium Pages: 0 / 0M, Empty: 0M, Relocated: 0M, In-Place: 0
[2024-03-20T08:55:48.038-0700][2.211s][info][gc,reloc    ] GC(20) Large Pages: 0 / 0M, Empty: 0M, Relocated: 0M, In-Place: 0
[2024-03-20T08:55:48.038-0700][2.211s][info][gc,reloc    ] GC(20) Forwarding Usage: 1M
[2024-03-20T08:55:48.038-0700][2.211s][info][gc,heap     ] GC(20) Min Capacity: 8M(1%)
[2024-03-20T08:55:48.038-0700][2.211s][info][gc,heap     ] GC(20) Max Capacity: 1024M(100%)
[2024-03-20T08:55:48.038-0700][2.211s][info][gc,heap     ] GC(20) Soft Max Capacity: 1024M(100%)
[2024-03-20T08:55:48.038-0700][2.211s][info][gc,heap     ] GC(20)                Mark Start          Mark End        Relocate Start      Relocate End           High               Low         
[2024-03-20T08:55:48.038-0700][2.211s][info][gc,heap     ] GC(20)  Capacity:     1024M (100%)       1024M (100%)       1024M (100%)       1024M (100%)       1024M (100%)       1024M (100%)   
[2024-03-20T08:55:48.038-0700][2.211s][info][gc,heap     ] GC(20)      Free:      184M (18%)           0M (0%)          654M (64%)         794M (78%)         796M (78%)           0M (0%)     
[2024-03-20T08:55:48.038-0700][2.211s][info][gc,heap     ] GC(20)      Used:      840M (82%)        1024M (100%)        370M (36%)         230M (22%)        1024M (100%)        228M (22%)    
[2024-03-20T08:55:48.038-0700][2.211s][info][gc,heap     ] GC(20)      Live:         -                15M (2%)           15M (2%)           15M (2%)             -                  -          
[2024-03-20T08:55:48.038-0700][2.211s][info][gc,heap     ] GC(20) Allocated:         -               184M (18%)         196M (19%)         209M (21%)            -                  -          
[2024-03-20T08:55:48.038-0700][2.211s][info][gc,heap     ] GC(20)   Garbage:         -               824M (80%)         158M (15%)           4M (0%)             -                  -          
[2024-03-20T08:55:48.038-0700][2.211s][info][gc,heap     ] GC(20) Reclaimed:         -                  -               666M (65%)         819M (80%)            -                  -          
[2024-03-20T08:55:48.038-0700][2.211s][info][gc          ] GC(20) Garbage Collection (Allocation Stall) 840M(82%)->230M(22%)
[2024-03-20T08:55:48.098-0700][2.272s][info][gc,start    ] GC(21) Garbage Collection (Allocation Stall)
[2024-03-20T08:55:48.098-0700][2.272s][info][gc,ref      ] GC(21) Clearing All SoftReferences
[2024-03-20T08:55:48.098-0700][2.272s][info][gc,task     ] GC(21) Using 1 workers
[2024-03-20T08:55:48.098-0700][2.272s][info][gc,ref      ] GC(21) Clearing All SoftReferences
[2024-03-20T08:55:48.098-0700][2.272s][info][gc,phases   ] GC(21) Pause Mark Start 0.013ms
[2024-03-20T08:55:48.135-0700][2.308s][info][gc,phases   ] GC(21) Concurrent Mark 36.538ms
[2024-03-20T08:55:48.135-0700][2.308s][info][gc,phases   ] GC(21) Pause Mark End 0.008ms
[2024-03-20T08:55:48.135-0700][2.308s][info][gc,phases   ] GC(21) Concurrent Mark Free 0.000ms
[2024-03-20T08:55:48.135-0700][2.309s][info][gc,phases   ] GC(21) Concurrent Process Non-Strong References 0.360ms
[2024-03-20T08:55:48.135-0700][2.309s][info][gc,phases   ] GC(21) Concurrent Reset Relocation Set 0.008ms
[2024-03-20T08:55:48.135-0700][2.309s][info][gc          ] Allocation Stall (main) 4.558ms
[2024-03-20T08:55:48.137-0700][2.311s][info][gc,phases   ] GC(21) Concurrent Select Relocation Set 1.837ms
[2024-03-20T08:55:48.137-0700][2.311s][info][gc,phases   ] GC(21) Pause Relocate Start 0.006ms
[2024-03-20T08:55:48.139-0700][2.312s][info][gc,phases   ] GC(21) Concurrent Relocate 1.796ms
[2024-03-20T08:55:48.139-0700][2.313s][info][gc,load     ] GC(21) Load: 9.27/8.79/8.18
[2024-03-20T08:55:48.139-0700][2.313s][info][gc,mmu      ] GC(21) MMU: 2ms/95.8%, 5ms/98.1%, 10ms/99.1%, 20ms/99.5%, 50ms/99.8%, 100ms/99.9%
[2024-03-20T08:55:48.139-0700][2.313s][info][gc,marking  ] GC(21) Mark: 1 stripe(s), 2 proactive flush(es), 1 terminate flush(es), 0 completion(s), 0 continuation(s) 
[2024-03-20T08:55:48.139-0700][2.313s][info][gc,marking  ] GC(21) Mark Stack Usage: 32M
[2024-03-20T08:55:48.139-0700][2.313s][info][gc,nmethod  ] GC(21) NMethods: 178 registered, 20 unregistered
[2024-03-20T08:55:48.139-0700][2.313s][info][gc,metaspace] GC(21) Metaspace: 0M used, 0M committed, 1088M reserved
[2024-03-20T08:55:48.139-0700][2.313s][info][gc,ref      ] GC(21) Soft: 47 encountered, 32 discovered, 0 enqueued
[2024-03-20T08:55:48.139-0700][2.313s][info][gc,ref      ] GC(21) Weak: 140 encountered, 108 discovered, 0 enqueued
[2024-03-20T08:55:48.139-0700][2.313s][info][gc,ref      ] GC(21) Final: 0 encountered, 0 discovered, 0 enqueued
[2024-03-20T08:55:48.139-0700][2.313s][info][gc,ref      ] GC(21) Phantom: 1 encountered, 0 discovered, 0 enqueued
[2024-03-20T08:55:48.139-0700][2.313s][info][gc,reloc    ] GC(21) Small Pages: 377 / 754M, Empty: 606M, Relocated: 2M, In-Place: 0
[2024-03-20T08:55:48.139-0700][2.313s][info][gc,reloc    ] GC(21) Medium Pages: 0 / 0M, Empty: 0M, Relocated: 0M, In-Place: 0
[2024-03-20T08:55:48.139-0700][2.313s][info][gc,reloc    ] GC(21) Large Pages: 0 / 0M, Empty: 0M, Relocated: 0M, In-Place: 0
[2024-03-20T08:55:48.139-0700][2.313s][info][gc,reloc    ] GC(21) Forwarding Usage: 1M
[2024-03-20T08:55:48.139-0700][2.313s][info][gc,heap     ] GC(21) Min Capacity: 8M(1%)
[2024-03-20T08:55:48.139-0700][2.313s][info][gc,heap     ] GC(21) Max Capacity: 1024M(100%)
[2024-03-20T08:55:48.139-0700][2.313s][info][gc,heap     ] GC(21) Soft Max Capacity: 1024M(100%)
[2024-03-20T08:55:48.139-0700][2.313s][info][gc,heap     ] GC(21)                Mark Start          Mark End        Relocate Start      Relocate End           High               Low         
[2024-03-20T08:55:48.139-0700][2.313s][info][gc,heap     ] GC(21)  Capacity:     1024M (100%)       1024M (100%)       1024M (100%)       1024M (100%)       1024M (100%)       1024M (100%)   
[2024-03-20T08:55:48.139-0700][2.313s][info][gc,heap     ] GC(21)      Free:      270M (26%)           0M (0%)          598M (58%)         714M (70%)         716M (70%)           0M (0%)     
[2024-03-20T08:55:48.139-0700][2.313s][info][gc,heap     ] GC(21)      Used:      754M (74%)        1024M (100%)        426M (42%)         310M (30%)        1024M (100%)        308M (30%)    
[2024-03-20T08:55:48.139-0700][2.313s][info][gc,heap     ] GC(21)      Live:         -                15M (2%)           15M (2%)           15M (2%)             -                  -          
[2024-03-20T08:55:48.139-0700][2.313s][info][gc,heap     ] GC(21) Allocated:         -               270M (26%)         278M (27%)         289M (28%)            -                  -          
[2024-03-20T08:55:48.139-0700][2.313s][info][gc,heap     ] GC(21)   Garbage:         -               738M (72%)         132M (13%)           4M (0%)             -                  -          
[2024-03-20T08:55:48.139-0700][2.313s][info][gc,heap     ] GC(21) Reclaimed:         -                  -               606M (59%)         733M (72%)            -                  -          
[2024-03-20T08:55:48.139-0700][2.313s][info][gc          ] GC(21) Garbage Collection (Allocation Stall) 754M(74%)->310M(30%)
[2024-03-20T08:55:48.198-0700][2.372s][info][gc,start    ] GC(22) Garbage Collection (Allocation Stall)
[2024-03-20T08:55:48.198-0700][2.372s][info][gc,ref      ] GC(22) Clearing All SoftReferences
[2024-03-20T08:55:48.198-0700][2.372s][info][gc,task     ] GC(22) Using 1 workers
[2024-03-20T08:55:48.198-0700][2.372s][info][gc,ref      ] GC(22) Clearing All SoftReferences
[2024-03-20T08:55:48.198-0700][2.372s][info][gc,phases   ] GC(22) Pause Mark Start 0.014ms
[2024-03-20T08:55:48.236-0700][2.409s][info][gc,phases   ] GC(22) Concurrent Mark 37.673ms
[2024-03-20T08:55:48.236-0700][2.410s][info][gc,phases   ] GC(22) Pause Mark End 0.009ms
[2024-03-20T08:55:48.236-0700][2.410s][info][gc,phases   ] GC(22) Concurrent Mark Free 0.001ms
[2024-03-20T08:55:48.236-0700][2.410s][info][gc,phases   ] GC(22) Concurrent Process Non-Strong References 0.400ms
[2024-03-20T08:55:48.237-0700][2.410s][info][gc,phases   ] GC(22) Concurrent Reset Relocation Set 0.003ms
[2024-03-20T08:55:48.237-0700][2.410s][info][gc          ] Allocation Stall (main) 14.450ms
[2024-03-20T08:55:48.238-0700][2.412s][info][gc,phases   ] GC(22) Concurrent Select Relocation Set 1.845ms
[2024-03-20T08:55:48.238-0700][2.412s][info][gc,phases   ] GC(22) Pause Relocate Start 0.006ms
[2024-03-20T08:55:48.240-0700][2.414s][info][gc,phases   ] GC(22) Concurrent Relocate 1.834ms
[2024-03-20T08:55:48.240-0700][2.414s][info][gc,load     ] GC(22) Load: 9.27/8.79/8.18
[2024-03-20T08:55:48.240-0700][2.414s][info][gc,mmu      ] GC(22) MMU: 2ms/95.8%, 5ms/98.1%, 10ms/99.1%, 20ms/99.5%, 50ms/99.8%, 100ms/99.9%
[2024-03-20T08:55:48.240-0700][2.414s][info][gc,marking  ] GC(22) Mark: 1 stripe(s), 2 proactive flush(es), 1 terminate flush(es), 0 completion(s), 0 continuation(s) 
[2024-03-20T08:55:48.240-0700][2.414s][info][gc,marking  ] GC(22) Mark Stack Usage: 32M
[2024-03-20T08:55:48.240-0700][2.414s][info][gc,nmethod  ] GC(22) NMethods: 178 registered, 20 unregistered
[2024-03-20T08:55:48.240-0700][2.414s][info][gc,metaspace] GC(22) Metaspace: 0M used, 0M committed, 1088M reserved
[2024-03-20T08:55:48.240-0700][2.414s][info][gc,ref      ] GC(22) Soft: 47 encountered, 32 discovered, 0 enqueued
[2024-03-20T08:55:48.240-0700][2.414s][info][gc,ref      ] GC(22) Weak: 140 encountered, 108 discovered, 0 enqueued
[2024-03-20T08:55:48.240-0700][2.414s][info][gc,ref      ] GC(22) Final: 0 encountered, 0 discovered, 0 enqueued
[2024-03-20T08:55:48.240-0700][2.414s][info][gc,ref      ] GC(22) Phantom: 1 encountered, 0 discovered, 0 enqueued
[2024-03-20T08:55:48.240-0700][2.414s][info][gc,reloc    ] GC(22) Small Pages: 411 / 822M, Empty: 670M, Relocated: 2M, In-Place: 0
[2024-03-20T08:55:48.240-0700][2.414s][info][gc,reloc    ] GC(22) Medium Pages: 0 / 0M, Empty: 0M, Relocated: 0M, In-Place: 0
[2024-03-20T08:55:48.240-0700][2.414s][info][gc,reloc    ] GC(22) Large Pages: 0 / 0M, Empty: 0M, Relocated: 0M, In-Place: 0
[2024-03-20T08:55:48.240-0700][2.414s][info][gc,reloc    ] GC(22) Forwarding Usage: 1M
[2024-03-20T08:55:48.240-0700][2.414s][info][gc,heap     ] GC(22) Min Capacity: 8M(1%)
[2024-03-20T08:55:48.240-0700][2.414s][info][gc,heap     ] GC(22) Max Capacity: 1024M(100%)
[2024-03-20T08:55:48.240-0700][2.414s][info][gc,heap     ] GC(22) Soft Max Capacity: 1024M(100%)
[2024-03-20T08:55:48.240-0700][2.414s][info][gc,heap     ] GC(22)                Mark Start          Mark End        Relocate Start      Relocate End           High               Low         
[2024-03-20T08:55:48.240-0700][2.414s][info][gc,heap     ] GC(22)  Capacity:     1024M (100%)       1024M (100%)       1024M (100%)       1024M (100%)       1024M (100%)       1024M (100%)   
[2024-03-20T08:55:48.240-0700][2.414s][info][gc,heap     ] GC(22)      Free:      202M (20%)           0M (0%)          658M (64%)         776M (76%)         778M (76%)           0M (0%)     
[2024-03-20T08:55:48.240-0700][2.414s][info][gc,heap     ] GC(22)      Used:      822M (80%)        1024M (100%)        366M (36%)         248M (24%)        1024M (100%)        246M (24%)    
[2024-03-20T08:55:48.240-0700][2.414s][info][gc,heap     ] GC(22)      Live:         -                15M (2%)           15M (2%)           15M (2%)             -                  -          
[2024-03-20T08:55:48.241-0700][2.414s][info][gc,heap     ] GC(22) Allocated:         -               202M (20%)         214M (21%)         227M (22%)            -                  -          
[2024-03-20T08:55:48.241-0700][2.414s][info][gc,heap     ] GC(22)   Garbage:         -               806M (79%)         136M (13%)           4M (0%)             -                  -          
[2024-03-20T08:55:48.241-0700][2.414s][info][gc,heap     ] GC(22) Reclaimed:         -                  -               670M (65%)         801M (78%)            -                  -          
[2024-03-20T08:55:48.241-0700][2.414s][info][gc          ] GC(22) Garbage Collection (Allocation Stall) 822M(80%)->248M(24%)
[2024-03-20T08:55:48.298-0700][2.472s][info][gc,start    ] GC(23) Garbage Collection (Allocation Stall)
[2024-03-20T08:55:48.298-0700][2.472s][info][gc,ref      ] GC(23) Clearing All SoftReferences
[2024-03-20T08:55:48.298-0700][2.472s][info][gc,task     ] GC(23) Using 1 workers
[2024-03-20T08:55:48.298-0700][2.472s][info][gc,ref      ] GC(23) Clearing All SoftReferences
[2024-03-20T08:55:48.298-0700][2.472s][info][gc,phases   ] GC(23) Pause Mark Start 0.012ms
[2024-03-20T08:55:48.335-0700][2.508s][info][gc,phases   ] GC(23) Concurrent Mark 36.564ms
[2024-03-20T08:55:48.335-0700][2.508s][info][gc,phases   ] GC(23) Pause Mark End 0.011ms
[2024-03-20T08:55:48.335-0700][2.508s][info][gc,phases   ] GC(23) Concurrent Mark Free 0.000ms
[2024-03-20T08:55:48.335-0700][2.509s][info][gc,phases   ] GC(23) Concurrent Process Non-Strong References 0.359ms
[2024-03-20T08:55:48.335-0700][2.509s][info][gc,phases   ] GC(23) Concurrent Reset Relocation Set 0.004ms
[2024-03-20T08:55:48.335-0700][2.509s][info][gc          ] Allocation Stall (main) 4.670ms
[2024-03-20T08:55:48.337-0700][2.511s][info][gc,phases   ] GC(23) Concurrent Select Relocation Set 1.833ms
[2024-03-20T08:55:48.337-0700][2.511s][info][gc,phases   ] GC(23) Pause Relocate Start 0.005ms
[2024-03-20T08:55:48.339-0700][2.513s][info][gc,phases   ] GC(23) Concurrent Relocate 1.775ms
[2024-03-20T08:55:48.339-0700][2.513s][info][gc,load     ] GC(23) Load: 9.27/8.79/8.18
[2024-03-20T08:55:48.339-0700][2.513s][info][gc,mmu      ] GC(23) MMU: 2ms/95.8%, 5ms/98.1%, 10ms/99.1%, 20ms/99.5%, 50ms/99.8%, 100ms/99.9%
[2024-03-20T08:55:48.339-0700][2.513s][info][gc,marking  ] GC(23) Mark: 1 stripe(s), 2 proactive flush(es), 1 terminate flush(es), 0 completion(s), 0 continuation(s) 
[2024-03-20T08:55:48.339-0700][2.513s][info][gc,marking  ] GC(23) Mark Stack Usage: 32M
[2024-03-20T08:55:48.339-0700][2.513s][info][gc,nmethod  ] GC(23) NMethods: 178 registered, 20 unregistered
[2024-03-20T08:55:48.339-0700][2.513s][info][gc,metaspace] GC(23) Metaspace: 0M used, 0M committed, 1088M reserved
[2024-03-20T08:55:48.339-0700][2.513s][info][gc,ref      ] GC(23) Soft: 47 encountered, 32 discovered, 0 enqueued
[2024-03-20T08:55:48.339-0700][2.513s][info][gc,ref      ] GC(23) Weak: 140 encountered, 108 discovered, 0 enqueued
[2024-03-20T08:55:48.339-0700][2.513s][info][gc,ref      ] GC(23) Final: 0 encountered, 0 discovered, 0 enqueued
[2024-03-20T08:55:48.339-0700][2.513s][info][gc,ref      ] GC(23) Phantom: 1 encountered, 0 discovered, 0 enqueued
[2024-03-20T08:55:48.339-0700][2.513s][info][gc,reloc    ] GC(23) Small Pages: 373 / 746M, Empty: 582M, Relocated: 2M, In-Place: 0
[2024-03-20T08:55:48.339-0700][2.513s][info][gc,reloc    ] GC(23) Medium Pages: 0 / 0M, Empty: 0M, Relocated: 0M, In-Place: 0
[2024-03-20T08:55:48.339-0700][2.513s][info][gc,reloc    ] GC(23) Large Pages: 0 / 0M, Empty: 0M, Relocated: 0M, In-Place: 0
[2024-03-20T08:55:48.339-0700][2.513s][info][gc,reloc    ] GC(23) Forwarding Usage: 1M
[2024-03-20T08:55:48.339-0700][2.513s][info][gc,heap     ] GC(23) Min Capacity: 8M(1%)
[2024-03-20T08:55:48.339-0700][2.513s][info][gc,heap     ] GC(23) Max Capacity: 1024M(100%)
[2024-03-20T08:55:48.339-0700][2.513s][info][gc,heap     ] GC(23) Soft Max Capacity: 1024M(100%)
[2024-03-20T08:55:48.339-0700][2.513s][info][gc,heap     ] GC(23)                Mark Start          Mark End        Relocate Start      Relocate End           High               Low         
[2024-03-20T08:55:48.339-0700][2.513s][info][gc,heap     ] GC(23)  Capacity:     1024M (100%)       1024M (100%)       1024M (100%)       1024M (100%)       1024M (100%)       1024M (100%)   
[2024-03-20T08:55:48.339-0700][2.513s][info][gc,heap     ] GC(23)      Free:      278M (27%)           0M (0%)          572M (56%)         702M (69%)         704M (69%)           0M (0%)     
[2024-03-20T08:55:48.339-0700][2.513s][info][gc,heap     ] GC(23)      Used:      746M (73%)        1024M (100%)        452M (44%)         322M (31%)        1024M (100%)        320M (31%)    
[2024-03-20T08:55:48.339-0700][2.513s][info][gc,heap     ] GC(23)      Live:         -                15M (2%)           15M (2%)           15M (2%)             -                  -          
[2024-03-20T08:55:48.339-0700][2.513s][info][gc,heap     ] GC(23) Allocated:         -               278M (27%)         288M (28%)         301M (29%)            -                  -          
[2024-03-20T08:55:48.339-0700][2.513s][info][gc,heap     ] GC(23)   Garbage:         -               730M (71%)         148M (14%)           4M (0%)             -                  -          
[2024-03-20T08:55:48.339-0700][2.513s][info][gc,heap     ] GC(23) Reclaimed:         -                  -               582M (57%)         725M (71%)            -                  -          
[2024-03-20T08:55:48.339-0700][2.513s][info][gc          ] GC(23) Garbage Collection (Allocation Stall) 746M(73%)->322M(31%)
[2024-03-20T08:55:48.398-0700][2.572s][info][gc,start    ] GC(24) Garbage Collection (Allocation Stall)
[2024-03-20T08:55:48.398-0700][2.572s][info][gc,ref      ] GC(24) Clearing All SoftReferences
[2024-03-20T08:55:48.398-0700][2.572s][info][gc,task     ] GC(24) Using 1 workers
[2024-03-20T08:55:48.398-0700][2.572s][info][gc,ref      ] GC(24) Clearing All SoftReferences
[2024-03-20T08:55:48.398-0700][2.572s][info][gc,phases   ] GC(24) Pause Mark Start 0.010ms
[2024-03-20T08:55:48.435-0700][2.609s][info][gc,phases   ] GC(24) Concurrent Mark 36.792ms
[2024-03-20T08:55:48.435-0700][2.609s][info][gc,phases   ] GC(24) Pause Mark End 0.009ms
[2024-03-20T08:55:48.435-0700][2.609s][info][gc,phases   ] GC(24) Concurrent Mark Free 0.000ms
[2024-03-20T08:55:48.436-0700][2.609s][info][gc,phases   ] GC(24) Concurrent Process Non-Strong References 0.346ms
[2024-03-20T08:55:48.436-0700][2.609s][info][gc,phases   ] GC(24) Concurrent Reset Relocation Set 0.005ms
[2024-03-20T08:55:48.436-0700][2.609s][info][gc          ] Allocation Stall (main) 14.023ms
[2024-03-20T08:55:48.438-0700][2.611s][info][gc,phases   ] GC(24) Concurrent Select Relocation Set 2.141ms
[2024-03-20T08:55:48.438-0700][2.611s][info][gc,phases   ] GC(24) Pause Relocate Start 0.006ms
[2024-03-20T08:55:48.440-0700][2.613s][info][gc,phases   ] GC(24) Concurrent Relocate 1.923ms
[2024-03-20T08:55:48.440-0700][2.613s][info][gc,load     ] GC(24) Load: 9.27/8.79/8.18
[2024-03-20T08:55:48.440-0700][2.613s][info][gc,mmu      ] GC(24) MMU: 2ms/95.8%, 5ms/98.1%, 10ms/99.1%, 20ms/99.5%, 50ms/99.8%, 100ms/99.9%
[2024-03-20T08:55:48.440-0700][2.613s][info][gc,marking  ] GC(24) Mark: 1 stripe(s), 2 proactive flush(es), 1 terminate flush(es), 0 completion(s), 0 continuation(s) 
[2024-03-20T08:55:48.440-0700][2.613s][info][gc,marking  ] GC(24) Mark Stack Usage: 32M
[2024-03-20T08:55:48.440-0700][2.613s][info][gc,nmethod  ] GC(24) NMethods: 178 registered, 20 unregistered
[2024-03-20T08:55:48.440-0700][2.613s][info][gc,metaspace] GC(24) Metaspace: 0M used, 0M committed, 1088M reserved
[2024-03-20T08:55:48.440-0700][2.613s][info][gc,ref      ] GC(24) Soft: 47 encountered, 29 discovered, 0 enqueued
[2024-03-20T08:55:48.440-0700][2.613s][info][gc,ref      ] GC(24) Weak: 140 encountered, 108 discovered, 0 enqueued
[2024-03-20T08:55:48.440-0700][2.613s][info][gc,ref      ] GC(24) Final: 0 encountered, 0 discovered, 0 enqueued
[2024-03-20T08:55:48.440-0700][2.613s][info][gc,ref      ] GC(24) Phantom: 1 encountered, 0 discovered, 0 enqueued
[2024-03-20T08:55:48.440-0700][2.613s][info][gc,reloc    ] GC(24) Small Pages: 415 / 830M, Empty: 662M, Relocated: 2M, In-Place: 0
[2024-03-20T08:55:48.440-0700][2.613s][info][gc,reloc    ] GC(24) Medium Pages: 0 / 0M, Empty: 0M, Relocated: 0M, In-Place: 0
[2024-03-20T08:55:48.440-0700][2.613s][info][gc,reloc    ] GC(24) Large Pages: 0 / 0M, Empty: 0M, Relocated: 0M, In-Place: 0
[2024-03-20T08:55:48.440-0700][2.613s][info][gc,reloc    ] GC(24) Forwarding Usage: 1M
[2024-03-20T08:55:48.440-0700][2.613s][info][gc,heap     ] GC(24) Min Capacity: 8M(1%)
[2024-03-20T08:55:48.440-0700][2.613s][info][gc,heap     ] GC(24) Max Capacity: 1024M(100%)
[2024-03-20T08:55:48.440-0700][2.613s][info][gc,heap     ] GC(24) Soft Max Capacity: 1024M(100%)
[2024-03-20T08:55:48.440-0700][2.613s][info][gc,heap     ] GC(24)                Mark Start          Mark End        Relocate Start      Relocate End           High               Low         
[2024-03-20T08:55:48.440-0700][2.613s][info][gc,heap     ] GC(24)  Capacity:     1024M (100%)       1024M (100%)       1024M (100%)       1024M (100%)       1024M (100%)       1024M (100%)   
[2024-03-20T08:55:48.440-0700][2.613s][info][gc,heap     ] GC(24)      Free:      194M (19%)           0M (0%)          650M (63%)         784M (77%)         786M (77%)           0M (0%)     
[2024-03-20T08:55:48.440-0700][2.613s][info][gc,heap     ] GC(24)      Used:      830M (81%)        1024M (100%)        374M (37%)         240M (23%)        1024M (100%)        238M (23%)    
[2024-03-20T08:55:48.440-0700][2.613s][info][gc,heap     ] GC(24)      Live:         -                15M (2%)           15M (2%)           15M (2%)             -                  -          
[2024-03-20T08:55:48.440-0700][2.613s][info][gc,heap     ] GC(24) Allocated:         -               194M (19%)         206M (20%)         219M (21%)            -                  -          
[2024-03-20T08:55:48.440-0700][2.613s][info][gc,heap     ] GC(24)   Garbage:         -               814M (80%)         152M (15%)           4M (0%)             -                  -          
[2024-03-20T08:55:48.440-0700][2.613s][info][gc,heap     ] GC(24) Reclaimed:         -                  -               662M (65%)         809M (79%)            -                  -          
[2024-03-20T08:55:48.440-0700][2.613s][info][gc          ] GC(24) Garbage Collection (Allocation Stall) 830M(81%)->240M(23%)
[2024-03-20T08:55:48.498-0700][2.672s][info][gc,start    ] GC(25) Garbage Collection (Allocation Stall)
[2024-03-20T08:55:48.498-0700][2.672s][info][gc,ref      ] GC(25) Clearing All SoftReferences
[2024-03-20T08:55:48.498-0700][2.672s][info][gc,task     ] GC(25) Using 1 workers
[2024-03-20T08:55:48.498-0700][2.672s][info][gc,ref      ] GC(25) Clearing All SoftReferences
[2024-03-20T08:55:48.498-0700][2.672s][info][gc,phases   ] GC(25) Pause Mark Start 0.011ms
[2024-03-20T08:55:48.536-0700][2.709s][info][gc,phases   ] GC(25) Concurrent Mark 37.137ms
[2024-03-20T08:55:48.536-0700][2.709s][info][gc,phases   ] GC(25) Pause Mark End 0.010ms
[2024-03-20T08:55:48.536-0700][2.709s][info][gc,phases   ] GC(25) Concurrent Mark Free 0.000ms
[2024-03-20T08:55:48.536-0700][2.709s][info][gc,phases   ] GC(25) Concurrent Process Non-Strong References 0.358ms
[2024-03-20T08:55:48.536-0700][2.709s][info][gc,phases   ] GC(25) Concurrent Reset Relocation Set 0.004ms
[2024-03-20T08:55:48.536-0700][2.710s][info][gc          ] Allocation Stall (main) 6.004ms
[2024-03-20T08:55:48.538-0700][2.711s][info][gc,phases   ] GC(25) Concurrent Select Relocation Set 1.867ms
[2024-03-20T08:55:48.538-0700][2.711s][info][gc,phases   ] GC(25) Pause Relocate Start 0.005ms
[2024-03-20T08:55:48.540-0700][2.713s][info][gc,phases   ] GC(25) Concurrent Relocate 1.884ms
[2024-03-20T08:55:48.540-0700][2.713s][info][gc,load     ] GC(25) Load: 9.27/8.79/8.18
[2024-03-20T08:55:48.540-0700][2.713s][info][gc,mmu      ] GC(25) MMU: 2ms/95.8%, 5ms/98.1%, 10ms/99.1%, 20ms/99.5%, 50ms/99.8%, 100ms/99.9%
[2024-03-20T08:55:48.540-0700][2.713s][info][gc,marking  ] GC(25) Mark: 1 stripe(s), 2 proactive flush(es), 1 terminate flush(es), 0 completion(s), 0 continuation(s) 
[2024-03-20T08:55:48.540-0700][2.713s][info][gc,marking  ] GC(25) Mark Stack Usage: 32M
[2024-03-20T08:55:48.540-0700][2.713s][info][gc,nmethod  ] GC(25) NMethods: 178 registered, 20 unregistered
[2024-03-20T08:55:48.540-0700][2.713s][info][gc,metaspace] GC(25) Metaspace: 0M used, 0M committed, 1088M reserved
[2024-03-20T08:55:48.540-0700][2.713s][info][gc,ref      ] GC(25) Soft: 47 encountered, 32 discovered, 0 enqueued
[2024-03-20T08:55:48.540-0700][2.713s][info][gc,ref      ] GC(25) Weak: 140 encountered, 108 discovered, 0 enqueued
[2024-03-20T08:55:48.540-0700][2.713s][info][gc,ref      ] GC(25) Final: 0 encountered, 0 discovered, 0 enqueued
[2024-03-20T08:55:48.540-0700][2.713s][info][gc,ref      ] GC(25) Phantom: 1 encountered, 0 discovered, 0 enqueued
[2024-03-20T08:55:48.540-0700][2.713s][info][gc,reloc    ] GC(25) Small Pages: 376 / 752M, Empty: 588M, Relocated: 2M, In-Place: 0
[2024-03-20T08:55:48.540-0700][2.713s][info][gc,reloc    ] GC(25) Medium Pages: 0 / 0M, Empty: 0M, Relocated: 0M, In-Place: 0
[2024-03-20T08:55:48.540-0700][2.713s][info][gc,reloc    ] GC(25) Large Pages: 0 / 0M, Empty: 0M, Relocated: 0M, In-Place: 0
[2024-03-20T08:55:48.540-0700][2.713s][info][gc,reloc    ] GC(25) Forwarding Usage: 1M
[2024-03-20T08:55:48.540-0700][2.713s][info][gc,heap     ] GC(25) Min Capacity: 8M(1%)
[2024-03-20T08:55:48.540-0700][2.713s][info][gc,heap     ] GC(25) Max Capacity: 1024M(100%)
[2024-03-20T08:55:48.540-0700][2.713s][info][gc,heap     ] GC(25) Soft Max Capacity: 1024M(100%)
[2024-03-20T08:55:48.540-0700][2.713s][info][gc,heap     ] GC(25)                Mark Start          Mark End        Relocate Start      Relocate End           High               Low         
[2024-03-20T08:55:48.540-0700][2.714s][info][gc,heap     ] GC(25)  Capacity:     1024M (100%)       1024M (100%)       1024M (100%)       1024M (100%)       1024M (100%)       1024M (100%)   
[2024-03-20T08:55:48.540-0700][2.714s][info][gc,heap     ] GC(25)      Free:      272M (27%)           0M (0%)          578M (56%)         708M (69%)         710M (69%)           0M (0%)     
[2024-03-20T08:55:48.540-0700][2.714s][info][gc,heap     ] GC(25)      Used:      752M (73%)        1024M (100%)        446M (44%)         316M (31%)        1024M (100%)        314M (31%)    
[2024-03-20T08:55:48.540-0700][2.714s][info][gc,heap     ] GC(25)      Live:         -                15M (2%)           15M (2%)           15M (2%)             -                  -          
[2024-03-20T08:55:48.540-0700][2.714s][info][gc,heap     ] GC(25) Allocated:         -               272M (27%)         282M (28%)         295M (29%)            -                  -          
[2024-03-20T08:55:48.540-0700][2.714s][info][gc,heap     ] GC(25)   Garbage:         -               736M (72%)         148M (14%)           4M (0%)             -                  -          
[2024-03-20T08:55:48.540-0700][2.714s][info][gc,heap     ] GC(25) Reclaimed:         -                  -               588M (57%)         731M (71%)            -                  -          
[2024-03-20T08:55:48.540-0700][2.714s][info][gc          ] GC(25) Garbage Collection (Allocation Stall) 752M(73%)->316M(31%)
[2024-03-20T08:55:48.598-0700][2.772s][info][gc,start    ] GC(26) Garbage Collection (Allocation Stall)
[2024-03-20T08:55:48.598-0700][2.772s][info][gc,ref      ] GC(26) Clearing All SoftReferences
[2024-03-20T08:55:48.598-0700][2.772s][info][gc,task     ] GC(26) Using 1 workers
[2024-03-20T08:55:48.598-0700][2.772s][info][gc,ref      ] GC(26) Clearing All SoftReferences
[2024-03-20T08:55:48.598-0700][2.772s][info][gc,phases   ] GC(26) Pause Mark Start 0.011ms
[2024-03-20T08:55:48.636-0700][2.809s][info][gc,phases   ] GC(26) Concurrent Mark 37.452ms
[2024-03-20T08:55:48.636-0700][2.809s][info][gc,phases   ] GC(26) Pause Mark End 0.009ms
[2024-03-20T08:55:48.636-0700][2.809s][info][gc,phases   ] GC(26) Concurrent Mark Free 0.000ms
[2024-03-20T08:55:48.636-0700][2.810s][info][gc,phases   ] GC(26) Concurrent Process Non-Strong References 0.351ms
[2024-03-20T08:55:48.636-0700][2.810s][info][gc,phases   ] GC(26) Concurrent Reset Relocation Set 0.004ms
[2024-03-20T08:55:48.636-0700][2.810s][info][gc          ] Allocation Stall (main) 15.025ms
[2024-03-20T08:55:48.638-0700][2.812s][info][gc,phases   ] GC(26) Concurrent Select Relocation Set 1.830ms
[2024-03-20T08:55:48.638-0700][2.812s][info][gc,phases   ] GC(26) Pause Relocate Start 0.006ms
[2024-03-20T08:55:48.640-0700][2.814s][info][gc,phases   ] GC(26) Concurrent Relocate 1.824ms
[2024-03-20T08:55:48.640-0700][2.814s][info][gc,load     ] GC(26) Load: 9.27/8.79/8.18
[2024-03-20T08:55:48.640-0700][2.814s][info][gc,mmu      ] GC(26) MMU: 2ms/95.8%, 5ms/98.1%, 10ms/99.1%, 20ms/99.5%, 50ms/99.8%, 100ms/99.9%
[2024-03-20T08:55:48.640-0700][2.814s][info][gc,marking  ] GC(26) Mark: 1 stripe(s), 2 proactive flush(es), 1 terminate flush(es), 0 completion(s), 0 continuation(s) 
[2024-03-20T08:55:48.640-0700][2.814s][info][gc,marking  ] GC(26) Mark Stack Usage: 32M
[2024-03-20T08:55:48.640-0700][2.814s][info][gc,nmethod  ] GC(26) NMethods: 178 registered, 20 unregistered
[2024-03-20T08:55:48.640-0700][2.814s][info][gc,metaspace] GC(26) Metaspace: 0M used, 0M committed, 1088M reserved
[2024-03-20T08:55:48.640-0700][2.814s][info][gc,ref      ] GC(26) Soft: 47 encountered, 32 discovered, 0 enqueued
[2024-03-20T08:55:48.640-0700][2.814s][info][gc,ref      ] GC(26) Weak: 140 encountered, 108 discovered, 0 enqueued
[2024-03-20T08:55:48.640-0700][2.814s][info][gc,ref      ] GC(26) Final: 0 encountered, 0 discovered, 0 enqueued
[2024-03-20T08:55:48.640-0700][2.814s][info][gc,ref      ] GC(26) Phantom: 1 encountered, 0 discovered, 0 enqueued
[2024-03-20T08:55:48.640-0700][2.814s][info][gc,reloc    ] GC(26) Small Pages: 417 / 834M, Empty: 646M, Relocated: 2M, In-Place: 0
[2024-03-20T08:55:48.640-0700][2.814s][info][gc,reloc    ] GC(26) Medium Pages: 0 / 0M, Empty: 0M, Relocated: 0M, In-Place: 0
[2024-03-20T08:55:48.640-0700][2.814s][info][gc,reloc    ] GC(26) Large Pages: 0 / 0M, Empty: 0M, Relocated: 0M, In-Place: 0
[2024-03-20T08:55:48.640-0700][2.814s][info][gc,reloc    ] GC(26) Forwarding Usage: 1M
[2024-03-20T08:55:48.640-0700][2.814s][info][gc,heap     ] GC(26) Min Capacity: 8M(1%)
[2024-03-20T08:55:48.640-0700][2.814s][info][gc,heap     ] GC(26) Max Capacity: 1024M(100%)
[2024-03-20T08:55:48.640-0700][2.814s][info][gc,heap     ] GC(26) Soft Max Capacity: 1024M(100%)
[2024-03-20T08:55:48.640-0700][2.814s][info][gc,heap     ] GC(26)                Mark Start          Mark End        Relocate Start      Relocate End           High               Low         
[2024-03-20T08:55:48.640-0700][2.814s][info][gc,heap     ] GC(26)  Capacity:     1024M (100%)       1024M (100%)       1024M (100%)       1024M (100%)       1024M (100%)       1024M (100%)   
[2024-03-20T08:55:48.640-0700][2.814s][info][gc,heap     ] GC(26)      Free:      190M (19%)           0M (0%)          636M (62%)         790M (77%)         792M (77%)           0M (0%)     
[2024-03-20T08:55:48.640-0700][2.814s][info][gc,heap     ] GC(26)      Used:      834M (81%)        1024M (100%)        388M (38%)         234M (23%)        1024M (100%)        232M (23%)    
[2024-03-20T08:55:48.640-0700][2.814s][info][gc,heap     ] GC(26)      Live:         -                15M (2%)           15M (2%)           15M (2%)             -                  -          
[2024-03-20T08:55:48.640-0700][2.814s][info][gc,heap     ] GC(26) Allocated:         -               190M (19%)         200M (20%)         213M (21%)            -                  -          
[2024-03-20T08:55:48.640-0700][2.814s][info][gc,heap     ] GC(26)   Garbage:         -               818M (80%)         172M (17%)           4M (0%)             -                  -          
[2024-03-20T08:55:48.640-0700][2.814s][info][gc,heap     ] GC(26) Reclaimed:         -                  -               646M (63%)         813M (79%)            -                  -          
[2024-03-20T08:55:48.640-0700][2.814s][info][gc          ] GC(26) Garbage Collection (Allocation Stall) 834M(81%)->234M(23%)
[2024-03-20T08:55:48.698-0700][2.872s][info][gc,start    ] GC(27) Garbage Collection (Allocation Stall)
[2024-03-20T08:55:48.698-0700][2.872s][info][gc,ref      ] GC(27) Clearing All SoftReferences
[2024-03-20T08:55:48.698-0700][2.872s][info][gc,task     ] GC(27) Using 1 workers
[2024-03-20T08:55:48.698-0700][2.872s][info][gc,ref      ] GC(27) Clearing All SoftReferences
[2024-03-20T08:55:48.698-0700][2.872s][info][gc,phases   ] GC(27) Pause Mark Start 0.011ms
[2024-03-20T08:55:48.737-0700][2.910s][info][gc,phases   ] GC(27) Concurrent Mark 38.395ms
[2024-03-20T08:55:48.737-0700][2.910s][info][gc,phases   ] GC(27) Pause Mark End 0.009ms
[2024-03-20T08:55:48.737-0700][2.910s][info][gc,phases   ] GC(27) Concurrent Mark Free 0.000ms
[2024-03-20T08:55:48.737-0700][2.911s][info][gc,phases   ] GC(27) Concurrent Process Non-Strong References 0.354ms
[2024-03-20T08:55:48.737-0700][2.911s][info][gc,phases   ] GC(27) Concurrent Reset Relocation Set 0.009ms
[2024-03-20T08:55:48.737-0700][2.911s][info][gc          ] Allocation Stall (main) 4.558ms
[2024-03-20T08:55:48.739-0700][2.913s][info][gc,phases   ] GC(27) Concurrent Select Relocation Set 1.833ms
[2024-03-20T08:55:48.739-0700][2.913s][info][gc,phases   ] GC(27) Pause Relocate Start 0.006ms
[2024-03-20T08:55:48.741-0700][2.915s][info][gc,phases   ] GC(27) Concurrent Relocate 1.857ms
[2024-03-20T08:55:48.741-0700][2.915s][info][gc,load     ] GC(27) Load: 9.27/8.79/8.18
[2024-03-20T08:55:48.741-0700][2.915s][info][gc,mmu      ] GC(27) MMU: 2ms/95.8%, 5ms/98.1%, 10ms/99.1%, 20ms/99.5%, 50ms/99.8%, 100ms/99.9%
[2024-03-20T08:55:48.741-0700][2.915s][info][gc,marking  ] GC(27) Mark: 1 stripe(s), 2 proactive flush(es), 1 terminate flush(es), 0 completion(s), 0 continuation(s) 
[2024-03-20T08:55:48.741-0700][2.915s][info][gc,marking  ] GC(27) Mark Stack Usage: 32M
[2024-03-20T08:55:48.741-0700][2.915s][info][gc,nmethod  ] GC(27) NMethods: 178 registered, 20 unregistered
[2024-03-20T08:55:48.741-0700][2.915s][info][gc,metaspace] GC(27) Metaspace: 0M used, 0M committed, 1088M reserved
[2024-03-20T08:55:48.741-0700][2.915s][info][gc,ref      ] GC(27) Soft: 47 encountered, 29 discovered, 0 enqueued
[2024-03-20T08:55:48.741-0700][2.915s][info][gc,ref      ] GC(27) Weak: 140 encountered, 108 discovered, 0 enqueued
[2024-03-20T08:55:48.741-0700][2.915s][info][gc,ref      ] GC(27) Final: 0 encountered, 0 discovered, 0 enqueued
[2024-03-20T08:55:48.741-0700][2.915s][info][gc,ref      ] GC(27) Phantom: 1 encountered, 0 discovered, 0 enqueued
[2024-03-20T08:55:48.741-0700][2.915s][info][gc,reloc    ] GC(27) Small Pages: 368 / 736M, Empty: 556M, Relocated: 2M, In-Place: 0
[2024-03-20T08:55:48.741-0700][2.915s][info][gc,reloc    ] GC(27) Medium Pages: 0 / 0M, Empty: 0M, Relocated: 0M, In-Place: 0
[2024-03-20T08:55:48.741-0700][2.915s][info][gc,reloc    ] GC(27) Large Pages: 0 / 0M, Empty: 0M, Relocated: 0M, In-Place: 0
[2024-03-20T08:55:48.741-0700][2.915s][info][gc,reloc    ] GC(27) Forwarding Usage: 1M
[2024-03-20T08:55:48.741-0700][2.915s][info][gc,heap     ] GC(27) Min Capacity: 8M(1%)
[2024-03-20T08:55:48.741-0700][2.915s][info][gc,heap     ] GC(27) Max Capacity: 1024M(100%)
[2024-03-20T08:55:48.741-0700][2.915s][info][gc,heap     ] GC(27) Soft Max Capacity: 1024M(100%)
[2024-03-20T08:55:48.741-0700][2.915s][info][gc,heap     ] GC(27)                Mark Start          Mark End        Relocate Start      Relocate End           High               Low         
[2024-03-20T08:55:48.741-0700][2.915s][info][gc,heap     ] GC(27)  Capacity:     1024M (100%)       1024M (100%)       1024M (100%)       1024M (100%)       1024M (100%)       1024M (100%)   
[2024-03-20T08:55:48.741-0700][2.915s][info][gc,heap     ] GC(27)      Free:      288M (28%)           0M (0%)          544M (53%)         690M (67%)         694M (68%)           0M (0%)     
[2024-03-20T08:55:48.741-0700][2.915s][info][gc,heap     ] GC(27)      Used:      736M (72%)        1024M (100%)        480M (47%)         334M (33%)        1024M (100%)        330M (32%)    
[2024-03-20T08:55:48.741-0700][2.915s][info][gc,heap     ] GC(27)      Live:         -                15M (2%)           15M (2%)           15M (2%)             -                  -          
[2024-03-20T08:55:48.741-0700][2.915s][info][gc,heap     ] GC(27) Allocated:         -               288M (28%)         300M (29%)         313M (31%)            -                  -          
[2024-03-20T08:55:48.741-0700][2.915s][info][gc,heap     ] GC(27)   Garbage:         -               720M (70%)         164M (16%)           4M (0%)             -                  -          
[2024-03-20T08:55:48.741-0700][2.915s][info][gc,heap     ] GC(27) Reclaimed:         -                  -               556M (54%)         715M (70%)            -                  -          
[2024-03-20T08:55:48.741-0700][2.915s][info][gc          ] GC(27) Garbage Collection (Allocation Stall) 736M(72%)->334M(33%)
[2024-03-20T08:55:48.798-0700][2.972s][info][gc,start    ] GC(28) Garbage Collection (Allocation Stall)
[2024-03-20T08:55:48.798-0700][2.972s][info][gc,ref      ] GC(28) Clearing All SoftReferences
[2024-03-20T08:55:48.798-0700][2.972s][info][gc,task     ] GC(28) Using 1 workers
[2024-03-20T08:55:48.798-0700][2.972s][info][gc,ref      ] GC(28) Clearing All SoftReferences
[2024-03-20T08:55:48.798-0700][2.972s][info][gc,phases   ] GC(28) Pause Mark Start 0.011ms
[2024-03-20T08:55:48.836-0700][3.009s][info][gc,phases   ] GC(28) Concurrent Mark 37.174ms
[2024-03-20T08:55:48.836-0700][3.009s][info][gc,phases   ] GC(28) Pause Mark End 0.009ms
[2024-03-20T08:55:48.836-0700][3.009s][info][gc,phases   ] GC(28) Concurrent Mark Free 0.000ms
[2024-03-20T08:55:48.836-0700][3.010s][info][gc,phases   ] GC(28) Concurrent Process Non-Strong References 0.390ms
[2024-03-20T08:55:48.836-0700][3.010s][info][gc,phases   ] GC(28) Concurrent Reset Relocation Set 0.045ms
[2024-03-20T08:55:48.838-0700][3.012s][info][gc,phases   ] GC(28) Concurrent Select Relocation Set 1.990ms
[2024-03-20T08:55:48.838-0700][3.012s][info][gc,phases   ] GC(28) Pause Relocate Start 0.006ms
[2024-03-20T08:55:48.840-0700][3.014s][info][gc,phases   ] GC(28) Concurrent Relocate 1.834ms
[2024-03-20T08:55:48.840-0700][3.014s][info][gc,load     ] GC(28) Load: 9.27/8.79/8.18
[2024-03-20T08:55:48.840-0700][3.014s][info][gc,mmu      ] GC(28) MMU: 2ms/95.8%, 5ms/98.1%, 10ms/99.1%, 20ms/99.5%, 50ms/99.8%, 100ms/99.9%
[2024-03-20T08:55:48.840-0700][3.014s][info][gc,marking  ] GC(28) Mark: 1 stripe(s), 2 proactive flush(es), 1 terminate flush(es), 0 completion(s), 0 continuation(s) 
[2024-03-20T08:55:48.840-0700][3.014s][info][gc,marking  ] GC(28) Mark Stack Usage: 32M
[2024-03-20T08:55:48.840-0700][3.014s][info][gc,nmethod  ] GC(28) NMethods: 178 registered, 20 unregistered
[2024-03-20T08:55:48.840-0700][3.014s][info][gc,metaspace] GC(28) Metaspace: 0M used, 0M committed, 1088M reserved
[2024-03-20T08:55:48.840-0700][3.014s][info][gc,ref      ] GC(28) Soft: 47 encountered, 29 discovered, 0 enqueued
[2024-03-20T08:55:48.840-0700][3.014s][info][gc,ref      ] GC(28) Weak: 140 encountered, 108 discovered, 0 enqueued
[2024-03-20T08:55:48.840-0700][3.014s][info][gc,ref      ] GC(28) Final: 0 encountered, 0 discovered, 0 enqueued
[2024-03-20T08:55:48.840-0700][3.014s][info][gc,ref      ] GC(28) Phantom: 1 encountered, 0 discovered, 0 enqueued
[2024-03-20T08:55:48.840-0700][3.014s][info][gc,reloc    ] GC(28) Small Pages: 309 / 618M, Empty: 434M, Relocated: 2M, In-Place: 0
[2024-03-20T08:55:48.840-0700][3.014s][info][gc,reloc    ] GC(28) Medium Pages: 0 / 0M, Empty: 0M, Relocated: 0M, In-Place: 0
[2024-03-20T08:55:48.840-0700][3.014s][info][gc,reloc    ] GC(28) Large Pages: 0 / 0M, Empty: 0M, Relocated: 0M, In-Place: 0
[2024-03-20T08:55:48.840-0700][3.014s][info][gc,reloc    ] GC(28) Forwarding Usage: 1M
[2024-03-20T08:55:48.840-0700][3.014s][info][gc,heap     ] GC(28) Min Capacity: 8M(1%)
[2024-03-20T08:55:48.840-0700][3.014s][info][gc,heap     ] GC(28) Max Capacity: 1024M(100%)
[2024-03-20T08:55:48.840-0700][3.014s][info][gc,heap     ] GC(28) Soft Max Capacity: 1024M(100%)
[2024-03-20T08:55:48.840-0700][3.014s][info][gc,heap     ] GC(28)                Mark Start          Mark End        Relocate Start      Relocate End           High               Low         
[2024-03-20T08:55:48.840-0700][3.014s][info][gc,heap     ] GC(28)  Capacity:     1024M (100%)       1024M (100%)       1024M (100%)       1024M (100%)       1024M (100%)       1024M (100%)   
[2024-03-20T08:55:48.840-0700][3.014s][info][gc,heap     ] GC(28)      Free:      406M (40%)         202M (20%)         624M (61%)         774M (76%)         776M (76%)         198M (19%)    
[2024-03-20T08:55:48.840-0700][3.014s][info][gc,heap     ] GC(28)      Used:      618M (60%)         822M (80%)         400M (39%)         250M (24%)         826M (81%)         248M (24%)    
[2024-03-20T08:55:48.840-0700][3.014s][info][gc,heap     ] GC(28)      Live:         -                15M (2%)           15M (2%)           15M (2%)             -                  -          
[2024-03-20T08:55:48.840-0700][3.014s][info][gc,heap     ] GC(28) Allocated:         -               204M (20%)         216M (21%)         229M (22%)            -                  -          
[2024-03-20T08:55:48.840-0700][3.014s][info][gc,heap     ] GC(28)   Garbage:         -               602M (59%)         168M (16%)           4M (0%)             -                  -          
[2024-03-20T08:55:48.840-0700][3.014s][info][gc,heap     ] GC(28) Reclaimed:         -                  -               434M (42%)         597M (58%)            -                  -          
[2024-03-20T08:55:48.840-0700][3.014s][info][gc          ] GC(28) Garbage Collection (Allocation Stall) 618M(60%)->250M(24%)
[2024-03-20T08:55:48.898-0700][3.072s][info][gc,start    ] GC(29) Garbage Collection (Allocation Rate)
[2024-03-20T08:55:48.898-0700][3.072s][info][gc,task     ] GC(29) Using 1 workers
[2024-03-20T08:55:48.898-0700][3.072s][info][gc,phases   ] GC(29) Pause Mark Start 0.004ms
[2024-03-20T08:55:48.936-0700][3.110s][info][gc,phases   ] GC(29) Concurrent Mark 37.790ms
[2024-03-20T08:55:48.936-0700][3.110s][info][gc,phases   ] GC(29) Pause Mark End 0.009ms
[2024-03-20T08:55:48.936-0700][3.110s][info][gc,phases   ] GC(29) Concurrent Mark Free 0.000ms
[2024-03-20T08:55:48.937-0700][3.110s][info][gc,phases   ] GC(29) Concurrent Process Non-Strong References 0.378ms
[2024-03-20T08:55:48.937-0700][3.110s][info][gc,phases   ] GC(29) Concurrent Reset Relocation Set 0.008ms
[2024-03-20T08:55:48.939-0700][3.112s][info][gc,phases   ] GC(29) Concurrent Select Relocation Set 1.834ms
[2024-03-20T08:55:48.939-0700][3.112s][info][gc,phases   ] GC(29) Pause Relocate Start 0.006ms
[2024-03-20T08:55:48.941-0700][3.114s][info][gc,phases   ] GC(29) Concurrent Relocate 1.848ms
[2024-03-20T08:55:48.941-0700][3.114s][info][gc,load     ] GC(29) Load: 9.27/8.79/8.18
[2024-03-20T08:55:48.941-0700][3.114s][info][gc,mmu      ] GC(29) MMU: 2ms/95.8%, 5ms/98.1%, 10ms/99.1%, 20ms/99.5%, 50ms/99.8%, 100ms/99.9%
[2024-03-20T08:55:48.941-0700][3.114s][info][gc,marking  ] GC(29) Mark: 1 stripe(s), 2 proactive flush(es), 1 terminate flush(es), 0 completion(s), 0 continuation(s) 
[2024-03-20T08:55:48.941-0700][3.114s][info][gc,marking  ] GC(29) Mark Stack Usage: 32M
[2024-03-20T08:55:48.941-0700][3.114s][info][gc,nmethod  ] GC(29) NMethods: 178 registered, 20 unregistered
[2024-03-20T08:55:48.941-0700][3.114s][info][gc,metaspace] GC(29) Metaspace: 0M used, 0M committed, 1088M reserved
[2024-03-20T08:55:48.941-0700][3.114s][info][gc,ref      ] GC(29) Soft: 47 encountered, 0 discovered, 0 enqueued
[2024-03-20T08:55:48.941-0700][3.114s][info][gc,ref      ] GC(29) Weak: 140 encountered, 73 discovered, 0 enqueued
[2024-03-20T08:55:48.941-0700][3.114s][info][gc,ref      ] GC(29) Final: 0 encountered, 0 discovered, 0 enqueued
[2024-03-20T08:55:48.941-0700][3.114s][info][gc,ref      ] GC(29) Phantom: 1 encountered, 0 discovered, 0 enqueued
[2024-03-20T08:55:48.941-0700][3.114s][info][gc,reloc    ] GC(29) Small Pages: 380 / 760M, Empty: 578M, Relocated: 2M, In-Place: 0
[2024-03-20T08:55:48.941-0700][3.114s][info][gc,reloc    ] GC(29) Medium Pages: 0 / 0M, Empty: 0M, Relocated: 0M, In-Place: 0
[2024-03-20T08:55:48.941-0700][3.114s][info][gc,reloc    ] GC(29) Large Pages: 0 / 0M, Empty: 0M, Relocated: 0M, In-Place: 0
[2024-03-20T08:55:48.941-0700][3.114s][info][gc,reloc    ] GC(29) Forwarding Usage: 1M
[2024-03-20T08:55:48.941-0700][3.114s][info][gc,heap     ] GC(29) Min Capacity: 8M(1%)
[2024-03-20T08:55:48.941-0700][3.114s][info][gc,heap     ] GC(29) Max Capacity: 1024M(100%)
[2024-03-20T08:55:48.941-0700][3.114s][info][gc,heap     ] GC(29) Soft Max Capacity: 1024M(100%)
[2024-03-20T08:55:48.941-0700][3.114s][info][gc,heap     ] GC(29)                Mark Start          Mark End        Relocate Start      Relocate End           High               Low         
[2024-03-20T08:55:48.941-0700][3.114s][info][gc,heap     ] GC(29)  Capacity:     1024M (100%)       1024M (100%)       1024M (100%)       1024M (100%)       1024M (100%)       1024M (100%)   
[2024-03-20T08:55:48.941-0700][3.114s][info][gc,heap     ] GC(29)      Free:      264M (26%)          52M (5%)          616M (60%)         766M (75%)         766M (75%)          50M (5%)     
[2024-03-20T08:55:48.941-0700][3.114s][info][gc,heap     ] GC(29)      Used:      760M (74%)         972M (95%)         408M (40%)         258M (25%)         974M (95%)         258M (25%)    
[2024-03-20T08:55:48.941-0700][3.114s][info][gc,heap     ] GC(29)      Live:         -                15M (2%)           15M (2%)           15M (2%)             -                  -          
[2024-03-20T08:55:48.941-0700][3.114s][info][gc,heap     ] GC(29) Allocated:         -               212M (21%)         226M (22%)         237M (23%)            -                  -          
[2024-03-20T08:55:48.941-0700][3.114s][info][gc,heap     ] GC(29)   Garbage:         -               744M (73%)         166M (16%)           4M (0%)             -                  -          
[2024-03-20T08:55:48.941-0700][3.114s][info][gc,heap     ] GC(29) Reclaimed:         -                  -               578M (56%)         739M (72%)            -                  -          
[2024-03-20T08:55:48.941-0700][3.114s][info][gc          ] GC(29) Garbage Collection (Allocation Rate) 760M(74%)->258M(25%)
[2024-03-20T08:55:48.998-0700][3.172s][info][gc,start    ] GC(30) Garbage Collection (Allocation Rate)
[2024-03-20T08:55:48.998-0700][3.172s][info][gc,task     ] GC(30) Using 1 workers
[2024-03-20T08:55:48.998-0700][3.172s][info][gc,phases   ] GC(30) Pause Mark Start 0.005ms
[2024-03-20T08:55:49.034-0700][3.208s][info][gc,phases   ] GC(30) Concurrent Mark 35.933ms
[2024-03-20T08:55:49.035-0700][3.208s][info][gc,phases   ] GC(30) Pause Mark End 0.008ms
[2024-03-20T08:55:49.035-0700][3.208s][info][gc,phases   ] GC(30) Concurrent Mark Free 0.000ms
[2024-03-20T08:55:49.035-0700][3.208s][info][gc,phases   ] GC(30) Concurrent Process Non-Strong References 0.391ms
[2024-03-20T08:55:49.035-0700][3.208s][info][gc,phases   ] GC(30) Concurrent Reset Relocation Set 0.021ms
[2024-03-20T08:55:49.037-0700][3.210s][info][gc,phases   ] GC(30) Concurrent Select Relocation Set 1.872ms
[2024-03-20T08:55:49.037-0700][3.210s][info][gc,phases   ] GC(30) Pause Relocate Start 0.007ms
[2024-03-20T08:55:49.039-0700][3.212s][info][gc,phases   ] GC(30) Concurrent Relocate 1.859ms
[2024-03-20T08:55:49.039-0700][3.212s][info][gc,load     ] GC(30) Load: 9.27/8.79/8.18
[2024-03-20T08:55:49.039-0700][3.212s][info][gc,mmu      ] GC(30) MMU: 2ms/95.8%, 5ms/98.1%, 10ms/99.1%, 20ms/99.5%, 50ms/99.8%, 100ms/99.9%
[2024-03-20T08:55:49.039-0700][3.212s][info][gc,marking  ] GC(30) Mark: 1 stripe(s), 2 proactive flush(es), 1 terminate flush(es), 0 completion(s), 0 continuation(s) 
[2024-03-20T08:55:49.039-0700][3.212s][info][gc,marking  ] GC(30) Mark Stack Usage: 32M
[2024-03-20T08:55:49.039-0700][3.212s][info][gc,nmethod  ] GC(30) NMethods: 178 registered, 20 unregistered
[2024-03-20T08:55:49.039-0700][3.212s][info][gc,metaspace] GC(30) Metaspace: 0M used, 0M committed, 1088M reserved
[2024-03-20T08:55:49.039-0700][3.212s][info][gc,ref      ] GC(30) Soft: 47 encountered, 0 discovered, 0 enqueued
[2024-03-20T08:55:49.039-0700][3.212s][info][gc,ref      ] GC(30) Weak: 140 encountered, 73 discovered, 0 enqueued
[2024-03-20T08:55:49.039-0700][3.212s][info][gc,ref      ] GC(30) Final: 0 encountered, 0 discovered, 0 enqueued
[2024-03-20T08:55:49.039-0700][3.212s][info][gc,ref      ] GC(30) Phantom: 1 encountered, 0 discovered, 0 enqueued
[2024-03-20T08:55:49.039-0700][3.212s][info][gc,reloc    ] GC(30) Small Pages: 382 / 764M, Empty: 576M, Relocated: 2M, In-Place: 0
[2024-03-20T08:55:49.039-0700][3.212s][info][gc,reloc    ] GC(30) Medium Pages: 0 / 0M, Empty: 0M, Relocated: 0M, In-Place: 0
[2024-03-20T08:55:49.039-0700][3.212s][info][gc,reloc    ] GC(30) Large Pages: 0 / 0M, Empty: 0M, Relocated: 0M, In-Place: 0
[2024-03-20T08:55:49.039-0700][3.212s][info][gc,reloc    ] GC(30) Forwarding Usage: 1M
[2024-03-20T08:55:49.039-0700][3.212s][info][gc,heap     ] GC(30) Min Capacity: 8M(1%)
[2024-03-20T08:55:49.039-0700][3.212s][info][gc,heap     ] GC(30) Max Capacity: 1024M(100%)
[2024-03-20T08:55:49.039-0700][3.212s][info][gc,heap     ] GC(30) Soft Max Capacity: 1024M(100%)
[2024-03-20T08:55:49.039-0700][3.212s][info][gc,heap     ] GC(30)                Mark Start          Mark End        Relocate Start      Relocate End           High               Low         
[2024-03-20T08:55:49.039-0700][3.212s][info][gc,heap     ] GC(30)  Capacity:     1024M (100%)       1024M (100%)       1024M (100%)       1024M (100%)       1024M (100%)       1024M (100%)   
[2024-03-20T08:55:49.039-0700][3.213s][info][gc,heap     ] GC(30)      Free:      260M (25%)          44M (4%)          608M (59%)         764M (75%)         764M (75%)          40M (4%)     
[2024-03-20T08:55:49.039-0700][3.213s][info][gc,heap     ] GC(30)      Used:      764M (75%)         980M (96%)         416M (41%)         260M (25%)         984M (96%)         260M (25%)    
[2024-03-20T08:55:49.039-0700][3.213s][info][gc,heap     ] GC(30)      Live:         -                15M (2%)           15M (2%)           15M (2%)             -                  -          
[2024-03-20T08:55:49.039-0700][3.213s][info][gc,heap     ] GC(30) Allocated:         -               216M (21%)         228M (22%)         239M (23%)            -                  -          
[2024-03-20T08:55:49.039-0700][3.213s][info][gc,heap     ] GC(30)   Garbage:         -               748M (73%)         172M (17%)           4M (0%)             -                  -          
[2024-03-20T08:55:49.039-0700][3.213s][info][gc,heap     ] GC(30) Reclaimed:         -                  -               576M (56%)         743M (73%)            -                  -          
[2024-03-20T08:55:49.039-0700][3.213s][info][gc          ] GC(30) Garbage Collection (Allocation Rate) 764M(75%)->260M(25%)
[2024-03-20T08:55:49.098-0700][3.272s][info][gc,start    ] GC(31) Garbage Collection (Allocation Rate)
[2024-03-20T08:55:49.098-0700][3.272s][info][gc,task     ] GC(31) Using 1 workers
[2024-03-20T08:55:49.099-0700][3.272s][info][gc,phases   ] GC(31) Pause Mark Start 0.004ms
[2024-03-20T08:55:49.136-0700][3.309s][info][gc,phases   ] GC(31) Concurrent Mark 37.109ms
[2024-03-20T08:55:49.136-0700][3.309s][info][gc,phases   ] GC(31) Pause Mark End 0.009ms
[2024-03-20T08:55:49.136-0700][3.309s][info][gc,phases   ] GC(31) Concurrent Mark Free 0.000ms
[2024-03-20T08:55:49.136-0700][3.310s][info][gc,phases   ] GC(31) Concurrent Process Non-Strong References 0.340ms
[2024-03-20T08:55:49.136-0700][3.310s][info][gc,phases   ] GC(31) Concurrent Reset Relocation Set 0.005ms
[2024-03-20T08:55:49.136-0700][3.310s][info][gc          ] Allocation Stall (main) 8.133ms
[2024-03-20T08:55:49.138-0700][3.311s][info][gc,phases   ] GC(31) Concurrent Select Relocation Set 1.838ms
[2024-03-20T08:55:49.138-0700][3.312s][info][gc,phases   ] GC(31) Pause Relocate Start 0.007ms
[2024-03-20T08:55:49.140-0700][3.313s][info][gc,phases   ] GC(31) Concurrent Relocate 1.777ms
[2024-03-20T08:55:49.140-0700][3.313s][info][gc,load     ] GC(31) Load: 9.27/8.79/8.18
[2024-03-20T08:55:49.140-0700][3.313s][info][gc,mmu      ] GC(31) MMU: 2ms/95.8%, 5ms/98.1%, 10ms/99.1%, 20ms/99.5%, 50ms/99.8%, 100ms/99.9%
[2024-03-20T08:55:49.140-0700][3.313s][info][gc,marking  ] GC(31) Mark: 1 stripe(s), 2 proactive flush(es), 1 terminate flush(es), 0 completion(s), 0 continuation(s) 
[2024-03-20T08:55:49.140-0700][3.313s][info][gc,marking  ] GC(31) Mark Stack Usage: 32M
[2024-03-20T08:55:49.140-0700][3.313s][info][gc,nmethod  ] GC(31) NMethods: 178 registered, 20 unregistered
[2024-03-20T08:55:49.140-0700][3.313s][info][gc,metaspace] GC(31) Metaspace: 0M used, 0M committed, 1088M reserved
[2024-03-20T08:55:49.140-0700][3.313s][info][gc,ref      ] GC(31) Soft: 47 encountered, 0 discovered, 0 enqueued
[2024-03-20T08:55:49.140-0700][3.313s][info][gc,ref      ] GC(31) Weak: 140 encountered, 73 discovered, 0 enqueued
[2024-03-20T08:55:49.140-0700][3.313s][info][gc,ref      ] GC(31) Final: 0 encountered, 0 discovered, 0 enqueued
[2024-03-20T08:55:49.140-0700][3.313s][info][gc,ref      ] GC(31) Phantom: 1 encountered, 0 discovered, 0 enqueued
[2024-03-20T08:55:49.140-0700][3.313s][info][gc,reloc    ] GC(31) Small Pages: 390 / 780M, Empty: 602M, Relocated: 2M, In-Place: 0
[2024-03-20T08:55:49.140-0700][3.313s][info][gc,reloc    ] GC(31) Medium Pages: 0 / 0M, Empty: 0M, Relocated: 0M, In-Place: 0
[2024-03-20T08:55:49.140-0700][3.314s][info][gc,reloc    ] GC(31) Large Pages: 0 / 0M, Empty: 0M, Relocated: 0M, In-Place: 0
[2024-03-20T08:55:49.140-0700][3.314s][info][gc,reloc    ] GC(31) Forwarding Usage: 1M
[2024-03-20T08:55:49.140-0700][3.314s][info][gc,heap     ] GC(31) Min Capacity: 8M(1%)
[2024-03-20T08:55:49.140-0700][3.314s][info][gc,heap     ] GC(31) Max Capacity: 1024M(100%)
[2024-03-20T08:55:49.140-0700][3.314s][info][gc,heap     ] GC(31) Soft Max Capacity: 1024M(100%)
[2024-03-20T08:55:49.140-0700][3.314s][info][gc,heap     ] GC(31)                Mark Start          Mark End        Relocate Start      Relocate End           High               Low         
[2024-03-20T08:55:49.140-0700][3.314s][info][gc,heap     ] GC(31)  Capacity:     1024M (100%)       1024M (100%)       1024M (100%)       1024M (100%)       1024M (100%)       1024M (100%)   
[2024-03-20T08:55:49.140-0700][3.314s][info][gc,heap     ] GC(31)      Free:      244M (24%)           0M (0%)          590M (58%)         736M (72%)         738M (72%)           0M (0%)     
[2024-03-20T08:55:49.140-0700][3.314s][info][gc,heap     ] GC(31)      Used:      780M (76%)        1024M (100%)        434M (42%)         288M (28%)        1024M (100%)        286M (28%)    
[2024-03-20T08:55:49.140-0700][3.314s][info][gc,heap     ] GC(31)      Live:         -                15M (2%)           15M (2%)           15M (2%)             -                  -          
[2024-03-20T08:55:49.140-0700][3.314s][info][gc,heap     ] GC(31) Allocated:         -               244M (24%)         256M (25%)         267M (26%)            -                  -          
[2024-03-20T08:55:49.140-0700][3.314s][info][gc,heap     ] GC(31)   Garbage:         -               764M (75%)         162M (16%)           4M (0%)             -                  -          
[2024-03-20T08:55:49.140-0700][3.314s][info][gc,heap     ] GC(31) Reclaimed:         -                  -               602M (59%)         759M (74%)            -                  -          
[2024-03-20T08:55:49.140-0700][3.314s][info][gc          ] GC(31) Garbage Collection (Allocation Rate) 780M(76%)->288M(28%)
[2024-03-20T08:55:49.198-0700][3.372s][info][gc,start    ] GC(32) Garbage Collection (Allocation Stall)
[2024-03-20T08:55:49.199-0700][3.372s][info][gc,ref      ] GC(32) Clearing All SoftReferences
[2024-03-20T08:55:49.199-0700][3.372s][info][gc,task     ] GC(32) Using 1 workers
[2024-03-20T08:55:49.199-0700][3.372s][info][gc,ref      ] GC(32) Clearing All SoftReferences
[2024-03-20T08:55:49.199-0700][3.372s][info][gc,phases   ] GC(32) Pause Mark Start 0.012ms
[2024-03-20T08:55:49.236-0700][3.410s][info][gc,phases   ] GC(32) Concurrent Mark 37.822ms
[2024-03-20T08:55:49.237-0700][3.410s][info][gc,phases   ] GC(32) Pause Mark End 0.009ms
[2024-03-20T08:55:49.237-0700][3.410s][info][gc,phases   ] GC(32) Concurrent Mark Free 0.000ms
[2024-03-20T08:55:49.237-0700][3.410s][info][gc,phases   ] GC(32) Concurrent Process Non-Strong References 0.347ms
[2024-03-20T08:55:49.237-0700][3.410s][info][gc,phases   ] GC(32) Concurrent Reset Relocation Set 0.004ms
[2024-03-20T08:55:49.237-0700][3.410s][info][gc          ] Allocation Stall (main) 9.979ms
[2024-03-20T08:55:49.239-0700][3.412s][info][gc,phases   ] GC(32) Concurrent Select Relocation Set 1.820ms
[2024-03-20T08:55:49.239-0700][3.412s][info][gc,phases   ] GC(32) Pause Relocate Start 0.005ms
[2024-03-20T08:55:49.241-0700][3.414s][info][gc,phases   ] GC(32) Concurrent Relocate 1.881ms
[2024-03-20T08:55:49.241-0700][3.414s][info][gc,load     ] GC(32) Load: 9.27/8.79/8.18
[2024-03-20T08:55:49.241-0700][3.414s][info][gc,mmu      ] GC(32) MMU: 2ms/95.8%, 5ms/98.1%, 10ms/99.1%, 20ms/99.5%, 50ms/99.8%, 100ms/99.9%
[2024-03-20T08:55:49.241-0700][3.414s][info][gc,marking  ] GC(32) Mark: 1 stripe(s), 2 proactive flush(es), 1 terminate flush(es), 0 completion(s), 0 continuation(s) 
[2024-03-20T08:55:49.241-0700][3.414s][info][gc,marking  ] GC(32) Mark Stack Usage: 32M
[2024-03-20T08:55:49.241-0700][3.414s][info][gc,nmethod  ] GC(32) NMethods: 178 registered, 20 unregistered
[2024-03-20T08:55:49.241-0700][3.414s][info][gc,metaspace] GC(32) Metaspace: 0M used, 0M committed, 1088M reserved
[2024-03-20T08:55:49.241-0700][3.414s][info][gc,ref      ] GC(32) Soft: 47 encountered, 32 discovered, 0 enqueued
[2024-03-20T08:55:49.241-0700][3.414s][info][gc,ref      ] GC(32) Weak: 140 encountered, 108 discovered, 0 enqueued
[2024-03-20T08:55:49.241-0700][3.414s][info][gc,ref      ] GC(32) Final: 0 encountered, 0 discovered, 0 enqueued
[2024-03-20T08:55:49.241-0700][3.414s][info][gc,ref      ] GC(32) Phantom: 1 encountered, 0 discovered, 0 enqueued
[2024-03-20T08:55:49.241-0700][3.414s][info][gc,reloc    ] GC(32) Small Pages: 402 / 804M, Empty: 638M, Relocated: 2M, In-Place: 0
[2024-03-20T08:55:49.241-0700][3.414s][info][gc,reloc    ] GC(32) Medium Pages: 0 / 0M, Empty: 0M, Relocated: 0M, In-Place: 0
[2024-03-20T08:55:49.241-0700][3.414s][info][gc,reloc    ] GC(32) Large Pages: 0 / 0M, Empty: 0M, Relocated: 0M, In-Place: 0
[2024-03-20T08:55:49.241-0700][3.414s][info][gc,reloc    ] GC(32) Forwarding Usage: 1M
[2024-03-20T08:55:49.241-0700][3.414s][info][gc,heap     ] GC(32) Min Capacity: 8M(1%)
[2024-03-20T08:55:49.241-0700][3.414s][info][gc,heap     ] GC(32) Max Capacity: 1024M(100%)
[2024-03-20T08:55:49.241-0700][3.414s][info][gc,heap     ] GC(32) Soft Max Capacity: 1024M(100%)
[2024-03-20T08:55:49.241-0700][3.414s][info][gc,heap     ] GC(32)                Mark Start          Mark End        Relocate Start      Relocate End           High               Low         
[2024-03-20T08:55:49.241-0700][3.414s][info][gc,heap     ] GC(32)  Capacity:     1024M (100%)       1024M (100%)       1024M (100%)       1024M (100%)       1024M (100%)       1024M (100%)   
[2024-03-20T08:55:49.241-0700][3.414s][info][gc,heap     ] GC(32)      Free:      220M (21%)           0M (0%)          626M (61%)         758M (74%)         760M (74%)           0M (0%)     
[2024-03-20T08:55:49.241-0700][3.414s][info][gc,heap     ] GC(32)      Used:      804M (79%)        1024M (100%)        398M (39%)         266M (26%)        1024M (100%)        264M (26%)    
[2024-03-20T08:55:49.241-0700][3.414s][info][gc,heap     ] GC(32)      Live:         -                15M (2%)           15M (2%)           15M (2%)             -                  -          
[2024-03-20T08:55:49.241-0700][3.414s][info][gc,heap     ] GC(32) Allocated:         -               220M (21%)         232M (23%)         245M (24%)            -                  -          
[2024-03-20T08:55:49.241-0700][3.414s][info][gc,heap     ] GC(32)   Garbage:         -               788M (77%)         150M (15%)           4M (0%)             -                  -          
[2024-03-20T08:55:49.241-0700][3.414s][info][gc,heap     ] GC(32) Reclaimed:         -                  -               638M (62%)         783M (77%)            -                  -          
[2024-03-20T08:55:49.241-0700][3.414s][info][gc          ] GC(32) Garbage Collection (Allocation Stall) 804M(79%)->266M(26%)
[2024-03-20T08:55:49.297-0700][3.470s][info][gc,start    ] GC(33) Garbage Collection (Allocation Stall)
[2024-03-20T08:55:49.297-0700][3.470s][info][gc,ref      ] GC(33) Clearing All SoftReferences
[2024-03-20T08:55:49.297-0700][3.470s][info][gc,task     ] GC(33) Using 1 workers
[2024-03-20T08:55:49.297-0700][3.470s][info][gc,ref      ] GC(33) Clearing All SoftReferences
[2024-03-20T08:55:49.297-0700][3.470s][info][gc,phases   ] GC(33) Pause Mark Start 0.010ms
[2024-03-20T08:55:49.335-0700][3.509s][info][gc,phases   ] GC(33) Concurrent Mark 38.335ms
[2024-03-20T08:55:49.335-0700][3.509s][info][gc,phases   ] GC(33) Pause Mark End 0.012ms
[2024-03-20T08:55:49.335-0700][3.509s][info][gc,phases   ] GC(33) Concurrent Mark Free 0.000ms
[2024-03-20T08:55:49.336-0700][3.509s][info][gc,phases   ] GC(33) Concurrent Process Non-Strong References 0.360ms
[2024-03-20T08:55:49.336-0700][3.509s][info][gc,phases   ] GC(33) Concurrent Reset Relocation Set 0.005ms
[2024-03-20T08:55:49.336-0700][3.509s][info][gc          ] Allocation Stall (main) 7.217ms
[2024-03-20T08:55:49.337-0700][3.511s][info][gc,phases   ] GC(33) Concurrent Select Relocation Set 1.820ms
[2024-03-20T08:55:49.338-0700][3.511s][info][gc,phases   ] GC(33) Pause Relocate Start 0.008ms
[2024-03-20T08:55:49.339-0700][3.513s][info][gc,phases   ] GC(33) Concurrent Relocate 1.808ms
[2024-03-20T08:55:49.339-0700][3.513s][info][gc,load     ] GC(33) Load: 9.27/8.79/8.18
[2024-03-20T08:55:49.339-0700][3.513s][info][gc,mmu      ] GC(33) MMU: 2ms/95.8%, 5ms/98.1%, 10ms/99.1%, 20ms/99.5%, 50ms/99.8%, 100ms/99.9%
[2024-03-20T08:55:49.339-0700][3.513s][info][gc,marking  ] GC(33) Mark: 1 stripe(s), 2 proactive flush(es), 1 terminate flush(es), 0 completion(s), 0 continuation(s) 
[2024-03-20T08:55:49.340-0700][3.513s][info][gc,marking  ] GC(33) Mark Stack Usage: 32M
[2024-03-20T08:55:49.340-0700][3.513s][info][gc,nmethod  ] GC(33) NMethods: 178 registered, 20 unregistered
[2024-03-20T08:55:49.340-0700][3.513s][info][gc,metaspace] GC(33) Metaspace: 0M used, 0M committed, 1088M reserved
[2024-03-20T08:55:49.340-0700][3.513s][info][gc,ref      ] GC(33) Soft: 47 encountered, 32 discovered, 0 enqueued
[2024-03-20T08:55:49.340-0700][3.513s][info][gc,ref      ] GC(33) Weak: 140 encountered, 108 discovered, 0 enqueued
[2024-03-20T08:55:49.340-0700][3.513s][info][gc,ref      ] GC(33) Final: 0 encountered, 0 discovered, 0 enqueued
[2024-03-20T08:55:49.340-0700][3.513s][info][gc,ref      ] GC(33) Phantom: 1 encountered, 0 discovered, 0 enqueued
[2024-03-20T08:55:49.340-0700][3.513s][info][gc,reloc    ] GC(33) Small Pages: 375 / 750M, Empty: 584M, Relocated: 2M, In-Place: 0
[2024-03-20T08:55:49.340-0700][3.513s][info][gc,reloc    ] GC(33) Medium Pages: 0 / 0M, Empty: 0M, Relocated: 0M, In-Place: 0
[2024-03-20T08:55:49.340-0700][3.513s][info][gc,reloc    ] GC(33) Large Pages: 0 / 0M, Empty: 0M, Relocated: 0M, In-Place: 0
[2024-03-20T08:55:49.340-0700][3.513s][info][gc,reloc    ] GC(33) Forwarding Usage: 1M
[2024-03-20T08:55:49.340-0700][3.513s][info][gc,heap     ] GC(33) Min Capacity: 8M(1%)
[2024-03-20T08:55:49.340-0700][3.513s][info][gc,heap     ] GC(33) Max Capacity: 1024M(100%)
[2024-03-20T08:55:49.340-0700][3.513s][info][gc,heap     ] GC(33) Soft Max Capacity: 1024M(100%)
[2024-03-20T08:55:49.340-0700][3.513s][info][gc,heap     ] GC(33)                Mark Start          Mark End        Relocate Start      Relocate End           High               Low         
[2024-03-20T08:55:49.340-0700][3.513s][info][gc,heap     ] GC(33)  Capacity:     1024M (100%)       1024M (100%)       1024M (100%)       1024M (100%)       1024M (100%)       1024M (100%)   
[2024-03-20T08:55:49.340-0700][3.513s][info][gc,heap     ] GC(33)      Free:      274M (27%)           0M (0%)          570M (56%)         704M (69%)         706M (69%)           0M (0%)     
[2024-03-20T08:55:49.340-0700][3.513s][info][gc,heap     ] GC(33)      Used:      750M (73%)        1024M (100%)        454M (44%)         320M (31%)        1024M (100%)        318M (31%)    
[2024-03-20T08:55:49.340-0700][3.513s][info][gc,heap     ] GC(33)      Live:         -                15M (2%)           15M (2%)           15M (2%)             -                  -          
[2024-03-20T08:55:49.340-0700][3.513s][info][gc,heap     ] GC(33) Allocated:         -               274M (27%)         288M (28%)         299M (29%)            -                  -          
[2024-03-20T08:55:49.340-0700][3.513s][info][gc,heap     ] GC(33)   Garbage:         -               734M (72%)         150M (15%)           4M (0%)             -                  -          
[2024-03-20T08:55:49.340-0700][3.513s][info][gc,heap     ] GC(33) Reclaimed:         -                  -               584M (57%)         729M (71%)            -                  -          
[2024-03-20T08:55:49.340-0700][3.513s][info][gc          ] GC(33) Garbage Collection (Allocation Stall) 750M(73%)->320M(31%)
[2024-03-20T08:55:49.398-0700][3.571s][info][gc,start    ] GC(34) Garbage Collection (Allocation Stall)
[2024-03-20T08:55:49.398-0700][3.571s][info][gc,ref      ] GC(34) Clearing All SoftReferences
[2024-03-20T08:55:49.398-0700][3.571s][info][gc,task     ] GC(34) Using 1 workers
[2024-03-20T08:55:49.398-0700][3.571s][info][gc,ref      ] GC(34) Clearing All SoftReferences
[2024-03-20T08:55:49.398-0700][3.571s][info][gc,phases   ] GC(34) Pause Mark Start 0.015ms
[2024-03-20T08:55:49.434-0700][3.608s][info][gc,phases   ] GC(34) Concurrent Mark 36.435ms
[2024-03-20T08:55:49.434-0700][3.608s][info][gc,phases   ] GC(34) Pause Mark End 0.009ms
[2024-03-20T08:55:49.434-0700][3.608s][info][gc,phases   ] GC(34) Concurrent Mark Free 0.000ms
[2024-03-20T08:55:49.435-0700][3.608s][info][gc,phases   ] GC(34) Concurrent Process Non-Strong References 0.348ms
[2024-03-20T08:55:49.435-0700][3.608s][info][gc,phases   ] GC(34) Concurrent Reset Relocation Set 0.004ms
[2024-03-20T08:55:49.435-0700][3.608s][info][gc          ] Allocation Stall (main) 13.630ms
[2024-03-20T08:55:49.437-0700][3.610s][info][gc,phases   ] GC(34) Concurrent Select Relocation Set 1.837ms
[2024-03-20T08:55:49.437-0700][3.610s][info][gc,phases   ] GC(34) Pause Relocate Start 0.007ms
[2024-03-20T08:55:49.439-0700][3.612s][info][gc,phases   ] GC(34) Concurrent Relocate 1.909ms
[2024-03-20T08:55:49.439-0700][3.612s][info][gc,load     ] GC(34) Load: 9.27/8.79/8.18
[2024-03-20T08:55:49.439-0700][3.612s][info][gc,mmu      ] GC(34) MMU: 2ms/95.8%, 5ms/98.1%, 10ms/99.1%, 20ms/99.5%, 50ms/99.8%, 100ms/99.9%
[2024-03-20T08:55:49.439-0700][3.612s][info][gc,marking  ] GC(34) Mark: 1 stripe(s), 2 proactive flush(es), 1 terminate flush(es), 0 completion(s), 0 continuation(s) 
[2024-03-20T08:55:49.439-0700][3.612s][info][gc,marking  ] GC(34) Mark Stack Usage: 32M
[2024-03-20T08:55:49.439-0700][3.612s][info][gc,nmethod  ] GC(34) NMethods: 178 registered, 20 unregistered
[2024-03-20T08:55:49.439-0700][3.612s][info][gc,metaspace] GC(34) Metaspace: 0M used, 0M committed, 1088M reserved
[2024-03-20T08:55:49.439-0700][3.612s][info][gc,ref      ] GC(34) Soft: 47 encountered, 32 discovered, 0 enqueued
[2024-03-20T08:55:49.439-0700][3.612s][info][gc,ref      ] GC(34) Weak: 140 encountered, 108 discovered, 0 enqueued
[2024-03-20T08:55:49.439-0700][3.612s][info][gc,ref      ] GC(34) Final: 0 encountered, 0 discovered, 0 enqueued
[2024-03-20T08:55:49.439-0700][3.612s][info][gc,ref      ] GC(34) Phantom: 1 encountered, 0 discovered, 0 enqueued
[2024-03-20T08:55:49.439-0700][3.612s][info][gc,reloc    ] GC(34) Small Pages: 412 / 824M, Empty: 640M, Relocated: 2M, In-Place: 0
[2024-03-20T08:55:49.439-0700][3.612s][info][gc,reloc    ] GC(34) Medium Pages: 0 / 0M, Empty: 0M, Relocated: 0M, In-Place: 0
[2024-03-20T08:55:49.439-0700][3.612s][info][gc,reloc    ] GC(34) Large Pages: 0 / 0M, Empty: 0M, Relocated: 0M, In-Place: 0
[2024-03-20T08:55:49.439-0700][3.612s][info][gc,reloc    ] GC(34) Forwarding Usage: 1M
[2024-03-20T08:55:49.439-0700][3.612s][info][gc,heap     ] GC(34) Min Capacity: 8M(1%)
[2024-03-20T08:55:49.439-0700][3.612s][info][gc,heap     ] GC(34) Max Capacity: 1024M(100%)
[2024-03-20T08:55:49.439-0700][3.612s][info][gc,heap     ] GC(34) Soft Max Capacity: 1024M(100%)
[2024-03-20T08:55:49.439-0700][3.612s][info][gc,heap     ] GC(34)                Mark Start          Mark End        Relocate Start      Relocate End           High               Low         
[2024-03-20T08:55:49.439-0700][3.612s][info][gc,heap     ] GC(34)  Capacity:     1024M (100%)       1024M (100%)       1024M (100%)       1024M (100%)       1024M (100%)       1024M (100%)   
[2024-03-20T08:55:49.439-0700][3.612s][info][gc,heap     ] GC(34)      Free:      200M (20%)           0M (0%)          626M (61%)         774M (76%)         776M (76%)           0M (0%)     
[2024-03-20T08:55:49.439-0700][3.612s][info][gc,heap     ] GC(34)      Used:      824M (80%)        1024M (100%)        398M (39%)         250M (24%)        1024M (100%)        248M (24%)    
[2024-03-20T08:55:49.439-0700][3.612s][info][gc,heap     ] GC(34)      Live:         -                15M (2%)           15M (2%)           15M (2%)             -                  -          
[2024-03-20T08:55:49.439-0700][3.612s][info][gc,heap     ] GC(34) Allocated:         -               200M (20%)         214M (21%)         229M (22%)            -                  -          
[2024-03-20T08:55:49.439-0700][3.612s][info][gc,heap     ] GC(34)   Garbage:         -               808M (79%)         168M (16%)           4M (0%)             -                  -          
[2024-03-20T08:55:49.439-0700][3.612s][info][gc,heap     ] GC(34) Reclaimed:         -                  -               640M (62%)         803M (79%)            -                  -          
[2024-03-20T08:55:49.439-0700][3.612s][info][gc          ] GC(34) Garbage Collection (Allocation Stall) 824M(80%)->250M(24%)
[2024-03-20T08:55:49.495-0700][3.668s][info][gc,start    ] GC(35) Garbage Collection (Allocation Stall)
[2024-03-20T08:55:49.495-0700][3.668s][info][gc,ref      ] GC(35) Clearing All SoftReferences
[2024-03-20T08:55:49.495-0700][3.668s][info][gc,task     ] GC(35) Using 1 workers
[2024-03-20T08:55:49.495-0700][3.668s][info][gc,ref      ] GC(35) Clearing All SoftReferences
[2024-03-20T08:55:49.495-0700][3.668s][info][gc,phases   ] GC(35) Pause Mark Start 0.017ms
[2024-03-20T08:55:49.535-0700][3.709s][info][gc,phases   ] GC(35) Concurrent Mark 40.509ms
[2024-03-20T08:55:49.535-0700][3.709s][info][gc,phases   ] GC(35) Pause Mark End 0.008ms
[2024-03-20T08:55:49.535-0700][3.709s][info][gc,phases   ] GC(35) Concurrent Mark Free 0.000ms
[2024-03-20T08:55:49.536-0700][3.709s][info][gc,phases   ] GC(35) Concurrent Process Non-Strong References 0.344ms
[2024-03-20T08:55:49.536-0700][3.709s][info][gc,phases   ] GC(35) Concurrent Reset Relocation Set 0.004ms
[2024-03-20T08:55:49.536-0700][3.709s][info][gc          ] Allocation Stall (main) 9.097ms
[2024-03-20T08:55:49.538-0700][3.711s][info][gc,phases   ] GC(35) Concurrent Select Relocation Set 1.815ms
[2024-03-20T08:55:49.538-0700][3.711s][info][gc,phases   ] GC(35) Pause Relocate Start 0.006ms
[2024-03-20T08:55:49.539-0700][3.713s][info][gc,phases   ] GC(35) Concurrent Relocate 1.796ms
[2024-03-20T08:55:49.539-0700][3.713s][info][gc,load     ] GC(35) Load: 9.27/8.79/8.18
[2024-03-20T08:55:49.539-0700][3.713s][info][gc,mmu      ] GC(35) MMU: 2ms/95.8%, 5ms/98.1%, 10ms/99.1%, 20ms/99.5%, 50ms/99.8%, 100ms/99.9%
[2024-03-20T08:55:49.539-0700][3.713s][info][gc,marking  ] GC(35) Mark: 1 stripe(s), 2 proactive flush(es), 1 terminate flush(es), 0 completion(s), 0 continuation(s) 
[2024-03-20T08:55:49.539-0700][3.713s][info][gc,marking  ] GC(35) Mark Stack Usage: 32M
[2024-03-20T08:55:49.539-0700][3.713s][info][gc,nmethod  ] GC(35) NMethods: 178 registered, 20 unregistered
[2024-03-20T08:55:49.539-0700][3.713s][info][gc,metaspace] GC(35) Metaspace: 0M used, 0M committed, 1088M reserved
[2024-03-20T08:55:49.539-0700][3.713s][info][gc,ref      ] GC(35) Soft: 47 encountered, 32 discovered, 0 enqueued
[2024-03-20T08:55:49.540-0700][3.713s][info][gc,ref      ] GC(35) Weak: 140 encountered, 108 discovered, 0 enqueued
[2024-03-20T08:55:49.540-0700][3.713s][info][gc,ref      ] GC(35) Final: 0 encountered, 0 discovered, 0 enqueued
[2024-03-20T08:55:49.540-0700][3.713s][info][gc,ref      ] GC(35) Phantom: 1 encountered, 0 discovered, 0 enqueued
[2024-03-20T08:55:49.540-0700][3.713s][info][gc,reloc    ] GC(35) Small Pages: 373 / 746M, Empty: 580M, Relocated: 2M, In-Place: 0
[2024-03-20T08:55:49.540-0700][3.713s][info][gc,reloc    ] GC(35) Medium Pages: 0 / 0M, Empty: 0M, Relocated: 0M, In-Place: 0
[2024-03-20T08:55:49.540-0700][3.713s][info][gc,reloc    ] GC(35) Large Pages: 0 / 0M, Empty: 0M, Relocated: 0M, In-Place: 0
[2024-03-20T08:55:49.540-0700][3.713s][info][gc,reloc    ] GC(35) Forwarding Usage: 1M
[2024-03-20T08:55:49.540-0700][3.713s][info][gc,heap     ] GC(35) Min Capacity: 8M(1%)
[2024-03-20T08:55:49.540-0700][3.713s][info][gc,heap     ] GC(35) Max Capacity: 1024M(100%)
[2024-03-20T08:55:49.540-0700][3.713s][info][gc,heap     ] GC(35) Soft Max Capacity: 1024M(100%)
[2024-03-20T08:55:49.540-0700][3.713s][info][gc,heap     ] GC(35)                Mark Start          Mark End        Relocate Start      Relocate End           High               Low         
[2024-03-20T08:55:49.540-0700][3.713s][info][gc,heap     ] GC(35)  Capacity:     1024M (100%)       1024M (100%)       1024M (100%)       1024M (100%)       1024M (100%)       1024M (100%)   
[2024-03-20T08:55:49.540-0700][3.713s][info][gc,heap     ] GC(35)      Free:      278M (27%)           0M (0%)          566M (55%)         698M (68%)         700M (68%)           0M (0%)     
[2024-03-20T08:55:49.540-0700][3.713s][info][gc,heap     ] GC(35)      Used:      746M (73%)        1024M (100%)        458M (45%)         326M (32%)        1024M (100%)        324M (32%)    
[2024-03-20T08:55:49.540-0700][3.713s][info][gc,heap     ] GC(35)      Live:         -                15M (2%)           15M (2%)           15M (2%)             -                  -          
[2024-03-20T08:55:49.540-0700][3.713s][info][gc,heap     ] GC(35) Allocated:         -               278M (27%)         292M (29%)         305M (30%)            -                  -          
[2024-03-20T08:55:49.540-0700][3.713s][info][gc,heap     ] GC(35)   Garbage:         -               730M (71%)         150M (15%)           4M (0%)             -                  -          
[2024-03-20T08:55:49.540-0700][3.713s][info][gc,heap     ] GC(35) Reclaimed:         -                  -               580M (57%)         725M (71%)            -                  -          
[2024-03-20T08:55:49.540-0700][3.713s][info][gc          ] GC(35) Garbage Collection (Allocation Stall) 746M(73%)->326M(32%)
[2024-03-20T08:55:49.599-0700][3.772s][info][gc,start    ] GC(36) Garbage Collection (Allocation Stall)
[2024-03-20T08:55:49.599-0700][3.772s][info][gc,ref      ] GC(36) Clearing All SoftReferences
[2024-03-20T08:55:49.599-0700][3.772s][info][gc,task     ] GC(36) Using 1 workers
[2024-03-20T08:55:49.599-0700][3.772s][info][gc,ref      ] GC(36) Clearing All SoftReferences
[2024-03-20T08:55:49.599-0700][3.772s][info][gc,phases   ] GC(36) Pause Mark Start 0.011ms
[2024-03-20T08:55:49.639-0700][3.812s][info][gc,phases   ] GC(36) Concurrent Mark 39.969ms
[2024-03-20T08:55:49.639-0700][3.812s][info][gc,phases   ] GC(36) Pause Mark End 0.009ms
[2024-03-20T08:55:49.639-0700][3.812s][info][gc,phases   ] GC(36) Concurrent Mark Free 0.001ms
[2024-03-20T08:55:49.639-0700][3.813s][info][gc,phases   ] GC(36) Concurrent Process Non-Strong References 0.341ms
[2024-03-20T08:55:49.639-0700][3.813s][info][gc,phases   ] GC(36) Concurrent Reset Relocation Set 0.004ms
[2024-03-20T08:55:49.639-0700][3.813s][info][gc          ] Allocation Stall (main) 17.033ms
[2024-03-20T08:55:49.641-0700][3.814s][info][gc,phases   ] GC(36) Concurrent Select Relocation Set 1.870ms
[2024-03-20T08:55:49.641-0700][3.815s][info][gc,phases   ] GC(36) Pause Relocate Start 0.042ms
[2024-03-20T08:55:49.643-0700][3.817s][info][gc,phases   ] GC(36) Concurrent Relocate 1.873ms
[2024-03-20T08:55:49.643-0700][3.817s][info][gc,load     ] GC(36) Load: 9.27/8.79/8.18
[2024-03-20T08:55:49.643-0700][3.817s][info][gc,mmu      ] GC(36) MMU: 2ms/95.8%, 5ms/98.1%, 10ms/99.1%, 20ms/99.5%, 50ms/99.8%, 100ms/99.9%
[2024-03-20T08:55:49.643-0700][3.817s][info][gc,marking  ] GC(36) Mark: 1 stripe(s), 2 proactive flush(es), 1 terminate flush(es), 0 completion(s), 0 continuation(s) 
[2024-03-20T08:55:49.643-0700][3.817s][info][gc,marking  ] GC(36) Mark Stack Usage: 32M
[2024-03-20T08:55:49.643-0700][3.817s][info][gc,nmethod  ] GC(36) NMethods: 178 registered, 20 unregistered
[2024-03-20T08:55:49.643-0700][3.817s][info][gc,metaspace] GC(36) Metaspace: 0M used, 0M committed, 1088M reserved
[2024-03-20T08:55:49.643-0700][3.817s][info][gc,ref      ] GC(36) Soft: 47 encountered, 32 discovered, 0 enqueued
[2024-03-20T08:55:49.643-0700][3.817s][info][gc,ref      ] GC(36) Weak: 140 encountered, 108 discovered, 0 enqueued
[2024-03-20T08:55:49.643-0700][3.817s][info][gc,ref      ] GC(36) Final: 0 encountered, 0 discovered, 0 enqueued
[2024-03-20T08:55:49.643-0700][3.817s][info][gc,ref      ] GC(36) Phantom: 1 encountered, 0 discovered, 0 enqueued
[2024-03-20T08:55:49.643-0700][3.817s][info][gc,reloc    ] GC(36) Small Pages: 421 / 842M, Empty: 674M, Relocated: 2M, In-Place: 0
[2024-03-20T08:55:49.643-0700][3.817s][info][gc,reloc    ] GC(36) Medium Pages: 0 / 0M, Empty: 0M, Relocated: 0M, In-Place: 0
[2024-03-20T08:55:49.643-0700][3.817s][info][gc,reloc    ] GC(36) Large Pages: 0 / 0M, Empty: 0M, Relocated: 0M, In-Place: 0
[2024-03-20T08:55:49.643-0700][3.817s][info][gc,reloc    ] GC(36) Forwarding Usage: 1M
[2024-03-20T08:55:49.643-0700][3.817s][info][gc,heap     ] GC(36) Min Capacity: 8M(1%)
[2024-03-20T08:55:49.643-0700][3.817s][info][gc,heap     ] GC(36) Max Capacity: 1024M(100%)
[2024-03-20T08:55:49.643-0700][3.817s][info][gc,heap     ] GC(36) Soft Max Capacity: 1024M(100%)
[2024-03-20T08:55:49.643-0700][3.817s][info][gc,heap     ] GC(36)                Mark Start          Mark End        Relocate Start      Relocate End           High               Low         
[2024-03-20T08:55:49.643-0700][3.817s][info][gc,heap     ] GC(36)  Capacity:     1024M (100%)       1024M (100%)       1024M (100%)       1024M (100%)       1024M (100%)       1024M (100%)   
[2024-03-20T08:55:49.643-0700][3.817s][info][gc,heap     ] GC(36)      Free:      182M (18%)           0M (0%)          664M (65%)         796M (78%)         800M (78%)           0M (0%)     
[2024-03-20T08:55:49.643-0700][3.817s][info][gc,heap     ] GC(36)      Used:      842M (82%)        1024M (100%)        360M (35%)         228M (22%)        1024M (100%)        224M (22%)    
[2024-03-20T08:55:49.643-0700][3.817s][info][gc,heap     ] GC(36)      Live:         -                15M (2%)           15M (2%)           15M (2%)             -                  -          
[2024-03-20T08:55:49.643-0700][3.817s][info][gc,heap     ] GC(36) Allocated:         -               182M (18%)         192M (19%)         207M (20%)            -                  -          
[2024-03-20T08:55:49.643-0700][3.817s][info][gc,heap     ] GC(36)   Garbage:         -               826M (81%)         152M (15%)           4M (0%)             -                  -          
[2024-03-20T08:55:49.643-0700][3.817s][info][gc,heap     ] GC(36) Reclaimed:         -                  -               674M (66%)         821M (80%)            -                  -          
[2024-03-20T08:55:49.643-0700][3.817s][info][gc          ] GC(36) Garbage Collection (Allocation Stall) 842M(82%)->228M(22%)
[2024-03-20T08:55:49.698-0700][3.871s][info][gc,start    ] GC(37) Garbage Collection (Allocation Stall)
[2024-03-20T08:55:49.698-0700][3.871s][info][gc,ref      ] GC(37) Clearing All SoftReferences
[2024-03-20T08:55:49.698-0700][3.871s][info][gc,task     ] GC(37) Using 1 workers
[2024-03-20T08:55:49.698-0700][3.871s][info][gc,ref      ] GC(37) Clearing All SoftReferences
[2024-03-20T08:55:49.698-0700][3.871s][info][gc,phases   ] GC(37) Pause Mark Start 0.012ms
[2024-03-20T08:55:49.738-0700][3.911s][info][gc,phases   ] GC(37) Concurrent Mark 39.999ms
[2024-03-20T08:55:49.738-0700][3.911s][info][gc,phases   ] GC(37) Pause Mark End 0.009ms
[2024-03-20T08:55:49.738-0700][3.911s][info][gc,phases   ] GC(37) Concurrent Mark Free 0.000ms
[2024-03-20T08:55:49.738-0700][3.912s][info][gc,phases   ] GC(37) Concurrent Process Non-Strong References 0.355ms
[2024-03-20T08:55:49.738-0700][3.912s][info][gc,phases   ] GC(37) Concurrent Reset Relocation Set 0.004ms
[2024-03-20T08:55:49.738-0700][3.912s][info][gc          ] Allocation Stall (main) 2.961ms
[2024-03-20T08:55:49.740-0700][3.914s][info][gc,phases   ] GC(37) Concurrent Select Relocation Set 1.897ms
[2024-03-20T08:55:49.740-0700][3.914s][info][gc,phases   ] GC(37) Pause Relocate Start 0.006ms
[2024-03-20T08:55:49.742-0700][3.916s][info][gc,phases   ] GC(37) Concurrent Relocate 1.829ms
[2024-03-20T08:55:49.742-0700][3.916s][info][gc,load     ] GC(37) Load: 9.27/8.79/8.18
[2024-03-20T08:55:49.742-0700][3.916s][info][gc,mmu      ] GC(37) MMU: 2ms/95.8%, 5ms/98.1%, 10ms/99.1%, 20ms/99.5%, 50ms/99.8%, 100ms/99.9%
[2024-03-20T08:55:49.742-0700][3.916s][info][gc,marking  ] GC(37) Mark: 1 stripe(s), 2 proactive flush(es), 1 terminate flush(es), 0 completion(s), 0 continuation(s) 
[2024-03-20T08:55:49.742-0700][3.916s][info][gc,marking  ] GC(37) Mark Stack Usage: 32M
[2024-03-20T08:55:49.742-0700][3.916s][info][gc,nmethod  ] GC(37) NMethods: 178 registered, 20 unregistered
[2024-03-20T08:55:49.742-0700][3.916s][info][gc,metaspace] GC(37) Metaspace: 0M used, 0M committed, 1088M reserved
[2024-03-20T08:55:49.742-0700][3.916s][info][gc,ref      ] GC(37) Soft: 47 encountered, 32 discovered, 0 enqueued
[2024-03-20T08:55:49.742-0700][3.916s][info][gc,ref      ] GC(37) Weak: 140 encountered, 108 discovered, 0 enqueued
[2024-03-20T08:55:49.742-0700][3.916s][info][gc,ref      ] GC(37) Final: 0 encountered, 0 discovered, 0 enqueued
[2024-03-20T08:55:49.742-0700][3.916s][info][gc,ref      ] GC(37) Phantom: 1 encountered, 0 discovered, 0 enqueued
[2024-03-20T08:55:49.742-0700][3.916s][info][gc,reloc    ] GC(37) Small Pages: 352 / 704M, Empty: 530M, Relocated: 2M, In-Place: 0
[2024-03-20T08:55:49.742-0700][3.916s][info][gc,reloc    ] GC(37) Medium Pages: 0 / 0M, Empty: 0M, Relocated: 0M, In-Place: 0
[2024-03-20T08:55:49.742-0700][3.916s][info][gc,reloc    ] GC(37) Large Pages: 0 / 0M, Empty: 0M, Relocated: 0M, In-Place: 0
[2024-03-20T08:55:49.742-0700][3.916s][info][gc,reloc    ] GC(37) Forwarding Usage: 1M
[2024-03-20T08:55:49.742-0700][3.916s][info][gc,heap     ] GC(37) Min Capacity: 8M(1%)
[2024-03-20T08:55:49.742-0700][3.916s][info][gc,heap     ] GC(37) Max Capacity: 1024M(100%)
[2024-03-20T08:55:49.742-0700][3.916s][info][gc,heap     ] GC(37) Soft Max Capacity: 1024M(100%)
[2024-03-20T08:55:49.742-0700][3.916s][info][gc,heap     ] GC(37)                Mark Start          Mark End        Relocate Start      Relocate End           High               Low         
[2024-03-20T08:55:49.742-0700][3.916s][info][gc,heap     ] GC(37)  Capacity:     1024M (100%)       1024M (100%)       1024M (100%)       1024M (100%)       1024M (100%)       1024M (100%)   
[2024-03-20T08:55:49.742-0700][3.916s][info][gc,heap     ] GC(37)      Free:      320M (31%)           0M (0%)          520M (51%)         660M (64%)         662M (65%)           0M (0%)     
[2024-03-20T08:55:49.742-0700][3.916s][info][gc,heap     ] GC(37)      Used:      704M (69%)        1024M (100%)        504M (49%)         364M (36%)        1024M (100%)        362M (35%)    
[2024-03-20T08:55:49.742-0700][3.916s][info][gc,heap     ] GC(37)      Live:         -                15M (2%)           15M (2%)           15M (2%)             -                  -          
[2024-03-20T08:55:49.742-0700][3.916s][info][gc,heap     ] GC(37) Allocated:         -               320M (31%)         330M (32%)         343M (34%)            -                  -          
[2024-03-20T08:55:49.742-0700][3.916s][info][gc,heap     ] GC(37)   Garbage:         -               688M (67%)         158M (15%)           4M (0%)             -                  -          
[2024-03-20T08:55:49.742-0700][3.916s][info][gc,heap     ] GC(37) Reclaimed:         -                  -               530M (52%)         683M (67%)            -                  -          
[2024-03-20T08:55:49.742-0700][3.916s][info][gc          ] GC(37) Garbage Collection (Allocation Stall) 704M(69%)->364M(36%)
[2024-03-20T08:55:49.798-0700][3.971s][info][gc,start    ] GC(38) Garbage Collection (Allocation Stall)
[2024-03-20T08:55:49.798-0700][3.971s][info][gc,ref      ] GC(38) Clearing All SoftReferences
[2024-03-20T08:55:49.798-0700][3.971s][info][gc,task     ] GC(38) Using 1 workers
[2024-03-20T08:55:49.798-0700][3.971s][info][gc,ref      ] GC(38) Clearing All SoftReferences
[2024-03-20T08:55:49.798-0700][3.971s][info][gc,phases   ] GC(38) Pause Mark Start 0.021ms
[2024-03-20T08:55:49.837-0700][4.011s][info][gc,phases   ] GC(38) Concurrent Mark 39.634ms
[2024-03-20T08:55:49.837-0700][4.011s][info][gc,phases   ] GC(38) Pause Mark End 0.009ms
[2024-03-20T08:55:49.838-0700][4.011s][info][gc,phases   ] GC(38) Concurrent Mark Free 0.001ms
[2024-03-20T08:55:49.838-0700][4.011s][info][gc,phases   ] GC(38) Concurrent Process Non-Strong References 0.397ms
[2024-03-20T08:55:49.838-0700][4.011s][info][gc,phases   ] GC(38) Concurrent Reset Relocation Set 0.007ms
[2024-03-20T08:55:49.838-0700][4.011s][info][gc          ] Allocation Stall (main) 19.452ms
[2024-03-20T08:55:49.840-0700][4.013s][info][gc,phases   ] GC(38) Concurrent Select Relocation Set 1.938ms
[2024-03-20T08:55:49.840-0700][4.014s][info][gc,phases   ] GC(38) Pause Relocate Start 0.008ms
[2024-03-20T08:55:49.843-0700][4.016s][info][gc,phases   ] GC(38) Concurrent Relocate 2.172ms
[2024-03-20T08:55:49.843-0700][4.016s][info][gc,load     ] GC(38) Load: 9.27/8.79/8.18
[2024-03-20T08:55:49.843-0700][4.016s][info][gc,mmu      ] GC(38) MMU: 2ms/95.8%, 5ms/98.1%, 10ms/99.1%, 20ms/99.5%, 50ms/99.8%, 100ms/99.9%
[2024-03-20T08:55:49.843-0700][4.016s][info][gc,marking  ] GC(38) Mark: 1 stripe(s), 2 proactive flush(es), 1 terminate flush(es), 0 completion(s), 0 continuation(s) 
[2024-03-20T08:55:49.843-0700][4.016s][info][gc,marking  ] GC(38) Mark Stack Usage: 32M
[2024-03-20T08:55:49.843-0700][4.016s][info][gc,nmethod  ] GC(38) NMethods: 178 registered, 20 unregistered
[2024-03-20T08:55:49.843-0700][4.016s][info][gc,metaspace] GC(38) Metaspace: 0M used, 0M committed, 1088M reserved
[2024-03-20T08:55:49.843-0700][4.016s][info][gc,ref      ] GC(38) Soft: 47 encountered, 32 discovered, 0 enqueued
[2024-03-20T08:55:49.843-0700][4.016s][info][gc,ref      ] GC(38) Weak: 140 encountered, 108 discovered, 0 enqueued
[2024-03-20T08:55:49.843-0700][4.016s][info][gc,ref      ] GC(38) Final: 0 encountered, 0 discovered, 0 enqueued
[2024-03-20T08:55:49.843-0700][4.016s][info][gc,ref      ] GC(38) Phantom: 1 encountered, 0 discovered, 0 enqueued
[2024-03-20T08:55:49.843-0700][4.016s][info][gc,reloc    ] GC(38) Small Pages: 425 / 850M, Empty: 692M, Relocated: 2M, In-Place: 0
[2024-03-20T08:55:49.843-0700][4.016s][info][gc,reloc    ] GC(38) Medium Pages: 0 / 0M, Empty: 0M, Relocated: 0M, In-Place: 0
[2024-03-20T08:55:49.843-0700][4.016s][info][gc,reloc    ] GC(38) Large Pages: 0 / 0M, Empty: 0M, Relocated: 0M, In-Place: 0
[2024-03-20T08:55:49.843-0700][4.016s][info][gc,reloc    ] GC(38) Forwarding Usage: 1M
[2024-03-20T08:55:49.843-0700][4.016s][info][gc,heap     ] GC(38) Min Capacity: 8M(1%)
[2024-03-20T08:55:49.843-0700][4.016s][info][gc,heap     ] GC(38) Max Capacity: 1024M(100%)
[2024-03-20T08:55:49.843-0700][4.016s][info][gc,heap     ] GC(38) Soft Max Capacity: 1024M(100%)
[2024-03-20T08:55:49.843-0700][4.016s][info][gc,heap     ] GC(38)                Mark Start          Mark End        Relocate Start      Relocate End           High               Low         
[2024-03-20T08:55:49.843-0700][4.016s][info][gc,heap     ] GC(38)  Capacity:     1024M (100%)       1024M (100%)       1024M (100%)       1024M (100%)       1024M (100%)       1024M (100%)   
[2024-03-20T08:55:49.843-0700][4.016s][info][gc,heap     ] GC(38)      Free:      174M (17%)           0M (0%)          684M (67%)         804M (79%)         806M (79%)           0M (0%)     
[2024-03-20T08:55:49.843-0700][4.016s][info][gc,heap     ] GC(38)      Used:      850M (83%)        1024M (100%)        340M (33%)         220M (21%)        1024M (100%)        218M (21%)    
[2024-03-20T08:55:49.843-0700][4.016s][info][gc,heap     ] GC(38)      Live:         -                15M (2%)           15M (2%)           15M (2%)             -                  -          
[2024-03-20T08:55:49.843-0700][4.016s][info][gc,heap     ] GC(38) Allocated:         -               174M (17%)         182M (18%)         199M (20%)            -                  -          
[2024-03-20T08:55:49.843-0700][4.016s][info][gc,heap     ] GC(38)   Garbage:         -               834M (81%)         142M (14%)           4M (0%)             -                  -          
[2024-03-20T08:55:49.843-0700][4.016s][info][gc,heap     ] GC(38) Reclaimed:         -                  -               692M (68%)         829M (81%)            -                  -          
[2024-03-20T08:55:49.843-0700][4.016s][info][gc          ] GC(38) Garbage Collection (Allocation Stall) 850M(83%)->220M(21%)
[2024-03-20T08:55:49.898-0700][4.071s][info][gc,start    ] GC(39) Garbage Collection (Allocation Stall)
[2024-03-20T08:55:49.898-0700][4.071s][info][gc,ref      ] GC(39) Clearing All SoftReferences
[2024-03-20T08:55:49.898-0700][4.071s][info][gc,task     ] GC(39) Using 1 workers
[2024-03-20T08:55:49.898-0700][4.071s][info][gc,ref      ] GC(39) Clearing All SoftReferences
[2024-03-20T08:55:49.898-0700][4.071s][info][gc,phases   ] GC(39) Pause Mark Start 0.011ms
[2024-03-20T08:55:49.898-0700][4.072s][info][gc,stats    ] === Garbage Collection Statistics =======================================================================================================================
[2024-03-20T08:55:49.898-0700][4.072s][info][gc,stats    ]                                                              Last 10s              Last 10m              Last 10h                Total
[2024-03-20T08:55:49.898-0700][4.072s][info][gc,stats    ]                                                              Avg / Max             Avg / Max             Avg / Max             Avg / Max
[2024-03-20T08:55:49.898-0700][4.072s][info][gc,stats    ]   Collector: Garbage Collection Cycle                     41.060 / 63.100       41.060 / 63.100       41.060 / 63.100       41.060 / 63.100      ms
[2024-03-20T08:55:49.898-0700][4.072s][info][gc,stats    ]  Contention: Mark Segment Reset Contention                     0 / 0                 0 / 0                 0 / 0                 0 / 0           ops/s
[2024-03-20T08:55:49.898-0700][4.072s][info][gc,stats    ]  Contention: Mark SeqNum Reset Contention                      0 / 0                 0 / 0                 0 / 0                 0 / 0           ops/s
[2024-03-20T08:55:49.898-0700][4.072s][info][gc,stats    ]    Critical: Allocation Stall                                  5 / 9                 5 / 9                 5 / 9                 5 / 9           ops/s
[2024-03-20T08:55:49.898-0700][4.072s][info][gc,stats    ]    Critical: Allocation Stall                              9.886 / 19.452        9.886 / 19.452        9.886 / 19.452        9.886 / 19.452      ms
[2024-03-20T08:55:49.898-0700][4.072s][info][gc,stats    ]    Critical: GC Locker Stall                                   0 / 0                 0 / 0                 0 / 0                 0 / 0           ops/s
[2024-03-20T08:55:49.898-0700][4.072s][info][gc,stats    ]    Critical: GC Locker Stall                               0.000 / 0.000         0.000 / 0.000         0.000 / 0.000         0.000 / 0.000       ms
[2024-03-20T08:55:49.898-0700][4.072s][info][gc,stats    ]    Critical: Relocation Stall                                  0 / 0                 0 / 0                 0 / 0                 0 / 0           ops/s
[2024-03-20T08:55:49.898-0700][4.072s][info][gc,stats    ]    Critical: Relocation Stall                              0.000 / 0.000         0.000 / 0.000         0.000 / 0.000         0.000 / 0.000       ms
[2024-03-20T08:55:49.898-0700][4.072s][info][gc,stats    ]      Memory: Allocation Rate                                7033 / 7582           7033 / 7582           7033 / 7582           7033 / 7582        MB/s
[2024-03-20T08:55:49.898-0700][4.072s][info][gc,stats    ]      Memory: Defragment                                        0 / 0                 0 / 0                 0 / 0                 0 / 0           ops/s
[2024-03-20T08:55:49.898-0700][4.072s][info][gc,stats    ]      Memory: Out Of Memory                                     0 / 0                 0 / 0                 0 / 0                 0 / 0           ops/s
[2024-03-20T08:55:49.898-0700][4.072s][info][gc,stats    ]      Memory: Page Cache Flush                                  0 / 0                 0 / 0                 0 / 0                 0 / 0           MB/s
[2024-03-20T08:55:49.898-0700][4.072s][info][gc,stats    ]      Memory: Page Cache Hit L1                              3408 / 3805           3408 / 3805           3408 / 3805           3408 / 3805        ops/s
[2024-03-20T08:55:49.898-0700][4.072s][info][gc,stats    ]      Memory: Page Cache Hit L2                                 0 / 0                 0 / 0                 0 / 0                 0 / 0           ops/s
[2024-03-20T08:55:49.898-0700][4.072s][info][gc,stats    ]      Memory: Page Cache Hit L3                                63 / 255              63 / 255              63 / 255              63 / 255         ops/s
[2024-03-20T08:55:49.898-0700][4.072s][info][gc,stats    ]      Memory: Page Cache Miss                                  64 / 202              64 / 202              64 / 202              64 / 202         ops/s
[2024-03-20T08:55:49.898-0700][4.072s][info][gc,stats    ]      Memory: Uncommit                                          0 / 0                 0 / 0                 0 / 0                 0 / 0           MB/s
[2024-03-20T08:55:49.898-0700][4.072s][info][gc,stats    ]      Memory: Undo Object Allocation Failed                     0 / 1                 0 / 1                 0 / 1                 0 / 1           ops/s
[2024-03-20T08:55:49.898-0700][4.072s][info][gc,stats    ]      Memory: Undo Object Allocation Succeeded                  0 / 2                 0 / 2                 0 / 2                 0 / 2           ops/s
[2024-03-20T08:55:49.898-0700][4.072s][info][gc,stats    ]      Memory: Undo Page Allocation                              0 / 0                 0 / 0                 0 / 0                 0 / 0           ops/s
[2024-03-20T08:55:49.898-0700][4.072s][info][gc,stats    ]       Phase: Concurrent Mark                              35.157 / 40.509       35.157 / 40.509       35.157 / 40.509       35.157 / 40.509      ms
[2024-03-20T08:55:49.898-0700][4.072s][info][gc,stats    ]       Phase: Concurrent Mark Continue                      0.000 / 0.000         0.000 / 0.000         0.000 / 0.000         0.000 / 0.000       ms
[2024-03-20T08:55:49.898-0700][4.072s][info][gc,stats    ]       Phase: Concurrent Mark Free                          0.000 / 0.001         0.000 / 0.001         0.000 / 0.001         0.000 / 0.001       ms
[2024-03-20T08:55:49.898-0700][4.072s][info][gc,stats    ]       Phase: Concurrent Process Non-Strong References      0.393 / 0.820         0.393 / 0.820         0.393 / 0.820         0.393 / 0.820       ms
[2024-03-20T08:55:49.899-0700][4.072s][info][gc,stats    ]       Phase: Concurrent Relocate                           1.992 / 3.076         1.992 / 3.076         1.992 / 3.076         1.992 / 3.076       ms
[2024-03-20T08:55:49.899-0700][4.072s][info][gc,stats    ]       Phase: Concurrent Reset Relocation Set               0.008 / 0.045         0.008 / 0.045         0.008 / 0.045         0.008 / 0.045       ms
[2024-03-20T08:55:49.899-0700][4.072s][info][gc,stats    ]       Phase: Concurrent Select Relocation Set              2.777 / 29.280        2.777 / 29.280        2.777 / 29.280        2.777 / 29.280      ms
[2024-03-20T08:55:49.899-0700][4.072s][info][gc,stats    ]       Phase: Pause Mark End                                0.009 / 0.012         0.009 / 0.012         0.009 / 0.012         0.009 / 0.012       ms
[2024-03-20T08:55:49.899-0700][4.072s][info][gc,stats    ]       Phase: Pause Mark Start                              0.009 / 0.021         0.009 / 0.021         0.009 / 0.021         0.009 / 0.021       ms
[2024-03-20T08:55:49.899-0700][4.072s][info][gc,stats    ]       Phase: Pause Relocate Start                          0.009 / 0.084         0.009 / 0.084         0.009 / 0.084         0.009 / 0.084       ms
[2024-03-20T08:55:49.899-0700][4.072s][info][gc,stats    ]    Subphase: Concurrent Classes Purge                      0.004 / 0.012         0.004 / 0.012         0.004 / 0.012         0.004 / 0.012       ms
[2024-03-20T08:55:49.899-0700][4.072s][info][gc,stats    ]    Subphase: Concurrent Classes Unlink                     0.246 / 0.671         0.246 / 0.671         0.246 / 0.671         0.246 / 0.671       ms
[2024-03-20T08:55:49.899-0700][4.072s][info][gc,stats    ]    Subphase: Concurrent Mark                              34.945 / 40.322       34.945 / 40.322       34.945 / 40.322       34.945 / 40.322      ms
[2024-03-20T08:55:49.899-0700][4.072s][info][gc,stats    ]    Subphase: Concurrent Mark Try Flush                     0.027 / 0.116         0.027 / 0.116         0.027 / 0.116         0.027 / 0.116       ms
[2024-03-20T08:55:49.899-0700][4.072s][info][gc,stats    ]    Subphase: Concurrent Mark Try Terminate                 0.009 / 0.048         0.009 / 0.048         0.009 / 0.048         0.009 / 0.048       ms
[2024-03-20T08:55:49.899-0700][4.072s][info][gc,stats    ]    Subphase: Concurrent References Enqueue                 0.000 / 0.006         0.000 / 0.006         0.000 / 0.006         0.000 / 0.006       ms
[2024-03-20T08:55:49.899-0700][4.072s][info][gc,stats    ]    Subphase: Concurrent References Process                 0.017 / 0.026         0.017 / 0.026         0.017 / 0.026         0.017 / 0.026       ms
[2024-03-20T08:55:49.899-0700][4.072s][info][gc,stats    ]    Subphase: Concurrent Roots ClassLoaderDataGraph         0.053 / 0.061         0.053 / 0.061         0.053 / 0.061         0.053 / 0.061       ms
[2024-03-20T08:55:49.899-0700][4.072s][info][gc,stats    ]    Subphase: Concurrent Roots CodeCache                    0.000 / 0.000         0.000 / 0.000         0.000 / 0.000         0.000 / 0.000       ms
[2024-03-20T08:55:49.899-0700][4.072s][info][gc,stats    ]    Subphase: Concurrent Roots JavaThreads                  0.109 / 0.220         0.109 / 0.220         0.109 / 0.220         0.109 / 0.220       ms
[2024-03-20T08:55:49.899-0700][4.072s][info][gc,stats    ]    Subphase: Concurrent Roots OopStorageSet                0.020 / 0.139         0.020 / 0.139         0.020 / 0.139         0.020 / 0.139       ms
[2024-03-20T08:55:49.899-0700][4.072s][info][gc,stats    ]    Subphase: Concurrent Weak Roots OopStorageSet           0.092 / 0.115         0.092 / 0.115         0.092 / 0.115         0.092 / 0.115       ms
[2024-03-20T08:55:49.899-0700][4.072s][info][gc,stats    ]    Subphase: Pause Mark Try Complete                       0.000 / 0.000         0.000 / 0.000         0.000 / 0.000         0.000 / 0.000       ms
[2024-03-20T08:55:49.899-0700][4.072s][info][gc,stats    ]      System: Java Threads                                     10 / 10               10 / 10               10 / 10               10 / 10          threads
[2024-03-20T08:55:49.899-0700][4.072s][info][gc,stats    ] =========================================================================================================================================================
[2024-03-20T08:55:49.940-0700][4.114s][info][gc,phases   ] GC(39) Concurrent Mark 42.591ms
[2024-03-20T08:55:49.940-0700][4.114s][info][gc,phases   ] GC(39) Pause Mark End 0.008ms
[2024-03-20T08:55:49.941-0700][4.114s][info][gc,phases   ] GC(39) Concurrent Mark Free 0.000ms
[2024-03-20T08:55:49.941-0700][4.114s][info][gc,phases   ] GC(39) Concurrent Process Non-Strong References 0.365ms
[2024-03-20T08:55:49.941-0700][4.114s][info][gc,phases   ] GC(39) Concurrent Reset Relocation Set 0.004ms
[2024-03-20T08:55:49.941-0700][4.114s][info][gc          ] Allocation Stall (main) 2.929ms
[2024-03-20T08:55:49.943-0700][4.116s][info][gc,phases   ] GC(39) Concurrent Select Relocation Set 1.838ms
[2024-03-20T08:55:49.943-0700][4.116s][info][gc,phases   ] GC(39) Pause Relocate Start 0.006ms
[2024-03-20T08:55:49.945-0700][4.118s][info][gc,phases   ] GC(39) Concurrent Relocate 1.775ms
[2024-03-20T08:55:49.945-0700][4.118s][info][gc,load     ] GC(39) Load: 9.27/8.79/8.18
[2024-03-20T08:55:49.945-0700][4.118s][info][gc,mmu      ] GC(39) MMU: 2ms/95.8%, 5ms/98.1%, 10ms/99.1%, 20ms/99.5%, 50ms/99.8%, 100ms/99.9%
[2024-03-20T08:55:49.945-0700][4.118s][info][gc,marking  ] GC(39) Mark: 1 stripe(s), 2 proactive flush(es), 1 terminate flush(es), 0 completion(s), 0 continuation(s) 
[2024-03-20T08:55:49.945-0700][4.118s][info][gc,marking  ] GC(39) Mark Stack Usage: 32M
[2024-03-20T08:55:49.945-0700][4.118s][info][gc,nmethod  ] GC(39) NMethods: 178 registered, 20 unregistered
[2024-03-20T08:55:49.945-0700][4.118s][info][gc,metaspace] GC(39) Metaspace: 0M used, 0M committed, 1088M reserved
[2024-03-20T08:55:49.945-0700][4.118s][info][gc,ref      ] GC(39) Soft: 47 encountered, 32 discovered, 0 enqueued
[2024-03-20T08:55:49.945-0700][4.118s][info][gc,ref      ] GC(39) Weak: 140 encountered, 108 discovered, 0 enqueued
[2024-03-20T08:55:49.945-0700][4.118s][info][gc,ref      ] GC(39) Final: 0 encountered, 0 discovered, 0 enqueued
[2024-03-20T08:55:49.945-0700][4.118s][info][gc,ref      ] GC(39) Phantom: 1 encountered, 0 discovered, 0 enqueued
[2024-03-20T08:55:49.945-0700][4.118s][info][gc,reloc    ] GC(39) Small Pages: 350 / 700M, Empty: 518M, Relocated: 2M, In-Place: 0
[2024-03-20T08:55:49.945-0700][4.118s][info][gc,reloc    ] GC(39) Medium Pages: 0 / 0M, Empty: 0M, Relocated: 0M, In-Place: 0
[2024-03-20T08:55:49.945-0700][4.118s][info][gc,reloc    ] GC(39) Large Pages: 0 / 0M, Empty: 0M, Relocated: 0M, In-Place: 0
[2024-03-20T08:55:49.945-0700][4.118s][info][gc,reloc    ] GC(39) Forwarding Usage: 1M
[2024-03-20T08:55:49.945-0700][4.118s][info][gc,heap     ] GC(39) Min Capacity: 8M(1%)
[2024-03-20T08:55:49.945-0700][4.118s][info][gc,heap     ] GC(39) Max Capacity: 1024M(100%)
[2024-03-20T08:55:49.945-0700][4.118s][info][gc,heap     ] GC(39) Soft Max Capacity: 1024M(100%)
[2024-03-20T08:55:49.945-0700][4.118s][info][gc,heap     ] GC(39)                Mark Start          Mark End        Relocate Start      Relocate End           High               Low         
[2024-03-20T08:55:49.945-0700][4.118s][info][gc,heap     ] GC(39)  Capacity:     1024M (100%)       1024M (100%)       1024M (100%)       1024M (100%)       1024M (100%)       1024M (100%)   
[2024-03-20T08:55:49.945-0700][4.118s][info][gc,heap     ] GC(39)      Free:      324M (32%)           0M (0%)          508M (50%)         656M (64%)         658M (64%)           0M (0%)     
[2024-03-20T08:55:49.945-0700][4.118s][info][gc,heap     ] GC(39)      Used:      700M (68%)        1024M (100%)        516M (50%)         368M (36%)        1024M (100%)        366M (36%)    
[2024-03-20T08:55:49.945-0700][4.118s][info][gc,heap     ] GC(39)      Live:         -                15M (2%)           15M (2%)           15M (2%)             -                  -          
[2024-03-20T08:55:49.945-0700][4.118s][info][gc,heap     ] GC(39) Allocated:         -               324M (32%)         334M (33%)         347M (34%)            -                  -          
[2024-03-20T08:55:49.945-0700][4.118s][info][gc,heap     ] GC(39)   Garbage:         -               684M (67%)         166M (16%)           4M (0%)             -                  -          
[2024-03-20T08:55:49.945-0700][4.118s][info][gc,heap     ] GC(39) Reclaimed:         -                  -               518M (51%)         679M (66%)            -                  -          
[2024-03-20T08:55:49.945-0700][4.118s][info][gc          ] GC(39) Garbage Collection (Allocation Stall) 700M(68%)->368M(36%)
[2024-03-20T08:55:49.998-0700][4.171s][info][gc,start    ] GC(40) Garbage Collection (Allocation Stall)
[2024-03-20T08:55:49.998-0700][4.171s][info][gc,ref      ] GC(40) Clearing All SoftReferences
[2024-03-20T08:55:49.998-0700][4.171s][info][gc,task     ] GC(40) Using 1 workers
[2024-03-20T08:55:49.998-0700][4.171s][info][gc,ref      ] GC(40) Clearing All SoftReferences
[2024-03-20T08:55:49.998-0700][4.171s][info][gc,phases   ] GC(40) Pause Mark Start 0.012ms
[2024-03-20T08:55:50.036-0700][4.209s][info][gc,phases   ] GC(40) Concurrent Mark 37.663ms
[2024-03-20T08:55:50.036-0700][4.209s][info][gc,phases   ] GC(40) Pause Mark End 0.008ms
[2024-03-20T08:55:50.036-0700][4.209s][info][gc,phases   ] GC(40) Concurrent Mark Free 0.000ms
[2024-03-20T08:55:50.036-0700][4.209s][info][gc,phases   ] GC(40) Concurrent Process Non-Strong References 0.340ms
[2024-03-20T08:55:50.036-0700][4.209s][info][gc,phases   ] GC(40) Concurrent Reset Relocation Set 0.005ms
[2024-03-20T08:55:50.036-0700][4.209s][info][gc          ] Allocation Stall (main) 15.521ms
[2024-03-20T08:55:50.038-0700][4.211s][info][gc,phases   ] GC(40) Concurrent Select Relocation Set 1.917ms
[2024-03-20T08:55:50.038-0700][4.211s][info][gc,phases   ] GC(40) Pause Relocate Start 0.007ms
[2024-03-20T08:55:50.040-0700][4.213s][info][gc,phases   ] GC(40) Concurrent Relocate 1.840ms
[2024-03-20T08:55:50.040-0700][4.213s][info][gc,load     ] GC(40) Load: 9.27/8.79/8.18
[2024-03-20T08:55:50.040-0700][4.213s][info][gc,mmu      ] GC(40) MMU: 2ms/95.8%, 5ms/98.1%, 10ms/99.1%, 20ms/99.5%, 50ms/99.8%, 100ms/99.9%
[2024-03-20T08:55:50.040-0700][4.213s][info][gc,marking  ] GC(40) Mark: 1 stripe(s), 2 proactive flush(es), 1 terminate flush(es), 0 completion(s), 0 continuation(s) 
[2024-03-20T08:55:50.040-0700][4.213s][info][gc,marking  ] GC(40) Mark Stack Usage: 32M
[2024-03-20T08:55:50.040-0700][4.213s][info][gc,nmethod  ] GC(40) NMethods: 178 registered, 20 unregistered
[2024-03-20T08:55:50.040-0700][4.213s][info][gc,metaspace] GC(40) Metaspace: 0M used, 0M committed, 1088M reserved
[2024-03-20T08:55:50.040-0700][4.213s][info][gc,ref      ] GC(40) Soft: 47 encountered, 32 discovered, 0 enqueued
[2024-03-20T08:55:50.040-0700][4.213s][info][gc,ref      ] GC(40) Weak: 140 encountered, 108 discovered, 0 enqueued
[2024-03-20T08:55:50.040-0700][4.213s][info][gc,ref      ] GC(40) Final: 0 encountered, 0 discovered, 0 enqueued
[2024-03-20T08:55:50.040-0700][4.213s][info][gc,ref      ] GC(40) Phantom: 1 encountered, 0 discovered, 0 enqueued
[2024-03-20T08:55:50.040-0700][4.213s][info][gc,reloc    ] GC(40) Small Pages: 417 / 834M, Empty: 656M, Relocated: 2M, In-Place: 0
[2024-03-20T08:55:50.040-0700][4.213s][info][gc,reloc    ] GC(40) Medium Pages: 0 / 0M, Empty: 0M, Relocated: 0M, In-Place: 0
[2024-03-20T08:55:50.040-0700][4.213s][info][gc,reloc    ] GC(40) Large Pages: 0 / 0M, Empty: 0M, Relocated: 0M, In-Place: 0
[2024-03-20T08:55:50.040-0700][4.213s][info][gc,reloc    ] GC(40) Forwarding Usage: 1M
[2024-03-20T08:55:50.040-0700][4.213s][info][gc,heap     ] GC(40) Min Capacity: 8M(1%)
[2024-03-20T08:55:50.040-0700][4.213s][info][gc,heap     ] GC(40) Max Capacity: 1024M(100%)
[2024-03-20T08:55:50.040-0700][4.213s][info][gc,heap     ] GC(40) Soft Max Capacity: 1024M(100%)
[2024-03-20T08:55:50.040-0700][4.213s][info][gc,heap     ] GC(40)                Mark Start          Mark End        Relocate Start      Relocate End           High               Low         
[2024-03-20T08:55:50.040-0700][4.213s][info][gc,heap     ] GC(40)  Capacity:     1024M (100%)       1024M (100%)       1024M (100%)       1024M (100%)       1024M (100%)       1024M (100%)   
[2024-03-20T08:55:50.040-0700][4.213s][info][gc,heap     ] GC(40)      Free:      190M (19%)           0M (0%)          646M (63%)         788M (77%)         790M (77%)           0M (0%)     
[2024-03-20T08:55:50.040-0700][4.214s][info][gc,heap     ] GC(40)      Used:      834M (81%)        1024M (100%)        378M (37%)         236M (23%)        1024M (100%)        234M (23%)    
[2024-03-20T08:55:50.040-0700][4.214s][info][gc,heap     ] GC(40)      Live:         -                15M (2%)           15M (2%)           15M (2%)             -                  -          
[2024-03-20T08:55:50.040-0700][4.214s][info][gc,heap     ] GC(40) Allocated:         -               190M (19%)         200M (20%)         215M (21%)            -                  -          
[2024-03-20T08:55:50.040-0700][4.214s][info][gc,heap     ] GC(40)   Garbage:         -               818M (80%)         162M (16%)           4M (0%)             -                  -          
[2024-03-20T08:55:50.040-0700][4.214s][info][gc,heap     ] GC(40) Reclaimed:         -                  -               656M (64%)         813M (79%)            -                  -          
[2024-03-20T08:55:50.040-0700][4.214s][info][gc          ] GC(40) Garbage Collection (Allocation Stall) 834M(81%)->236M(23%)
[2024-03-20T08:55:50.093-0700][4.267s][info][gc,start    ] GC(41) Garbage Collection (Allocation Stall)
[2024-03-20T08:55:50.093-0700][4.267s][info][gc,ref      ] GC(41) Clearing All SoftReferences
[2024-03-20T08:55:50.093-0700][4.267s][info][gc,task     ] GC(41) Using 1 workers
[2024-03-20T08:55:50.093-0700][4.267s][info][gc,ref      ] GC(41) Clearing All SoftReferences
[2024-03-20T08:55:50.093-0700][4.267s][info][gc,phases   ] GC(41) Pause Mark Start 0.072ms
[2024-03-20T08:55:50.135-0700][4.308s][info][gc,phases   ] GC(41) Concurrent Mark 41.195ms
[2024-03-20T08:55:50.135-0700][4.308s][info][gc,phases   ] GC(41) Pause Mark End 0.009ms
[2024-03-20T08:55:50.135-0700][4.308s][info][gc,phases   ] GC(41) Concurrent Mark Free 0.001ms
[2024-03-20T08:55:50.135-0700][4.309s][info][gc,phases   ] GC(41) Concurrent Process Non-Strong References 0.390ms
[2024-03-20T08:55:50.135-0700][4.309s][info][gc,phases   ] GC(41) Concurrent Reset Relocation Set 0.006ms
[2024-03-20T08:55:50.135-0700][4.309s][info][gc          ] Allocation Stall (main) 0.774ms
[2024-03-20T08:55:50.137-0700][4.310s][info][gc,phases   ] GC(41) Concurrent Select Relocation Set 1.867ms
[2024-03-20T08:55:50.137-0700][4.311s][info][gc,phases   ] GC(41) Pause Relocate Start 0.006ms
[2024-03-20T08:55:50.139-0700][4.312s][info][gc,phases   ] GC(41) Concurrent Relocate 1.827ms
[2024-03-20T08:55:50.139-0700][4.313s][info][gc,load     ] GC(41) Load: 9.27/8.79/8.18
[2024-03-20T08:55:50.139-0700][4.313s][info][gc,mmu      ] GC(41) MMU: 2ms/95.8%, 5ms/98.1%, 10ms/99.1%, 20ms/99.5%, 50ms/99.8%, 100ms/99.9%
[2024-03-20T08:55:50.139-0700][4.313s][info][gc,marking  ] GC(41) Mark: 1 stripe(s), 2 proactive flush(es), 1 terminate flush(es), 0 completion(s), 0 continuation(s) 
[2024-03-20T08:55:50.139-0700][4.313s][info][gc,marking  ] GC(41) Mark Stack Usage: 32M
[2024-03-20T08:55:50.139-0700][4.313s][info][gc,nmethod  ] GC(41) NMethods: 178 registered, 20 unregistered
[2024-03-20T08:55:50.139-0700][4.313s][info][gc,metaspace] GC(41) Metaspace: 0M used, 0M committed, 1088M reserved
[2024-03-20T08:55:50.139-0700][4.313s][info][gc,ref      ] GC(41) Soft: 47 encountered, 32 discovered, 0 enqueued
[2024-03-20T08:55:50.139-0700][4.313s][info][gc,ref      ] GC(41) Weak: 140 encountered, 108 discovered, 0 enqueued
[2024-03-20T08:55:50.139-0700][4.313s][info][gc,ref      ] GC(41) Final: 0 encountered, 0 discovered, 0 enqueued
[2024-03-20T08:55:50.139-0700][4.313s][info][gc,ref      ] GC(41) Phantom: 1 encountered, 0 discovered, 0 enqueued
[2024-03-20T08:55:50.139-0700][4.313s][info][gc,reloc    ] GC(41) Small Pages: 345 / 690M, Empty: 524M, Relocated: 2M, In-Place: 0
[2024-03-20T08:55:50.139-0700][4.313s][info][gc,reloc    ] GC(41) Medium Pages: 0 / 0M, Empty: 0M, Relocated: 0M, In-Place: 0
[2024-03-20T08:55:50.139-0700][4.313s][info][gc,reloc    ] GC(41) Large Pages: 0 / 0M, Empty: 0M, Relocated: 0M, In-Place: 0
[2024-03-20T08:55:50.139-0700][4.313s][info][gc,reloc    ] GC(41) Forwarding Usage: 1M
[2024-03-20T08:55:50.139-0700][4.313s][info][gc,heap     ] GC(41) Min Capacity: 8M(1%)
[2024-03-20T08:55:50.139-0700][4.313s][info][gc,heap     ] GC(41) Max Capacity: 1024M(100%)
[2024-03-20T08:55:50.139-0700][4.313s][info][gc,heap     ] GC(41) Soft Max Capacity: 1024M(100%)
[2024-03-20T08:55:50.139-0700][4.313s][info][gc,heap     ] GC(41)                Mark Start          Mark End        Relocate Start      Relocate End           High               Low         
[2024-03-20T08:55:50.139-0700][4.313s][info][gc,heap     ] GC(41)  Capacity:     1024M (100%)       1024M (100%)       1024M (100%)       1024M (100%)       1024M (100%)       1024M (100%)   
[2024-03-20T08:55:50.139-0700][4.313s][info][gc,heap     ] GC(41)      Free:      334M (33%)           0M (0%)          510M (50%)         642M (63%)         644M (63%)           0M (0%)     
[2024-03-20T08:55:50.139-0700][4.313s][info][gc,heap     ] GC(41)      Used:      690M (67%)        1024M (100%)        514M (50%)         382M (37%)        1024M (100%)        380M (37%)    
[2024-03-20T08:55:50.139-0700][4.313s][info][gc,heap     ] GC(41)      Live:         -                15M (2%)           15M (2%)           15M (2%)             -                  -          
[2024-03-20T08:55:50.139-0700][4.313s][info][gc,heap     ] GC(41) Allocated:         -               334M (33%)         348M (34%)         361M (35%)            -                  -          
[2024-03-20T08:55:50.139-0700][4.313s][info][gc,heap     ] GC(41)   Garbage:         -               674M (66%)         150M (15%)           4M (0%)             -                  -          
[2024-03-20T08:55:50.139-0700][4.313s][info][gc,heap     ] GC(41) Reclaimed:         -                  -               524M (51%)         669M (65%)            -                  -          
[2024-03-20T08:55:50.139-0700][4.313s][info][gc          ] GC(41) Garbage Collection (Allocation Stall) 690M(67%)->382M(37%)
[2024-03-20T08:55:50.198-0700][4.372s][info][gc,start    ] GC(42) Garbage Collection (Allocation Stall)
[2024-03-20T08:55:50.198-0700][4.372s][info][gc,ref      ] GC(42) Clearing All SoftReferences
[2024-03-20T08:55:50.198-0700][4.372s][info][gc,task     ] GC(42) Using 1 workers
[2024-03-20T08:55:50.198-0700][4.372s][info][gc,ref      ] GC(42) Clearing All SoftReferences
[2024-03-20T08:55:50.198-0700][4.372s][info][gc,phases   ] GC(42) Pause Mark Start 0.054ms
[2024-03-20T08:55:50.233-0700][4.406s][info][gc,phases   ] GC(42) Concurrent Mark 34.253ms
[2024-03-20T08:55:50.233-0700][4.406s][info][gc,phases   ] GC(42) Pause Mark End 0.009ms
[2024-03-20T08:55:50.233-0700][4.406s][info][gc,phases   ] GC(42) Concurrent Mark Free 0.000ms
[2024-03-20T08:55:50.233-0700][4.407s][info][gc,phases   ] GC(42) Concurrent Process Non-Strong References 0.361ms
[2024-03-20T08:55:50.233-0700][4.407s][info][gc,phases   ] GC(42) Concurrent Reset Relocation Set 0.004ms
[2024-03-20T08:55:50.233-0700][4.407s][info][gc          ] Allocation Stall (main) 20.068ms
[2024-03-20T08:55:50.235-0700][4.408s][info][gc,phases   ] GC(42) Concurrent Select Relocation Set 1.820ms
[2024-03-20T08:55:50.235-0700][4.409s][info][gc,phases   ] GC(42) Pause Relocate Start 0.007ms
[2024-03-20T08:55:50.237-0700][4.410s][info][gc,phases   ] GC(42) Concurrent Relocate 1.866ms
[2024-03-20T08:55:50.237-0700][4.410s][info][gc,load     ] GC(42) Load: 9.27/8.79/8.18
[2024-03-20T08:55:50.237-0700][4.410s][info][gc,mmu      ] GC(42) MMU: 2ms/95.8%, 5ms/98.1%, 10ms/99.1%, 20ms/99.5%, 50ms/99.8%, 100ms/99.9%
[2024-03-20T08:55:50.237-0700][4.411s][info][gc,marking  ] GC(42) Mark: 1 stripe(s), 2 proactive flush(es), 1 terminate flush(es), 0 completion(s), 0 continuation(s) 
[2024-03-20T08:55:50.237-0700][4.411s][info][gc,marking  ] GC(42) Mark Stack Usage: 32M
[2024-03-20T08:55:50.237-0700][4.411s][info][gc,nmethod  ] GC(42) NMethods: 178 registered, 20 unregistered
[2024-03-20T08:55:50.237-0700][4.411s][info][gc,metaspace] GC(42) Metaspace: 0M used, 0M committed, 1088M reserved
[2024-03-20T08:55:50.237-0700][4.411s][info][gc,ref      ] GC(42) Soft: 47 encountered, 32 discovered, 0 enqueued
[2024-03-20T08:55:50.237-0700][4.411s][info][gc,ref      ] GC(42) Weak: 140 encountered, 108 discovered, 0 enqueued
[2024-03-20T08:55:50.237-0700][4.411s][info][gc,ref      ] GC(42) Final: 0 encountered, 0 discovered, 0 enqueued
[2024-03-20T08:55:50.237-0700][4.411s][info][gc,ref      ] GC(42) Phantom: 1 encountered, 0 discovered, 0 enqueued
[2024-03-20T08:55:50.237-0700][4.411s][info][gc,reloc    ] GC(42) Small Pages: 451 / 902M, Empty: 710M, Relocated: 2M, In-Place: 0
[2024-03-20T08:55:50.237-0700][4.411s][info][gc,reloc    ] GC(42) Medium Pages: 0 / 0M, Empty: 0M, Relocated: 0M, In-Place: 0
[2024-03-20T08:55:50.237-0700][4.411s][info][gc,reloc    ] GC(42) Large Pages: 0 / 0M, Empty: 0M, Relocated: 0M, In-Place: 0
[2024-03-20T08:55:50.237-0700][4.411s][info][gc,reloc    ] GC(42) Forwarding Usage: 1M
[2024-03-20T08:55:50.237-0700][4.411s][info][gc,heap     ] GC(42) Min Capacity: 8M(1%)
[2024-03-20T08:55:50.237-0700][4.411s][info][gc,heap     ] GC(42) Max Capacity: 1024M(100%)
[2024-03-20T08:55:50.237-0700][4.411s][info][gc,heap     ] GC(42) Soft Max Capacity: 1024M(100%)
[2024-03-20T08:55:50.237-0700][4.411s][info][gc,heap     ] GC(42)                Mark Start          Mark End        Relocate Start      Relocate End           High               Low         
[2024-03-20T08:55:50.237-0700][4.411s][info][gc,heap     ] GC(42)  Capacity:     1024M (100%)       1024M (100%)       1024M (100%)       1024M (100%)       1024M (100%)       1024M (100%)   
[2024-03-20T08:55:50.237-0700][4.411s][info][gc,heap     ] GC(42)      Free:      122M (12%)           0M (0%)          700M (68%)         858M (84%)         860M (84%)           0M (0%)     
[2024-03-20T08:55:50.237-0700][4.411s][info][gc,heap     ] GC(42)      Used:      902M (88%)        1024M (100%)        324M (32%)         166M (16%)        1024M (100%)        164M (16%)    
[2024-03-20T08:55:50.237-0700][4.411s][info][gc,heap     ] GC(42)      Live:         -                15M (2%)           15M (2%)           15M (2%)             -                  -          
[2024-03-20T08:55:50.237-0700][4.411s][info][gc,heap     ] GC(42) Allocated:         -               122M (12%)         132M (13%)         145M (14%)            -                  -          
[2024-03-20T08:55:50.237-0700][4.411s][info][gc,heap     ] GC(42)   Garbage:         -               886M (87%)         176M (17%)           4M (0%)             -                  -          
[2024-03-20T08:55:50.237-0700][4.411s][info][gc,heap     ] GC(42) Reclaimed:         -                  -               710M (69%)         881M (86%)            -                  -          
[2024-03-20T08:55:50.237-0700][4.411s][info][gc          ] GC(42) Garbage Collection (Allocation Stall) 902M(88%)->166M(16%)
[2024-03-20T08:55:50.298-0700][4.472s][info][gc,start    ] GC(43) Garbage Collection (Allocation Stall)
[2024-03-20T08:55:50.298-0700][4.472s][info][gc,ref      ] GC(43) Clearing All SoftReferences
[2024-03-20T08:55:50.298-0700][4.472s][info][gc,task     ] GC(43) Using 1 workers
[2024-03-20T08:55:50.298-0700][4.472s][info][gc,ref      ] GC(43) Clearing All SoftReferences
[2024-03-20T08:55:50.298-0700][4.472s][info][gc,phases   ] GC(43) Pause Mark Start 0.019ms
[2024-03-20T08:55:50.339-0700][4.513s][info][gc,phases   ] GC(43) Concurrent Mark 41.030ms
[2024-03-20T08:55:50.339-0700][4.513s][info][gc,phases   ] GC(43) Pause Mark End 0.009ms
[2024-03-20T08:55:50.339-0700][4.513s][info][gc,phases   ] GC(43) Concurrent Mark Free 0.000ms
[2024-03-20T08:55:50.340-0700][4.513s][info][gc,phases   ] GC(43) Concurrent Process Non-Strong References 0.369ms
[2024-03-20T08:55:50.340-0700][4.513s][info][gc,phases   ] GC(43) Concurrent Reset Relocation Set 0.007ms
[2024-03-20T08:55:50.340-0700][4.513s][info][gc          ] Allocation Stall (main) 4.000ms
[2024-03-20T08:55:50.342-0700][4.515s][info][gc,phases   ] GC(43) Concurrent Select Relocation Set 1.853ms
[2024-03-20T08:55:50.342-0700][4.515s][info][gc,phases   ] GC(43) Pause Relocate Start 0.007ms
[2024-03-20T08:55:50.344-0700][4.517s][info][gc,phases   ] GC(43) Concurrent Relocate 1.817ms
[2024-03-20T08:55:50.344-0700][4.517s][info][gc,load     ] GC(43) Load: 9.27/8.79/8.18
[2024-03-20T08:55:50.344-0700][4.517s][info][gc,mmu      ] GC(43) MMU: 2ms/95.8%, 5ms/98.1%, 10ms/99.1%, 20ms/99.5%, 50ms/99.8%, 100ms/99.9%
[2024-03-20T08:55:50.344-0700][4.517s][info][gc,marking  ] GC(43) Mark: 1 stripe(s), 2 proactive flush(es), 1 terminate flush(es), 0 completion(s), 0 continuation(s) 
[2024-03-20T08:55:50.344-0700][4.517s][info][gc,marking  ] GC(43) Mark Stack Usage: 32M
[2024-03-20T08:55:50.344-0700][4.517s][info][gc,nmethod  ] GC(43) NMethods: 178 registered, 20 unregistered
[2024-03-20T08:55:50.344-0700][4.517s][info][gc,metaspace] GC(43) Metaspace: 0M used, 0M committed, 1088M reserved
[2024-03-20T08:55:50.344-0700][4.517s][info][gc,ref      ] GC(43) Soft: 47 encountered, 32 discovered, 0 enqueued
[2024-03-20T08:55:50.344-0700][4.517s][info][gc,ref      ] GC(43) Weak: 140 encountered, 108 discovered, 0 enqueued
[2024-03-20T08:55:50.344-0700][4.517s][info][gc,ref      ] GC(43) Final: 0 encountered, 0 discovered, 0 enqueued
[2024-03-20T08:55:50.344-0700][4.517s][info][gc,ref      ] GC(43) Phantom: 1 encountered, 0 discovered, 0 enqueued
[2024-03-20T08:55:50.344-0700][4.517s][info][gc,reloc    ] GC(43) Small Pages: 352 / 704M, Empty: 520M, Relocated: 2M, In-Place: 0
[2024-03-20T08:55:50.344-0700][4.517s][info][gc,reloc    ] GC(43) Medium Pages: 0 / 0M, Empty: 0M, Relocated: 0M, In-Place: 0
[2024-03-20T08:55:50.344-0700][4.517s][info][gc,reloc    ] GC(43) Large Pages: 0 / 0M, Empty: 0M, Relocated: 0M, In-Place: 0
[2024-03-20T08:55:50.344-0700][4.517s][info][gc,reloc    ] GC(43) Forwarding Usage: 1M
[2024-03-20T08:55:50.344-0700][4.517s][info][gc,heap     ] GC(43) Min Capacity: 8M(1%)
[2024-03-20T08:55:50.344-0700][4.517s][info][gc,heap     ] GC(43) Max Capacity: 1024M(100%)
[2024-03-20T08:55:50.344-0700][4.517s][info][gc,heap     ] GC(43) Soft Max Capacity: 1024M(100%)
[2024-03-20T08:55:50.344-0700][4.517s][info][gc,heap     ] GC(43)                Mark Start          Mark End        Relocate Start      Relocate End           High               Low         
[2024-03-20T08:55:50.344-0700][4.517s][info][gc,heap     ] GC(43)  Capacity:     1024M (100%)       1024M (100%)       1024M (100%)       1024M (100%)       1024M (100%)       1024M (100%)   
[2024-03-20T08:55:50.344-0700][4.517s][info][gc,heap     ] GC(43)      Free:      320M (31%)           0M (0%)          506M (49%)         656M (64%)         658M (64%)           0M (0%)     
[2024-03-20T08:55:50.344-0700][4.517s][info][gc,heap     ] GC(43)      Used:      704M (69%)        1024M (100%)        518M (51%)         368M (36%)        1024M (100%)        366M (36%)    
[2024-03-20T08:55:50.344-0700][4.517s][info][gc,heap     ] GC(43)      Live:         -                15M (2%)           15M (2%)           15M (2%)             -                  -          
[2024-03-20T08:55:50.344-0700][4.517s][info][gc,heap     ] GC(43) Allocated:         -               320M (31%)         334M (33%)         347M (34%)            -                  -          
[2024-03-20T08:55:50.344-0700][4.517s][info][gc,heap     ] GC(43)   Garbage:         -               688M (67%)         168M (16%)           4M (0%)             -                  -          
[2024-03-20T08:55:50.344-0700][4.517s][info][gc,heap     ] GC(43) Reclaimed:         -                  -               520M (51%)         683M (67%)            -                  -          
[2024-03-20T08:55:50.344-0700][4.517s][info][gc          ] GC(43) Garbage Collection (Allocation Stall) 704M(69%)->368M(36%)
[2024-03-20T08:55:50.398-0700][4.572s][info][gc,start    ] GC(44) Garbage Collection (Allocation Stall)
[2024-03-20T08:55:50.398-0700][4.572s][info][gc,ref      ] GC(44) Clearing All SoftReferences
[2024-03-20T08:55:50.398-0700][4.572s][info][gc,task     ] GC(44) Using 1 workers
[2024-03-20T08:55:50.398-0700][4.572s][info][gc,ref      ] GC(44) Clearing All SoftReferences
[2024-03-20T08:55:50.398-0700][4.572s][info][gc,phases   ] GC(44) Pause Mark Start 0.021ms
[2024-03-20T08:55:50.436-0700][4.609s][info][gc,phases   ] GC(44) Concurrent Mark 37.300ms
[2024-03-20T08:55:50.436-0700][4.609s][info][gc,phases   ] GC(44) Pause Mark End 0.009ms
[2024-03-20T08:55:50.436-0700][4.609s][info][gc,phases   ] GC(44) Concurrent Mark Free 0.000ms
[2024-03-20T08:55:50.436-0700][4.610s][info][gc,phases   ] GC(44) Concurrent Process Non-Strong References 0.366ms
[2024-03-20T08:55:50.436-0700][4.610s][info][gc,phases   ] GC(44) Concurrent Reset Relocation Set 0.004ms
[2024-03-20T08:55:50.436-0700][4.610s][info][gc          ] Allocation Stall (main) 15.541ms
[2024-03-20T08:55:50.438-0700][4.611s][info][gc,phases   ] GC(44) Concurrent Select Relocation Set 1.822ms
[2024-03-20T08:55:50.438-0700][4.612s][info][gc,phases   ] GC(44) Pause Relocate Start 0.007ms
[2024-03-20T08:55:50.440-0700][4.613s][info][gc,phases   ] GC(44) Concurrent Relocate 1.861ms
[2024-03-20T08:55:50.440-0700][4.613s][info][gc,load     ] GC(44) Load: 9.27/8.79/8.18
[2024-03-20T08:55:50.440-0700][4.614s][info][gc,mmu      ] GC(44) MMU: 2ms/95.8%, 5ms/98.1%, 10ms/99.1%, 20ms/99.5%, 50ms/99.8%, 100ms/99.9%
[2024-03-20T08:55:50.440-0700][4.614s][info][gc,marking  ] GC(44) Mark: 1 stripe(s), 2 proactive flush(es), 1 terminate flush(es), 0 completion(s), 0 continuation(s) 
[2024-03-20T08:55:50.440-0700][4.614s][info][gc,marking  ] GC(44) Mark Stack Usage: 32M
[2024-03-20T08:55:50.440-0700][4.614s][info][gc,nmethod  ] GC(44) NMethods: 178 registered, 20 unregistered
[2024-03-20T08:55:50.440-0700][4.614s][info][gc,metaspace] GC(44) Metaspace: 0M used, 0M committed, 1088M reserved
[2024-03-20T08:55:50.440-0700][4.614s][info][gc,ref      ] GC(44) Soft: 47 encountered, 32 discovered, 0 enqueued
[2024-03-20T08:55:50.440-0700][4.614s][info][gc,ref      ] GC(44) Weak: 140 encountered, 108 discovered, 0 enqueued
[2024-03-20T08:55:50.440-0700][4.614s][info][gc,ref      ] GC(44) Final: 0 encountered, 0 discovered, 0 enqueued
[2024-03-20T08:55:50.440-0700][4.614s][info][gc,ref      ] GC(44) Phantom: 1 encountered, 0 discovered, 0 enqueued
[2024-03-20T08:55:50.440-0700][4.614s][info][gc,reloc    ] GC(44) Small Pages: 421 / 842M, Empty: 662M, Relocated: 2M, In-Place: 0
[2024-03-20T08:55:50.440-0700][4.614s][info][gc,reloc    ] GC(44) Medium Pages: 0 / 0M, Empty: 0M, Relocated: 0M, In-Place: 0
[2024-03-20T08:55:50.440-0700][4.614s][info][gc,reloc    ] GC(44) Large Pages: 0 / 0M, Empty: 0M, Relocated: 0M, In-Place: 0
[2024-03-20T08:55:50.440-0700][4.614s][info][gc,reloc    ] GC(44) Forwarding Usage: 1M
[2024-03-20T08:55:50.440-0700][4.614s][info][gc,heap     ] GC(44) Min Capacity: 8M(1%)
[2024-03-20T08:55:50.440-0700][4.614s][info][gc,heap     ] GC(44) Max Capacity: 1024M(100%)
[2024-03-20T08:55:50.440-0700][4.614s][info][gc,heap     ] GC(44) Soft Max Capacity: 1024M(100%)
[2024-03-20T08:55:50.440-0700][4.614s][info][gc,heap     ] GC(44)                Mark Start          Mark End        Relocate Start      Relocate End           High               Low         
[2024-03-20T08:55:50.440-0700][4.614s][info][gc,heap     ] GC(44)  Capacity:     1024M (100%)       1024M (100%)       1024M (100%)       1024M (100%)       1024M (100%)       1024M (100%)   
[2024-03-20T08:55:50.440-0700][4.614s][info][gc,heap     ] GC(44)      Free:      182M (18%)           0M (0%)          646M (63%)         794M (78%)         796M (78%)           0M (0%)     
[2024-03-20T08:55:50.440-0700][4.614s][info][gc,heap     ] GC(44)      Used:      842M (82%)        1024M (100%)        378M (37%)         230M (22%)        1024M (100%)        228M (22%)    
[2024-03-20T08:55:50.440-0700][4.614s][info][gc,heap     ] GC(44)      Live:         -                15M (2%)           15M (2%)           15M (2%)             -                  -          
[2024-03-20T08:55:50.440-0700][4.614s][info][gc,heap     ] GC(44) Allocated:         -               182M (18%)         198M (19%)         209M (21%)            -                  -          
[2024-03-20T08:55:50.440-0700][4.614s][info][gc,heap     ] GC(44)   Garbage:         -               826M (81%)         164M (16%)           4M (0%)             -                  -          
[2024-03-20T08:55:50.440-0700][4.614s][info][gc,heap     ] GC(44) Reclaimed:         -                  -               662M (65%)         821M (80%)            -                  -          
[2024-03-20T08:55:50.440-0700][4.614s][info][gc          ] GC(44) Garbage Collection (Allocation Stall) 842M(82%)->230M(22%)
[2024-03-20T08:55:50.498-0700][4.672s][info][gc,start    ] GC(45) Garbage Collection (Allocation Stall)
[2024-03-20T08:55:50.498-0700][4.672s][info][gc,ref      ] GC(45) Clearing All SoftReferences
[2024-03-20T08:55:50.498-0700][4.672s][info][gc,task     ] GC(45) Using 1 workers
[2024-03-20T08:55:50.498-0700][4.672s][info][gc,ref      ] GC(45) Clearing All SoftReferences
[2024-03-20T08:55:50.498-0700][4.672s][info][gc,phases   ] GC(45) Pause Mark Start 0.020ms
[2024-03-20T08:55:50.539-0700][4.712s][info][gc,phases   ] GC(45) Concurrent Mark 40.447ms
[2024-03-20T08:55:50.539-0700][4.712s][info][gc,phases   ] GC(45) Pause Mark End 0.009ms
[2024-03-20T08:55:50.539-0700][4.712s][info][gc,phases   ] GC(45) Concurrent Mark Free 0.000ms
[2024-03-20T08:55:50.539-0700][4.713s][info][gc,phases   ] GC(45) Concurrent Process Non-Strong References 0.362ms
[2024-03-20T08:55:50.539-0700][4.713s][info][gc,phases   ] GC(45) Concurrent Reset Relocation Set 0.004ms
[2024-03-20T08:55:50.539-0700][4.713s][info][gc          ] Allocation Stall (main) 8.001ms
[2024-03-20T08:55:50.541-0700][4.715s][info][gc,phases   ] GC(45) Concurrent Select Relocation Set 1.825ms
[2024-03-20T08:55:50.541-0700][4.715s][info][gc,phases   ] GC(45) Pause Relocate Start 0.007ms
[2024-03-20T08:55:50.543-0700][4.717s][info][gc,phases   ] GC(45) Concurrent Relocate 1.857ms
[2024-03-20T08:55:50.543-0700][4.717s][info][gc,load     ] GC(45) Load: 9.27/8.79/8.18
[2024-03-20T08:55:50.543-0700][4.717s][info][gc,mmu      ] GC(45) MMU: 2ms/95.8%, 5ms/98.1%, 10ms/99.1%, 20ms/99.5%, 50ms/99.8%, 100ms/99.9%
[2024-03-20T08:55:50.543-0700][4.717s][info][gc,marking  ] GC(45) Mark: 1 stripe(s), 2 proactive flush(es), 1 terminate flush(es), 0 completion(s), 0 continuation(s) 
[2024-03-20T08:55:50.543-0700][4.717s][info][gc,marking  ] GC(45) Mark Stack Usage: 32M
[2024-03-20T08:55:50.543-0700][4.717s][info][gc,nmethod  ] GC(45) NMethods: 178 registered, 20 unregistered
[2024-03-20T08:55:50.543-0700][4.717s][info][gc,metaspace] GC(45) Metaspace: 0M used, 0M committed, 1088M reserved
[2024-03-20T08:55:50.543-0700][4.717s][info][gc,ref      ] GC(45) Soft: 47 encountered, 32 discovered, 0 enqueued
[2024-03-20T08:55:50.543-0700][4.717s][info][gc,ref      ] GC(45) Weak: 140 encountered, 108 discovered, 0 enqueued
[2024-03-20T08:55:50.543-0700][4.717s][info][gc,ref      ] GC(45) Final: 0 encountered, 0 discovered, 0 enqueued
[2024-03-20T08:55:50.543-0700][4.717s][info][gc,ref      ] GC(45) Phantom: 1 encountered, 0 discovered, 0 enqueued
[2024-03-20T08:55:50.543-0700][4.717s][info][gc,reloc    ] GC(45) Small Pages: 371 / 742M, Empty: 584M, Relocated: 2M, In-Place: 0
[2024-03-20T08:55:50.543-0700][4.717s][info][gc,reloc    ] GC(45) Medium Pages: 0 / 0M, Empty: 0M, Relocated: 0M, In-Place: 0
[2024-03-20T08:55:50.543-0700][4.717s][info][gc,reloc    ] GC(45) Large Pages: 0 / 0M, Empty: 0M, Relocated: 0M, In-Place: 0
[2024-03-20T08:55:50.543-0700][4.717s][info][gc,reloc    ] GC(45) Forwarding Usage: 1M
[2024-03-20T08:55:50.543-0700][4.717s][info][gc,heap     ] GC(45) Min Capacity: 8M(1%)
[2024-03-20T08:55:50.543-0700][4.717s][info][gc,heap     ] GC(45) Max Capacity: 1024M(100%)
[2024-03-20T08:55:50.543-0700][4.717s][info][gc,heap     ] GC(45) Soft Max Capacity: 1024M(100%)
[2024-03-20T08:55:50.543-0700][4.717s][info][gc,heap     ] GC(45)                Mark Start          Mark End        Relocate Start      Relocate End           High               Low         
[2024-03-20T08:55:50.543-0700][4.717s][info][gc,heap     ] GC(45)  Capacity:     1024M (100%)       1024M (100%)       1024M (100%)       1024M (100%)       1024M (100%)       1024M (100%)   
[2024-03-20T08:55:50.543-0700][4.717s][info][gc,heap     ] GC(45)      Free:      282M (28%)           0M (0%)          570M (56%)         692M (68%)         694M (68%)           0M (0%)     
[2024-03-20T08:55:50.543-0700][4.717s][info][gc,heap     ] GC(45)      Used:      742M (72%)        1024M (100%)        454M (44%)         332M (32%)        1024M (100%)        330M (32%)    
[2024-03-20T08:55:50.543-0700][4.717s][info][gc,heap     ] GC(45)      Live:         -                15M (2%)           15M (2%)           15M (2%)             -                  -          
[2024-03-20T08:55:50.543-0700][4.717s][info][gc,heap     ] GC(45) Allocated:         -               282M (28%)         296M (29%)         311M (30%)            -                  -          
[2024-03-20T08:55:50.543-0700][4.717s][info][gc,heap     ] GC(45)   Garbage:         -               726M (71%)         142M (14%)           4M (0%)             -                  -          
[2024-03-20T08:55:50.543-0700][4.717s][info][gc,heap     ] GC(45) Reclaimed:         -                  -               584M (57%)         721M (71%)            -                  -          
[2024-03-20T08:55:50.543-0700][4.717s][info][gc          ] GC(45) Garbage Collection (Allocation Stall) 742M(72%)->332M(32%)
[2024-03-20T08:55:50.597-0700][4.770s][info][gc,start    ] GC(46) Garbage Collection (Allocation Stall)
[2024-03-20T08:55:50.597-0700][4.770s][info][gc,ref      ] GC(46) Clearing All SoftReferences
[2024-03-20T08:55:50.597-0700][4.770s][info][gc,task     ] GC(46) Using 1 workers
[2024-03-20T08:55:50.597-0700][4.770s][info][gc,ref      ] GC(46) Clearing All SoftReferences
[2024-03-20T08:55:50.597-0700][4.770s][info][gc,phases   ] GC(46) Pause Mark Start 0.013ms
[2024-03-20T08:55:50.633-0700][4.806s][info][gc,phases   ] GC(46) Concurrent Mark 36.350ms
[2024-03-20T08:55:50.633-0700][4.807s][info][gc,phases   ] GC(46) Pause Mark End 0.008ms
[2024-03-20T08:55:50.633-0700][4.807s][info][gc,phases   ] GC(46) Concurrent Mark Free 0.000ms
[2024-03-20T08:55:50.633-0700][4.807s][info][gc,phases   ] GC(46) Concurrent Process Non-Strong References 0.338ms
[2024-03-20T08:55:50.633-0700][4.807s][info][gc,phases   ] GC(46) Concurrent Reset Relocation Set 0.004ms
[2024-03-20T08:55:50.633-0700][4.807s][info][gc          ] Allocation Stall (main) 11.536ms
[2024-03-20T08:55:50.635-0700][4.809s][info][gc,phases   ] GC(46) Concurrent Select Relocation Set 1.843ms
[2024-03-20T08:55:50.635-0700][4.809s][info][gc,phases   ] GC(46) Pause Relocate Start 0.006ms
[2024-03-20T08:55:50.637-0700][4.811s][info][gc,phases   ] GC(46) Concurrent Relocate 1.781ms
[2024-03-20T08:55:50.637-0700][4.811s][info][gc,load     ] GC(46) Load: 9.27/8.79/8.18
[2024-03-20T08:55:50.637-0700][4.811s][info][gc,mmu      ] GC(46) MMU: 2ms/95.8%, 5ms/98.1%, 10ms/99.1%, 20ms/99.5%, 50ms/99.8%, 100ms/99.9%
[2024-03-20T08:55:50.637-0700][4.811s][info][gc,marking  ] GC(46) Mark: 1 stripe(s), 2 proactive flush(es), 1 terminate flush(es), 0 completion(s), 0 continuation(s) 
[2024-03-20T08:55:50.637-0700][4.811s][info][gc,marking  ] GC(46) Mark Stack Usage: 32M
[2024-03-20T08:55:50.637-0700][4.811s][info][gc,nmethod  ] GC(46) NMethods: 178 registered, 20 unregistered
[2024-03-20T08:55:50.637-0700][4.811s][info][gc,metaspace] GC(46) Metaspace: 0M used, 0M committed, 1088M reserved
[2024-03-20T08:55:50.637-0700][4.811s][info][gc,ref      ] GC(46) Soft: 47 encountered, 29 discovered, 0 enqueued
[2024-03-20T08:55:50.637-0700][4.811s][info][gc,ref      ] GC(46) Weak: 140 encountered, 108 discovered, 0 enqueued
[2024-03-20T08:55:50.637-0700][4.811s][info][gc,ref      ] GC(46) Final: 0 encountered, 0 discovered, 0 enqueued
[2024-03-20T08:55:50.637-0700][4.811s][info][gc,ref      ] GC(46) Phantom: 1 encountered, 0 discovered, 0 enqueued
[2024-03-20T08:55:50.637-0700][4.811s][info][gc,reloc    ] GC(46) Small Pages: 403 / 806M, Empty: 630M, Relocated: 2M, In-Place: 0
[2024-03-20T08:55:50.637-0700][4.811s][info][gc,reloc    ] GC(46) Medium Pages: 0 / 0M, Empty: 0M, Relocated: 0M, In-Place: 0
[2024-03-20T08:55:50.637-0700][4.811s][info][gc,reloc    ] GC(46) Large Pages: 0 / 0M, Empty: 0M, Relocated: 0M, In-Place: 0
[2024-03-20T08:55:50.637-0700][4.811s][info][gc,reloc    ] GC(46) Forwarding Usage: 1M
[2024-03-20T08:55:50.637-0700][4.811s][info][gc,heap     ] GC(46) Min Capacity: 8M(1%)
[2024-03-20T08:55:50.637-0700][4.811s][info][gc,heap     ] GC(46) Max Capacity: 1024M(100%)
[2024-03-20T08:55:50.637-0700][4.811s][info][gc,heap     ] GC(46) Soft Max Capacity: 1024M(100%)
[2024-03-20T08:55:50.637-0700][4.811s][info][gc,heap     ] GC(46)                Mark Start          Mark End        Relocate Start      Relocate End           High               Low         
[2024-03-20T08:55:50.637-0700][4.811s][info][gc,heap     ] GC(46)  Capacity:     1024M (100%)       1024M (100%)       1024M (100%)       1024M (100%)       1024M (100%)       1024M (100%)   
[2024-03-20T08:55:50.637-0700][4.811s][info][gc,heap     ] GC(46)      Free:      218M (21%)           0M (0%)          620M (61%)         766M (75%)         768M (75%)           0M (0%)     
[2024-03-20T08:55:50.637-0700][4.811s][info][gc,heap     ] GC(46)      Used:      806M (79%)        1024M (100%)        404M (39%)         258M (25%)        1024M (100%)        256M (25%)    
[2024-03-20T08:55:50.637-0700][4.811s][info][gc,heap     ] GC(46)      Live:         -                15M (2%)           15M (2%)           15M (2%)             -                  -          
[2024-03-20T08:55:50.637-0700][4.811s][info][gc,heap     ] GC(46) Allocated:         -               218M (21%)         228M (22%)         237M (23%)            -                  -          
[2024-03-20T08:55:50.637-0700][4.811s][info][gc,heap     ] GC(46)   Garbage:         -               790M (77%)         160M (16%)           4M (0%)             -                  -          
[2024-03-20T08:55:50.637-0700][4.811s][info][gc,heap     ] GC(46) Reclaimed:         -                  -               630M (62%)         785M (77%)            -                  -          
[2024-03-20T08:55:50.637-0700][4.811s][info][gc          ] GC(46) Garbage Collection (Allocation Stall) 806M(79%)->258M(25%)
[2024-03-20T08:55:50.699-0700][4.872s][info][gc,start    ] GC(47) Garbage Collection (Allocation Stall)
[2024-03-20T08:55:50.699-0700][4.872s][info][gc,ref      ] GC(47) Clearing All SoftReferences
[2024-03-20T08:55:50.699-0700][4.872s][info][gc,task     ] GC(47) Using 1 workers
[2024-03-20T08:55:50.699-0700][4.872s][info][gc,ref      ] GC(47) Clearing All SoftReferences
[2024-03-20T08:55:50.699-0700][4.872s][info][gc,phases   ] GC(47) Pause Mark Start 0.011ms
[2024-03-20T08:55:50.736-0700][4.910s][info][gc,phases   ] GC(47) Concurrent Mark 37.739ms
[2024-03-20T08:55:50.737-0700][4.910s][info][gc,phases   ] GC(47) Pause Mark End 0.009ms
[2024-03-20T08:55:50.737-0700][4.910s][info][gc,phases   ] GC(47) Concurrent Mark Free 0.000ms
[2024-03-20T08:55:50.737-0700][4.910s][info][gc,phases   ] GC(47) Concurrent Process Non-Strong References 0.364ms
[2024-03-20T08:55:50.737-0700][4.910s][info][gc,phases   ] GC(47) Concurrent Reset Relocation Set 0.004ms
[2024-03-20T08:55:50.737-0700][4.910s][info][gc          ] Allocation Stall (main) 11.928ms
[2024-03-20T08:55:50.739-0700][4.912s][info][gc,phases   ] GC(47) Concurrent Select Relocation Set 1.819ms
[2024-03-20T08:55:50.739-0700][4.912s][info][gc,phases   ] GC(47) Pause Relocate Start 0.008ms
[2024-03-20T08:55:50.741-0700][4.914s][info][gc,phases   ] GC(47) Concurrent Relocate 1.768ms
[2024-03-20T08:55:50.741-0700][4.914s][info][gc,load     ] GC(47) Load: 9.27/8.79/8.18
[2024-03-20T08:55:50.741-0700][4.914s][info][gc,mmu      ] GC(47) MMU: 2ms/95.8%, 5ms/98.1%, 10ms/99.1%, 20ms/99.5%, 50ms/99.8%, 100ms/99.9%
[2024-03-20T08:55:50.741-0700][4.914s][info][gc,marking  ] GC(47) Mark: 1 stripe(s), 2 proactive flush(es), 1 terminate flush(es), 0 completion(s), 0 continuation(s) 
[2024-03-20T08:55:50.741-0700][4.914s][info][gc,marking  ] GC(47) Mark Stack Usage: 32M
[2024-03-20T08:55:50.741-0700][4.914s][info][gc,nmethod  ] GC(47) NMethods: 178 registered, 20 unregistered
[2024-03-20T08:55:50.741-0700][4.914s][info][gc,metaspace] GC(47) Metaspace: 0M used, 0M committed, 1088M reserved
[2024-03-20T08:55:50.741-0700][4.914s][info][gc,ref      ] GC(47) Soft: 47 encountered, 32 discovered, 0 enqueued
[2024-03-20T08:55:50.741-0700][4.914s][info][gc,ref      ] GC(47) Weak: 140 encountered, 108 discovered, 0 enqueued
[2024-03-20T08:55:50.741-0700][4.914s][info][gc,ref      ] GC(47) Final: 0 encountered, 0 discovered, 0 enqueued
[2024-03-20T08:55:50.741-0700][4.914s][info][gc,ref      ] GC(47) Phantom: 1 encountered, 0 discovered, 0 enqueued
[2024-03-20T08:55:50.741-0700][4.914s][info][gc,reloc    ] GC(47) Small Pages: 398 / 796M, Empty: 640M, Relocated: 2M, In-Place: 0
[2024-03-20T08:55:50.741-0700][4.914s][info][gc,reloc    ] GC(47) Medium Pages: 0 / 0M, Empty: 0M, Relocated: 0M, In-Place: 0
[2024-03-20T08:55:50.741-0700][4.914s][info][gc,reloc    ] GC(47) Large Pages: 0 / 0M, Empty: 0M, Relocated: 0M, In-Place: 0
[2024-03-20T08:55:50.741-0700][4.914s][info][gc,reloc    ] GC(47) Forwarding Usage: 1M
[2024-03-20T08:55:50.741-0700][4.914s][info][gc,heap     ] GC(47) Min Capacity: 8M(1%)
[2024-03-20T08:55:50.741-0700][4.914s][info][gc,heap     ] GC(47) Max Capacity: 1024M(100%)
[2024-03-20T08:55:50.741-0700][4.914s][info][gc,heap     ] GC(47) Soft Max Capacity: 1024M(100%)
[2024-03-20T08:55:50.741-0700][4.914s][info][gc,heap     ] GC(47)                Mark Start          Mark End        Relocate Start      Relocate End           High               Low         
[2024-03-20T08:55:50.741-0700][4.914s][info][gc,heap     ] GC(47)  Capacity:     1024M (100%)       1024M (100%)       1024M (100%)       1024M (100%)       1024M (100%)       1024M (100%)   
[2024-03-20T08:55:50.741-0700][4.914s][info][gc,heap     ] GC(47)      Free:      228M (22%)           0M (0%)          630M (62%)         752M (73%)         754M (74%)           0M (0%)     
[2024-03-20T08:55:50.741-0700][4.914s][info][gc,heap     ] GC(47)      Used:      796M (78%)        1024M (100%)        394M (38%)         272M (27%)        1024M (100%)        270M (26%)    
[2024-03-20T08:55:50.741-0700][4.914s][info][gc,heap     ] GC(47)      Live:         -                15M (2%)           15M (2%)           15M (2%)             -                  -          
[2024-03-20T08:55:50.741-0700][4.914s][info][gc,heap     ] GC(47) Allocated:         -               228M (22%)         238M (23%)         251M (25%)            -                  -          
[2024-03-20T08:55:50.741-0700][4.914s][info][gc,heap     ] GC(47)   Garbage:         -               780M (76%)         140M (14%)           4M (0%)             -                  -          
[2024-03-20T08:55:50.741-0700][4.914s][info][gc,heap     ] GC(47) Reclaimed:         -                  -               640M (62%)         775M (76%)            -                  -          
[2024-03-20T08:55:50.741-0700][4.914s][info][gc          ] GC(47) Garbage Collection (Allocation Stall) 796M(78%)->272M(27%)
[2024-03-20T08:55:50.798-0700][4.971s][info][gc,start    ] GC(48) Garbage Collection (Allocation Stall)
[2024-03-20T08:55:50.798-0700][4.971s][info][gc,ref      ] GC(48) Clearing All SoftReferences
[2024-03-20T08:55:50.798-0700][4.971s][info][gc,task     ] GC(48) Using 1 workers
[2024-03-20T08:55:50.798-0700][4.971s][info][gc,ref      ] GC(48) Clearing All SoftReferences
[2024-03-20T08:55:50.798-0700][4.971s][info][gc,phases   ] GC(48) Pause Mark Start 0.010ms
[2024-03-20T08:55:50.838-0700][5.012s][info][gc,phases   ] GC(48) Concurrent Mark 40.483ms
[2024-03-20T08:55:50.838-0700][5.012s][info][gc,phases   ] GC(48) Pause Mark End 0.011ms
[2024-03-20T08:55:50.838-0700][5.012s][info][gc,phases   ] GC(48) Concurrent Mark Free 0.000ms
[2024-03-20T08:55:50.839-0700][5.012s][info][gc,phases   ] GC(48) Concurrent Process Non-Strong References 0.348ms
[2024-03-20T08:55:50.839-0700][5.012s][info][gc,phases   ] GC(48) Concurrent Reset Relocation Set 0.004ms
[2024-03-20T08:55:50.839-0700][5.012s][info][gc          ] Allocation Stall (main) 9.407ms
[2024-03-20T08:55:50.841-0700][5.014s][info][gc,phases   ] GC(48) Concurrent Select Relocation Set 1.862ms
[2024-03-20T08:55:50.841-0700][5.014s][info][gc,phases   ] GC(48) Pause Relocate Start 0.006ms
[2024-03-20T08:55:50.842-0700][5.016s][info][gc,phases   ] GC(48) Concurrent Relocate 1.827ms
[2024-03-20T08:55:50.843-0700][5.016s][info][gc,load     ] GC(48) Load: 9.27/8.79/8.18
[2024-03-20T08:55:50.843-0700][5.016s][info][gc,mmu      ] GC(48) MMU: 2ms/95.8%, 5ms/98.1%, 10ms/99.1%, 20ms/99.5%, 50ms/99.8%, 100ms/99.9%
[2024-03-20T08:55:50.843-0700][5.016s][info][gc,marking  ] GC(48) Mark: 1 stripe(s), 2 proactive flush(es), 1 terminate flush(es), 0 completion(s), 0 continuation(s) 
[2024-03-20T08:55:50.843-0700][5.016s][info][gc,marking  ] GC(48) Mark Stack Usage: 32M
[2024-03-20T08:55:50.843-0700][5.016s][info][gc,nmethod  ] GC(48) NMethods: 178 registered, 20 unregistered
[2024-03-20T08:55:50.843-0700][5.016s][info][gc,metaspace] GC(48) Metaspace: 0M used, 0M committed, 1088M reserved
[2024-03-20T08:55:50.843-0700][5.016s][info][gc,ref      ] GC(48) Soft: 47 encountered, 32 discovered, 0 enqueued
[2024-03-20T08:55:50.843-0700][5.016s][info][gc,ref      ] GC(48) Weak: 140 encountered, 108 discovered, 0 enqueued
[2024-03-20T08:55:50.843-0700][5.016s][info][gc,ref      ] GC(48) Final: 0 encountered, 0 discovered, 0 enqueued
[2024-03-20T08:55:50.843-0700][5.016s][info][gc,ref      ] GC(48) Phantom: 1 encountered, 0 discovered, 0 enqueued
[2024-03-20T08:55:50.843-0700][5.016s][info][gc,reloc    ] GC(48) Small Pages: 385 / 770M, Empty: 604M, Relocated: 2M, In-Place: 0
[2024-03-20T08:55:50.843-0700][5.016s][info][gc,reloc    ] GC(48) Medium Pages: 0 / 0M, Empty: 0M, Relocated: 0M, In-Place: 0
[2024-03-20T08:55:50.843-0700][5.016s][info][gc,reloc    ] GC(48) Large Pages: 0 / 0M, Empty: 0M, Relocated: 0M, In-Place: 0
[2024-03-20T08:55:50.843-0700][5.016s][info][gc,reloc    ] GC(48) Forwarding Usage: 1M
[2024-03-20T08:55:50.843-0700][5.016s][info][gc,heap     ] GC(48) Min Capacity: 8M(1%)
[2024-03-20T08:55:50.843-0700][5.016s][info][gc,heap     ] GC(48) Max Capacity: 1024M(100%)
[2024-03-20T08:55:50.843-0700][5.016s][info][gc,heap     ] GC(48) Soft Max Capacity: 1024M(100%)
[2024-03-20T08:55:50.843-0700][5.016s][info][gc,heap     ] GC(48)                Mark Start          Mark End        Relocate Start      Relocate End           High               Low         
[2024-03-20T08:55:50.843-0700][5.016s][info][gc,heap     ] GC(48)  Capacity:     1024M (100%)       1024M (100%)       1024M (100%)       1024M (100%)       1024M (100%)       1024M (100%)   
[2024-03-20T08:55:50.843-0700][5.016s][info][gc,heap     ] GC(48)      Free:      254M (25%)           0M (0%)          592M (58%)         724M (71%)         726M (71%)           0M (0%)     
[2024-03-20T08:55:50.843-0700][5.016s][info][gc,heap     ] GC(48)      Used:      770M (75%)        1024M (100%)        432M (42%)         300M (29%)        1024M (100%)        298M (29%)    
[2024-03-20T08:55:50.843-0700][5.016s][info][gc,heap     ] GC(48)      Live:         -                15M (2%)           15M (2%)           15M (2%)             -                  -          
[2024-03-20T08:55:50.843-0700][5.016s][info][gc,heap     ] GC(48) Allocated:         -               254M (25%)         266M (26%)         279M (27%)            -                  -          
[2024-03-20T08:55:50.843-0700][5.016s][info][gc,heap     ] GC(48)   Garbage:         -               754M (74%)         150M (15%)           4M (0%)             -                  -          
[2024-03-20T08:55:50.843-0700][5.016s][info][gc,heap     ] GC(48) Reclaimed:         -                  -               604M (59%)         749M (73%)            -                  -          
[2024-03-20T08:55:50.843-0700][5.016s][info][gc          ] GC(48) Garbage Collection (Allocation Stall) 770M(75%)->300M(29%)
[2024-03-20T08:55:50.896-0700][5.069s][info][gc,start    ] GC(49) Garbage Collection (Allocation Stall)
[2024-03-20T08:55:50.896-0700][5.069s][info][gc,ref      ] GC(49) Clearing All SoftReferences
[2024-03-20T08:55:50.896-0700][5.069s][info][gc,task     ] GC(49) Using 1 workers
[2024-03-20T08:55:50.896-0700][5.069s][info][gc,ref      ] GC(49) Clearing All SoftReferences
[2024-03-20T08:55:50.896-0700][5.069s][info][gc,phases   ] GC(49) Pause Mark Start 0.011ms
[2024-03-20T08:55:50.935-0700][5.109s][info][gc,phases   ] GC(49) Concurrent Mark 39.614ms
[2024-03-20T08:55:50.935-0700][5.109s][info][gc,phases   ] GC(49) Pause Mark End 0.010ms
[2024-03-20T08:55:50.936-0700][5.109s][info][gc,phases   ] GC(49) Concurrent Mark Free 0.000ms
[2024-03-20T08:55:50.936-0700][5.109s][info][gc,phases   ] GC(49) Concurrent Process Non-Strong References 0.367ms
[2024-03-20T08:55:50.936-0700][5.109s][info][gc,phases   ] GC(49) Concurrent Reset Relocation Set 0.004ms
[2024-03-20T08:55:50.936-0700][5.109s][info][gc          ] Allocation Stall (main) 10.183ms
[2024-03-20T08:55:50.938-0700][5.111s][info][gc,phases   ] GC(49) Concurrent Select Relocation Set 1.837ms
[2024-03-20T08:55:50.938-0700][5.111s][info][gc,phases   ] GC(49) Pause Relocate Start 0.009ms
[2024-03-20T08:55:50.940-0700][5.113s][info][gc,phases   ] GC(49) Concurrent Relocate 2.014ms
[2024-03-20T08:55:50.940-0700][5.113s][info][gc,load     ] GC(49) Load: 9.27/8.79/8.18
[2024-03-20T08:55:50.940-0700][5.113s][info][gc,mmu      ] GC(49) MMU: 2ms/95.8%, 5ms/98.1%, 10ms/99.1%, 20ms/99.5%, 50ms/99.8%, 100ms/99.9%
[2024-03-20T08:55:50.940-0700][5.113s][info][gc,marking  ] GC(49) Mark: 1 stripe(s), 2 proactive flush(es), 1 terminate flush(es), 0 completion(s), 0 continuation(s) 
[2024-03-20T08:55:50.940-0700][5.113s][info][gc,marking  ] GC(49) Mark Stack Usage: 32M
[2024-03-20T08:55:50.940-0700][5.113s][info][gc,nmethod  ] GC(49) NMethods: 178 registered, 20 unregistered
[2024-03-20T08:55:50.940-0700][5.113s][info][gc,metaspace] GC(49) Metaspace: 0M used, 0M committed, 1088M reserved
[2024-03-20T08:55:50.940-0700][5.113s][info][gc,ref      ] GC(49) Soft: 47 encountered, 32 discovered, 0 enqueued
[2024-03-20T08:55:50.940-0700][5.113s][info][gc,ref      ] GC(49) Weak: 140 encountered, 108 discovered, 0 enqueued
[2024-03-20T08:55:50.940-0700][5.113s][info][gc,ref      ] GC(49) Final: 0 encountered, 0 discovered, 0 enqueued
[2024-03-20T08:55:50.940-0700][5.113s][info][gc,ref      ] GC(49) Phantom: 1 encountered, 0 discovered, 0 enqueued
[2024-03-20T08:55:50.940-0700][5.113s][info][gc,reloc    ] GC(49) Small Pages: 383 / 766M, Empty: 598M, Relocated: 2M, In-Place: 0
[2024-03-20T08:55:50.940-0700][5.113s][info][gc,reloc    ] GC(49) Medium Pages: 0 / 0M, Empty: 0M, Relocated: 0M, In-Place: 0
[2024-03-20T08:55:50.940-0700][5.113s][info][gc,reloc    ] GC(49) Large Pages: 0 / 0M, Empty: 0M, Relocated: 0M, In-Place: 0
[2024-03-20T08:55:50.940-0700][5.113s][info][gc,reloc    ] GC(49) Forwarding Usage: 1M
[2024-03-20T08:55:50.940-0700][5.113s][info][gc,heap     ] GC(49) Min Capacity: 8M(1%)
[2024-03-20T08:55:50.940-0700][5.113s][info][gc,heap     ] GC(49) Max Capacity: 1024M(100%)
[2024-03-20T08:55:50.940-0700][5.113s][info][gc,heap     ] GC(49) Soft Max Capacity: 1024M(100%)
[2024-03-20T08:55:50.940-0700][5.113s][info][gc,heap     ] GC(49)                Mark Start          Mark End        Relocate Start      Relocate End           High               Low         
[2024-03-20T08:55:50.940-0700][5.113s][info][gc,heap     ] GC(49)  Capacity:     1024M (100%)       1024M (100%)       1024M (100%)       1024M (100%)       1024M (100%)       1024M (100%)   
[2024-03-20T08:55:50.940-0700][5.113s][info][gc,heap     ] GC(49)      Free:      258M (25%)           0M (0%)          588M (57%)         722M (71%)         724M (71%)           0M (0%)     
[2024-03-20T08:55:50.940-0700][5.113s][info][gc,heap     ] GC(49)      Used:      766M (75%)        1024M (100%)        436M (43%)         302M (29%)        1024M (100%)        300M (29%)    
[2024-03-20T08:55:50.940-0700][5.114s][info][gc,heap     ] GC(49)      Live:         -                15M (2%)           15M (2%)           15M (2%)             -                  -          
[2024-03-20T08:55:50.940-0700][5.114s][info][gc,heap     ] GC(49) Allocated:         -               258M (25%)         268M (26%)         281M (28%)            -                  -          
[2024-03-20T08:55:50.940-0700][5.114s][info][gc,heap     ] GC(49)   Garbage:         -               750M (73%)         152M (15%)           4M (0%)             -                  -          
[2024-03-20T08:55:50.940-0700][5.114s][info][gc,heap     ] GC(49) Reclaimed:         -                  -               598M (58%)         745M (73%)            -                  -          
[2024-03-20T08:55:50.940-0700][5.114s][info][gc          ] GC(49) Garbage Collection (Allocation Stall) 766M(75%)->302M(29%)
[2024-03-20T08:55:50.998-0700][5.171s][info][gc,start    ] GC(50) Garbage Collection (Allocation Stall)
[2024-03-20T08:55:50.998-0700][5.171s][info][gc,ref      ] GC(50) Clearing All SoftReferences
[2024-03-20T08:55:50.998-0700][5.171s][info][gc,task     ] GC(50) Using 1 workers
[2024-03-20T08:55:50.998-0700][5.171s][info][gc,ref      ] GC(50) Clearing All SoftReferences
[2024-03-20T08:55:50.998-0700][5.171s][info][gc,phases   ] GC(50) Pause Mark Start 0.011ms
[2024-03-20T08:55:51.037-0700][5.211s][info][gc,phases   ] GC(50) Concurrent Mark 39.444ms
[2024-03-20T08:55:51.037-0700][5.211s][info][gc,phases   ] GC(50) Pause Mark End 0.009ms
[2024-03-20T08:55:51.037-0700][5.211s][info][gc,phases   ] GC(50) Concurrent Mark Free 0.000ms
[2024-03-20T08:55:51.038-0700][5.211s][info][gc,phases   ] GC(50) Concurrent Process Non-Strong References 0.356ms
[2024-03-20T08:55:51.038-0700][5.211s][info][gc,phases   ] GC(50) Concurrent Reset Relocation Set 0.005ms
[2024-03-20T08:55:51.038-0700][5.211s][info][gc          ] Allocation Stall (main) 15.076ms
[2024-03-20T08:55:51.040-0700][5.213s][info][gc,phases   ] GC(50) Concurrent Select Relocation Set 1.816ms
[2024-03-20T08:55:51.040-0700][5.213s][info][gc,phases   ] GC(50) Pause Relocate Start 0.006ms
[2024-03-20T08:55:51.042-0700][5.215s][info][gc,phases   ] GC(50) Concurrent Relocate 1.841ms
[2024-03-20T08:55:51.042-0700][5.215s][info][gc,load     ] GC(50) Load: 9.27/8.79/8.18
[2024-03-20T08:55:51.042-0700][5.215s][info][gc,mmu      ] GC(50) MMU: 2ms/95.8%, 5ms/98.1%, 10ms/99.1%, 20ms/99.5%, 50ms/99.8%, 100ms/99.9%
[2024-03-20T08:55:51.042-0700][5.215s][info][gc,marking  ] GC(50) Mark: 1 stripe(s), 2 proactive flush(es), 1 terminate flush(es), 0 completion(s), 0 continuation(s) 
[2024-03-20T08:55:51.042-0700][5.215s][info][gc,marking  ] GC(50) Mark Stack Usage: 32M
[2024-03-20T08:55:51.042-0700][5.215s][info][gc,nmethod  ] GC(50) NMethods: 178 registered, 20 unregistered
[2024-03-20T08:55:51.042-0700][5.215s][info][gc,metaspace] GC(50) Metaspace: 0M used, 0M committed, 1088M reserved
[2024-03-20T08:55:51.042-0700][5.215s][info][gc,ref      ] GC(50) Soft: 47 encountered, 32 discovered, 0 enqueued
[2024-03-20T08:55:51.042-0700][5.215s][info][gc,ref      ] GC(50) Weak: 140 encountered, 108 discovered, 0 enqueued
[2024-03-20T08:55:51.042-0700][5.215s][info][gc,ref      ] GC(50) Final: 0 encountered, 0 discovered, 0 enqueued
[2024-03-20T08:55:51.042-0700][5.215s][info][gc,ref      ] GC(50) Phantom: 1 encountered, 0 discovered, 0 enqueued
[2024-03-20T08:55:51.042-0700][5.215s][info][gc,reloc    ] GC(50) Small Pages: 405 / 810M, Empty: 644M, Relocated: 2M, In-Place: 0
[2024-03-20T08:55:51.042-0700][5.215s][info][gc,reloc    ] GC(50) Medium Pages: 0 / 0M, Empty: 0M, Relocated: 0M, In-Place: 0
[2024-03-20T08:55:51.042-0700][5.215s][info][gc,reloc    ] GC(50) Large Pages: 0 / 0M, Empty: 0M, Relocated: 0M, In-Place: 0
[2024-03-20T08:55:51.042-0700][5.215s][info][gc,reloc    ] GC(50) Forwarding Usage: 1M
[2024-03-20T08:55:51.042-0700][5.215s][info][gc,heap     ] GC(50) Min Capacity: 8M(1%)
[2024-03-20T08:55:51.042-0700][5.215s][info][gc,heap     ] GC(50) Max Capacity: 1024M(100%)
[2024-03-20T08:55:51.042-0700][5.215s][info][gc,heap     ] GC(50) Soft Max Capacity: 1024M(100%)
[2024-03-20T08:55:51.042-0700][5.215s][info][gc,heap     ] GC(50)                Mark Start          Mark End        Relocate Start      Relocate End           High               Low         
[2024-03-20T08:55:51.042-0700][5.215s][info][gc,heap     ] GC(50)  Capacity:     1024M (100%)       1024M (100%)       1024M (100%)       1024M (100%)       1024M (100%)       1024M (100%)   
[2024-03-20T08:55:51.042-0700][5.215s][info][gc,heap     ] GC(50)      Free:      214M (21%)           0M (0%)          630M (62%)         762M (74%)         764M (75%)           0M (0%)     
[2024-03-20T08:55:51.042-0700][5.215s][info][gc,heap     ] GC(50)      Used:      810M (79%)        1024M (100%)        394M (38%)         262M (26%)        1024M (100%)        260M (25%)    
[2024-03-20T08:55:51.042-0700][5.215s][info][gc,heap     ] GC(50)      Live:         -                15M (2%)           15M (2%)           15M (2%)             -                  -          
[2024-03-20T08:55:51.042-0700][5.215s][info][gc,heap     ] GC(50) Allocated:         -               214M (21%)         228M (22%)         241M (24%)            -                  -          
[2024-03-20T08:55:51.042-0700][5.215s][info][gc,heap     ] GC(50)   Garbage:         -               794M (78%)         150M (15%)           4M (0%)             -                  -          
[2024-03-20T08:55:51.042-0700][5.215s][info][gc,heap     ] GC(50) Reclaimed:         -                  -               644M (63%)         789M (77%)            -                  -          
[2024-03-20T08:55:51.042-0700][5.215s][info][gc          ] GC(50) Garbage Collection (Allocation Stall) 810M(79%)->262M(26%)
[2024-03-20T08:55:51.098-0700][5.271s][info][gc,start    ] GC(51) Garbage Collection (Allocation Stall)
[2024-03-20T08:55:51.098-0700][5.271s][info][gc,ref      ] GC(51) Clearing All SoftReferences
[2024-03-20T08:55:51.098-0700][5.271s][info][gc,task     ] GC(51) Using 1 workers
[2024-03-20T08:55:51.098-0700][5.271s][info][gc,ref      ] GC(51) Clearing All SoftReferences
[2024-03-20T08:55:51.098-0700][5.271s][info][gc,phases   ] GC(51) Pause Mark Start 0.011ms
[2024-03-20T08:55:51.140-0700][5.314s][info][gc,phases   ] GC(51) Concurrent Mark 42.139ms
[2024-03-20T08:55:51.140-0700][5.314s][info][gc,phases   ] GC(51) Pause Mark End 0.008ms
[2024-03-20T08:55:51.140-0700][5.314s][info][gc,phases   ] GC(51) Concurrent Mark Free 0.000ms
[2024-03-20T08:55:51.141-0700][5.314s][info][gc,phases   ] GC(51) Concurrent Process Non-Strong References 0.395ms
[2024-03-20T08:55:51.141-0700][5.314s][info][gc,phases   ] GC(51) Concurrent Reset Relocation Set 0.004ms
[2024-03-20T08:55:51.141-0700][5.314s][info][gc          ] Allocation Stall (main) 11.621ms
[2024-03-20T08:55:51.142-0700][5.316s][info][gc,phases   ] GC(51) Concurrent Select Relocation Set 1.822ms
[2024-03-20T08:55:51.142-0700][5.316s][info][gc,phases   ] GC(51) Pause Relocate Start 0.005ms
[2024-03-20T08:55:51.144-0700][5.318s][info][gc,phases   ] GC(51) Concurrent Relocate 1.892ms
[2024-03-20T08:55:51.144-0700][5.318s][info][gc,load     ] GC(51) Load: 9.27/8.79/8.18
[2024-03-20T08:55:51.144-0700][5.318s][info][gc,mmu      ] GC(51) MMU: 2ms/95.8%, 5ms/98.1%, 10ms/99.1%, 20ms/99.5%, 50ms/99.8%, 100ms/99.9%
[2024-03-20T08:55:51.144-0700][5.318s][info][gc,marking  ] GC(51) Mark: 1 stripe(s), 2 proactive flush(es), 1 terminate flush(es), 0 completion(s), 0 continuation(s) 
[2024-03-20T08:55:51.144-0700][5.318s][info][gc,marking  ] GC(51) Mark Stack Usage: 32M
[2024-03-20T08:55:51.144-0700][5.318s][info][gc,nmethod  ] GC(51) NMethods: 178 registered, 20 unregistered
[2024-03-20T08:55:51.144-0700][5.318s][info][gc,metaspace] GC(51) Metaspace: 0M used, 0M committed, 1088M reserved
[2024-03-20T08:55:51.144-0700][5.318s][info][gc,ref      ] GC(51) Soft: 47 encountered, 32 discovered, 0 enqueued
[2024-03-20T08:55:51.145-0700][5.318s][info][gc,ref      ] GC(51) Weak: 140 encountered, 108 discovered, 0 enqueued
[2024-03-20T08:55:51.145-0700][5.318s][info][gc,ref      ] GC(51) Final: 0 encountered, 0 discovered, 0 enqueued
[2024-03-20T08:55:51.145-0700][5.318s][info][gc,ref      ] GC(51) Phantom: 1 encountered, 0 discovered, 0 enqueued
[2024-03-20T08:55:51.145-0700][5.318s][info][gc,reloc    ] GC(51) Small Pages: 380 / 760M, Empty: 584M, Relocated: 2M, In-Place: 0
[2024-03-20T08:55:51.145-0700][5.318s][info][gc,reloc    ] GC(51) Medium Pages: 0 / 0M, Empty: 0M, Relocated: 0M, In-Place: 0
[2024-03-20T08:55:51.145-0700][5.318s][info][gc,reloc    ] GC(51) Large Pages: 0 / 0M, Empty: 0M, Relocated: 0M, In-Place: 0
[2024-03-20T08:55:51.145-0700][5.318s][info][gc,reloc    ] GC(51) Forwarding Usage: 1M
[2024-03-20T08:55:51.145-0700][5.318s][info][gc,heap     ] GC(51) Min Capacity: 8M(1%)
[2024-03-20T08:55:51.145-0700][5.318s][info][gc,heap     ] GC(51) Max Capacity: 1024M(100%)
[2024-03-20T08:55:51.145-0700][5.318s][info][gc,heap     ] GC(51) Soft Max Capacity: 1024M(100%)
[2024-03-20T08:55:51.145-0700][5.318s][info][gc,heap     ] GC(51)                Mark Start          Mark End        Relocate Start      Relocate End           High               Low         
[2024-03-20T08:55:51.145-0700][5.318s][info][gc,heap     ] GC(51)  Capacity:     1024M (100%)       1024M (100%)       1024M (100%)       1024M (100%)       1024M (100%)       1024M (100%)   
[2024-03-20T08:55:51.145-0700][5.318s][info][gc,heap     ] GC(51)      Free:      264M (26%)           0M (0%)          570M (56%)         712M (70%)         714M (70%)           0M (0%)     
[2024-03-20T08:55:51.145-0700][5.318s][info][gc,heap     ] GC(51)      Used:      760M (74%)        1024M (100%)        454M (44%)         312M (30%)        1024M (100%)        310M (30%)    
[2024-03-20T08:55:51.145-0700][5.318s][info][gc,heap     ] GC(51)      Live:         -                15M (2%)           15M (2%)           15M (2%)             -                  -          
[2024-03-20T08:55:51.145-0700][5.318s][info][gc,heap     ] GC(51) Allocated:         -               264M (26%)         278M (27%)         291M (29%)            -                  -          
[2024-03-20T08:55:51.145-0700][5.318s][info][gc,heap     ] GC(51)   Garbage:         -               744M (73%)         160M (16%)           4M (0%)             -                  -          
[2024-03-20T08:55:51.145-0700][5.318s][info][gc,heap     ] GC(51) Reclaimed:         -                  -               584M (57%)         739M (72%)            -                  -          
[2024-03-20T08:55:51.145-0700][5.318s][info][gc          ] GC(51) Garbage Collection (Allocation Stall) 760M(74%)->312M(30%)
[2024-03-20T08:55:51.198-0700][5.371s][info][gc,start    ] GC(52) Garbage Collection (Allocation Stall)
[2024-03-20T08:55:51.198-0700][5.371s][info][gc,ref      ] GC(52) Clearing All SoftReferences
[2024-03-20T08:55:51.198-0700][5.371s][info][gc,task     ] GC(52) Using 1 workers
[2024-03-20T08:55:51.198-0700][5.371s][info][gc,ref      ] GC(52) Clearing All SoftReferences
[2024-03-20T08:55:51.198-0700][5.371s][info][gc,phases   ] GC(52) Pause Mark Start 0.018ms
[2024-03-20T08:55:51.238-0700][5.411s][info][gc,phases   ] GC(52) Concurrent Mark 39.716ms
[2024-03-20T08:55:51.238-0700][5.411s][info][gc,phases   ] GC(52) Pause Mark End 0.009ms
[2024-03-20T08:55:51.238-0700][5.411s][info][gc,phases   ] GC(52) Concurrent Mark Free 0.004ms
[2024-03-20T08:55:51.238-0700][5.412s][info][gc,phases   ] GC(52) Concurrent Process Non-Strong References 0.365ms
[2024-03-20T08:55:51.238-0700][5.412s][info][gc,phases   ] GC(52) Concurrent Reset Relocation Set 0.005ms
[2024-03-20T08:55:51.238-0700][5.412s][info][gc          ] Allocation Stall (main) 11.282ms
[2024-03-20T08:55:51.240-0700][5.413s][info][gc,phases   ] GC(52) Concurrent Select Relocation Set 1.842ms
[2024-03-20T08:55:51.240-0700][5.413s][info][gc,phases   ] GC(52) Pause Relocate Start 0.006ms
[2024-03-20T08:55:51.242-0700][5.415s][info][gc,phases   ] GC(52) Concurrent Relocate 1.878ms
[2024-03-20T08:55:51.242-0700][5.415s][info][gc,load     ] GC(52) Load: 9.27/8.79/8.18
[2024-03-20T08:55:51.242-0700][5.415s][info][gc,mmu      ] GC(52) MMU: 2ms/95.8%, 5ms/98.1%, 10ms/99.1%, 20ms/99.5%, 50ms/99.8%, 100ms/99.9%
[2024-03-20T08:55:51.242-0700][5.415s][info][gc,marking  ] GC(52) Mark: 1 stripe(s), 2 proactive flush(es), 1 terminate flush(es), 0 completion(s), 0 continuation(s) 
[2024-03-20T08:55:51.242-0700][5.415s][info][gc,marking  ] GC(52) Mark Stack Usage: 32M
[2024-03-20T08:55:51.242-0700][5.415s][info][gc,nmethod  ] GC(52) NMethods: 178 registered, 20 unregistered
[2024-03-20T08:55:51.242-0700][5.415s][info][gc,metaspace] GC(52) Metaspace: 0M used, 0M committed, 1088M reserved
[2024-03-20T08:55:51.242-0700][5.415s][info][gc,ref      ] GC(52) Soft: 47 encountered, 32 discovered, 0 enqueued
[2024-03-20T08:55:51.242-0700][5.416s][info][gc,ref      ] GC(52) Weak: 140 encountered, 108 discovered, 0 enqueued
[2024-03-20T08:55:51.242-0700][5.416s][info][gc,ref      ] GC(52) Final: 0 encountered, 0 discovered, 0 enqueued
[2024-03-20T08:55:51.242-0700][5.416s][info][gc,ref      ] GC(52) Phantom: 1 encountered, 0 discovered, 0 enqueued
[2024-03-20T08:55:51.242-0700][5.416s][info][gc,reloc    ] GC(52) Small Pages: 389 / 778M, Empty: 594M, Relocated: 2M, In-Place: 0
[2024-03-20T08:55:51.242-0700][5.416s][info][gc,reloc    ] GC(52) Medium Pages: 0 / 0M, Empty: 0M, Relocated: 0M, In-Place: 0
[2024-03-20T08:55:51.242-0700][5.416s][info][gc,reloc    ] GC(52) Large Pages: 0 / 0M, Empty: 0M, Relocated: 0M, In-Place: 0
[2024-03-20T08:55:51.242-0700][5.416s][info][gc,reloc    ] GC(52) Forwarding Usage: 1M
[2024-03-20T08:55:51.242-0700][5.416s][info][gc,heap     ] GC(52) Min Capacity: 8M(1%)
[2024-03-20T08:55:51.242-0700][5.416s][info][gc,heap     ] GC(52) Max Capacity: 1024M(100%)
[2024-03-20T08:55:51.242-0700][5.416s][info][gc,heap     ] GC(52) Soft Max Capacity: 1024M(100%)
[2024-03-20T08:55:51.242-0700][5.416s][info][gc,heap     ] GC(52)                Mark Start          Mark End        Relocate Start      Relocate End           High               Low         
[2024-03-20T08:55:51.242-0700][5.416s][info][gc,heap     ] GC(52)  Capacity:     1024M (100%)       1024M (100%)       1024M (100%)       1024M (100%)       1024M (100%)       1024M (100%)   
[2024-03-20T08:55:51.242-0700][5.416s][info][gc,heap     ] GC(52)      Free:      246M (24%)           0M (0%)          586M (57%)         736M (72%)         738M (72%)           0M (0%)     
[2024-03-20T08:55:51.242-0700][5.416s][info][gc,heap     ] GC(52)      Used:      778M (76%)        1024M (100%)        438M (43%)         288M (28%)        1024M (100%)        286M (28%)    
[2024-03-20T08:55:51.242-0700][5.416s][info][gc,heap     ] GC(52)      Live:         -                15M (2%)           15M (2%)           15M (2%)             -                  -          
[2024-03-20T08:55:51.242-0700][5.416s][info][gc,heap     ] GC(52) Allocated:         -               246M (24%)         254M (25%)         267M (26%)            -                  -          
[2024-03-20T08:55:51.242-0700][5.416s][info][gc,heap     ] GC(52)   Garbage:         -               762M (74%)         168M (16%)           4M (0%)             -                  -          
[2024-03-20T08:55:51.242-0700][5.416s][info][gc,heap     ] GC(52) Reclaimed:         -                  -               594M (58%)         757M (74%)            -                  -          
[2024-03-20T08:55:51.242-0700][5.416s][info][gc          ] GC(52) Garbage Collection (Allocation Stall) 778M(76%)->288M(28%)
[2024-03-20T08:55:51.298-0700][5.471s][info][gc,start    ] GC(53) Garbage Collection (Allocation Stall)
[2024-03-20T08:55:51.298-0700][5.471s][info][gc,ref      ] GC(53) Clearing All SoftReferences
[2024-03-20T08:55:51.298-0700][5.471s][info][gc,task     ] GC(53) Using 1 workers
[2024-03-20T08:55:51.298-0700][5.471s][info][gc,ref      ] GC(53) Clearing All SoftReferences
[2024-03-20T08:55:51.298-0700][5.471s][info][gc,phases   ] GC(53) Pause Mark Start 0.011ms
[2024-03-20T08:55:51.337-0700][5.511s][info][gc,phases   ] GC(53) Concurrent Mark 39.491ms
[2024-03-20T08:55:51.337-0700][5.511s][info][gc,phases   ] GC(53) Pause Mark End 0.009ms
[2024-03-20T08:55:51.337-0700][5.511s][info][gc,phases   ] GC(53) Concurrent Mark Free 0.000ms
[2024-03-20T08:55:51.338-0700][5.511s][info][gc,phases   ] GC(53) Concurrent Process Non-Strong References 0.347ms
[2024-03-20T08:55:51.338-0700][5.511s][info][gc,phases   ] GC(53) Concurrent Reset Relocation Set 0.005ms
[2024-03-20T08:55:51.338-0700][5.511s][info][gc          ] Allocation Stall (main) 11.003ms
[2024-03-20T08:55:51.340-0700][5.513s][info][gc,phases   ] GC(53) Concurrent Select Relocation Set 1.902ms
[2024-03-20T08:55:51.340-0700][5.513s][info][gc,phases   ] GC(53) Pause Relocate Start 0.006ms
[2024-03-20T08:55:51.342-0700][5.515s][info][gc,phases   ] GC(53) Concurrent Relocate 1.857ms
[2024-03-20T08:55:51.342-0700][5.515s][info][gc,load     ] GC(53) Load: 9.27/8.79/8.18
[2024-03-20T08:55:51.342-0700][5.515s][info][gc,mmu      ] GC(53) MMU: 2ms/95.8%, 5ms/98.1%, 10ms/99.1%, 20ms/99.5%, 50ms/99.8%, 100ms/99.9%
[2024-03-20T08:55:51.342-0700][5.515s][info][gc,marking  ] GC(53) Mark: 1 stripe(s), 2 proactive flush(es), 1 terminate flush(es), 0 completion(s), 0 continuation(s) 
[2024-03-20T08:55:51.342-0700][5.515s][info][gc,marking  ] GC(53) Mark Stack Usage: 32M
[2024-03-20T08:55:51.342-0700][5.515s][info][gc,nmethod  ] GC(53) NMethods: 178 registered, 20 unregistered
[2024-03-20T08:55:51.342-0700][5.515s][info][gc,metaspace] GC(53) Metaspace: 0M used, 0M committed, 1088M reserved
[2024-03-20T08:55:51.342-0700][5.515s][info][gc,ref      ] GC(53) Soft: 47 encountered, 32 discovered, 0 enqueued
[2024-03-20T08:55:51.342-0700][5.515s][info][gc,ref      ] GC(53) Weak: 140 encountered, 108 discovered, 0 enqueued
[2024-03-20T08:55:51.342-0700][5.515s][info][gc,ref      ] GC(53) Final: 0 encountered, 0 discovered, 0 enqueued
[2024-03-20T08:55:51.342-0700][5.515s][info][gc,ref      ] GC(53) Phantom: 1 encountered, 0 discovered, 0 enqueued
[2024-03-20T08:55:51.342-0700][5.515s][info][gc,reloc    ] GC(53) Small Pages: 388 / 776M, Empty: 616M, Relocated: 2M, In-Place: 0
[2024-03-20T08:55:51.342-0700][5.515s][info][gc,reloc    ] GC(53) Medium Pages: 0 / 0M, Empty: 0M, Relocated: 0M, In-Place: 0
[2024-03-20T08:55:51.342-0700][5.515s][info][gc,reloc    ] GC(53) Large Pages: 0 / 0M, Empty: 0M, Relocated: 0M, In-Place: 0
[2024-03-20T08:55:51.342-0700][5.515s][info][gc,reloc    ] GC(53) Forwarding Usage: 1M
[2024-03-20T08:55:51.342-0700][5.515s][info][gc,heap     ] GC(53) Min Capacity: 8M(1%)
[2024-03-20T08:55:51.342-0700][5.515s][info][gc,heap     ] GC(53) Max Capacity: 1024M(100%)
[2024-03-20T08:55:51.342-0700][5.515s][info][gc,heap     ] GC(53) Soft Max Capacity: 1024M(100%)
[2024-03-20T08:55:51.342-0700][5.515s][info][gc,heap     ] GC(53)                Mark Start          Mark End        Relocate Start      Relocate End           High               Low         
[2024-03-20T08:55:51.342-0700][5.515s][info][gc,heap     ] GC(53)  Capacity:     1024M (100%)       1024M (100%)       1024M (100%)       1024M (100%)       1024M (100%)       1024M (100%)   
[2024-03-20T08:55:51.342-0700][5.515s][info][gc,heap     ] GC(53)      Free:      248M (24%)           0M (0%)          602M (59%)         726M (71%)         728M (71%)           0M (0%)     
[2024-03-20T08:55:51.342-0700][5.515s][info][gc,heap     ] GC(53)      Used:      776M (76%)        1024M (100%)        422M (41%)         298M (29%)        1024M (100%)        296M (29%)    
[2024-03-20T08:55:51.342-0700][5.515s][info][gc,heap     ] GC(53)      Live:         -                15M (2%)           15M (2%)           15M (2%)             -                  -          
[2024-03-20T08:55:51.342-0700][5.515s][info][gc,heap     ] GC(53) Allocated:         -               248M (24%)         262M (26%)         277M (27%)            -                  -          
[2024-03-20T08:55:51.342-0700][5.515s][info][gc,heap     ] GC(53)   Garbage:         -               760M (74%)         144M (14%)           4M (0%)             -                  -          
[2024-03-20T08:55:51.342-0700][5.515s][info][gc,heap     ] GC(53) Reclaimed:         -                  -               616M (60%)         755M (74%)            -                  -          
[2024-03-20T08:55:51.342-0700][5.515s][info][gc          ] GC(53) Garbage Collection (Allocation Stall) 776M(76%)->298M(29%)
[2024-03-20T08:55:51.398-0700][5.571s][info][gc,start    ] GC(54) Garbage Collection (Allocation Stall)
[2024-03-20T08:55:51.398-0700][5.571s][info][gc,ref      ] GC(54) Clearing All SoftReferences
[2024-03-20T08:55:51.398-0700][5.571s][info][gc,task     ] GC(54) Using 1 workers
[2024-03-20T08:55:51.398-0700][5.571s][info][gc,ref      ] GC(54) Clearing All SoftReferences
[2024-03-20T08:55:51.398-0700][5.571s][info][gc,phases   ] GC(54) Pause Mark Start 0.010ms
[2024-03-20T08:55:51.436-0700][5.610s][info][gc,phases   ] GC(54) Concurrent Mark 38.230ms
[2024-03-20T08:55:51.436-0700][5.610s][info][gc,phases   ] GC(54) Pause Mark End 0.009ms
[2024-03-20T08:55:51.436-0700][5.610s][info][gc,phases   ] GC(54) Concurrent Mark Free 0.000ms
[2024-03-20T08:55:51.437-0700][5.610s][info][gc,phases   ] GC(54) Concurrent Process Non-Strong References 0.367ms
[2024-03-20T08:55:51.437-0700][5.610s][info][gc,phases   ] GC(54) Concurrent Reset Relocation Set 0.004ms
[2024-03-20T08:55:51.437-0700][5.610s][info][gc          ] Allocation Stall (main) 12.921ms
[2024-03-20T08:55:51.439-0700][5.612s][info][gc,phases   ] GC(54) Concurrent Select Relocation Set 1.845ms
[2024-03-20T08:55:51.439-0700][5.612s][info][gc,phases   ] GC(54) Pause Relocate Start 0.007ms
[2024-03-20T08:55:51.441-0700][5.614s][info][gc,phases   ] GC(54) Concurrent Relocate 1.825ms
[2024-03-20T08:55:51.441-0700][5.614s][info][gc,load     ] GC(54) Load: 9.27/8.79/8.18
[2024-03-20T08:55:51.441-0700][5.614s][info][gc,mmu      ] GC(54) MMU: 2ms/95.8%, 5ms/98.1%, 10ms/99.1%, 20ms/99.5%, 50ms/99.8%, 100ms/99.9%
[2024-03-20T08:55:51.441-0700][5.614s][info][gc,marking  ] GC(54) Mark: 1 stripe(s), 2 proactive flush(es), 1 terminate flush(es), 0 completion(s), 0 continuation(s) 
[2024-03-20T08:55:51.441-0700][5.614s][info][gc,marking  ] GC(54) Mark Stack Usage: 32M
[2024-03-20T08:55:51.441-0700][5.614s][info][gc,nmethod  ] GC(54) NMethods: 178 registered, 20 unregistered
[2024-03-20T08:55:51.441-0700][5.614s][info][gc,metaspace] GC(54) Metaspace: 0M used, 0M committed, 1088M reserved
[2024-03-20T08:55:51.441-0700][5.614s][info][gc,ref      ] GC(54) Soft: 47 encountered, 32 discovered, 0 enqueued
[2024-03-20T08:55:51.441-0700][5.614s][info][gc,ref      ] GC(54) Weak: 140 encountered, 108 discovered, 0 enqueued
[2024-03-20T08:55:51.441-0700][5.614s][info][gc,ref      ] GC(54) Final: 0 encountered, 0 discovered, 0 enqueued
[2024-03-20T08:55:51.441-0700][5.614s][info][gc,ref      ] GC(54) Phantom: 1 encountered, 0 discovered, 0 enqueued
[2024-03-20T08:55:51.441-0700][5.614s][info][gc,reloc    ] GC(54) Small Pages: 401 / 802M, Empty: 626M, Relocated: 2M, In-Place: 0
[2024-03-20T08:55:51.441-0700][5.614s][info][gc,reloc    ] GC(54) Medium Pages: 0 / 0M, Empty: 0M, Relocated: 0M, In-Place: 0
[2024-03-20T08:55:51.441-0700][5.614s][info][gc,reloc    ] GC(54) Large Pages: 0 / 0M, Empty: 0M, Relocated: 0M, In-Place: 0
[2024-03-20T08:55:51.441-0700][5.614s][info][gc,reloc    ] GC(54) Forwarding Usage: 1M
[2024-03-20T08:55:51.441-0700][5.614s][info][gc,heap     ] GC(54) Min Capacity: 8M(1%)
[2024-03-20T08:55:51.441-0700][5.614s][info][gc,heap     ] GC(54) Max Capacity: 1024M(100%)
[2024-03-20T08:55:51.441-0700][5.614s][info][gc,heap     ] GC(54) Soft Max Capacity: 1024M(100%)
[2024-03-20T08:55:51.441-0700][5.614s][info][gc,heap     ] GC(54)                Mark Start          Mark End        Relocate Start      Relocate End           High               Low         
[2024-03-20T08:55:51.441-0700][5.614s][info][gc,heap     ] GC(54)  Capacity:     1024M (100%)       1024M (100%)       1024M (100%)       1024M (100%)       1024M (100%)       1024M (100%)   
[2024-03-20T08:55:51.441-0700][5.614s][info][gc,heap     ] GC(54)      Free:      222M (22%)           0M (0%)          612M (60%)         756M (74%)         758M (74%)           0M (0%)     
[2024-03-20T08:55:51.441-0700][5.614s][info][gc,heap     ] GC(54)      Used:      802M (78%)        1024M (100%)        412M (40%)         268M (26%)        1024M (100%)        266M (26%)    
[2024-03-20T08:55:51.441-0700][5.614s][info][gc,heap     ] GC(54)      Live:         -                15M (2%)           15M (2%)           15M (2%)             -                  -          
[2024-03-20T08:55:51.441-0700][5.614s][info][gc,heap     ] GC(54) Allocated:         -               222M (22%)         236M (23%)         247M (24%)            -                  -          
[2024-03-20T08:55:51.441-0700][5.614s][info][gc,heap     ] GC(54)   Garbage:         -               786M (77%)         160M (16%)           4M (0%)             -                  -          
[2024-03-20T08:55:51.441-0700][5.614s][info][gc,heap     ] GC(54) Reclaimed:         -                  -               626M (61%)         781M (76%)            -                  -          
[2024-03-20T08:55:51.441-0700][5.614s][info][gc          ] GC(54) Garbage Collection (Allocation Stall) 802M(78%)->268M(26%)
[2024-03-20T08:55:51.498-0700][5.671s][info][gc,start    ] GC(55) Garbage Collection (Allocation Stall)
[2024-03-20T08:55:51.498-0700][5.671s][info][gc,ref      ] GC(55) Clearing All SoftReferences
[2024-03-20T08:55:51.498-0700][5.671s][info][gc,task     ] GC(55) Using 1 workers
[2024-03-20T08:55:51.498-0700][5.671s][info][gc,ref      ] GC(55) Clearing All SoftReferences
[2024-03-20T08:55:51.498-0700][5.671s][info][gc,phases   ] GC(55) Pause Mark Start 0.011ms
[2024-03-20T08:55:51.538-0700][5.712s][info][gc,phases   ] GC(55) Concurrent Mark 40.057ms
[2024-03-20T08:55:51.538-0700][5.712s][info][gc,phases   ] GC(55) Pause Mark End 0.010ms
[2024-03-20T08:55:51.538-0700][5.712s][info][gc,phases   ] GC(55) Concurrent Mark Free 0.000ms
[2024-03-20T08:55:51.539-0700][5.712s][info][gc,phases   ] GC(55) Concurrent Process Non-Strong References 0.347ms
[2024-03-20T08:55:51.539-0700][5.712s][info][gc,phases   ] GC(55) Concurrent Reset Relocation Set 0.005ms
[2024-03-20T08:55:51.539-0700][5.712s][info][gc          ] Allocation Stall (main) 10.583ms
[2024-03-20T08:55:51.540-0700][5.714s][info][gc,phases   ] GC(55) Concurrent Select Relocation Set 1.830ms
[2024-03-20T08:55:51.540-0700][5.714s][info][gc,phases   ] GC(55) Pause Relocate Start 0.006ms
[2024-03-20T08:55:51.542-0700][5.716s][info][gc,phases   ] GC(55) Concurrent Relocate 1.873ms
[2024-03-20T08:55:51.542-0700][5.716s][info][gc,load     ] GC(55) Load: 9.27/8.79/8.18
[2024-03-20T08:55:51.542-0700][5.716s][info][gc,mmu      ] GC(55) MMU: 2ms/95.8%, 5ms/98.1%, 10ms/99.1%, 20ms/99.5%, 50ms/99.8%, 100ms/99.9%
[2024-03-20T08:55:51.542-0700][5.716s][info][gc,marking  ] GC(55) Mark: 1 stripe(s), 2 proactive flush(es), 1 terminate flush(es), 0 completion(s), 0 continuation(s) 
[2024-03-20T08:55:51.542-0700][5.716s][info][gc,marking  ] GC(55) Mark Stack Usage: 32M
[2024-03-20T08:55:51.542-0700][5.716s][info][gc,nmethod  ] GC(55) NMethods: 178 registered, 20 unregistered
[2024-03-20T08:55:51.542-0700][5.716s][info][gc,metaspace] GC(55) Metaspace: 0M used, 0M committed, 1088M reserved
[2024-03-20T08:55:51.542-0700][5.716s][info][gc,ref      ] GC(55) Soft: 47 encountered, 32 discovered, 0 enqueued
[2024-03-20T08:55:51.542-0700][5.716s][info][gc,ref      ] GC(55) Weak: 140 encountered, 108 discovered, 0 enqueued
[2024-03-20T08:55:51.542-0700][5.716s][info][gc,ref      ] GC(55) Final: 0 encountered, 0 discovered, 0 enqueued
[2024-03-20T08:55:51.542-0700][5.716s][info][gc,ref      ] GC(55) Phantom: 1 encountered, 0 discovered, 0 enqueued
[2024-03-20T08:55:51.542-0700][5.716s][info][gc,reloc    ] GC(55) Small Pages: 383 / 766M, Empty: 584M, Relocated: 2M, In-Place: 0
[2024-03-20T08:55:51.542-0700][5.716s][info][gc,reloc    ] GC(55) Medium Pages: 0 / 0M, Empty: 0M, Relocated: 0M, In-Place: 0
[2024-03-20T08:55:51.542-0700][5.716s][info][gc,reloc    ] GC(55) Large Pages: 0 / 0M, Empty: 0M, Relocated: 0M, In-Place: 0
[2024-03-20T08:55:51.542-0700][5.716s][info][gc,reloc    ] GC(55) Forwarding Usage: 1M
[2024-03-20T08:55:51.542-0700][5.716s][info][gc,heap     ] GC(55) Min Capacity: 8M(1%)
[2024-03-20T08:55:51.542-0700][5.716s][info][gc,heap     ] GC(55) Max Capacity: 1024M(100%)
[2024-03-20T08:55:51.542-0700][5.716s][info][gc,heap     ] GC(55) Soft Max Capacity: 1024M(100%)
[2024-03-20T08:55:51.542-0700][5.716s][info][gc,heap     ] GC(55)                Mark Start          Mark End        Relocate Start      Relocate End           High               Low         
[2024-03-20T08:55:51.543-0700][5.716s][info][gc,heap     ] GC(55)  Capacity:     1024M (100%)       1024M (100%)       1024M (100%)       1024M (100%)       1024M (100%)       1024M (100%)   
[2024-03-20T08:55:51.543-0700][5.716s][info][gc,heap     ] GC(55)      Free:      258M (25%)           0M (0%)          568M (55%)         716M (70%)         720M (70%)           0M (0%)     
[2024-03-20T08:55:51.543-0700][5.716s][info][gc,heap     ] GC(55)      Used:      766M (75%)        1024M (100%)        456M (45%)         308M (30%)        1024M (100%)        304M (30%)    
[2024-03-20T08:55:51.543-0700][5.716s][info][gc,heap     ] GC(55)      Live:         -                15M (2%)           15M (2%)           15M (2%)             -                  -          
[2024-03-20T08:55:51.543-0700][5.716s][info][gc,heap     ] GC(55) Allocated:         -               258M (25%)         274M (27%)         287M (28%)            -                  -          
[2024-03-20T08:55:51.543-0700][5.716s][info][gc,heap     ] GC(55)   Garbage:         -               750M (73%)         166M (16%)           4M (0%)             -                  -          
[2024-03-20T08:55:51.543-0700][5.716s][info][gc,heap     ] GC(55) Reclaimed:         -                  -               584M (57%)         745M (73%)            -                  -          
[2024-03-20T08:55:51.543-0700][5.716s][info][gc          ] GC(55) Garbage Collection (Allocation Stall) 766M(75%)->308M(30%)
[2024-03-20T08:55:51.598-0700][5.771s][info][gc,start    ] GC(56) Garbage Collection (Allocation Stall)
[2024-03-20T08:55:51.598-0700][5.771s][info][gc,ref      ] GC(56) Clearing All SoftReferences
[2024-03-20T08:55:51.598-0700][5.771s][info][gc,task     ] GC(56) Using 1 workers
[2024-03-20T08:55:51.598-0700][5.771s][info][gc,ref      ] GC(56) Clearing All SoftReferences
[2024-03-20T08:55:51.598-0700][5.771s][info][gc,phases   ] GC(56) Pause Mark Start 0.010ms
[2024-03-20T08:55:51.637-0700][5.811s][info][gc,phases   ] GC(56) Concurrent Mark 39.246ms
[2024-03-20T08:55:51.637-0700][5.811s][info][gc,phases   ] GC(56) Pause Mark End 0.009ms
[2024-03-20T08:55:51.637-0700][5.811s][info][gc,phases   ] GC(56) Concurrent Mark Free 0.003ms
[2024-03-20T08:55:51.638-0700][5.811s][info][gc,phases   ] GC(56) Concurrent Process Non-Strong References 0.354ms
[2024-03-20T08:55:51.638-0700][5.811s][info][gc,phases   ] GC(56) Concurrent Reset Relocation Set 0.008ms
[2024-03-20T08:55:51.638-0700][5.811s][info][gc          ] Allocation Stall (main) 12.243ms
[2024-03-20T08:55:51.640-0700][5.813s][info][gc,phases   ] GC(56) Concurrent Select Relocation Set 1.823ms
[2024-03-20T08:55:51.640-0700][5.813s][info][gc,phases   ] GC(56) Pause Relocate Start 0.006ms
[2024-03-20T08:55:51.642-0700][5.815s][info][gc,phases   ] GC(56) Concurrent Relocate 1.908ms
[2024-03-20T08:55:51.642-0700][5.815s][info][gc,load     ] GC(56) Load: 9.27/8.79/8.18
[2024-03-20T08:55:51.642-0700][5.815s][info][gc,mmu      ] GC(56) MMU: 2ms/95.8%, 5ms/98.1%, 10ms/99.1%, 20ms/99.5%, 50ms/99.8%, 100ms/99.9%
[2024-03-20T08:55:51.642-0700][5.815s][info][gc,marking  ] GC(56) Mark: 1 stripe(s), 2 proactive flush(es), 1 terminate flush(es), 0 completion(s), 0 continuation(s) 
[2024-03-20T08:55:51.642-0700][5.815s][info][gc,marking  ] GC(56) Mark Stack Usage: 32M
[2024-03-20T08:55:51.642-0700][5.815s][info][gc,nmethod  ] GC(56) NMethods: 178 registered, 20 unregistered
[2024-03-20T08:55:51.642-0700][5.815s][info][gc,metaspace] GC(56) Metaspace: 0M used, 0M committed, 1088M reserved
[2024-03-20T08:55:51.642-0700][5.815s][info][gc,ref      ] GC(56) Soft: 47 encountered, 32 discovered, 0 enqueued
[2024-03-20T08:55:51.642-0700][5.815s][info][gc,ref      ] GC(56) Weak: 140 encountered, 108 discovered, 0 enqueued
[2024-03-20T08:55:51.642-0700][5.815s][info][gc,ref      ] GC(56) Final: 0 encountered, 0 discovered, 0 enqueued
[2024-03-20T08:55:51.642-0700][5.815s][info][gc,ref      ] GC(56) Phantom: 1 encountered, 0 discovered, 0 enqueued
[2024-03-20T08:55:51.642-0700][5.815s][info][gc,reloc    ] GC(56) Small Pages: 395 / 790M, Empty: 634M, Relocated: 2M, In-Place: 0
[2024-03-20T08:55:51.642-0700][5.815s][info][gc,reloc    ] GC(56) Medium Pages: 0 / 0M, Empty: 0M, Relocated: 0M, In-Place: 0
[2024-03-20T08:55:51.642-0700][5.815s][info][gc,reloc    ] GC(56) Large Pages: 0 / 0M, Empty: 0M, Relocated: 0M, In-Place: 0
[2024-03-20T08:55:51.642-0700][5.815s][info][gc,reloc    ] GC(56) Forwarding Usage: 1M
[2024-03-20T08:55:51.642-0700][5.815s][info][gc,heap     ] GC(56) Min Capacity: 8M(1%)
[2024-03-20T08:55:51.642-0700][5.815s][info][gc,heap     ] GC(56) Max Capacity: 1024M(100%)
[2024-03-20T08:55:51.642-0700][5.815s][info][gc,heap     ] GC(56) Soft Max Capacity: 1024M(100%)
[2024-03-20T08:55:51.642-0700][5.815s][info][gc,heap     ] GC(56)                Mark Start          Mark End        Relocate Start      Relocate End           High               Low         
[2024-03-20T08:55:51.642-0700][5.815s][info][gc,heap     ] GC(56)  Capacity:     1024M (100%)       1024M (100%)       1024M (100%)       1024M (100%)       1024M (100%)       1024M (100%)   
[2024-03-20T08:55:51.642-0700][5.815s][info][gc,heap     ] GC(56)      Free:      234M (23%)           0M (0%)          624M (61%)         746M (73%)         748M (73%)           0M (0%)     
[2024-03-20T08:55:51.642-0700][5.815s][info][gc,heap     ] GC(56)      Used:      790M (77%)        1024M (100%)        400M (39%)         278M (27%)        1024M (100%)        276M (27%)    
[2024-03-20T08:55:51.642-0700][5.815s][info][gc,heap     ] GC(56)      Live:         -                15M (2%)           15M (2%)           15M (2%)             -                  -          
[2024-03-20T08:55:51.642-0700][5.815s][info][gc,heap     ] GC(56) Allocated:         -               234M (23%)         244M (24%)         257M (25%)            -                  -          
[2024-03-20T08:55:51.642-0700][5.815s][info][gc,heap     ] GC(56)   Garbage:         -               774M (76%)         140M (14%)           4M (0%)             -                  -          
[2024-03-20T08:55:51.642-0700][5.815s][info][gc,heap     ] GC(56) Reclaimed:         -                  -               634M (62%)         769M (75%)            -                  -          
[2024-03-20T08:55:51.642-0700][5.815s][info][gc          ] GC(56) Garbage Collection (Allocation Stall) 790M(77%)->278M(27%)
[2024-03-20T08:55:51.698-0700][5.871s][info][gc,start    ] GC(57) Garbage Collection (Allocation Stall)
[2024-03-20T08:55:51.698-0700][5.871s][info][gc,ref      ] GC(57) Clearing All SoftReferences
[2024-03-20T08:55:51.698-0700][5.871s][info][gc,task     ] GC(57) Using 1 workers
[2024-03-20T08:55:51.698-0700][5.872s][info][gc,ref      ] GC(57) Clearing All SoftReferences
[2024-03-20T08:55:51.698-0700][5.872s][info][gc,phases   ] GC(57) Pause Mark Start 0.011ms
[2024-03-20T08:55:51.738-0700][5.912s][info][gc,phases   ] GC(57) Concurrent Mark 40.369ms
[2024-03-20T08:55:51.739-0700][5.912s][info][gc,phases   ] GC(57) Pause Mark End 0.009ms
[2024-03-20T08:55:51.739-0700][5.912s][info][gc,phases   ] GC(57) Concurrent Mark Free 0.000ms
[2024-03-20T08:55:51.739-0700][5.912s][info][gc,phases   ] GC(57) Concurrent Process Non-Strong References 0.347ms
[2024-03-20T08:55:51.739-0700][5.912s][info][gc,phases   ] GC(57) Concurrent Reset Relocation Set 0.004ms
[2024-03-20T08:55:51.739-0700][5.912s][info][gc          ] Allocation Stall (main) 10.356ms
[2024-03-20T08:55:51.741-0700][5.914s][info][gc,phases   ] GC(57) Concurrent Select Relocation Set 1.829ms
[2024-03-20T08:55:51.741-0700][5.914s][info][gc,phases   ] GC(57) Pause Relocate Start 0.006ms
[2024-03-20T08:55:51.743-0700][5.916s][info][gc,phases   ] GC(57) Concurrent Relocate 2.017ms
[2024-03-20T08:55:51.743-0700][5.916s][info][gc,load     ] GC(57) Load: 9.27/8.79/8.18
[2024-03-20T08:55:51.743-0700][5.916s][info][gc,mmu      ] GC(57) MMU: 2ms/95.8%, 5ms/98.1%, 10ms/99.1%, 20ms/99.5%, 50ms/99.8%, 100ms/99.9%
[2024-03-20T08:55:51.743-0700][5.916s][info][gc,marking  ] GC(57) Mark: 1 stripe(s), 2 proactive flush(es), 1 terminate flush(es), 0 completion(s), 0 continuation(s) 
[2024-03-20T08:55:51.743-0700][5.916s][info][gc,marking  ] GC(57) Mark Stack Usage: 32M
[2024-03-20T08:55:51.743-0700][5.916s][info][gc,nmethod  ] GC(57) NMethods: 178 registered, 20 unregistered
[2024-03-20T08:55:51.743-0700][5.916s][info][gc,metaspace] GC(57) Metaspace: 0M used, 0M committed, 1088M reserved
[2024-03-20T08:55:51.743-0700][5.916s][info][gc,ref      ] GC(57) Soft: 47 encountered, 32 discovered, 0 enqueued
[2024-03-20T08:55:51.743-0700][5.916s][info][gc,ref      ] GC(57) Weak: 140 encountered, 108 discovered, 0 enqueued
[2024-03-20T08:55:51.743-0700][5.916s][info][gc,ref      ] GC(57) Final: 0 encountered, 0 discovered, 0 enqueued
[2024-03-20T08:55:51.743-0700][5.916s][info][gc,ref      ] GC(57) Phantom: 1 encountered, 0 discovered, 0 enqueued
[2024-03-20T08:55:51.743-0700][5.916s][info][gc,reloc    ] GC(57) Small Pages: 383 / 766M, Empty: 604M, Relocated: 2M, In-Place: 0
[2024-03-20T08:55:51.743-0700][5.916s][info][gc,reloc    ] GC(57) Medium Pages: 0 / 0M, Empty: 0M, Relocated: 0M, In-Place: 0
[2024-03-20T08:55:51.743-0700][5.916s][info][gc,reloc    ] GC(57) Large Pages: 0 / 0M, Empty: 0M, Relocated: 0M, In-Place: 0
[2024-03-20T08:55:51.743-0700][5.916s][info][gc,reloc    ] GC(57) Forwarding Usage: 1M
[2024-03-20T08:55:51.743-0700][5.916s][info][gc,heap     ] GC(57) Min Capacity: 8M(1%)
[2024-03-20T08:55:51.743-0700][5.917s][info][gc,heap     ] GC(57) Max Capacity: 1024M(100%)
[2024-03-20T08:55:51.743-0700][5.917s][info][gc,heap     ] GC(57) Soft Max Capacity: 1024M(100%)
[2024-03-20T08:55:51.743-0700][5.917s][info][gc,heap     ] GC(57)                Mark Start          Mark End        Relocate Start      Relocate End           High               Low         
[2024-03-20T08:55:51.743-0700][5.917s][info][gc,heap     ] GC(57)  Capacity:     1024M (100%)       1024M (100%)       1024M (100%)       1024M (100%)       1024M (100%)       1024M (100%)   
[2024-03-20T08:55:51.743-0700][5.917s][info][gc,heap     ] GC(57)      Free:      258M (25%)           0M (0%)          590M (58%)         718M (70%)         720M (70%)           0M (0%)     
[2024-03-20T08:55:51.743-0700][5.917s][info][gc,heap     ] GC(57)      Used:      766M (75%)        1024M (100%)        434M (42%)         306M (30%)        1024M (100%)        304M (30%)    
[2024-03-20T08:55:51.743-0700][5.917s][info][gc,heap     ] GC(57)      Live:         -                15M (2%)           15M (2%)           15M (2%)             -                  -          
[2024-03-20T08:55:51.743-0700][5.917s][info][gc,heap     ] GC(57) Allocated:         -               258M (25%)         272M (27%)         285M (28%)            -                  -          
[2024-03-20T08:55:51.743-0700][5.917s][info][gc,heap     ] GC(57)   Garbage:         -               750M (73%)         146M (14%)           4M (0%)             -                  -          
[2024-03-20T08:55:51.743-0700][5.917s][info][gc,heap     ] GC(57) Reclaimed:         -                  -               604M (59%)         745M (73%)            -                  -          
[2024-03-20T08:55:51.743-0700][5.917s][info][gc          ] GC(57) Garbage Collection (Allocation Stall) 766M(75%)->306M(30%)
[2024-03-20T08:55:51.798-0700][5.971s][info][gc,start    ] GC(58) Garbage Collection (Allocation Stall)
[2024-03-20T08:55:51.798-0700][5.971s][info][gc,ref      ] GC(58) Clearing All SoftReferences
[2024-03-20T08:55:51.798-0700][5.971s][info][gc,task     ] GC(58) Using 1 workers
[2024-03-20T08:55:51.798-0700][5.972s][info][gc,ref      ] GC(58) Clearing All SoftReferences
[2024-03-20T08:55:51.798-0700][5.972s][info][gc,phases   ] GC(58) Pause Mark Start 0.011ms
[2024-03-20T08:55:51.836-0700][6.010s][info][gc,phases   ] GC(58) Concurrent Mark 38.194ms
[2024-03-20T08:55:51.836-0700][6.010s][info][gc,phases   ] GC(58) Pause Mark End 0.010ms
[2024-03-20T08:55:51.836-0700][6.010s][info][gc,phases   ] GC(58) Concurrent Mark Free 0.000ms
[2024-03-20T08:55:51.837-0700][6.010s][info][gc,phases   ] GC(58) Concurrent Process Non-Strong References 0.359ms
[2024-03-20T08:55:51.837-0700][6.010s][info][gc,phases   ] GC(58) Concurrent Reset Relocation Set 0.004ms
[2024-03-20T08:55:51.837-0700][6.010s][info][gc          ] Allocation Stall (main) 11.164ms
[2024-03-20T08:55:51.839-0700][6.012s][info][gc,phases   ] GC(58) Concurrent Select Relocation Set 1.811ms
[2024-03-20T08:55:51.839-0700][6.012s][info][gc,phases   ] GC(58) Pause Relocate Start 0.005ms
[2024-03-20T08:55:51.841-0700][6.014s][info][gc,phases   ] GC(58) Concurrent Relocate 1.784ms
[2024-03-20T08:55:51.841-0700][6.014s][info][gc,load     ] GC(58) Load: 9.27/8.79/8.18
[2024-03-20T08:55:51.841-0700][6.014s][info][gc,mmu      ] GC(58) MMU: 2ms/95.8%, 5ms/98.1%, 10ms/99.1%, 20ms/99.5%, 50ms/99.8%, 100ms/99.9%
[2024-03-20T08:55:51.841-0700][6.014s][info][gc,marking  ] GC(58) Mark: 1 stripe(s), 2 proactive flush(es), 1 terminate flush(es), 0 completion(s), 0 continuation(s) 
[2024-03-20T08:55:51.841-0700][6.014s][info][gc,marking  ] GC(58) Mark Stack Usage: 32M
[2024-03-20T08:55:51.841-0700][6.014s][info][gc,nmethod  ] GC(58) NMethods: 178 registered, 20 unregistered
[2024-03-20T08:55:51.841-0700][6.014s][info][gc,metaspace] GC(58) Metaspace: 0M used, 0M committed, 1088M reserved
[2024-03-20T08:55:51.841-0700][6.014s][info][gc,ref      ] GC(58) Soft: 47 encountered, 32 discovered, 0 enqueued
[2024-03-20T08:55:51.841-0700][6.014s][info][gc,ref      ] GC(58) Weak: 140 encountered, 108 discovered, 0 enqueued
[2024-03-20T08:55:51.841-0700][6.014s][info][gc,ref      ] GC(58) Final: 0 encountered, 0 discovered, 0 enqueued
[2024-03-20T08:55:51.841-0700][6.014s][info][gc,ref      ] GC(58) Phantom: 1 encountered, 0 discovered, 0 enqueued
[2024-03-20T08:55:51.841-0700][6.014s][info][gc,reloc    ] GC(58) Small Pages: 394 / 788M, Empty: 626M, Relocated: 2M, In-Place: 0
[2024-03-20T08:55:51.841-0700][6.014s][info][gc,reloc    ] GC(58) Medium Pages: 0 / 0M, Empty: 0M, Relocated: 0M, In-Place: 0
[2024-03-20T08:55:51.841-0700][6.014s][info][gc,reloc    ] GC(58) Large Pages: 0 / 0M, Empty: 0M, Relocated: 0M, In-Place: 0
[2024-03-20T08:55:51.841-0700][6.014s][info][gc,reloc    ] GC(58) Forwarding Usage: 1M
[2024-03-20T08:55:51.841-0700][6.014s][info][gc,heap     ] GC(58) Min Capacity: 8M(1%)
[2024-03-20T08:55:51.841-0700][6.014s][info][gc,heap     ] GC(58) Max Capacity: 1024M(100%)
[2024-03-20T08:55:51.841-0700][6.014s][info][gc,heap     ] GC(58) Soft Max Capacity: 1024M(100%)
[2024-03-20T08:55:51.841-0700][6.014s][info][gc,heap     ] GC(58)                Mark Start          Mark End        Relocate Start      Relocate End           High               Low         
[2024-03-20T08:55:51.841-0700][6.014s][info][gc,heap     ] GC(58)  Capacity:     1024M (100%)       1024M (100%)       1024M (100%)       1024M (100%)       1024M (100%)       1024M (100%)   
[2024-03-20T08:55:51.841-0700][6.014s][info][gc,heap     ] GC(58)      Free:      236M (23%)           0M (0%)          610M (60%)         740M (72%)         742M (72%)           0M (0%)     
[2024-03-20T08:55:51.841-0700][6.014s][info][gc,heap     ] GC(58)      Used:      788M (77%)        1024M (100%)        414M (40%)         284M (28%)        1024M (100%)        282M (28%)    
[2024-03-20T08:55:51.841-0700][6.014s][info][gc,heap     ] GC(58)      Live:         -                15M (2%)           15M (2%)           15M (2%)             -                  -          
[2024-03-20T08:55:51.841-0700][6.014s][info][gc,heap     ] GC(58) Allocated:         -               236M (23%)         252M (25%)         263M (26%)            -                  -          
[2024-03-20T08:55:51.841-0700][6.014s][info][gc,heap     ] GC(58)   Garbage:         -               772M (75%)         146M (14%)           4M (0%)             -                  -          
[2024-03-20T08:55:51.841-0700][6.014s][info][gc,heap     ] GC(58) Reclaimed:         -                  -               626M (61%)         767M (75%)            -                  -          
[2024-03-20T08:55:51.841-0700][6.014s][info][gc          ] GC(58) Garbage Collection (Allocation Stall) 788M(77%)->284M(28%)
[2024-03-20T08:55:51.898-0700][6.071s][info][gc,stats    ] === Garbage Collection Statistics =======================================================================================================================
[2024-03-20T08:55:51.898-0700][6.071s][info][gc,start    ] GC(59) Garbage Collection (Allocation Stall)
[2024-03-20T08:55:51.898-0700][6.071s][info][gc,stats    ]                                                              Last 10s              Last 10m              Last 10h                Total
[2024-03-20T08:55:51.898-0700][6.071s][info][gc,ref      ] GC(59) Clearing All SoftReferences
[2024-03-20T08:55:51.898-0700][6.071s][info][gc,stats    ]                                                              Avg / Max             Avg / Max             Avg / Max             Avg / Max
[2024-03-20T08:55:51.898-0700][6.071s][info][gc,task     ] GC(59) Using 1 workers
[2024-03-20T08:55:51.898-0700][6.071s][info][gc,stats    ]   Collector: Garbage Collection Cycle                     41.987 / 63.100       41.987 / 63.100       41.987 / 63.100       41.987 / 63.100      ms
[2024-03-20T08:55:51.898-0700][6.071s][info][gc,stats    ]  Contention: Mark Segment Reset Contention                     0 / 0                 0 / 0                 0 / 0                 0 / 0           ops/s
[2024-03-20T08:55:51.898-0700][6.071s][info][gc,stats    ]  Contention: Mark SeqNum Reset Contention                      0 / 0                 0 / 0                 0 / 0                 0 / 0           ops/s
[2024-03-20T08:55:51.898-0700][6.071s][info][gc,stats    ]    Critical: Allocation Stall                                  7 / 10                7 / 10                7 / 10                7 / 10          ops/s
[2024-03-20T08:55:51.898-0700][6.071s][info][gc,stats    ]    Critical: Allocation Stall                             10.325 / 20.068       10.325 / 20.068       10.325 / 20.068       10.325 / 20.068      ms
[2024-03-20T08:55:51.898-0700][6.071s][info][gc,stats    ]    Critical: GC Locker Stall                                   0 / 0                 0 / 0                 0 / 0                 0 / 0           ops/s
[2024-03-20T08:55:51.898-0700][6.071s][info][gc,stats    ]    Critical: GC Locker Stall                               0.000 / 0.000         0.000 / 0.000         0.000 / 0.000         0.000 / 0.000       ms
[2024-03-20T08:55:51.898-0700][6.071s][info][gc,stats    ]    Critical: Relocation Stall                                  0 / 0                 0 / 0                 0 / 0                 0 / 0           ops/s
[2024-03-20T08:55:51.898-0700][6.071s][info][gc,ref      ] GC(59) Clearing All SoftReferences
[2024-03-20T08:55:51.898-0700][6.071s][info][gc,stats    ]    Critical: Relocation Stall                              0.000 / 0.000         0.000 / 0.000         0.000 / 0.000         0.000 / 0.000       ms
[2024-03-20T08:55:51.898-0700][6.071s][info][gc,phases   ] GC(59) Pause Mark Start 0.016ms
[2024-03-20T08:55:51.898-0700][6.071s][info][gc,stats    ]      Memory: Allocation Rate                                7233 / 7648           7233 / 7648           7233 / 7648           7233 / 7648        MB/s
[2024-03-20T08:55:51.898-0700][6.071s][info][gc,stats    ]      Memory: Defragment                                        0 / 0                 0 / 0                 0 / 0                 0 / 0           ops/s
[2024-03-20T08:55:51.898-0700][6.071s][info][gc,stats    ]      Memory: Out Of Memory                                     0 / 0                 0 / 0                 0 / 0                 0 / 0           ops/s
[2024-03-20T08:55:51.898-0700][6.071s][info][gc,stats    ]      Memory: Page Cache Flush                                  0 / 0                 0 / 0                 0 / 0                 0 / 0           MB/s
[2024-03-20T08:55:51.898-0700][6.071s][info][gc,stats    ]      Memory: Page Cache Hit L1                              3551 / 3844           3551 / 3844           3551 / 3844           3551 / 3844        ops/s
[2024-03-20T08:55:51.898-0700][6.071s][info][gc,stats    ]      Memory: Page Cache Hit L2                                 0 / 0                 0 / 0                 0 / 0                 0 / 0           ops/s
[2024-03-20T08:55:51.898-0700][6.071s][info][gc,stats    ]      Memory: Page Cache Hit L3                                42 / 255              42 / 255              42 / 255              42 / 255         ops/s
[2024-03-20T08:55:51.898-0700][6.072s][info][gc,stats    ]      Memory: Page Cache Miss                                  42 / 202              42 / 202              42 / 202              42 / 202         ops/s
[2024-03-20T08:55:51.898-0700][6.072s][info][gc,stats    ]      Memory: Uncommit                                          0 / 0                 0 / 0                 0 / 0                 0 / 0           MB/s
[2024-03-20T08:55:51.898-0700][6.072s][info][gc,stats    ]      Memory: Undo Object Allocation Failed                     0 / 1                 0 / 1                 0 / 1                 0 / 1           ops/s
[2024-03-20T08:55:51.898-0700][6.072s][info][gc,stats    ]      Memory: Undo Object Allocation Succeeded                  0 / 2                 0 / 2                 0 / 2                 0 / 2           ops/s
[2024-03-20T08:55:51.898-0700][6.072s][info][gc,stats    ]      Memory: Undo Page Allocation                              0 / 0                 0 / 0                 0 / 0                 0 / 0           ops/s
[2024-03-20T08:55:51.898-0700][6.072s][info][gc,stats    ]       Phase: Concurrent Mark                              36.554 / 42.591       36.554 / 42.591       36.554 / 42.591       36.554 / 42.591      ms
[2024-03-20T08:55:51.898-0700][6.072s][info][gc,stats    ]       Phase: Concurrent Mark Continue                      0.000 / 0.000         0.000 / 0.000         0.000 / 0.000         0.000 / 0.000       ms
[2024-03-20T08:55:51.898-0700][6.072s][info][gc,stats    ]       Phase: Concurrent Mark Free                          0.000 / 0.004         0.000 / 0.004         0.000 / 0.004         0.000 / 0.004       ms
[2024-03-20T08:55:51.898-0700][6.072s][info][gc,stats    ]       Phase: Concurrent Process Non-Strong References      0.382 / 0.820         0.382 / 0.820         0.382 / 0.820         0.382 / 0.820       ms
[2024-03-20T08:55:51.898-0700][6.072s][info][gc,stats    ]       Phase: Concurrent Relocate                           1.946 / 3.076         1.946 / 3.076         1.946 / 3.076         1.946 / 3.076       ms
[2024-03-20T08:55:51.898-0700][6.072s][info][gc,stats    ]       Phase: Concurrent Reset Relocation Set               0.007 / 0.045         0.007 / 0.045         0.007 / 0.045         0.007 / 0.045       ms
[2024-03-20T08:55:51.898-0700][6.072s][info][gc,stats    ]       Phase: Concurrent Select Relocation Set              2.460 / 29.280        2.460 / 29.280        2.460 / 29.280        2.460 / 29.280      ms
[2024-03-20T08:55:51.898-0700][6.072s][info][gc,stats    ]       Phase: Pause Mark End                                0.009 / 0.012         0.009 / 0.012         0.009 / 0.012         0.009 / 0.012       ms
[2024-03-20T08:55:51.898-0700][6.072s][info][gc,stats    ]       Phase: Pause Mark Start                              0.012 / 0.072         0.012 / 0.072         0.012 / 0.072         0.012 / 0.072       ms
[2024-03-20T08:55:51.898-0700][6.072s][info][gc,stats    ]       Phase: Pause Relocate Start                          0.008 / 0.084         0.008 / 0.084         0.008 / 0.084         0.008 / 0.084       ms
[2024-03-20T08:55:51.898-0700][6.072s][info][gc,stats    ]    Subphase: Concurrent Classes Purge                      0.003 / 0.012         0.003 / 0.012         0.003 / 0.012         0.003 / 0.012       ms
[2024-03-20T08:55:51.898-0700][6.072s][info][gc,stats    ]    Subphase: Concurrent Classes Unlink                     0.239 / 0.671         0.239 / 0.671         0.239 / 0.671         0.239 / 0.671       ms
[2024-03-20T08:55:51.898-0700][6.072s][info][gc,stats    ]    Subphase: Concurrent Mark                              36.348 / 42.393       36.348 / 42.393       36.348 / 42.393       36.348 / 42.393      ms
[2024-03-20T08:55:51.898-0700][6.072s][info][gc,stats    ]    Subphase: Concurrent Mark Try Flush                     0.024 / 0.116         0.024 / 0.116         0.024 / 0.116         0.024 / 0.116       ms
[2024-03-20T08:55:51.898-0700][6.072s][info][gc,stats    ]    Subphase: Concurrent Mark Try Terminate                 0.008 / 0.048         0.008 / 0.048         0.008 / 0.048         0.008 / 0.048       ms
[2024-03-20T08:55:51.898-0700][6.072s][info][gc,stats    ]    Subphase: Concurrent References Enqueue                 0.000 / 0.006         0.000 / 0.006         0.000 / 0.006         0.000 / 0.006       ms
[2024-03-20T08:55:51.898-0700][6.072s][info][gc,stats    ]    Subphase: Concurrent References Process                 0.017 / 0.032         0.017 / 0.032         0.017 / 0.032         0.017 / 0.032       ms
[2024-03-20T08:55:51.898-0700][6.072s][info][gc,stats    ]    Subphase: Concurrent Roots ClassLoaderDataGraph         0.053 / 0.061         0.053 / 0.061         0.053 / 0.061         0.053 / 0.061       ms
[2024-03-20T08:55:51.898-0700][6.072s][info][gc,stats    ]    Subphase: Concurrent Roots CodeCache                    0.000 / 0.000         0.000 / 0.000         0.000 / 0.000         0.000 / 0.000       ms
[2024-03-20T08:55:51.898-0700][6.072s][info][gc,stats    ]    Subphase: Concurrent Roots JavaThreads                  0.107 / 0.220         0.107 / 0.220         0.107 / 0.220         0.107 / 0.220       ms
[2024-03-20T08:55:51.898-0700][6.072s][info][gc,stats    ]    Subphase: Concurrent Roots OopStorageSet                0.017 / 0.139         0.017 / 0.139         0.017 / 0.139         0.017 / 0.139       ms
[2024-03-20T08:55:51.898-0700][6.072s][info][gc,stats    ]    Subphase: Concurrent Weak Roots OopStorageSet           0.091 / 0.115         0.091 / 0.115         0.091 / 0.115         0.091 / 0.115       ms
[2024-03-20T08:55:51.898-0700][6.072s][info][gc,stats    ]    Subphase: Pause Mark Try Complete                       0.000 / 0.000         0.000 / 0.000         0.000 / 0.000         0.000 / 0.000       ms
[2024-03-20T08:55:51.898-0700][6.072s][info][gc,stats    ]      System: Java Threads                                     10 / 10               10 / 10               10 / 10               10 / 10          threads
[2024-03-20T08:55:51.898-0700][6.072s][info][gc,stats    ] =========================================================================================================================================================
[2024-03-20T08:55:51.938-0700][6.111s][info][gc,phases   ] GC(59) Concurrent Mark 39.684ms
[2024-03-20T08:55:51.938-0700][6.111s][info][gc,phases   ] GC(59) Pause Mark End 0.008ms
[2024-03-20T08:55:51.938-0700][6.111s][info][gc,phases   ] GC(59) Concurrent Mark Free 0.000ms
[2024-03-20T08:55:51.938-0700][6.112s][info][gc,phases   ] GC(59) Concurrent Process Non-Strong References 0.356ms
[2024-03-20T08:55:51.938-0700][6.112s][info][gc,phases   ] GC(59) Concurrent Reset Relocation Set 0.004ms
[2024-03-20T08:55:51.938-0700][6.112s][info][gc          ] Allocation Stall (main) 12.871ms
[2024-03-20T08:55:51.940-0700][6.113s][info][gc,phases   ] GC(59) Concurrent Select Relocation Set 1.817ms
[2024-03-20T08:55:51.940-0700][6.114s][info][gc,phases   ] GC(59) Pause Relocate Start 0.006ms
[2024-03-20T08:55:51.942-0700][6.115s][info][gc,phases   ] GC(59) Concurrent Relocate 1.907ms
[2024-03-20T08:55:51.942-0700][6.115s][info][gc,load     ] GC(59) Load: 9.27/8.79/8.18
[2024-03-20T08:55:51.942-0700][6.116s][info][gc,mmu      ] GC(59) MMU: 2ms/95.8%, 5ms/98.1%, 10ms/99.1%, 20ms/99.5%, 50ms/99.8%, 100ms/99.9%
[2024-03-20T08:55:51.942-0700][6.116s][info][gc,marking  ] GC(59) Mark: 1 stripe(s), 2 proactive flush(es), 1 terminate flush(es), 0 completion(s), 0 continuation(s) 
[2024-03-20T08:55:51.942-0700][6.116s][info][gc,marking  ] GC(59) Mark Stack Usage: 32M
[2024-03-20T08:55:51.942-0700][6.116s][info][gc,nmethod  ] GC(59) NMethods: 178 registered, 20 unregistered
[2024-03-20T08:55:51.942-0700][6.116s][info][gc,metaspace] GC(59) Metaspace: 0M used, 0M committed, 1088M reserved
[2024-03-20T08:55:51.942-0700][6.116s][info][gc,ref      ] GC(59) Soft: 47 encountered, 32 discovered, 0 enqueued
[2024-03-20T08:55:51.942-0700][6.116s][info][gc,ref      ] GC(59) Weak: 140 encountered, 108 discovered, 0 enqueued
[2024-03-20T08:55:51.942-0700][6.116s][info][gc,ref      ] GC(59) Final: 0 encountered, 0 discovered, 0 enqueued
[2024-03-20T08:55:51.942-0700][6.116s][info][gc,ref      ] GC(59) Phantom: 1 encountered, 0 discovered, 0 enqueued
[2024-03-20T08:55:51.942-0700][6.116s][info][gc,reloc    ] GC(59) Small Pages: 393 / 786M, Empty: 596M, Relocated: 2M, In-Place: 0
[2024-03-20T08:55:51.942-0700][6.116s][info][gc,reloc    ] GC(59) Medium Pages: 0 / 0M, Empty: 0M, Relocated: 0M, In-Place: 0
[2024-03-20T08:55:51.942-0700][6.116s][info][gc,reloc    ] GC(59) Large Pages: 0 / 0M, Empty: 0M, Relocated: 0M, In-Place: 0
[2024-03-20T08:55:51.942-0700][6.116s][info][gc,reloc    ] GC(59) Forwarding Usage: 1M
[2024-03-20T08:55:51.942-0700][6.116s][info][gc,heap     ] GC(59) Min Capacity: 8M(1%)
[2024-03-20T08:55:51.942-0700][6.116s][info][gc,heap     ] GC(59) Max Capacity: 1024M(100%)
[2024-03-20T08:55:51.942-0700][6.116s][info][gc,heap     ] GC(59) Soft Max Capacity: 1024M(100%)
[2024-03-20T08:55:51.942-0700][6.116s][info][gc,heap     ] GC(59)                Mark Start          Mark End        Relocate Start      Relocate End           High               Low         
[2024-03-20T08:55:51.942-0700][6.116s][info][gc,heap     ] GC(59)  Capacity:     1024M (100%)       1024M (100%)       1024M (100%)       1024M (100%)       1024M (100%)       1024M (100%)   
[2024-03-20T08:55:51.942-0700][6.116s][info][gc,heap     ] GC(59)      Free:      238M (23%)           0M (0%)          582M (57%)         738M (72%)         742M (72%)           0M (0%)     
[2024-03-20T08:55:51.942-0700][6.116s][info][gc,heap     ] GC(59)      Used:      786M (77%)        1024M (100%)        442M (43%)         286M (28%)        1024M (100%)        282M (28%)    
[2024-03-20T08:55:51.942-0700][6.116s][info][gc,heap     ] GC(59)      Live:         -                15M (2%)           15M (2%)           15M (2%)             -                  -          
[2024-03-20T08:55:51.942-0700][6.116s][info][gc,heap     ] GC(59) Allocated:         -               238M (23%)         252M (25%)         265M (26%)            -                  -          
[2024-03-20T08:55:51.942-0700][6.116s][info][gc,heap     ] GC(59)   Garbage:         -               770M (75%)         174M (17%)           4M (0%)             -                  -          
[2024-03-20T08:55:51.942-0700][6.116s][info][gc,heap     ] GC(59) Reclaimed:         -                  -               596M (58%)         765M (75%)            -                  -          
[2024-03-20T08:55:51.942-0700][6.116s][info][gc          ] GC(59) Garbage Collection (Allocation Stall) 786M(77%)->286M(28%)
[2024-03-20T08:55:51.998-0700][6.171s][info][gc,start    ] GC(60) Garbage Collection (Allocation Stall)
[2024-03-20T08:55:51.998-0700][6.171s][info][gc,ref      ] GC(60) Clearing All SoftReferences
[2024-03-20T08:55:51.998-0700][6.171s][info][gc,task     ] GC(60) Using 1 workers
[2024-03-20T08:55:51.998-0700][6.171s][info][gc,ref      ] GC(60) Clearing All SoftReferences
[2024-03-20T08:55:51.998-0700][6.171s][info][gc,phases   ] GC(60) Pause Mark Start 0.010ms
[2024-03-20T08:55:52.039-0700][6.212s][info][gc,phases   ] GC(60) Concurrent Mark 40.788ms
[2024-03-20T08:55:52.039-0700][6.212s][info][gc,phases   ] GC(60) Pause Mark End 0.012ms
[2024-03-20T08:55:52.039-0700][6.212s][info][gc,phases   ] GC(60) Concurrent Mark Free 0.000ms
[2024-03-20T08:55:52.039-0700][6.213s][info][gc,phases   ] GC(60) Concurrent Process Non-Strong References 0.378ms
[2024-03-20T08:55:52.039-0700][6.213s][info][gc,phases   ] GC(60) Concurrent Reset Relocation Set 0.006ms
[2024-03-20T08:55:52.039-0700][6.213s][info][gc          ] Allocation Stall (main) 11.849ms
[2024-03-20T08:55:52.041-0700][6.215s][info][gc,phases   ] GC(60) Concurrent Select Relocation Set 1.921ms
[2024-03-20T08:55:52.041-0700][6.215s][info][gc,phases   ] GC(60) Pause Relocate Start 0.005ms
[2024-03-20T08:55:52.043-0700][6.217s][info][gc,phases   ] GC(60) Concurrent Relocate 1.745ms
[2024-03-20T08:55:52.043-0700][6.217s][info][gc,load     ] GC(60) Load: 9.00/8.74/8.16
[2024-03-20T08:55:52.043-0700][6.217s][info][gc,mmu      ] GC(60) MMU: 2ms/95.8%, 5ms/98.1%, 10ms/99.1%, 20ms/99.5%, 50ms/99.8%, 100ms/99.9%
[2024-03-20T08:55:52.043-0700][6.217s][info][gc,marking  ] GC(60) Mark: 1 stripe(s), 2 proactive flush(es), 1 terminate flush(es), 0 completion(s), 0 continuation(s) 
[2024-03-20T08:55:52.043-0700][6.217s][info][gc,marking  ] GC(60) Mark Stack Usage: 32M
[2024-03-20T08:55:52.043-0700][6.217s][info][gc,nmethod  ] GC(60) NMethods: 178 registered, 20 unregistered
[2024-03-20T08:55:52.043-0700][6.217s][info][gc,metaspace] GC(60) Metaspace: 0M used, 0M committed, 1088M reserved
[2024-03-20T08:55:52.043-0700][6.217s][info][gc,ref      ] GC(60) Soft: 47 encountered, 32 discovered, 0 enqueued
[2024-03-20T08:55:52.043-0700][6.217s][info][gc,ref      ] GC(60) Weak: 140 encountered, 108 discovered, 0 enqueued
[2024-03-20T08:55:52.043-0700][6.217s][info][gc,ref      ] GC(60) Final: 0 encountered, 0 discovered, 0 enqueued
[2024-03-20T08:55:52.043-0700][6.217s][info][gc,ref      ] GC(60) Phantom: 1 encountered, 0 discovered, 0 enqueued
[2024-03-20T08:55:52.043-0700][6.217s][info][gc,reloc    ] GC(60) Small Pages: 386 / 772M, Empty: 612M, Relocated: 2M, In-Place: 0
[2024-03-20T08:55:52.043-0700][6.217s][info][gc,reloc    ] GC(60) Medium Pages: 0 / 0M, Empty: 0M, Relocated: 0M, In-Place: 0
[2024-03-20T08:55:52.043-0700][6.217s][info][gc,reloc    ] GC(60) Large Pages: 0 / 0M, Empty: 0M, Relocated: 0M, In-Place: 0
[2024-03-20T08:55:52.043-0700][6.217s][info][gc,reloc    ] GC(60) Forwarding Usage: 1M
[2024-03-20T08:55:52.043-0700][6.217s][info][gc,heap     ] GC(60) Min Capacity: 8M(1%)
[2024-03-20T08:55:52.043-0700][6.217s][info][gc,heap     ] GC(60) Max Capacity: 1024M(100%)
[2024-03-20T08:55:52.043-0700][6.217s][info][gc,heap     ] GC(60) Soft Max Capacity: 1024M(100%)
[2024-03-20T08:55:52.043-0700][6.217s][info][gc,heap     ] GC(60)                Mark Start          Mark End        Relocate Start      Relocate End           High               Low         
[2024-03-20T08:55:52.043-0700][6.217s][info][gc,heap     ] GC(60)  Capacity:     1024M (100%)       1024M (100%)       1024M (100%)       1024M (100%)       1024M (100%)       1024M (100%)   
[2024-03-20T08:55:52.043-0700][6.217s][info][gc,heap     ] GC(60)      Free:      252M (25%)           0M (0%)          598M (58%)         726M (71%)         728M (71%)           0M (0%)     
[2024-03-20T08:55:52.043-0700][6.217s][info][gc,heap     ] GC(60)      Used:      772M (75%)        1024M (100%)        426M (42%)         298M (29%)        1024M (100%)        296M (29%)    
[2024-03-20T08:55:52.043-0700][6.217s][info][gc,heap     ] GC(60)      Live:         -                15M (2%)           15M (2%)           15M (2%)             -                  -          
[2024-03-20T08:55:52.043-0700][6.217s][info][gc,heap     ] GC(60) Allocated:         -               252M (25%)         266M (26%)         277M (27%)            -                  -          
[2024-03-20T08:55:52.043-0700][6.217s][info][gc,heap     ] GC(60)   Garbage:         -               756M (74%)         144M (14%)           4M (0%)             -                  -          
[2024-03-20T08:55:52.043-0700][6.217s][info][gc,heap     ] GC(60) Reclaimed:         -                  -               612M (60%)         751M (73%)            -                  -          
[2024-03-20T08:55:52.043-0700][6.217s][info][gc          ] GC(60) Garbage Collection (Allocation Stall) 772M(75%)->298M(29%)
[2024-03-20T08:55:52.093-0700][6.267s][info][gc,start    ] GC(61) Garbage Collection (Allocation Stall)
[2024-03-20T08:55:52.093-0700][6.267s][info][gc,ref      ] GC(61) Clearing All SoftReferences
[2024-03-20T08:55:52.093-0700][6.267s][info][gc,task     ] GC(61) Using 1 workers
[2024-03-20T08:55:52.093-0700][6.267s][info][gc,ref      ] GC(61) Clearing All SoftReferences
[2024-03-20T08:55:52.093-0700][6.267s][info][gc,phases   ] GC(61) Pause Mark Start 0.010ms
[2024-03-20T08:55:52.133-0700][6.306s][info][gc,phases   ] GC(61) Concurrent Mark 39.301ms
[2024-03-20T08:55:52.133-0700][6.306s][info][gc,phases   ] GC(61) Pause Mark End 0.012ms
[2024-03-20T08:55:52.133-0700][6.306s][info][gc,phases   ] GC(61) Concurrent Mark Free 0.000ms
[2024-03-20T08:55:52.133-0700][6.307s][info][gc,phases   ] GC(61) Concurrent Process Non-Strong References 0.368ms
[2024-03-20T08:55:52.133-0700][6.307s][info][gc,phases   ] GC(61) Concurrent Reset Relocation Set 0.004ms
[2024-03-20T08:55:52.133-0700][6.307s][info][gc          ] Allocation Stall (main) 8.430ms
[2024-03-20T08:55:52.135-0700][6.308s][info][gc,phases   ] GC(61) Concurrent Select Relocation Set 1.845ms
[2024-03-20T08:55:52.135-0700][6.309s][info][gc,phases   ] GC(61) Pause Relocate Start 0.008ms
[2024-03-20T08:55:52.137-0700][6.310s][info][gc,phases   ] GC(61) Concurrent Relocate 1.794ms
[2024-03-20T08:55:52.137-0700][6.310s][info][gc,load     ] GC(61) Load: 9.00/8.74/8.16
[2024-03-20T08:55:52.137-0700][6.310s][info][gc,mmu      ] GC(61) MMU: 2ms/95.8%, 5ms/98.1%, 10ms/99.1%, 20ms/99.5%, 50ms/99.8%, 100ms/99.9%
[2024-03-20T08:55:52.137-0700][6.310s][info][gc,marking  ] GC(61) Mark: 1 stripe(s), 2 proactive flush(es), 1 terminate flush(es), 0 completion(s), 0 continuation(s) 
[2024-03-20T08:55:52.137-0700][6.310s][info][gc,marking  ] GC(61) Mark Stack Usage: 32M
[2024-03-20T08:55:52.137-0700][6.310s][info][gc,nmethod  ] GC(61) NMethods: 178 registered, 20 unregistered
[2024-03-20T08:55:52.137-0700][6.310s][info][gc,metaspace] GC(61) Metaspace: 0M used, 0M committed, 1088M reserved
[2024-03-20T08:55:52.137-0700][6.310s][info][gc,ref      ] GC(61) Soft: 47 encountered, 32 discovered, 0 enqueued
[2024-03-20T08:55:52.137-0700][6.310s][info][gc,ref      ] GC(61) Weak: 140 encountered, 108 discovered, 0 enqueued
[2024-03-20T08:55:52.137-0700][6.310s][info][gc,ref      ] GC(61) Final: 0 encountered, 0 discovered, 0 enqueued
[2024-03-20T08:55:52.137-0700][6.310s][info][gc,ref      ] GC(61) Phantom: 1 encountered, 0 discovered, 0 enqueued
[2024-03-20T08:55:52.137-0700][6.310s][info][gc,reloc    ] GC(61) Small Pages: 376 / 752M, Empty: 566M, Relocated: 2M, In-Place: 0
[2024-03-20T08:55:52.137-0700][6.310s][info][gc,reloc    ] GC(61) Medium Pages: 0 / 0M, Empty: 0M, Relocated: 0M, In-Place: 0
[2024-03-20T08:55:52.137-0700][6.310s][info][gc,reloc    ] GC(61) Large Pages: 0 / 0M, Empty: 0M, Relocated: 0M, In-Place: 0
[2024-03-20T08:55:52.137-0700][6.310s][info][gc,reloc    ] GC(61) Forwarding Usage: 1M
[2024-03-20T08:55:52.137-0700][6.310s][info][gc,heap     ] GC(61) Min Capacity: 8M(1%)
[2024-03-20T08:55:52.137-0700][6.310s][info][gc,heap     ] GC(61) Max Capacity: 1024M(100%)
[2024-03-20T08:55:52.137-0700][6.310s][info][gc,heap     ] GC(61) Soft Max Capacity: 1024M(100%)
[2024-03-20T08:55:52.137-0700][6.310s][info][gc,heap     ] GC(61)                Mark Start          Mark End        Relocate Start      Relocate End           High               Low         
[2024-03-20T08:55:52.137-0700][6.310s][info][gc,heap     ] GC(61)  Capacity:     1024M (100%)       1024M (100%)       1024M (100%)       1024M (100%)       1024M (100%)       1024M (100%)   
[2024-03-20T08:55:52.137-0700][6.310s][info][gc,heap     ] GC(61)      Free:      272M (27%)           0M (0%)          556M (54%)         710M (69%)         712M (70%)           0M (0%)     
[2024-03-20T08:55:52.137-0700][6.310s][info][gc,heap     ] GC(61)      Used:      752M (73%)        1024M (100%)        468M (46%)         314M (31%)        1024M (100%)        312M (30%)    
[2024-03-20T08:55:52.137-0700][6.310s][info][gc,heap     ] GC(61)      Live:         -                15M (2%)           15M (2%)           15M (2%)             -                  -          
[2024-03-20T08:55:52.137-0700][6.311s][info][gc,heap     ] GC(61) Allocated:         -               272M (27%)         282M (28%)         293M (29%)            -                  -          
[2024-03-20T08:55:52.137-0700][6.311s][info][gc,heap     ] GC(61)   Garbage:         -               736M (72%)         170M (17%)           4M (0%)             -                  -          
[2024-03-20T08:55:52.137-0700][6.311s][info][gc,heap     ] GC(61) Reclaimed:         -                  -               566M (55%)         731M (71%)            -                  -          
[2024-03-20T08:55:52.137-0700][6.311s][info][gc          ] GC(61) Garbage Collection (Allocation Stall) 752M(73%)->314M(31%)
[2024-03-20T08:55:52.193-0700][6.367s][info][gc,start    ] GC(62) Garbage Collection (Allocation Stall)
[2024-03-20T08:55:52.193-0700][6.367s][info][gc,ref      ] GC(62) Clearing All SoftReferences
[2024-03-20T08:55:52.193-0700][6.367s][info][gc,task     ] GC(62) Using 1 workers
[2024-03-20T08:55:52.193-0700][6.367s][info][gc,ref      ] GC(62) Clearing All SoftReferences
[2024-03-20T08:55:52.193-0700][6.367s][info][gc,phases   ] GC(62) Pause Mark Start 0.011ms
[2024-03-20T08:55:52.231-0700][6.404s][info][gc,phases   ] GC(62) Concurrent Mark 37.351ms
[2024-03-20T08:55:52.231-0700][6.404s][info][gc,phases   ] GC(62) Pause Mark End 0.009ms
[2024-03-20T08:55:52.231-0700][6.404s][info][gc,phases   ] GC(62) Concurrent Mark Free 0.000ms
[2024-03-20T08:55:52.231-0700][6.405s][info][gc,phases   ] GC(62) Concurrent Process Non-Strong References 0.374ms
[2024-03-20T08:55:52.231-0700][6.405s][info][gc,phases   ] GC(62) Concurrent Reset Relocation Set 0.004ms
[2024-03-20T08:55:52.231-0700][6.405s][info][gc          ] Allocation Stall (main) 11.694ms
[2024-03-20T08:55:52.233-0700][6.407s][info][gc,phases   ] GC(62) Concurrent Select Relocation Set 1.815ms
[2024-03-20T08:55:52.233-0700][6.407s][info][gc,phases   ] GC(62) Pause Relocate Start 0.007ms
[2024-03-20T08:55:52.235-0700][6.408s][info][gc,phases   ] GC(62) Concurrent Relocate 1.801ms
[2024-03-20T08:55:52.235-0700][6.409s][info][gc,load     ] GC(62) Load: 9.00/8.74/8.16
[2024-03-20T08:55:52.235-0700][6.409s][info][gc,mmu      ] GC(62) MMU: 2ms/95.8%, 5ms/98.1%, 10ms/99.1%, 20ms/99.5%, 50ms/99.8%, 100ms/99.9%
[2024-03-20T08:55:52.235-0700][6.409s][info][gc,marking  ] GC(62) Mark: 1 stripe(s), 2 proactive flush(es), 1 terminate flush(es), 0 completion(s), 0 continuation(s) 
[2024-03-20T08:55:52.235-0700][6.409s][info][gc,marking  ] GC(62) Mark Stack Usage: 32M
[2024-03-20T08:55:52.235-0700][6.409s][info][gc,nmethod  ] GC(62) NMethods: 178 registered, 20 unregistered
[2024-03-20T08:55:52.235-0700][6.409s][info][gc,metaspace] GC(62) Metaspace: 0M used, 0M committed, 1088M reserved
[2024-03-20T08:55:52.235-0700][6.409s][info][gc,ref      ] GC(62) Soft: 47 encountered, 29 discovered, 0 enqueued
[2024-03-20T08:55:52.235-0700][6.409s][info][gc,ref      ] GC(62) Weak: 140 encountered, 108 discovered, 0 enqueued
[2024-03-20T08:55:52.235-0700][6.409s][info][gc,ref      ] GC(62) Final: 0 encountered, 0 discovered, 0 enqueued
[2024-03-20T08:55:52.235-0700][6.409s][info][gc,ref      ] GC(62) Phantom: 1 encountered, 0 discovered, 0 enqueued
[2024-03-20T08:55:52.235-0700][6.409s][info][gc,reloc    ] GC(62) Small Pages: 401 / 802M, Empty: 646M, Relocated: 2M, In-Place: 0
[2024-03-20T08:55:52.235-0700][6.409s][info][gc,reloc    ] GC(62) Medium Pages: 0 / 0M, Empty: 0M, Relocated: 0M, In-Place: 0
[2024-03-20T08:55:52.235-0700][6.409s][info][gc,reloc    ] GC(62) Large Pages: 0 / 0M, Empty: 0M, Relocated: 0M, In-Place: 0
[2024-03-20T08:55:52.235-0700][6.409s][info][gc,reloc    ] GC(62) Forwarding Usage: 1M
[2024-03-20T08:55:52.235-0700][6.409s][info][gc,heap     ] GC(62) Min Capacity: 8M(1%)
[2024-03-20T08:55:52.235-0700][6.409s][info][gc,heap     ] GC(62) Max Capacity: 1024M(100%)
[2024-03-20T08:55:52.235-0700][6.409s][info][gc,heap     ] GC(62) Soft Max Capacity: 1024M(100%)
[2024-03-20T08:55:52.235-0700][6.409s][info][gc,heap     ] GC(62)                Mark Start          Mark End        Relocate Start      Relocate End           High               Low         
[2024-03-20T08:55:52.235-0700][6.409s][info][gc,heap     ] GC(62)  Capacity:     1024M (100%)       1024M (100%)       1024M (100%)       1024M (100%)       1024M (100%)       1024M (100%)   
[2024-03-20T08:55:52.235-0700][6.409s][info][gc,heap     ] GC(62)      Free:      222M (22%)           0M (0%)          632M (62%)         756M (74%)         756M (74%)           0M (0%)     
[2024-03-20T08:55:52.235-0700][6.409s][info][gc,heap     ] GC(62)      Used:      802M (78%)        1024M (100%)        392M (38%)         268M (26%)        1024M (100%)        268M (26%)    
[2024-03-20T08:55:52.235-0700][6.409s][info][gc,heap     ] GC(62)      Live:         -                15M (2%)           15M (2%)           15M (2%)             -                  -          
[2024-03-20T08:55:52.235-0700][6.409s][info][gc,heap     ] GC(62) Allocated:         -               222M (22%)         236M (23%)         247M (24%)            -                  -          
[2024-03-20T08:55:52.235-0700][6.409s][info][gc,heap     ] GC(62)   Garbage:         -               786M (77%)         140M (14%)           4M (0%)             -                  -          
[2024-03-20T08:55:52.235-0700][6.409s][info][gc,heap     ] GC(62) Reclaimed:         -                  -               646M (63%)         781M (76%)            -                  -          
[2024-03-20T08:55:52.235-0700][6.409s][info][gc          ] GC(62) Garbage Collection (Allocation Stall) 802M(78%)->268M(26%)
[2024-03-20T08:55:52.294-0700][6.468s][info][gc,start    ] GC(63) Garbage Collection (Allocation Stall)
[2024-03-20T08:55:52.294-0700][6.468s][info][gc,ref      ] GC(63) Clearing All SoftReferences
[2024-03-20T08:55:52.294-0700][6.468s][info][gc,task     ] GC(63) Using 1 workers
[2024-03-20T08:55:52.294-0700][6.468s][info][gc,ref      ] GC(63) Clearing All SoftReferences
[2024-03-20T08:55:52.294-0700][6.468s][info][gc,phases   ] GC(63) Pause Mark Start 0.010ms
[2024-03-20T08:55:52.334-0700][6.507s][info][gc,phases   ] GC(63) Concurrent Mark 39.150ms
[2024-03-20T08:55:52.334-0700][6.507s][info][gc,phases   ] GC(63) Pause Mark End 0.009ms
[2024-03-20T08:55:52.334-0700][6.507s][info][gc,phases   ] GC(63) Concurrent Mark Free 0.000ms
[2024-03-20T08:55:52.334-0700][6.507s][info][gc,phases   ] GC(63) Concurrent Process Non-Strong References 0.407ms
[2024-03-20T08:55:52.334-0700][6.507s][info][gc,phases   ] GC(63) Concurrent Reset Relocation Set 0.004ms
[2024-03-20T08:55:52.334-0700][6.508s][info][gc          ] Allocation Stall (main) 12.579ms
[2024-03-20T08:55:52.336-0700][6.509s][info][gc,phases   ] GC(63) Concurrent Select Relocation Set 1.831ms
[2024-03-20T08:55:52.336-0700][6.509s][info][gc,phases   ] GC(63) Pause Relocate Start 0.005ms
[2024-03-20T08:55:52.338-0700][6.511s][info][gc,phases   ] GC(63) Concurrent Relocate 1.836ms
[2024-03-20T08:55:52.338-0700][6.511s][info][gc,load     ] GC(63) Load: 9.00/8.74/8.16
[2024-03-20T08:55:52.338-0700][6.511s][info][gc,mmu      ] GC(63) MMU: 2ms/95.8%, 5ms/98.1%, 10ms/99.1%, 20ms/99.5%, 50ms/99.8%, 100ms/99.9%
[2024-03-20T08:55:52.338-0700][6.511s][info][gc,marking  ] GC(63) Mark: 1 stripe(s), 2 proactive flush(es), 1 terminate flush(es), 0 completion(s), 0 continuation(s) 
[2024-03-20T08:55:52.338-0700][6.511s][info][gc,marking  ] GC(63) Mark Stack Usage: 32M
[2024-03-20T08:55:52.338-0700][6.511s][info][gc,nmethod  ] GC(63) NMethods: 178 registered, 20 unregistered
[2024-03-20T08:55:52.338-0700][6.511s][info][gc,metaspace] GC(63) Metaspace: 0M used, 0M committed, 1088M reserved
[2024-03-20T08:55:52.338-0700][6.511s][info][gc,ref      ] GC(63) Soft: 47 encountered, 32 discovered, 0 enqueued
[2024-03-20T08:55:52.338-0700][6.511s][info][gc,ref      ] GC(63) Weak: 140 encountered, 108 discovered, 0 enqueued
[2024-03-20T08:55:52.338-0700][6.511s][info][gc,ref      ] GC(63) Final: 0 encountered, 0 discovered, 0 enqueued
[2024-03-20T08:55:52.338-0700][6.511s][info][gc,ref      ] GC(63) Phantom: 1 encountered, 0 discovered, 0 enqueued
[2024-03-20T08:55:52.338-0700][6.511s][info][gc,reloc    ] GC(63) Small Pages: 395 / 790M, Empty: 612M, Relocated: 2M, In-Place: 0
[2024-03-20T08:55:52.338-0700][6.511s][info][gc,reloc    ] GC(63) Medium Pages: 0 / 0M, Empty: 0M, Relocated: 0M, In-Place: 0
[2024-03-20T08:55:52.338-0700][6.511s][info][gc,reloc    ] GC(63) Large Pages: 0 / 0M, Empty: 0M, Relocated: 0M, In-Place: 0
[2024-03-20T08:55:52.338-0700][6.511s][info][gc,reloc    ] GC(63) Forwarding Usage: 1M
[2024-03-20T08:55:52.338-0700][6.511s][info][gc,heap     ] GC(63) Min Capacity: 8M(1%)
[2024-03-20T08:55:52.338-0700][6.511s][info][gc,heap     ] GC(63) Max Capacity: 1024M(100%)
[2024-03-20T08:55:52.338-0700][6.511s][info][gc,heap     ] GC(63) Soft Max Capacity: 1024M(100%)
[2024-03-20T08:55:52.338-0700][6.511s][info][gc,heap     ] GC(63)                Mark Start          Mark End        Relocate Start      Relocate End           High               Low         
[2024-03-20T08:55:52.338-0700][6.511s][info][gc,heap     ] GC(63)  Capacity:     1024M (100%)       1024M (100%)       1024M (100%)       1024M (100%)       1024M (100%)       1024M (100%)   
[2024-03-20T08:55:52.338-0700][6.511s][info][gc,heap     ] GC(63)      Free:      234M (23%)           0M (0%)          598M (58%)         744M (73%)         744M (73%)           0M (0%)     
[2024-03-20T08:55:52.338-0700][6.511s][info][gc,heap     ] GC(63)      Used:      790M (77%)        1024M (100%)        426M (42%)         280M (27%)        1024M (100%)        280M (27%)    
[2024-03-20T08:55:52.338-0700][6.511s][info][gc,heap     ] GC(63)      Live:         -                15M (2%)           15M (2%)           15M (2%)             -                  -          
[2024-03-20T08:55:52.338-0700][6.511s][info][gc,heap     ] GC(63) Allocated:         -               234M (23%)         248M (24%)         259M (25%)            -                  -          
[2024-03-20T08:55:52.338-0700][6.511s][info][gc,heap     ] GC(63)   Garbage:         -               774M (76%)         162M (16%)           4M (0%)             -                  -          
[2024-03-20T08:55:52.338-0700][6.511s][info][gc,heap     ] GC(63) Reclaimed:         -                  -               612M (60%)         769M (75%)            -                  -          
[2024-03-20T08:55:52.338-0700][6.511s][info][gc          ] GC(63) Garbage Collection (Allocation Stall) 790M(77%)->280M(27%)
[2024-03-20T08:55:52.398-0700][6.572s][info][gc,start    ] GC(64) Garbage Collection (Allocation Stall)
[2024-03-20T08:55:52.398-0700][6.572s][info][gc,ref      ] GC(64) Clearing All SoftReferences
[2024-03-20T08:55:52.398-0700][6.572s][info][gc,task     ] GC(64) Using 1 workers
[2024-03-20T08:55:52.398-0700][6.572s][info][gc,ref      ] GC(64) Clearing All SoftReferences
[2024-03-20T08:55:52.398-0700][6.572s][info][gc,phases   ] GC(64) Pause Mark Start 0.010ms
[2024-03-20T08:55:52.439-0700][6.613s][info][gc,phases   ] GC(64) Concurrent Mark 40.925ms
[2024-03-20T08:55:52.439-0700][6.613s][info][gc,phases   ] GC(64) Pause Mark End 0.011ms
[2024-03-20T08:55:52.439-0700][6.613s][info][gc,phases   ] GC(64) Concurrent Mark Free 0.000ms
[2024-03-20T08:55:52.440-0700][6.613s][info][gc,phases   ] GC(64) Concurrent Process Non-Strong References 0.411ms
[2024-03-20T08:55:52.440-0700][6.613s][info][gc,phases   ] GC(64) Concurrent Reset Relocation Set 0.004ms
[2024-03-20T08:55:52.440-0700][6.613s][info][gc          ] Allocation Stall (main) 15.150ms
[2024-03-20T08:55:52.442-0700][6.615s][info][gc,phases   ] GC(64) Concurrent Select Relocation Set 1.852ms
[2024-03-20T08:55:52.442-0700][6.615s][info][gc,phases   ] GC(64) Pause Relocate Start 0.006ms
[2024-03-20T08:55:52.444-0700][6.617s][info][gc,phases   ] GC(64) Concurrent Relocate 1.904ms
[2024-03-20T08:55:52.444-0700][6.617s][info][gc,load     ] GC(64) Load: 9.00/8.74/8.16
[2024-03-20T08:55:52.444-0700][6.617s][info][gc,mmu      ] GC(64) MMU: 2ms/95.8%, 5ms/98.1%, 10ms/99.1%, 20ms/99.5%, 50ms/99.8%, 100ms/99.9%
[2024-03-20T08:55:52.444-0700][6.617s][info][gc,marking  ] GC(64) Mark: 1 stripe(s), 2 proactive flush(es), 1 terminate flush(es), 0 completion(s), 0 continuation(s) 
[2024-03-20T08:55:52.444-0700][6.617s][info][gc,marking  ] GC(64) Mark Stack Usage: 32M
[2024-03-20T08:55:52.444-0700][6.617s][info][gc,nmethod  ] GC(64) NMethods: 178 registered, 20 unregistered
[2024-03-20T08:55:52.444-0700][6.617s][info][gc,metaspace] GC(64) Metaspace: 0M used, 0M committed, 1088M reserved
[2024-03-20T08:55:52.444-0700][6.617s][info][gc,ref      ] GC(64) Soft: 47 encountered, 32 discovered, 0 enqueued
[2024-03-20T08:55:52.444-0700][6.617s][info][gc,ref      ] GC(64) Weak: 140 encountered, 108 discovered, 0 enqueued
[2024-03-20T08:55:52.444-0700][6.617s][info][gc,ref      ] GC(64) Final: 0 encountered, 0 discovered, 0 enqueued
[2024-03-20T08:55:52.444-0700][6.617s][info][gc,ref      ] GC(64) Phantom: 1 encountered, 0 discovered, 0 enqueued
[2024-03-20T08:55:52.444-0700][6.617s][info][gc,reloc    ] GC(64) Small Pages: 402 / 804M, Empty: 630M, Relocated: 2M, In-Place: 0
[2024-03-20T08:55:52.444-0700][6.617s][info][gc,reloc    ] GC(64) Medium Pages: 0 / 0M, Empty: 0M, Relocated: 0M, In-Place: 0
[2024-03-20T08:55:52.444-0700][6.617s][info][gc,reloc    ] GC(64) Large Pages: 0 / 0M, Empty: 0M, Relocated: 0M, In-Place: 0
[2024-03-20T08:55:52.444-0700][6.617s][info][gc,reloc    ] GC(64) Forwarding Usage: 1M
[2024-03-20T08:55:52.444-0700][6.617s][info][gc,heap     ] GC(64) Min Capacity: 8M(1%)
[2024-03-20T08:55:52.444-0700][6.617s][info][gc,heap     ] GC(64) Max Capacity: 1024M(100%)
[2024-03-20T08:55:52.444-0700][6.617s][info][gc,heap     ] GC(64) Soft Max Capacity: 1024M(100%)
[2024-03-20T08:55:52.444-0700][6.617s][info][gc,heap     ] GC(64)                Mark Start          Mark End        Relocate Start      Relocate End           High               Low         
[2024-03-20T08:55:52.444-0700][6.617s][info][gc,heap     ] GC(64)  Capacity:     1024M (100%)       1024M (100%)       1024M (100%)       1024M (100%)       1024M (100%)       1024M (100%)   
[2024-03-20T08:55:52.444-0700][6.617s][info][gc,heap     ] GC(64)      Free:      220M (21%)           0M (0%)          614M (60%)         756M (74%)         756M (74%)           0M (0%)     
[2024-03-20T08:55:52.444-0700][6.617s][info][gc,heap     ] GC(64)      Used:      804M (79%)        1024M (100%)        410M (40%)         268M (26%)        1024M (100%)        268M (26%)    
[2024-03-20T08:55:52.444-0700][6.617s][info][gc,heap     ] GC(64)      Live:         -                15M (2%)           15M (2%)           15M (2%)             -                  -          
[2024-03-20T08:55:52.444-0700][6.617s][info][gc,heap     ] GC(64) Allocated:         -               220M (21%)         236M (23%)         247M (24%)            -                  -          
[2024-03-20T08:55:52.444-0700][6.617s][info][gc,heap     ] GC(64)   Garbage:         -               788M (77%)         158M (15%)           4M (0%)             -                  -          
[2024-03-20T08:55:52.444-0700][6.617s][info][gc,heap     ] GC(64) Reclaimed:         -                  -               630M (62%)         783M (77%)            -                  -          
[2024-03-20T08:55:52.444-0700][6.617s][info][gc          ] GC(64) Garbage Collection (Allocation Stall) 804M(79%)->268M(26%)
[2024-03-20T08:55:52.498-0700][6.672s][info][gc,start    ] GC(65) Garbage Collection (Allocation Stall)
[2024-03-20T08:55:52.498-0700][6.672s][info][gc,ref      ] GC(65) Clearing All SoftReferences
[2024-03-20T08:55:52.498-0700][6.672s][info][gc,task     ] GC(65) Using 1 workers
[2024-03-20T08:55:52.498-0700][6.672s][info][gc,ref      ] GC(65) Clearing All SoftReferences
[2024-03-20T08:55:52.498-0700][6.672s][info][gc,phases   ] GC(65) Pause Mark Start 0.011ms
[2024-03-20T08:55:52.540-0700][6.713s][info][gc,phases   ] GC(65) Concurrent Mark 41.316ms
[2024-03-20T08:55:52.540-0700][6.713s][info][gc,phases   ] GC(65) Pause Mark End 0.009ms
[2024-03-20T08:55:52.540-0700][6.713s][info][gc,phases   ] GC(65) Concurrent Mark Free 0.000ms
[2024-03-20T08:55:52.540-0700][6.714s][info][gc,phases   ] GC(65) Concurrent Process Non-Strong References 0.350ms
[2024-03-20T08:55:52.540-0700][6.714s][info][gc,phases   ] GC(65) Concurrent Reset Relocation Set 0.004ms
[2024-03-20T08:55:52.540-0700][6.714s][info][gc          ] Allocation Stall (main) 8.692ms
[2024-03-20T08:55:52.542-0700][6.715s][info][gc,phases   ] GC(65) Concurrent Select Relocation Set 1.819ms
[2024-03-20T08:55:52.542-0700][6.716s][info][gc,phases   ] GC(65) Pause Relocate Start 0.007ms
[2024-03-20T08:55:52.544-0700][6.717s][info][gc,phases   ] GC(65) Concurrent Relocate 1.783ms
[2024-03-20T08:55:52.544-0700][6.717s][info][gc,load     ] GC(65) Load: 9.00/8.74/8.16
[2024-03-20T08:55:52.544-0700][6.717s][info][gc,mmu      ] GC(65) MMU: 2ms/95.8%, 5ms/98.1%, 10ms/99.1%, 20ms/99.5%, 50ms/99.8%, 100ms/99.9%
[2024-03-20T08:55:52.544-0700][6.718s][info][gc,marking  ] GC(65) Mark: 1 stripe(s), 2 proactive flush(es), 1 terminate flush(es), 0 completion(s), 0 continuation(s) 
[2024-03-20T08:55:52.544-0700][6.718s][info][gc,marking  ] GC(65) Mark Stack Usage: 32M
[2024-03-20T08:55:52.544-0700][6.718s][info][gc,nmethod  ] GC(65) NMethods: 178 registered, 20 unregistered
[2024-03-20T08:55:52.544-0700][6.718s][info][gc,metaspace] GC(65) Metaspace: 0M used, 0M committed, 1088M reserved
[2024-03-20T08:55:52.544-0700][6.718s][info][gc,ref      ] GC(65) Soft: 47 encountered, 32 discovered, 0 enqueued
[2024-03-20T08:55:52.544-0700][6.718s][info][gc,ref      ] GC(65) Weak: 140 encountered, 108 discovered, 0 enqueued
[2024-03-20T08:55:52.544-0700][6.718s][info][gc,ref      ] GC(65) Final: 0 encountered, 0 discovered, 0 enqueued
[2024-03-20T08:55:52.544-0700][6.718s][info][gc,ref      ] GC(65) Phantom: 1 encountered, 0 discovered, 0 enqueued
[2024-03-20T08:55:52.544-0700][6.718s][info][gc,reloc    ] GC(65) Small Pages: 369 / 738M, Empty: 590M, Relocated: 2M, In-Place: 0
[2024-03-20T08:55:52.544-0700][6.718s][info][gc,reloc    ] GC(65) Medium Pages: 0 / 0M, Empty: 0M, Relocated: 0M, In-Place: 0
[2024-03-20T08:55:52.544-0700][6.718s][info][gc,reloc    ] GC(65) Large Pages: 0 / 0M, Empty: 0M, Relocated: 0M, In-Place: 0
[2024-03-20T08:55:52.544-0700][6.718s][info][gc,reloc    ] GC(65) Forwarding Usage: 1M
[2024-03-20T08:55:52.544-0700][6.718s][info][gc,heap     ] GC(65) Min Capacity: 8M(1%)
[2024-03-20T08:55:52.544-0700][6.718s][info][gc,heap     ] GC(65) Max Capacity: 1024M(100%)
[2024-03-20T08:55:52.544-0700][6.718s][info][gc,heap     ] GC(65) Soft Max Capacity: 1024M(100%)
[2024-03-20T08:55:52.544-0700][6.718s][info][gc,heap     ] GC(65)                Mark Start          Mark End        Relocate Start      Relocate End           High               Low         
[2024-03-20T08:55:52.544-0700][6.718s][info][gc,heap     ] GC(65)  Capacity:     1024M (100%)       1024M (100%)       1024M (100%)       1024M (100%)       1024M (100%)       1024M (100%)   
[2024-03-20T08:55:52.544-0700][6.718s][info][gc,heap     ] GC(65)      Free:      286M (28%)           0M (0%)          576M (56%)         690M (67%)         694M (68%)           0M (0%)     
[2024-03-20T08:55:52.544-0700][6.718s][info][gc,heap     ] GC(65)      Used:      738M (72%)        1024M (100%)        448M (44%)         334M (33%)        1024M (100%)        330M (32%)    
[2024-03-20T08:55:52.544-0700][6.718s][info][gc,heap     ] GC(65)      Live:         -                15M (2%)           15M (2%)           15M (2%)             -                  -          
[2024-03-20T08:55:52.544-0700][6.718s][info][gc,heap     ] GC(65) Allocated:         -               286M (28%)         300M (29%)         313M (31%)            -                  -          
[2024-03-20T08:55:52.544-0700][6.718s][info][gc,heap     ] GC(65)   Garbage:         -               722M (71%)         132M (13%)           4M (0%)             -                  -          
[2024-03-20T08:55:52.544-0700][6.718s][info][gc,heap     ] GC(65) Reclaimed:         -                  -               590M (58%)         717M (70%)            -                  -          
[2024-03-20T08:55:52.544-0700][6.718s][info][gc          ] GC(65) Garbage Collection (Allocation Stall) 738M(72%)->334M(33%)
[2024-03-20T08:55:52.598-0700][6.772s][info][gc,start    ] GC(66) Garbage Collection (Allocation Stall)
[2024-03-20T08:55:52.598-0700][6.772s][info][gc,ref      ] GC(66) Clearing All SoftReferences
[2024-03-20T08:55:52.598-0700][6.772s][info][gc,task     ] GC(66) Using 1 workers
[2024-03-20T08:55:52.598-0700][6.772s][info][gc,ref      ] GC(66) Clearing All SoftReferences
[2024-03-20T08:55:52.598-0700][6.772s][info][gc,phases   ] GC(66) Pause Mark Start 0.011ms
[2024-03-20T08:55:52.636-0700][6.809s][info][gc,phases   ] GC(66) Concurrent Mark 37.431ms
[2024-03-20T08:55:52.636-0700][6.809s][info][gc,phases   ] GC(66) Pause Mark End 0.008ms
[2024-03-20T08:55:52.636-0700][6.809s][info][gc,phases   ] GC(66) Concurrent Mark Free 0.001ms
[2024-03-20T08:55:52.636-0700][6.810s][info][gc,phases   ] GC(66) Concurrent Process Non-Strong References 0.342ms
[2024-03-20T08:55:52.636-0700][6.810s][info][gc,phases   ] GC(66) Concurrent Reset Relocation Set 0.003ms
[2024-03-20T08:55:52.636-0700][6.810s][info][gc          ] Allocation Stall (main) 12.652ms
[2024-03-20T08:55:52.638-0700][6.812s][info][gc,phases   ] GC(66) Concurrent Select Relocation Set 1.820ms
[2024-03-20T08:55:52.638-0700][6.812s][info][gc,phases   ] GC(66) Pause Relocate Start 0.006ms
[2024-03-20T08:55:52.640-0700][6.814s][info][gc,phases   ] GC(66) Concurrent Relocate 1.966ms
[2024-03-20T08:55:52.640-0700][6.814s][info][gc,load     ] GC(66) Load: 9.00/8.74/8.16
[2024-03-20T08:55:52.640-0700][6.814s][info][gc,mmu      ] GC(66) MMU: 2ms/95.8%, 5ms/98.1%, 10ms/99.1%, 20ms/99.5%, 50ms/99.8%, 100ms/99.9%
[2024-03-20T08:55:52.640-0700][6.814s][info][gc,marking  ] GC(66) Mark: 1 stripe(s), 2 proactive flush(es), 1 terminate flush(es), 0 completion(s), 0 continuation(s) 
[2024-03-20T08:55:52.640-0700][6.814s][info][gc,marking  ] GC(66) Mark Stack Usage: 32M
[2024-03-20T08:55:52.640-0700][6.814s][info][gc,nmethod  ] GC(66) NMethods: 178 registered, 20 unregistered
[2024-03-20T08:55:52.640-0700][6.814s][info][gc,metaspace] GC(66) Metaspace: 0M used, 0M committed, 1088M reserved
[2024-03-20T08:55:52.640-0700][6.814s][info][gc,ref      ] GC(66) Soft: 47 encountered, 32 discovered, 0 enqueued
[2024-03-20T08:55:52.640-0700][6.814s][info][gc,ref      ] GC(66) Weak: 140 encountered, 108 discovered, 0 enqueued
[2024-03-20T08:55:52.640-0700][6.814s][info][gc,ref      ] GC(66) Final: 0 encountered, 0 discovered, 0 enqueued
[2024-03-20T08:55:52.640-0700][6.814s][info][gc,ref      ] GC(66) Phantom: 1 encountered, 0 discovered, 0 enqueued
[2024-03-20T08:55:52.640-0700][6.814s][info][gc,reloc    ] GC(66) Small Pages: 405 / 810M, Empty: 638M, Relocated: 2M, In-Place: 0
[2024-03-20T08:55:52.640-0700][6.814s][info][gc,reloc    ] GC(66) Medium Pages: 0 / 0M, Empty: 0M, Relocated: 0M, In-Place: 0
[2024-03-20T08:55:52.640-0700][6.814s][info][gc,reloc    ] GC(66) Large Pages: 0 / 0M, Empty: 0M, Relocated: 0M, In-Place: 0
[2024-03-20T08:55:52.640-0700][6.814s][info][gc,reloc    ] GC(66) Forwarding Usage: 1M
[2024-03-20T08:55:52.640-0700][6.814s][info][gc,heap     ] GC(66) Min Capacity: 8M(1%)
[2024-03-20T08:55:52.640-0700][6.814s][info][gc,heap     ] GC(66) Max Capacity: 1024M(100%)
[2024-03-20T08:55:52.640-0700][6.814s][info][gc,heap     ] GC(66) Soft Max Capacity: 1024M(100%)
[2024-03-20T08:55:52.640-0700][6.814s][info][gc,heap     ] GC(66)                Mark Start          Mark End        Relocate Start      Relocate End           High               Low         
[2024-03-20T08:55:52.640-0700][6.814s][info][gc,heap     ] GC(66)  Capacity:     1024M (100%)       1024M (100%)       1024M (100%)       1024M (100%)       1024M (100%)       1024M (100%)   
[2024-03-20T08:55:52.640-0700][6.814s][info][gc,heap     ] GC(66)      Free:      214M (21%)           0M (0%)          624M (61%)         762M (74%)         764M (75%)           0M (0%)     
[2024-03-20T08:55:52.640-0700][6.814s][info][gc,heap     ] GC(66)      Used:      810M (79%)        1024M (100%)        400M (39%)         262M (26%)        1024M (100%)        260M (25%)    
[2024-03-20T08:55:52.640-0700][6.814s][info][gc,heap     ] GC(66)      Live:         -                15M (2%)           15M (2%)           15M (2%)             -                  -          
[2024-03-20T08:55:52.640-0700][6.814s][info][gc,heap     ] GC(66) Allocated:         -               214M (21%)         228M (22%)         241M (24%)            -                  -          
[2024-03-20T08:55:52.640-0700][6.814s][info][gc,heap     ] GC(66)   Garbage:         -               794M (78%)         156M (15%)           4M (0%)             -                  -          
[2024-03-20T08:55:52.640-0700][6.814s][info][gc,heap     ] GC(66) Reclaimed:         -                  -               638M (62%)         789M (77%)            -                  -          
[2024-03-20T08:55:52.640-0700][6.814s][info][gc          ] GC(66) Garbage Collection (Allocation Stall) 810M(79%)->262M(26%)
[2024-03-20T08:55:52.697-0700][6.871s][info][gc,start    ] GC(67) Garbage Collection (Allocation Stall)
[2024-03-20T08:55:52.697-0700][6.871s][info][gc,ref      ] GC(67) Clearing All SoftReferences
[2024-03-20T08:55:52.697-0700][6.871s][info][gc,task     ] GC(67) Using 1 workers
[2024-03-20T08:55:52.697-0700][6.871s][info][gc,ref      ] GC(67) Clearing All SoftReferences
[2024-03-20T08:55:52.697-0700][6.871s][info][gc,phases   ] GC(67) Pause Mark Start 0.019ms
[2024-03-20T08:55:52.739-0700][6.912s][info][gc,phases   ] GC(67) Concurrent Mark 41.124ms
[2024-03-20T08:55:52.739-0700][6.912s][info][gc,phases   ] GC(67) Pause Mark End 0.009ms
[2024-03-20T08:55:52.739-0700][6.912s][info][gc,phases   ] GC(67) Concurrent Mark Free 0.000ms
[2024-03-20T08:55:52.739-0700][6.912s][info][gc,phases   ] GC(67) Concurrent Process Non-Strong References 0.350ms
[2024-03-20T08:55:52.739-0700][6.912s][info][gc,phases   ] GC(67) Concurrent Reset Relocation Set 0.005ms
[2024-03-20T08:55:52.739-0700][6.912s][info][gc          ] Allocation Stall (main) 9.972ms
[2024-03-20T08:55:52.741-0700][6.914s][info][gc,phases   ] GC(67) Concurrent Select Relocation Set 1.823ms
[2024-03-20T08:55:52.741-0700][6.914s][info][gc,phases   ] GC(67) Pause Relocate Start 0.007ms
[2024-03-20T08:55:52.743-0700][6.916s][info][gc,phases   ] GC(67) Concurrent Relocate 1.801ms
[2024-03-20T08:55:52.743-0700][6.916s][info][gc,load     ] GC(67) Load: 9.00/8.74/8.16
[2024-03-20T08:55:52.743-0700][6.916s][info][gc,mmu      ] GC(67) MMU: 2ms/95.8%, 5ms/98.1%, 10ms/99.1%, 20ms/99.5%, 50ms/99.8%, 100ms/99.9%
[2024-03-20T08:55:52.743-0700][6.916s][info][gc,marking  ] GC(67) Mark: 1 stripe(s), 2 proactive flush(es), 1 terminate flush(es), 0 completion(s), 0 continuation(s) 
[2024-03-20T08:55:52.743-0700][6.916s][info][gc,marking  ] GC(67) Mark Stack Usage: 32M
[2024-03-20T08:55:52.743-0700][6.916s][info][gc,nmethod  ] GC(67) NMethods: 178 registered, 20 unregistered
[2024-03-20T08:55:52.743-0700][6.916s][info][gc,metaspace] GC(67) Metaspace: 0M used, 0M committed, 1088M reserved
[2024-03-20T08:55:52.743-0700][6.916s][info][gc,ref      ] GC(67) Soft: 47 encountered, 32 discovered, 0 enqueued
[2024-03-20T08:55:52.743-0700][6.916s][info][gc,ref      ] GC(67) Weak: 140 encountered, 108 discovered, 0 enqueued
[2024-03-20T08:55:52.743-0700][6.916s][info][gc,ref      ] GC(67) Final: 0 encountered, 0 discovered, 0 enqueued
[2024-03-20T08:55:52.743-0700][6.916s][info][gc,ref      ] GC(67) Phantom: 1 encountered, 0 discovered, 0 enqueued
[2024-03-20T08:55:52.743-0700][6.916s][info][gc,reloc    ] GC(67) Small Pages: 377 / 754M, Empty: 600M, Relocated: 2M, In-Place: 0
[2024-03-20T08:55:52.743-0700][6.916s][info][gc,reloc    ] GC(67) Medium Pages: 0 / 0M, Empty: 0M, Relocated: 0M, In-Place: 0
[2024-03-20T08:55:52.743-0700][6.916s][info][gc,reloc    ] GC(67) Large Pages: 0 / 0M, Empty: 0M, Relocated: 0M, In-Place: 0
[2024-03-20T08:55:52.743-0700][6.916s][info][gc,reloc    ] GC(67) Forwarding Usage: 1M
[2024-03-20T08:55:52.743-0700][6.916s][info][gc,heap     ] GC(67) Min Capacity: 8M(1%)
[2024-03-20T08:55:52.743-0700][6.916s][info][gc,heap     ] GC(67) Max Capacity: 1024M(100%)
[2024-03-20T08:55:52.743-0700][6.916s][info][gc,heap     ] GC(67) Soft Max Capacity: 1024M(100%)
[2024-03-20T08:55:52.743-0700][6.916s][info][gc,heap     ] GC(67)                Mark Start          Mark End        Relocate Start      Relocate End           High               Low         
[2024-03-20T08:55:52.743-0700][6.916s][info][gc,heap     ] GC(67)  Capacity:     1024M (100%)       1024M (100%)       1024M (100%)       1024M (100%)       1024M (100%)       1024M (100%)   
[2024-03-20T08:55:52.743-0700][6.916s][info][gc,heap     ] GC(67)      Free:      270M (26%)           0M (0%)          586M (57%)         706M (69%)         708M (69%)           0M (0%)     
[2024-03-20T08:55:52.743-0700][6.916s][info][gc,heap     ] GC(67)      Used:      754M (74%)        1024M (100%)        438M (43%)         318M (31%)        1024M (100%)        316M (31%)    
[2024-03-20T08:55:52.743-0700][6.916s][info][gc,heap     ] GC(67)      Live:         -                15M (2%)           15M (2%)           15M (2%)             -                  -          
[2024-03-20T08:55:52.743-0700][6.916s][info][gc,heap     ] GC(67) Allocated:         -               270M (26%)         284M (28%)         297M (29%)            -                  -          
[2024-03-20T08:55:52.743-0700][6.916s][info][gc,heap     ] GC(67)   Garbage:         -               738M (72%)         138M (13%)           4M (0%)             -                  -          
[2024-03-20T08:55:52.743-0700][6.916s][info][gc,heap     ] GC(67) Reclaimed:         -                  -               600M (59%)         733M (72%)            -                  -          
[2024-03-20T08:55:52.743-0700][6.916s][info][gc          ] GC(67) Garbage Collection (Allocation Stall) 754M(74%)->318M(31%)
[2024-03-20T08:55:52.798-0700][6.972s][info][gc,start    ] GC(68) Garbage Collection (Allocation Stall)
[2024-03-20T08:55:52.798-0700][6.972s][info][gc,ref      ] GC(68) Clearing All SoftReferences
[2024-03-20T08:55:52.798-0700][6.972s][info][gc,task     ] GC(68) Using 1 workers
[2024-03-20T08:55:52.798-0700][6.972s][info][gc,ref      ] GC(68) Clearing All SoftReferences
[2024-03-20T08:55:52.798-0700][6.972s][info][gc,phases   ] GC(68) Pause Mark Start 0.011ms
[2024-03-20T08:55:52.840-0700][7.013s][info][gc,phases   ] GC(68) Concurrent Mark 41.086ms
[2024-03-20T08:55:52.840-0700][7.013s][info][gc,phases   ] GC(68) Pause Mark End 0.010ms
[2024-03-20T08:55:52.840-0700][7.013s][info][gc,phases   ] GC(68) Concurrent Mark Free 0.000ms
[2024-03-20T08:55:52.840-0700][7.014s][info][gc,phases   ] GC(68) Concurrent Process Non-Strong References 0.400ms
[2024-03-20T08:55:52.840-0700][7.014s][info][gc,phases   ] GC(68) Concurrent Reset Relocation Set 0.007ms
[2024-03-20T08:55:52.840-0700][7.014s][info][gc          ] Allocation Stall (main) 15.948ms
[2024-03-20T08:55:52.842-0700][7.015s][info][gc,phases   ] GC(68) Concurrent Select Relocation Set 1.834ms
[2024-03-20T08:55:52.842-0700][7.016s][info][gc,phases   ] GC(68) Pause Relocate Start 0.005ms
[2024-03-20T08:55:52.844-0700][7.017s][info][gc,phases   ] GC(68) Concurrent Relocate 1.815ms
[2024-03-20T08:55:52.844-0700][7.017s][info][gc,load     ] GC(68) Load: 9.00/8.74/8.16
[2024-03-20T08:55:52.844-0700][7.017s][info][gc,mmu      ] GC(68) MMU: 2ms/95.8%, 5ms/98.1%, 10ms/99.1%, 20ms/99.5%, 50ms/99.8%, 100ms/99.9%
[2024-03-20T08:55:52.844-0700][7.017s][info][gc,marking  ] GC(68) Mark: 1 stripe(s), 2 proactive flush(es), 1 terminate flush(es), 0 completion(s), 0 continuation(s) 
[2024-03-20T08:55:52.844-0700][7.017s][info][gc,marking  ] GC(68) Mark Stack Usage: 32M
[2024-03-20T08:55:52.844-0700][7.017s][info][gc,nmethod  ] GC(68) NMethods: 178 registered, 20 unregistered
[2024-03-20T08:55:52.844-0700][7.017s][info][gc,metaspace] GC(68) Metaspace: 0M used, 0M committed, 1088M reserved
[2024-03-20T08:55:52.844-0700][7.017s][info][gc,ref      ] GC(68) Soft: 47 encountered, 32 discovered, 0 enqueued
[2024-03-20T08:55:52.844-0700][7.017s][info][gc,ref      ] GC(68) Weak: 140 encountered, 108 discovered, 0 enqueued
[2024-03-20T08:55:52.844-0700][7.017s][info][gc,ref      ] GC(68) Final: 0 encountered, 0 discovered, 0 enqueued
[2024-03-20T08:55:52.844-0700][7.017s][info][gc,ref      ] GC(68) Phantom: 1 encountered, 0 discovered, 0 enqueued
[2024-03-20T08:55:52.844-0700][7.017s][info][gc,reloc    ] GC(68) Small Pages: 404 / 808M, Empty: 636M, Relocated: 2M, In-Place: 0
[2024-03-20T08:55:52.844-0700][7.017s][info][gc,reloc    ] GC(68) Medium Pages: 0 / 0M, Empty: 0M, Relocated: 0M, In-Place: 0
[2024-03-20T08:55:52.844-0700][7.017s][info][gc,reloc    ] GC(68) Large Pages: 0 / 0M, Empty: 0M, Relocated: 0M, In-Place: 0
[2024-03-20T08:55:52.844-0700][7.017s][info][gc,reloc    ] GC(68) Forwarding Usage: 1M
[2024-03-20T08:55:52.844-0700][7.017s][info][gc,heap     ] GC(68) Min Capacity: 8M(1%)
[2024-03-20T08:55:52.844-0700][7.017s][info][gc,heap     ] GC(68) Max Capacity: 1024M(100%)
[2024-03-20T08:55:52.844-0700][7.017s][info][gc,heap     ] GC(68) Soft Max Capacity: 1024M(100%)
[2024-03-20T08:55:52.844-0700][7.017s][info][gc,heap     ] GC(68)                Mark Start          Mark End        Relocate Start      Relocate End           High               Low         
[2024-03-20T08:55:52.844-0700][7.017s][info][gc,heap     ] GC(68)  Capacity:     1024M (100%)       1024M (100%)       1024M (100%)       1024M (100%)       1024M (100%)       1024M (100%)   
[2024-03-20T08:55:52.844-0700][7.017s][info][gc,heap     ] GC(68)      Free:      216M (21%)           0M (0%)          620M (61%)         760M (74%)         760M (74%)           0M (0%)     
[2024-03-20T08:55:52.844-0700][7.017s][info][gc,heap     ] GC(68)      Used:      808M (79%)        1024M (100%)        404M (39%)         264M (26%)        1024M (100%)        264M (26%)    
[2024-03-20T08:55:52.844-0700][7.018s][info][gc,heap     ] GC(68)      Live:         -                15M (2%)           15M (2%)           15M (2%)             -                  -          
[2024-03-20T08:55:52.844-0700][7.018s][info][gc,heap     ] GC(68) Allocated:         -               216M (21%)         232M (23%)         243M (24%)            -                  -          
[2024-03-20T08:55:52.844-0700][7.018s][info][gc,heap     ] GC(68)   Garbage:         -               792M (77%)         156M (15%)           4M (0%)             -                  -          
[2024-03-20T08:55:52.844-0700][7.018s][info][gc,heap     ] GC(68) Reclaimed:         -                  -               636M (62%)         787M (77%)            -                  -          
[2024-03-20T08:55:52.844-0700][7.018s][info][gc          ] GC(68) Garbage Collection (Allocation Stall) 808M(79%)->264M(26%)
[2024-03-20T08:55:52.898-0700][7.072s][info][gc,start    ] GC(69) Garbage Collection (Allocation Stall)
[2024-03-20T08:55:52.898-0700][7.072s][info][gc,ref      ] GC(69) Clearing All SoftReferences
[2024-03-20T08:55:52.898-0700][7.072s][info][gc,task     ] GC(69) Using 1 workers
[2024-03-20T08:55:52.898-0700][7.072s][info][gc,ref      ] GC(69) Clearing All SoftReferences
[2024-03-20T08:55:52.898-0700][7.072s][info][gc,phases   ] GC(69) Pause Mark Start 0.012ms
[2024-03-20T08:55:52.939-0700][7.113s][info][gc,phases   ] GC(69) Concurrent Mark 40.903ms
[2024-03-20T08:55:52.939-0700][7.113s][info][gc,phases   ] GC(69) Pause Mark End 0.010ms
[2024-03-20T08:55:52.939-0700][7.113s][info][gc,phases   ] GC(69) Concurrent Mark Free 0.000ms
[2024-03-20T08:55:52.940-0700][7.113s][info][gc,phases   ] GC(69) Concurrent Process Non-Strong References 0.352ms
[2024-03-20T08:55:52.940-0700][7.113s][info][gc,phases   ] GC(69) Concurrent Reset Relocation Set 0.005ms
[2024-03-20T08:55:52.940-0700][7.113s][info][gc          ] Allocation Stall (main) 8.055ms
[2024-03-20T08:55:52.942-0700][7.115s][info][gc,phases   ] GC(69) Concurrent Select Relocation Set 1.827ms
[2024-03-20T08:55:52.942-0700][7.115s][info][gc,phases   ] GC(69) Pause Relocate Start 0.008ms
[2024-03-20T08:55:52.944-0700][7.117s][info][gc,phases   ] GC(69) Concurrent Relocate 1.908ms
[2024-03-20T08:55:52.944-0700][7.117s][info][gc,load     ] GC(69) Load: 9.00/8.74/8.16
[2024-03-20T08:55:52.944-0700][7.117s][info][gc,mmu      ] GC(69) MMU: 2ms/95.8%, 5ms/98.1%, 10ms/99.1%, 20ms/99.5%, 50ms/99.8%, 100ms/99.9%
[2024-03-20T08:55:52.944-0700][7.117s][info][gc,marking  ] GC(69) Mark: 1 stripe(s), 2 proactive flush(es), 1 terminate flush(es), 0 completion(s), 0 continuation(s) 
[2024-03-20T08:55:52.944-0700][7.117s][info][gc,marking  ] GC(69) Mark Stack Usage: 32M
[2024-03-20T08:55:52.944-0700][7.117s][info][gc,nmethod  ] GC(69) NMethods: 178 registered, 20 unregistered
[2024-03-20T08:55:52.944-0700][7.117s][info][gc,metaspace] GC(69) Metaspace: 0M used, 0M committed, 1088M reserved
[2024-03-20T08:55:52.944-0700][7.117s][info][gc,ref      ] GC(69) Soft: 47 encountered, 32 discovered, 0 enqueued
[2024-03-20T08:55:52.944-0700][7.117s][info][gc,ref      ] GC(69) Weak: 140 encountered, 108 discovered, 0 enqueued
[2024-03-20T08:55:52.944-0700][7.117s][info][gc,ref      ] GC(69) Final: 0 encountered, 0 discovered, 0 enqueued
[2024-03-20T08:55:52.944-0700][7.117s][info][gc,ref      ] GC(69) Phantom: 1 encountered, 0 discovered, 0 enqueued
[2024-03-20T08:55:52.944-0700][7.117s][info][gc,reloc    ] GC(69) Small Pages: 370 / 740M, Empty: 578M, Relocated: 2M, In-Place: 0
[2024-03-20T08:55:52.944-0700][7.117s][info][gc,reloc    ] GC(69) Medium Pages: 0 / 0M, Empty: 0M, Relocated: 0M, In-Place: 0
[2024-03-20T08:55:52.944-0700][7.117s][info][gc,reloc    ] GC(69) Large Pages: 0 / 0M, Empty: 0M, Relocated: 0M, In-Place: 0
[2024-03-20T08:55:52.944-0700][7.117s][info][gc,reloc    ] GC(69) Forwarding Usage: 1M
[2024-03-20T08:55:52.944-0700][7.117s][info][gc,heap     ] GC(69) Min Capacity: 8M(1%)
[2024-03-20T08:55:52.944-0700][7.117s][info][gc,heap     ] GC(69) Max Capacity: 1024M(100%)
[2024-03-20T08:55:52.944-0700][7.117s][info][gc,heap     ] GC(69) Soft Max Capacity: 1024M(100%)
[2024-03-20T08:55:52.944-0700][7.117s][info][gc,heap     ] GC(69)                Mark Start          Mark End        Relocate Start      Relocate End           High               Low         
[2024-03-20T08:55:52.944-0700][7.117s][info][gc,heap     ] GC(69)  Capacity:     1024M (100%)       1024M (100%)       1024M (100%)       1024M (100%)       1024M (100%)       1024M (100%)   
[2024-03-20T08:55:52.944-0700][7.117s][info][gc,heap     ] GC(69)      Free:      284M (28%)           0M (0%)          564M (55%)         690M (67%)         692M (68%)           0M (0%)     
[2024-03-20T08:55:52.944-0700][7.117s][info][gc,heap     ] GC(69)      Used:      740M (72%)        1024M (100%)        460M (45%)         334M (33%)        1024M (100%)        332M (32%)    
[2024-03-20T08:55:52.944-0700][7.117s][info][gc,heap     ] GC(69)      Live:         -                15M (2%)           15M (2%)           15M (2%)             -                  -          
[2024-03-20T08:55:52.944-0700][7.117s][info][gc,heap     ] GC(69) Allocated:         -               284M (28%)         298M (29%)         313M (31%)            -                  -          
[2024-03-20T08:55:52.944-0700][7.117s][info][gc,heap     ] GC(69)   Garbage:         -               724M (71%)         146M (14%)           4M (0%)             -                  -          
[2024-03-20T08:55:52.944-0700][7.117s][info][gc,heap     ] GC(69) Reclaimed:         -                  -               578M (56%)         719M (70%)            -                  -          
[2024-03-20T08:55:52.944-0700][7.117s][info][gc          ] GC(69) Garbage Collection (Allocation Stall) 740M(72%)->334M(33%)
[2024-03-20T08:55:52.998-0700][7.172s][info][gc,start    ] GC(70) Garbage Collection (Allocation Stall)
[2024-03-20T08:55:52.998-0700][7.172s][info][gc,ref      ] GC(70) Clearing All SoftReferences
[2024-03-20T08:55:52.998-0700][7.172s][info][gc,task     ] GC(70) Using 1 workers
[2024-03-20T08:55:52.999-0700][7.172s][info][gc,ref      ] GC(70) Clearing All SoftReferences
[2024-03-20T08:55:52.999-0700][7.172s][info][gc,phases   ] GC(70) Pause Mark Start 0.011ms
[2024-03-20T08:55:53.038-0700][7.211s][info][gc,phases   ] GC(70) Concurrent Mark 39.276ms
[2024-03-20T08:55:53.038-0700][7.211s][info][gc,phases   ] GC(70) Pause Mark End 0.009ms
[2024-03-20T08:55:53.038-0700][7.211s][info][gc,phases   ] GC(70) Concurrent Mark Free 0.000ms
[2024-03-20T08:55:53.038-0700][7.212s][info][gc,phases   ] GC(70) Concurrent Process Non-Strong References 0.467ms
[2024-03-20T08:55:53.038-0700][7.212s][info][gc,phases   ] GC(70) Concurrent Reset Relocation Set 0.005ms
[2024-03-20T08:55:53.038-0700][7.212s][info][gc          ] Allocation Stall (main) 15.020ms
[2024-03-20T08:55:53.040-0700][7.214s][info][gc,phases   ] GC(70) Concurrent Select Relocation Set 1.909ms
[2024-03-20T08:55:53.040-0700][7.214s][info][gc,phases   ] GC(70) Pause Relocate Start 0.007ms
[2024-03-20T08:55:53.042-0700][7.216s][info][gc,phases   ] GC(70) Concurrent Relocate 1.821ms
[2024-03-20T08:55:53.042-0700][7.216s][info][gc,load     ] GC(70) Load: 9.00/8.74/8.16
[2024-03-20T08:55:53.042-0700][7.216s][info][gc,mmu      ] GC(70) MMU: 2ms/95.8%, 5ms/98.1%, 10ms/99.1%, 20ms/99.5%, 50ms/99.8%, 100ms/99.9%
[2024-03-20T08:55:53.042-0700][7.216s][info][gc,marking  ] GC(70) Mark: 1 stripe(s), 2 proactive flush(es), 1 terminate flush(es), 0 completion(s), 0 continuation(s) 
[2024-03-20T08:55:53.042-0700][7.216s][info][gc,marking  ] GC(70) Mark Stack Usage: 32M
[2024-03-20T08:55:53.042-0700][7.216s][info][gc,nmethod  ] GC(70) NMethods: 178 registered, 20 unregistered
[2024-03-20T08:55:53.042-0700][7.216s][info][gc,metaspace] GC(70) Metaspace: 0M used, 0M committed, 1088M reserved
[2024-03-20T08:55:53.042-0700][7.216s][info][gc,ref      ] GC(70) Soft: 47 encountered, 32 discovered, 0 enqueued
[2024-03-20T08:55:53.042-0700][7.216s][info][gc,ref      ] GC(70) Weak: 140 encountered, 108 discovered, 0 enqueued
[2024-03-20T08:55:53.042-0700][7.216s][info][gc,ref      ] GC(70) Final: 0 encountered, 0 discovered, 0 enqueued
[2024-03-20T08:55:53.042-0700][7.216s][info][gc,ref      ] GC(70) Phantom: 1 encountered, 0 discovered, 0 enqueued
[2024-03-20T08:55:53.042-0700][7.216s][info][gc,reloc    ] GC(70) Small Pages: 407 / 814M, Empty: 650M, Relocated: 2M, In-Place: 0
[2024-03-20T08:55:53.042-0700][7.216s][info][gc,reloc    ] GC(70) Medium Pages: 0 / 0M, Empty: 0M, Relocated: 0M, In-Place: 0
[2024-03-20T08:55:53.042-0700][7.216s][info][gc,reloc    ] GC(70) Large Pages: 0 / 0M, Empty: 0M, Relocated: 0M, In-Place: 0
[2024-03-20T08:55:53.042-0700][7.216s][info][gc,reloc    ] GC(70) Forwarding Usage: 1M
[2024-03-20T08:55:53.042-0700][7.216s][info][gc,heap     ] GC(70) Min Capacity: 8M(1%)
[2024-03-20T08:55:53.042-0700][7.216s][info][gc,heap     ] GC(70) Max Capacity: 1024M(100%)
[2024-03-20T08:55:53.042-0700][7.216s][info][gc,heap     ] GC(70) Soft Max Capacity: 1024M(100%)
[2024-03-20T08:55:53.042-0700][7.216s][info][gc,heap     ] GC(70)                Mark Start          Mark End        Relocate Start      Relocate End           High               Low         
[2024-03-20T08:55:53.042-0700][7.216s][info][gc,heap     ] GC(70)  Capacity:     1024M (100%)       1024M (100%)       1024M (100%)       1024M (100%)       1024M (100%)       1024M (100%)   
[2024-03-20T08:55:53.042-0700][7.216s][info][gc,heap     ] GC(70)      Free:      210M (21%)           0M (0%)          636M (62%)         766M (75%)         768M (75%)           0M (0%)     
[2024-03-20T08:55:53.043-0700][7.216s][info][gc,heap     ] GC(70)      Used:      814M (79%)        1024M (100%)        388M (38%)         258M (25%)        1024M (100%)        256M (25%)    
[2024-03-20T08:55:53.043-0700][7.216s][info][gc,heap     ] GC(70)      Live:         -                15M (2%)           15M (2%)           15M (2%)             -                  -          
[2024-03-20T08:55:53.043-0700][7.216s][info][gc,heap     ] GC(70) Allocated:         -               210M (21%)         224M (22%)         237M (23%)            -                  -          
[2024-03-20T08:55:53.043-0700][7.216s][info][gc,heap     ] GC(70)   Garbage:         -               798M (78%)         148M (14%)           4M (0%)             -                  -          
[2024-03-20T08:55:53.043-0700][7.216s][info][gc,heap     ] GC(70) Reclaimed:         -                  -               650M (63%)         793M (78%)            -                  -          
[2024-03-20T08:55:53.043-0700][7.216s][info][gc          ] GC(70) Garbage Collection (Allocation Stall) 814M(79%)->258M(25%)
[2024-03-20T08:55:53.098-0700][7.272s][info][gc,start    ] GC(71) Garbage Collection (Allocation Stall)
[2024-03-20T08:55:53.098-0700][7.272s][info][gc,ref      ] GC(71) Clearing All SoftReferences
[2024-03-20T08:55:53.098-0700][7.272s][info][gc,task     ] GC(71) Using 1 workers
[2024-03-20T08:55:53.099-0700][7.272s][info][gc,ref      ] GC(71) Clearing All SoftReferences
[2024-03-20T08:55:53.099-0700][7.272s][info][gc,phases   ] GC(71) Pause Mark Start 0.021ms
[2024-03-20T08:55:53.138-0700][7.311s][info][gc,phases   ] GC(71) Concurrent Mark 39.325ms
[2024-03-20T08:55:53.138-0700][7.311s][info][gc,phases   ] GC(71) Pause Mark End 0.009ms
[2024-03-20T08:55:53.138-0700][7.311s][info][gc,phases   ] GC(71) Concurrent Mark Free 0.000ms
[2024-03-20T08:55:53.138-0700][7.312s][info][gc,phases   ] GC(71) Concurrent Process Non-Strong References 0.362ms
[2024-03-20T08:55:53.138-0700][7.312s][info][gc,phases   ] GC(71) Concurrent Reset Relocation Set 0.005ms
[2024-03-20T08:55:53.138-0700][7.312s][info][gc          ] Allocation Stall (main) 8.542ms
[2024-03-20T08:55:53.140-0700][7.314s][info][gc,phases   ] GC(71) Concurrent Select Relocation Set 1.835ms
[2024-03-20T08:55:53.140-0700][7.314s][info][gc,phases   ] GC(71) Pause Relocate Start 0.006ms
[2024-03-20T08:55:53.142-0700][7.316s][info][gc,phases   ] GC(71) Concurrent Relocate 1.897ms
[2024-03-20T08:55:53.142-0700][7.316s][info][gc,load     ] GC(71) Load: 9.00/8.74/8.16
[2024-03-20T08:55:53.142-0700][7.316s][info][gc,mmu      ] GC(71) MMU: 2ms/95.8%, 5ms/98.1%, 10ms/99.1%, 20ms/99.5%, 50ms/99.8%, 100ms/99.9%
[2024-03-20T08:55:53.142-0700][7.316s][info][gc,marking  ] GC(71) Mark: 1 stripe(s), 2 proactive flush(es), 1 terminate flush(es), 0 completion(s), 0 continuation(s) 
[2024-03-20T08:55:53.142-0700][7.316s][info][gc,marking  ] GC(71) Mark Stack Usage: 32M
[2024-03-20T08:55:53.142-0700][7.316s][info][gc,nmethod  ] GC(71) NMethods: 178 registered, 20 unregistered
[2024-03-20T08:55:53.142-0700][7.316s][info][gc,metaspace] GC(71) Metaspace: 0M used, 0M committed, 1088M reserved
[2024-03-20T08:55:53.142-0700][7.316s][info][gc,ref      ] GC(71) Soft: 47 encountered, 29 discovered, 0 enqueued
[2024-03-20T08:55:53.142-0700][7.316s][info][gc,ref      ] GC(71) Weak: 140 encountered, 108 discovered, 0 enqueued
[2024-03-20T08:55:53.142-0700][7.316s][info][gc,ref      ] GC(71) Final: 0 encountered, 0 discovered, 0 enqueued
[2024-03-20T08:55:53.142-0700][7.316s][info][gc,ref      ] GC(71) Phantom: 1 encountered, 0 discovered, 0 enqueued
[2024-03-20T08:55:53.142-0700][7.316s][info][gc,reloc    ] GC(71) Small Pages: 377 / 754M, Empty: 592M, Relocated: 2M, In-Place: 0
[2024-03-20T08:55:53.142-0700][7.316s][info][gc,reloc    ] GC(71) Medium Pages: 0 / 0M, Empty: 0M, Relocated: 0M, In-Place: 0
[2024-03-20T08:55:53.142-0700][7.316s][info][gc,reloc    ] GC(71) Large Pages: 0 / 0M, Empty: 0M, Relocated: 0M, In-Place: 0
[2024-03-20T08:55:53.142-0700][7.316s][info][gc,reloc    ] GC(71) Forwarding Usage: 1M
[2024-03-20T08:55:53.142-0700][7.316s][info][gc,heap     ] GC(71) Min Capacity: 8M(1%)
[2024-03-20T08:55:53.142-0700][7.316s][info][gc,heap     ] GC(71) Max Capacity: 1024M(100%)
[2024-03-20T08:55:53.142-0700][7.316s][info][gc,heap     ] GC(71) Soft Max Capacity: 1024M(100%)
[2024-03-20T08:55:53.142-0700][7.316s][info][gc,heap     ] GC(71)                Mark Start          Mark End        Relocate Start      Relocate End           High               Low         
[2024-03-20T08:55:53.142-0700][7.316s][info][gc,heap     ] GC(71)  Capacity:     1024M (100%)       1024M (100%)       1024M (100%)       1024M (100%)       1024M (100%)       1024M (100%)   
[2024-03-20T08:55:53.142-0700][7.316s][info][gc,heap     ] GC(71)      Free:      270M (26%)           0M (0%)          578M (56%)         706M (69%)         710M (69%)           0M (0%)     
[2024-03-20T08:55:53.142-0700][7.316s][info][gc,heap     ] GC(71)      Used:      754M (74%)        1024M (100%)        446M (44%)         318M (31%)        1024M (100%)        314M (31%)    
[2024-03-20T08:55:53.142-0700][7.316s][info][gc,heap     ] GC(71)      Live:         -                15M (2%)           15M (2%)           15M (2%)             -                  -          
[2024-03-20T08:55:53.142-0700][7.316s][info][gc,heap     ] GC(71) Allocated:         -               270M (26%)         284M (28%)         297M (29%)            -                  -          
[2024-03-20T08:55:53.142-0700][7.316s][info][gc,heap     ] GC(71)   Garbage:         -               738M (72%)         146M (14%)           4M (0%)             -                  -          
[2024-03-20T08:55:53.142-0700][7.316s][info][gc,heap     ] GC(71) Reclaimed:         -                  -               592M (58%)         733M (72%)            -                  -          
[2024-03-20T08:55:53.142-0700][7.316s][info][gc          ] GC(71) Garbage Collection (Allocation Stall) 754M(74%)->318M(31%)
[2024-03-20T08:55:53.198-0700][7.372s][info][gc,start    ] GC(72) Garbage Collection (Allocation Stall)
[2024-03-20T08:55:53.198-0700][7.372s][info][gc,ref      ] GC(72) Clearing All SoftReferences
[2024-03-20T08:55:53.199-0700][7.372s][info][gc,task     ] GC(72) Using 1 workers
[2024-03-20T08:55:53.199-0700][7.372s][info][gc,ref      ] GC(72) Clearing All SoftReferences
[2024-03-20T08:55:53.199-0700][7.372s][info][gc,phases   ] GC(72) Pause Mark Start 0.011ms
[2024-03-20T08:55:53.237-0700][7.411s][info][gc,phases   ] GC(72) Concurrent Mark 38.802ms
[2024-03-20T08:55:53.237-0700][7.411s][info][gc,phases   ] GC(72) Pause Mark End 0.009ms
[2024-03-20T08:55:53.237-0700][7.411s][info][gc,phases   ] GC(72) Concurrent Mark Free 0.000ms
[2024-03-20T08:55:53.238-0700][7.411s][info][gc,phases   ] GC(72) Concurrent Process Non-Strong References 0.351ms
[2024-03-20T08:55:53.238-0700][7.411s][info][gc,phases   ] GC(72) Concurrent Reset Relocation Set 0.005ms
[2024-03-20T08:55:53.238-0700][7.411s][info][gc          ] Allocation Stall (main) 13.404ms
[2024-03-20T08:55:53.240-0700][7.413s][info][gc,phases   ] GC(72) Concurrent Select Relocation Set 2.004ms
[2024-03-20T08:55:53.240-0700][7.413s][info][gc,phases   ] GC(72) Pause Relocate Start 0.007ms
[2024-03-20T08:55:53.242-0700][7.415s][info][gc,phases   ] GC(72) Concurrent Relocate 1.798ms
[2024-03-20T08:55:53.242-0700][7.415s][info][gc,load     ] GC(72) Load: 9.00/8.74/8.16
[2024-03-20T08:55:53.242-0700][7.415s][info][gc,mmu      ] GC(72) MMU: 2ms/95.8%, 5ms/98.1%, 10ms/99.1%, 20ms/99.5%, 50ms/99.8%, 100ms/99.9%
[2024-03-20T08:55:53.242-0700][7.415s][info][gc,marking  ] GC(72) Mark: 1 stripe(s), 2 proactive flush(es), 1 terminate flush(es), 0 completion(s), 0 continuation(s) 
[2024-03-20T08:55:53.242-0700][7.415s][info][gc,marking  ] GC(72) Mark Stack Usage: 32M
[2024-03-20T08:55:53.242-0700][7.415s][info][gc,nmethod  ] GC(72) NMethods: 178 registered, 20 unregistered
[2024-03-20T08:55:53.242-0700][7.415s][info][gc,metaspace] GC(72) Metaspace: 0M used, 0M committed, 1088M reserved
[2024-03-20T08:55:53.242-0700][7.415s][info][gc,ref      ] GC(72) Soft: 47 encountered, 32 discovered, 0 enqueued
[2024-03-20T08:55:53.242-0700][7.415s][info][gc,ref      ] GC(72) Weak: 140 encountered, 108 discovered, 0 enqueued
[2024-03-20T08:55:53.242-0700][7.415s][info][gc,ref      ] GC(72) Final: 0 encountered, 0 discovered, 0 enqueued
[2024-03-20T08:55:53.242-0700][7.415s][info][gc,ref      ] GC(72) Phantom: 1 encountered, 0 discovered, 0 enqueued
[2024-03-20T08:55:53.242-0700][7.415s][info][gc,reloc    ] GC(72) Small Pages: 402 / 804M, Empty: 646M, Relocated: 2M, In-Place: 0
[2024-03-20T08:55:53.242-0700][7.415s][info][gc,reloc    ] GC(72) Medium Pages: 0 / 0M, Empty: 0M, Relocated: 0M, In-Place: 0
[2024-03-20T08:55:53.242-0700][7.415s][info][gc,reloc    ] GC(72) Large Pages: 0 / 0M, Empty: 0M, Relocated: 0M, In-Place: 0
[2024-03-20T08:55:53.242-0700][7.415s][info][gc,reloc    ] GC(72) Forwarding Usage: 1M
[2024-03-20T08:55:53.242-0700][7.415s][info][gc,heap     ] GC(72) Min Capacity: 8M(1%)
[2024-03-20T08:55:53.242-0700][7.415s][info][gc,heap     ] GC(72) Max Capacity: 1024M(100%)
[2024-03-20T08:55:53.242-0700][7.415s][info][gc,heap     ] GC(72) Soft Max Capacity: 1024M(100%)
[2024-03-20T08:55:53.242-0700][7.415s][info][gc,heap     ] GC(72)                Mark Start          Mark End        Relocate Start      Relocate End           High               Low         
[2024-03-20T08:55:53.242-0700][7.415s][info][gc,heap     ] GC(72)  Capacity:     1024M (100%)       1024M (100%)       1024M (100%)       1024M (100%)       1024M (100%)       1024M (100%)   
[2024-03-20T08:55:53.242-0700][7.415s][info][gc,heap     ] GC(72)      Free:      220M (21%)           0M (0%)          630M (62%)         756M (74%)         756M (74%)           0M (0%)     
[2024-03-20T08:55:53.242-0700][7.415s][info][gc,heap     ] GC(72)      Used:      804M (79%)        1024M (100%)        394M (38%)         268M (26%)        1024M (100%)        268M (26%)    
[2024-03-20T08:55:53.242-0700][7.415s][info][gc,heap     ] GC(72)      Live:         -                15M (2%)           15M (2%)           15M (2%)             -                  -          
[2024-03-20T08:55:53.242-0700][7.415s][info][gc,heap     ] GC(72) Allocated:         -               220M (21%)         236M (23%)         247M (24%)            -                  -          
[2024-03-20T08:55:53.242-0700][7.415s][info][gc,heap     ] GC(72)   Garbage:         -               788M (77%)         142M (14%)           4M (0%)             -                  -          
[2024-03-20T08:55:53.242-0700][7.415s][info][gc,heap     ] GC(72) Reclaimed:         -                  -               646M (63%)         783M (77%)            -                  -          
[2024-03-20T08:55:53.242-0700][7.415s][info][gc          ] GC(72) Garbage Collection (Allocation Stall) 804M(79%)->268M(26%)
[2024-03-20T08:55:53.298-0700][7.472s][info][gc,start    ] GC(73) Garbage Collection (Allocation Stall)
[2024-03-20T08:55:53.298-0700][7.472s][info][gc,ref      ] GC(73) Clearing All SoftReferences
[2024-03-20T08:55:53.298-0700][7.472s][info][gc,task     ] GC(73) Using 1 workers
[2024-03-20T08:55:53.299-0700][7.472s][info][gc,ref      ] GC(73) Clearing All SoftReferences
[2024-03-20T08:55:53.299-0700][7.472s][info][gc,phases   ] GC(73) Pause Mark Start 0.020ms
[2024-03-20T08:55:53.309-0700][7.482s][info][gc          ] GC(73) Garbage Collection (Allocation Stall) Aborted
[2024-03-20T08:55:53.310-0700][7.483s][info][gc,heap,exit] Heap
[2024-03-20T08:55:53.310-0700][7.483s][info][gc,heap,exit]  ZHeap           used 482M, capacity 1024M, max capacity 1024M
[2024-03-20T08:55:53.310-0700][7.483s][info][gc,heap,exit]  Metaspace       used 643K, committed 832K, reserved 1114112K
[2024-03-20T08:55:53.310-0700][7.483s][info][gc,heap,exit]   class space    used 51K, committed 128K, reserved 1048576K
