2026-04-04T11:00:01.000+0000: 1.000: [Full GC (Allocation Failure) [Tenured: 19870K->19670K(20000K)] 19870K->19670K(20000K), 0.2400000 secs] [Times: user=0.24 sys=0.00, real=0.240 secs]
2026-04-04T11:00:02.000+0000: 2.000: [Full GC (Allocation Failure) [Tenured: 19890K->19690K(20000K)] 19890K->19690K(20000K), 0.2600000 secs] [Times: user=0.24 sys=0.00, real=0.260 secs]
2026-04-04T11:00:03.000+0000: 3.000: [Full GC (Allocation Failure) [Tenured: 19910K->19710K(20000K)] 19910K->19710K(20000K), 0.2800000 secs] [Times: user=0.24 sys=0.00, real=0.280 secs]
2026-04-04T11:00:04.000+0000: 4.000: [Full GC (Allocation Failure) [Tenured: 19930K->19730K(20000K)] 19930K->19730K(20000K), 0.3000000 secs] [Times: user=0.24 sys=0.00, real=0.300 secs]
2026-04-04T11:00:05.000+0000: 5.000: [Full GC (Allocation Failure) [Tenured: 19950K->19750K(20000K)] 19950K->19750K(20000K), 0.2200000 secs] [Times: user=0.24 sys=0.00, real=0.220 secs]
2026-04-04T11:00:06.000+0000: 6.000: [Full GC (Allocation Failure) [Tenured: 19850K->19650K(20000K)] 19850K->19650K(20000K), 0.2400000 secs] [Times: user=0.24 sys=0.00, real=0.240 secs]
2026-04-04T11:00:07.000+0000: 7.000: [Full GC (Allocation Failure) [Tenured: 19870K->19670K(20000K)] 19870K->19670K(20000K), 0.2600000 secs] [Times: user=0.24 sys=0.00, real=0.260 secs]
2026-04-04T11:00:08.000+0000: 8.000: [Full GC (Allocation Failure) [Tenured: 19890K->19690K(20000K)] 19890K->19690K(20000K), 0.2800000 secs] [Times: user=0.24 sys=0.00, real=0.280 secs]
2026-04-04T11:00:09.000+0000: 9.000: [Full GC (Allocation Failure) [Tenured: 19910K->19710K(20000K)] 19910K->19710K(20000K), 0.3000000 secs] [Times: user=0.24 sys=0.00, real=0.300 secs]
2026-04-04T11:00:10.000+0000: 10.000: [Full GC (Allocation Failure) [Tenured: 19930K->19730K(20000K)] 19930K->19730K(20000K), 0.2200000 secs] [Times: user=0.24 sys=0.00, real=0.220 secs]
2026-04-04T11:00:11.000+0000: 11.000: [Full GC (Allocation Failure) [Tenured: 19950K->19750K(20000K)] 19950K->19750K(20000K), 0.2400000 secs] [Times: user=0.24 sys=0.00, real=0.240 secs]
2026-04-04T11:00:12.000+0000: 12.000: [Full GC (Allocation Failure) [Tenured: 19850K->19650K(20000K)] 19850K->19650K(20000K), 0.2600000 secs] [Times: user=0.24 sys=0.00, real=0.260 secs]
2026-04-04T11:00:13.000+0000: 13.000: [Full GC (Allocation Failure) [Tenured: 19870K->19670K(20000K)] 19870K->19670K(20000K), 0.2800000 secs] [Times: user=0.24 sys=0.00, real=0.280 secs]
2026-04-04T11:00:14.000+0000: 14.000: [Full GC (Allocation Failure) [Tenured: 19890K->19690K(20000K)] 19890K->19690K(20000K), 0.3000000 secs] [Times: user=0.24 sys=0.00, real=0.300 secs]
2026-04-04T11:00:15.000+0000: 15.000: [Full GC (Allocation Failure) [Tenured: 19910K->19710K(20000K)] 19910K->19710K(20000K), 0.2200000 secs] [Times: user=0.24 sys=0.00, real=0.220 secs]
2026-04-04T11:00:16.000+0000: 16.000: [Full GC (Allocation Failure) [Tenured: 19930K->19730K(20000K)] 19930K->19730K(20000K), 0.2400000 secs] [Times: user=0.24 sys=0.00, real=0.240 secs]
2026-04-04T11:00:17.000+0000: 17.000: [Full GC (Allocation Failure) [Tenured: 19950K->19750K(20000K)] 19950K->19750K(20000K), 0.2600000 secs] [Times: user=0.24 sys=0.00, real=0.260 secs]
2026-04-04T11:00:18.000+0000: 18.000: [Full GC (Allocation Failure) [Tenured: 19850K->19650K(20000K)] 19850K->19650K(20000K), 0.2800000 secs] [Times: user=0.24 sys=0.00, real=0.280 secs]
2026-04-04T11:00:19.000+0000: 19.000: [Full GC (Allocation Failure) [Tenured: 19870K->19670K(20000K)] 19870K->19670K(20000K), 0.3000000 secs] [Times: user=0.24 sys=0.00, real=0.300 secs]
2026-04-04T11:00:20.000+0000: 20.000: [Full GC (Allocation Failure) [Tenured: 19890K->19690K(20000K)] 19890K->19690K(20000K), 0.2200000 secs] [Times: user=0.24 sys=0.00, real=0.220 secs]
2026-04-04T11:00:21.000+0000: 21.000: [Full GC (Allocation Failure) [Tenured: 19910K->19710K(20000K)] 19910K->19710K(20000K), 0.2400000 secs] [Times: user=0.24 sys=0.00, real=0.240 secs]
2026-04-04T11:00:22.000+0000: 22.000: [Full GC (Allocation Failure) [Tenured: 19930K->19730K(20000K)] 19930K->19730K(20000K), 0.2600000 secs] [Times: user=0.24 sys=0.00, real=0.260 secs]
2026-04-04T11:00:23.000+0000: 23.000: [Full GC (Allocation Failure) [Tenured: 19950K->19750K(20000K)] 19950K->19750K(20000K), 0.2800000 secs] [Times: user=0.24 sys=0.00, real=0.280 secs]
2026-04-04T11:00:24.000+0000: 24.000: [Full GC (Allocation Failure) [Tenured: 19850K->19650K(20000K)] 19850K->19650K(20000K), 0.3000000 secs] [Times: user=0.24 sys=0.00, real=0.300 secs]
2026-04-04T11:00:25.000+0000: 25.000: [Full GC (Allocation Failure) [Tenured: 19870K->19670K(20000K)] 19870K->19670K(20000K), 0.2200000 secs] [Times: user=0.24 sys=0.00, real=0.220 secs]
2026-04-04T11:00:26.000+0000: 26.000: [Full GC (Allocation Failure) [Tenured: 19890K->19690K(20000K)] 19890K->19690K(20000K), 0.2400000 secs] [Times: user=0.24 sys=0.00, real=0.240 secs]
2026-04-04T11:00:27.000+0000: 27.000: [Full GC (Allocation Failure) [Tenured: 19910K->19710K(20000K)] 19910K->19710K(20000K), 0.2600000 secs] [Times: user=0.24 sys=0.00, real=0.260 secs]
2026-04-04T11:00:28.000+0000: 28.000: [Full GC (Allocation Failure) [Tenured: 19930K->19730K(20000K)] 19930K->19730K(20000K), 0.2800000 secs] [Times: user=0.24 sys=0.00, real=0.280 secs]
2026-04-04T11:00:29.000+0000: 29.000: [Full GC (Allocation Failure) [Tenured: 19950K->19750K(20000K)] 19950K->19750K(20000K), 0.3000000 secs] [Times: user=0.24 sys=0.00, real=0.300 secs]
2026-04-04T11:00:30.000+0000: 30.000: [Full GC (Allocation Failure) [Tenured: 19850K->19650K(20000K)] 19850K->19650K(20000K), 0.2200000 secs] [Times: user=0.24 sys=0.00, real=0.220 secs]
2026-04-04T11:00:31.000+0000: 31.000: [Full GC (Allocation Failure) [Tenured: 19870K->19670K(20000K)] 19870K->19670K(20000K), 0.2400000 secs] [Times: user=0.24 sys=0.00, real=0.240 secs]
2026-04-04T11:00:32.000+0000: 32.000: [Full GC (Allocation Failure) [Tenured: 19890K->19690K(20000K)] 19890K->19690K(20000K), 0.2600000 secs] [Times: user=0.24 sys=0.00, real=0.260 secs]
2026-04-04T11:00:33.000+0000: 33.000: [Full GC (Allocation Failure) [Tenured: 19910K->19710K(20000K)] 19910K->19710K(20000K), 0.2800000 secs] [Times: user=0.24 sys=0.00, real=0.280 secs]
2026-04-04T11:00:34.000+0000: 34.000: [Full GC (Allocation Failure) [Tenured: 19930K->19730K(20000K)] 19930K->19730K(20000K), 0.3000000 secs] [Times: user=0.24 sys=0.00, real=0.300 secs]
2026-04-04T11:00:35.000+0000: 35.000: [Full GC (Allocation Failure) [Tenured: 19950K->19750K(20000K)] 19950K->19750K(20000K), 0.2200000 secs] [Times: user=0.24 sys=0.00, real=0.220 secs]
2026-04-04T11:00:36.000+0000: 36.000: [Full GC (Allocation Failure) [Tenured: 19850K->19650K(20000K)] 19850K->19650K(20000K), 0.2400000 secs] [Times: user=0.24 sys=0.00, real=0.240 secs]
2026-04-04T11:00:37.000+0000: 37.000: [Full GC (Allocation Failure) [Tenured: 19870K->19670K(20000K)] 19870K->19670K(20000K), 0.2600000 secs] [Times: user=0.24 sys=0.00, real=0.260 secs]
2026-04-04T11:00:38.000+0000: 38.000: [Full GC (Allocation Failure) [Tenured: 19890K->19690K(20000K)] 19890K->19690K(20000K), 0.2800000 secs] [Times: user=0.24 sys=0.00, real=0.280 secs]
2026-04-04T11:00:39.000+0000: 39.000: [Full GC (Allocation Failure) [Tenured: 19910K->19710K(20000K)] 19910K->19710K(20000K), 0.3000000 secs] [Times: user=0.24 sys=0.00, real=0.300 secs]
2026-04-04T11:00:40.000+0000: 40.000: [Full GC (Allocation Failure) [Tenured: 19930K->19730K(20000K)] 19930K->19730K(20000K), 0.2200000 secs] [Times: user=0.24 sys=0.00, real=0.220 secs]
2026-04-04T11:00:41.000+0000: 41.000: [Full GC (Allocation Failure) [Tenured: 19950K->19750K(20000K)] 19950K->19750K(20000K), 0.2400000 secs] [Times: user=0.24 sys=0.00, real=0.240 secs]
2026-04-04T11:00:42.000+0000: 42.000: [Full GC (Allocation Failure) [Tenured: 19850K->19650K(20000K)] 19850K->19650K(20000K), 0.2600000 secs] [Times: user=0.24 sys=0.00, real=0.260 secs]
2026-04-04T11:00:43.000+0000: 43.000: [Full GC (Allocation Failure) [Tenured: 19870K->19670K(20000K)] 19870K->19670K(20000K), 0.2800000 secs] [Times: user=0.24 sys=0.00, real=0.280 secs]
2026-04-04T11:00:44.000+0000: 44.000: [Full GC (Allocation Failure) [Tenured: 19890K->19690K(20000K)] 19890K->19690K(20000K), 0.3000000 secs] [Times: user=0.24 sys=0.00, real=0.300 secs]
2026-04-04T11:00:45.000+0000: 45.000: [Full GC (Allocation Failure) [Tenured: 19910K->19710K(20000K)] 19910K->19710K(20000K), 0.2200000 secs] [Times: user=0.24 sys=0.00, real=0.220 secs]
2026-04-04T11:00:46.000+0000: 46.000: [Full GC (Allocation Failure) [Tenured: 19930K->19730K(20000K)] 19930K->19730K(20000K), 0.2400000 secs] [Times: user=0.24 sys=0.00, real=0.240 secs]
2026-04-04T11:00:47.000+0000: 47.000: [Full GC (Allocation Failure) [Tenured: 19950K->19750K(20000K)] 19950K->19750K(20000K), 0.2600000 secs] [Times: user=0.24 sys=0.00, real=0.260 secs]
2026-04-04T11:00:48.000+0000: 48.000: [Full GC (Allocation Failure) [Tenured: 19850K->19650K(20000K)] 19850K->19650K(20000K), 0.2800000 secs] [Times: user=0.24 sys=0.00, real=0.280 secs]
2026-04-04T11:00:49.000+0000: 49.000: [Full GC (Allocation Failure) [Tenured: 19870K->19670K(20000K)] 19870K->19670K(20000K), 0.3000000 secs] [Times: user=0.24 sys=0.00, real=0.300 secs]
2026-04-04T11:00:50.000+0000: 50.000: [Full GC (Allocation Failure) [Tenured: 19890K->19690K(20000K)] 19890K->19690K(20000K), 0.2200000 secs] [Times: user=0.24 sys=0.00, real=0.220 secs]
2026-04-04T11:00:51.000+0000: 51.000: [Full GC (Allocation Failure) [Tenured: 19910K->19710K(20000K)] 19910K->19710K(20000K), 0.2400000 secs] [Times: user=0.24 sys=0.00, real=0.240 secs]
2026-04-04T11:00:52.000+0000: 52.000: [Full GC (Allocation Failure) [Tenured: 19930K->19730K(20000K)] 19930K->19730K(20000K), 0.2600000 secs] [Times: user=0.24 sys=0.00, real=0.260 secs]
2026-04-04T11:00:53.000+0000: 53.000: [Full GC (Allocation Failure) [Tenured: 19950K->19750K(20000K)] 19950K->19750K(20000K), 0.2800000 secs] [Times: user=0.24 sys=0.00, real=0.280 secs]
2026-04-04T11:00:54.000+0000: 54.000: [Full GC (Allocation Failure) [Tenured: 19850K->19650K(20000K)] 19850K->19650K(20000K), 0.3000000 secs] [Times: user=0.24 sys=0.00, real=0.300 secs]
2026-04-04T11:00:55.000+0000: 55.000: [Full GC (Allocation Failure) [Tenured: 19870K->19670K(20000K)] 19870K->19670K(20000K), 0.2200000 secs] [Times: user=0.24 sys=0.00, real=0.220 secs]
2026-04-04T11:00:56.000+0000: 56.000: [Full GC (Allocation Failure) [Tenured: 19890K->19690K(20000K)] 19890K->19690K(20000K), 0.2400000 secs] [Times: user=0.24 sys=0.00, real=0.240 secs]
2026-04-04T11:00:57.000+0000: 57.000: [Full GC (Allocation Failure) [Tenured: 19910K->19710K(20000K)] 19910K->19710K(20000K), 0.2600000 secs] [Times: user=0.24 sys=0.00, real=0.260 secs]
2026-04-04T11:00:58.000+0000: 58.000: [Full GC (Allocation Failure) [Tenured: 19930K->19730K(20000K)] 19930K->19730K(20000K), 0.2800000 secs] [Times: user=0.24 sys=0.00, real=0.280 secs]
2026-04-04T11:00:59.000+0000: 59.000: [Full GC (Allocation Failure) [Tenured: 19950K->19750K(20000K)] 19950K->19750K(20000K), 0.3000000 secs] [Times: user=0.24 sys=0.00, real=0.300 secs]
2026-04-04T11:01:00.000+0000: 60.000: [Full GC (Allocation Failure) [Tenured: 19850K->19650K(20000K)] 19850K->19650K(20000K), 0.2200000 secs] [Times: user=0.24 sys=0.00, real=0.220 secs]
2026-04-04T11:01:01.000+0000: 61.000: [Full GC (Allocation Failure) [Tenured: 19870K->19670K(20000K)] 19870K->19670K(20000K), 0.2400000 secs] [Times: user=0.24 sys=0.00, real=0.240 secs]
2026-04-04T11:01:02.000+0000: 62.000: [Full GC (Allocation Failure) [Tenured: 19890K->19690K(20000K)] 19890K->19690K(20000K), 0.2600000 secs] [Times: user=0.24 sys=0.00, real=0.260 secs]
2026-04-04T11:01:03.000+0000: 63.000: [Full GC (Allocation Failure) [Tenured: 19910K->19710K(20000K)] 19910K->19710K(20000K), 0.2800000 secs] [Times: user=0.24 sys=0.00, real=0.280 secs]
2026-04-04T11:01:04.000+0000: 64.000: [Full GC (Allocation Failure) [Tenured: 19930K->19730K(20000K)] 19930K->19730K(20000K), 0.3000000 secs] [Times: user=0.24 sys=0.00, real=0.300 secs]
2026-04-04T11:01:05.000+0000: 65.000: [Full GC (Allocation Failure) [Tenured: 19950K->19750K(20000K)] 19950K->19750K(20000K), 0.2200000 secs] [Times: user=0.24 sys=0.00, real=0.220 secs]
2026-04-04T11:01:06.000+0000: 66.000: [Full GC (Allocation Failure) [Tenured: 19850K->19650K(20000K)] 19850K->19650K(20000K), 0.2400000 secs] [Times: user=0.24 sys=0.00, real=0.240 secs]
2026-04-04T11:01:07.000+0000: 67.000: [Full GC (Allocation Failure) [Tenured: 19870K->19670K(20000K)] 19870K->19670K(20000K), 0.2600000 secs] [Times: user=0.24 sys=0.00, real=0.260 secs]
2026-04-04T11:01:08.000+0000: 68.000: [Full GC (Allocation Failure) [Tenured: 19890K->19690K(20000K)] 19890K->19690K(20000K), 0.2800000 secs] [Times: user=0.24 sys=0.00, real=0.280 secs]
2026-04-04T11:01:09.000+0000: 69.000: [Full GC (Allocation Failure) [Tenured: 19910K->19710K(20000K)] 19910K->19710K(20000K), 0.3000000 secs] [Times: user=0.24 sys=0.00, real=0.300 secs]
2026-04-04T11:01:10.000+0000: 70.000: [Full GC (Allocation Failure) [Tenured: 19930K->19730K(20000K)] 19930K->19730K(20000K), 0.2200000 secs] [Times: user=0.24 sys=0.00, real=0.220 secs]
2026-04-04T11:01:11.000+0000: 71.000: [Full GC (Allocation Failure) [Tenured: 19950K->19750K(20000K)] 19950K->19750K(20000K), 0.2400000 secs] [Times: user=0.24 sys=0.00, real=0.240 secs]
2026-04-04T11:01:12.000+0000: 72.000: [Full GC (Allocation Failure) [Tenured: 19850K->19650K(20000K)] 19850K->19650K(20000K), 0.2600000 secs] [Times: user=0.24 sys=0.00, real=0.260 secs]
2026-04-04T11:01:13.000+0000: 73.000: [Full GC (Allocation Failure) [Tenured: 19870K->19670K(20000K)] 19870K->19670K(20000K), 0.2800000 secs] [Times: user=0.24 sys=0.00, real=0.280 secs]
2026-04-04T11:01:14.000+0000: 74.000: [Full GC (Allocation Failure) [Tenured: 19890K->19690K(20000K)] 19890K->19690K(20000K), 0.3000000 secs] [Times: user=0.24 sys=0.00, real=0.300 secs]
2026-04-04T11:01:15.000+0000: 75.000: [Full GC (Allocation Failure) [Tenured: 19910K->19710K(20000K)] 19910K->19710K(20000K), 0.2200000 secs] [Times: user=0.24 sys=0.00, real=0.220 secs]
2026-04-04T11:01:16.000+0000: 76.000: [Full GC (Allocation Failure) [Tenured: 19930K->19730K(20000K)] 19930K->19730K(20000K), 0.2400000 secs] [Times: user=0.24 sys=0.00, real=0.240 secs]
2026-04-04T11:01:17.000+0000: 77.000: [Full GC (Allocation Failure) [Tenured: 19950K->19750K(20000K)] 19950K->19750K(20000K), 0.2600000 secs] [Times: user=0.24 sys=0.00, real=0.260 secs]
2026-04-04T11:01:18.000+0000: 78.000: [Full GC (Allocation Failure) [Tenured: 19850K->19650K(20000K)] 19850K->19650K(20000K), 0.2800000 secs] [Times: user=0.24 sys=0.00, real=0.280 secs]
2026-04-04T11:01:19.000+0000: 79.000: [Full GC (Allocation Failure) [Tenured: 19870K->19670K(20000K)] 19870K->19670K(20000K), 0.3000000 secs] [Times: user=0.24 sys=0.00, real=0.300 secs]
2026-04-04T11:01:20.000+0000: 80.000: [Full GC (Allocation Failure) [Tenured: 19890K->19690K(20000K)] 19890K->19690K(20000K), 0.2200000 secs] [Times: user=0.24 sys=0.00, real=0.220 secs]
2026-04-04T11:01:21.000+0000: 81.000: [Full GC (Allocation Failure) [Tenured: 19910K->19710K(20000K)] 19910K->19710K(20000K), 0.2400000 secs] [Times: user=0.24 sys=0.00, real=0.240 secs]
2026-04-04T11:01:22.000+0000: 82.000: [Full GC (Allocation Failure) [Tenured: 19930K->19730K(20000K)] 19930K->19730K(20000K), 0.2600000 secs] [Times: user=0.24 sys=0.00, real=0.260 secs]
2026-04-04T11:01:23.000+0000: 83.000: [Full GC (Allocation Failure) [Tenured: 19950K->19750K(20000K)] 19950K->19750K(20000K), 0.2800000 secs] [Times: user=0.24 sys=0.00, real=0.280 secs]
2026-04-04T11:01:24.000+0000: 84.000: [Full GC (Allocation Failure) [Tenured: 19850K->19650K(20000K)] 19850K->19650K(20000K), 0.3000000 secs] [Times: user=0.24 sys=0.00, real=0.300 secs]
2026-04-04T11:01:25.000+0000: 85.000: [Full GC (Allocation Failure) [Tenured: 19870K->19670K(20000K)] 19870K->19670K(20000K), 0.2200000 secs] [Times: user=0.24 sys=0.00, real=0.220 secs]
2026-04-04T11:01:26.000+0000: 86.000: [Full GC (Allocation Failure) [Tenured: 19890K->19690K(20000K)] 19890K->19690K(20000K), 0.2400000 secs] [Times: user=0.24 sys=0.00, real=0.240 secs]
2026-04-04T11:01:27.000+0000: 87.000: [Full GC (Allocation Failure) [Tenured: 19910K->19710K(20000K)] 19910K->19710K(20000K), 0.2600000 secs] [Times: user=0.24 sys=0.00, real=0.260 secs]
2026-04-04T11:01:28.000+0000: 88.000: [Full GC (Allocation Failure) [Tenured: 19930K->19730K(20000K)] 19930K->19730K(20000K), 0.2800000 secs] [Times: user=0.24 sys=0.00, real=0.280 secs]
2026-04-04T11:01:29.000+0000: 89.000: [Full GC (Allocation Failure) [Tenured: 19950K->19750K(20000K)] 19950K->19750K(20000K), 0.3000000 secs] [Times: user=0.24 sys=0.00, real=0.300 secs]
2026-04-04T11:01:30.000+0000: 90.000: [Full GC (Allocation Failure) [Tenured: 19850K->19650K(20000K)] 19850K->19650K(20000K), 0.2200000 secs] [Times: user=0.24 sys=0.00, real=0.220 secs]
2026-04-04T11:01:31.000+0000: 91.000: [Full GC (Allocation Failure) [Tenured: 19870K->19670K(20000K)] 19870K->19670K(20000K), 0.2400000 secs] [Times: user=0.24 sys=0.00, real=0.240 secs]
2026-04-04T11:01:32.000+0000: 92.000: [Full GC (Allocation Failure) [Tenured: 19890K->19690K(20000K)] 19890K->19690K(20000K), 0.2600000 secs] [Times: user=0.24 sys=0.00, real=0.260 secs]
2026-04-04T11:01:33.000+0000: 93.000: [Full GC (Allocation Failure) [Tenured: 19910K->19710K(20000K)] 19910K->19710K(20000K), 0.2800000 secs] [Times: user=0.24 sys=0.00, real=0.280 secs]
2026-04-04T11:01:34.000+0000: 94.000: [Full GC (Allocation Failure) [Tenured: 19930K->19730K(20000K)] 19930K->19730K(20000K), 0.3000000 secs] [Times: user=0.24 sys=0.00, real=0.300 secs]
2026-04-04T11:01:35.000+0000: 95.000: [Full GC (Allocation Failure) [Tenured: 19950K->19750K(20000K)] 19950K->19750K(20000K), 0.2200000 secs] [Times: user=0.24 sys=0.00, real=0.220 secs]
2026-04-04T11:01:36.000+0000: 96.000: [Full GC (Allocation Failure) [Tenured: 19850K->19650K(20000K)] 19850K->19650K(20000K), 0.2400000 secs] [Times: user=0.24 sys=0.00, real=0.240 secs]
2026-04-04T11:01:37.000+0000: 97.000: [Full GC (Allocation Failure) [Tenured: 19870K->19670K(20000K)] 19870K->19670K(20000K), 0.2600000 secs] [Times: user=0.24 sys=0.00, real=0.260 secs]
2026-04-04T11:01:38.000+0000: 98.000: [Full GC (Allocation Failure) [Tenured: 19890K->19690K(20000K)] 19890K->19690K(20000K), 0.2800000 secs] [Times: user=0.24 sys=0.00, real=0.280 secs]
2026-04-04T11:01:39.000+0000: 99.000: [Full GC (Allocation Failure) [Tenured: 19910K->19710K(20000K)] 19910K->19710K(20000K), 0.3000000 secs] [Times: user=0.24 sys=0.00, real=0.300 secs]
2026-04-04T11:01:40.000+0000: 100.000: [Full GC (Allocation Failure) [Tenured: 19930K->19730K(20000K)] 19930K->19730K(20000K), 0.2200000 secs] [Times: user=0.24 sys=0.00, real=0.220 secs]
2026-04-04T11:01:41.000+0000: 101.000: [Full GC (Allocation Failure) [Tenured: 19950K->19750K(20000K)] 19950K->19750K(20000K), 0.2400000 secs] [Times: user=0.24 sys=0.00, real=0.240 secs]
2026-04-04T11:01:42.000+0000: 102.000: [Full GC (Allocation Failure) [Tenured: 19850K->19650K(20000K)] 19850K->19650K(20000K), 0.2600000 secs] [Times: user=0.24 sys=0.00, real=0.260 secs]
2026-04-04T11:01:43.000+0000: 103.000: [Full GC (Allocation Failure) [Tenured: 19870K->19670K(20000K)] 19870K->19670K(20000K), 0.2800000 secs] [Times: user=0.24 sys=0.00, real=0.280 secs]
2026-04-04T11:01:44.000+0000: 104.000: [Full GC (Allocation Failure) [Tenured: 19890K->19690K(20000K)] 19890K->19690K(20000K), 0.3000000 secs] [Times: user=0.24 sys=0.00, real=0.300 secs]
2026-04-04T11:01:45.000+0000: 105.000: [Full GC (Allocation Failure) [Tenured: 19910K->19710K(20000K)] 19910K->19710K(20000K), 0.2200000 secs] [Times: user=0.24 sys=0.00, real=0.220 secs]
2026-04-04T11:01:46.000+0000: 106.000: [Full GC (Allocation Failure) [Tenured: 19930K->19730K(20000K)] 19930K->19730K(20000K), 0.2400000 secs] [Times: user=0.24 sys=0.00, real=0.240 secs]
2026-04-04T11:01:47.000+0000: 107.000: [Full GC (Allocation Failure) [Tenured: 19950K->19750K(20000K)] 19950K->19750K(20000K), 0.2600000 secs] [Times: user=0.24 sys=0.00, real=0.260 secs]
2026-04-04T11:01:48.000+0000: 108.000: [Full GC (Allocation Failure) [Tenured: 19850K->19650K(20000K)] 19850K->19650K(20000K), 0.2800000 secs] [Times: user=0.24 sys=0.00, real=0.280 secs]
2026-04-04T11:01:49.000+0000: 109.000: [Full GC (Allocation Failure) [Tenured: 19870K->19670K(20000K)] 19870K->19670K(20000K), 0.3000000 secs] [Times: user=0.24 sys=0.00, real=0.300 secs]
2026-04-04T11:01:50.000+0000: 110.000: [Full GC (Allocation Failure) [Tenured: 19890K->19690K(20000K)] 19890K->19690K(20000K), 0.2200000 secs] [Times: user=0.24 sys=0.00, real=0.220 secs]
2026-04-04T11:01:51.000+0000: 111.000: [Full GC (Allocation Failure) [Tenured: 19910K->19710K(20000K)] 19910K->19710K(20000K), 0.2400000 secs] [Times: user=0.24 sys=0.00, real=0.240 secs]
2026-04-04T11:01:52.000+0000: 112.000: [Full GC (Allocation Failure) [Tenured: 19930K->19730K(20000K)] 19930K->19730K(20000K), 0.2600000 secs] [Times: user=0.24 sys=0.00, real=0.260 secs]
2026-04-04T11:01:53.000+0000: 113.000: [Full GC (Allocation Failure) [Tenured: 19950K->19750K(20000K)] 19950K->19750K(20000K), 0.2800000 secs] [Times: user=0.24 sys=0.00, real=0.280 secs]
2026-04-04T11:01:54.000+0000: 114.000: [Full GC (Allocation Failure) [Tenured: 19850K->19650K(20000K)] 19850K->19650K(20000K), 0.3000000 secs] [Times: user=0.24 sys=0.00, real=0.300 secs]
2026-04-04T11:01:55.000+0000: 115.000: [Full GC (Allocation Failure) [Tenured: 19870K->19670K(20000K)] 19870K->19670K(20000K), 0.2200000 secs] [Times: user=0.24 sys=0.00, real=0.220 secs]
2026-04-04T11:01:56.000+0000: 116.000: [Full GC (Allocation Failure) [Tenured: 19890K->19690K(20000K)] 19890K->19690K(20000K), 0.2400000 secs] [Times: user=0.24 sys=0.00, real=0.240 secs]
2026-04-04T11:01:57.000+0000: 117.000: [Full GC (Allocation Failure) [Tenured: 19910K->19710K(20000K)] 19910K->19710K(20000K), 0.2600000 secs] [Times: user=0.24 sys=0.00, real=0.260 secs]
2026-04-04T11:01:58.000+0000: 118.000: [Full GC (Allocation Failure) [Tenured: 19930K->19730K(20000K)] 19930K->19730K(20000K), 0.2800000 secs] [Times: user=0.24 sys=0.00, real=0.280 secs]
2026-04-04T11:01:59.000+0000: 119.000: [Full GC (Allocation Failure) [Tenured: 19950K->19750K(20000K)] 19950K->19750K(20000K), 0.3000000 secs] [Times: user=0.24 sys=0.00, real=0.300 secs]
2026-04-04T11:02:00.000+0000: 120.000: [Full GC (Allocation Failure) [Tenured: 19850K->19650K(20000K)] 19850K->19650K(20000K), 0.2200000 secs] [Times: user=0.24 sys=0.00, real=0.220 secs]
2026-04-04T11:02:01.000+0000: 121.000: [Full GC (Allocation Failure) [Tenured: 19870K->19670K(20000K)] 19870K->19670K(20000K), 0.2400000 secs] [Times: user=0.24 sys=0.00, real=0.240 secs]
2026-04-04T11:02:02.000+0000: 122.000: [Full GC (Allocation Failure) [Tenured: 19890K->19690K(20000K)] 19890K->19690K(20000K), 0.2600000 secs] [Times: user=0.24 sys=0.00, real=0.260 secs]
2026-04-04T11:02:03.000+0000: 123.000: [Full GC (Allocation Failure) [Tenured: 19910K->19710K(20000K)] 19910K->19710K(20000K), 0.2800000 secs] [Times: user=0.24 sys=0.00, real=0.280 secs]
2026-04-04T11:02:04.000+0000: 124.000: [Full GC (Allocation Failure) [Tenured: 19930K->19730K(20000K)] 19930K->19730K(20000K), 0.3000000 secs] [Times: user=0.24 sys=0.00, real=0.300 secs]
2026-04-04T11:02:05.000+0000: 125.000: [Full GC (Allocation Failure) [Tenured: 19950K->19750K(20000K)] 19950K->19750K(20000K), 0.2200000 secs] [Times: user=0.24 sys=0.00, real=0.220 secs]
2026-04-04T11:02:06.000+0000: 126.000: [Full GC (Allocation Failure) [Tenured: 19850K->19650K(20000K)] 19850K->19650K(20000K), 0.2400000 secs] [Times: user=0.24 sys=0.00, real=0.240 secs]
2026-04-04T11:02:07.000+0000: 127.000: [Full GC (Allocation Failure) [Tenured: 19870K->19670K(20000K)] 19870K->19670K(20000K), 0.2600000 secs] [Times: user=0.24 sys=0.00, real=0.260 secs]
2026-04-04T11:02:08.000+0000: 128.000: [Full GC (Allocation Failure) [Tenured: 19890K->19690K(20000K)] 19890K->19690K(20000K), 0.2800000 secs] [Times: user=0.24 sys=0.00, real=0.280 secs]
2026-04-04T11:02:09.000+0000: 129.000: [Full GC (Allocation Failure) [Tenured: 19910K->19710K(20000K)] 19910K->19710K(20000K), 0.3000000 secs] [Times: user=0.24 sys=0.00, real=0.300 secs]
2026-04-04T11:02:10.000+0000: 130.000: [Full GC (Allocation Failure) [Tenured: 19930K->19730K(20000K)] 19930K->19730K(20000K), 0.2200000 secs] [Times: user=0.24 sys=0.00, real=0.220 secs]
2026-04-04T11:02:11.000+0000: 131.000: [Full GC (Allocation Failure) [Tenured: 19950K->19750K(20000K)] 19950K->19750K(20000K), 0.2400000 secs] [Times: user=0.24 sys=0.00, real=0.240 secs]
2026-04-04T11:02:12.000+0000: 132.000: [Full GC (Allocation Failure) [Tenured: 19850K->19650K(20000K)] 19850K->19650K(20000K), 0.2600000 secs] [Times: user=0.24 sys=0.00, real=0.260 secs]
2026-04-04T11:02:13.000+0000: 133.000: [Full GC (Allocation Failure) [Tenured: 19870K->19670K(20000K)] 19870K->19670K(20000K), 0.2800000 secs] [Times: user=0.24 sys=0.00, real=0.280 secs]
2026-04-04T11:02:14.000+0000: 134.000: [Full GC (Allocation Failure) [Tenured: 19890K->19690K(20000K)] 19890K->19690K(20000K), 0.3000000 secs] [Times: user=0.24 sys=0.00, real=0.300 secs]
2026-04-04T11:02:15.000+0000: 135.000: [Full GC (Allocation Failure) [Tenured: 19910K->19710K(20000K)] 19910K->19710K(20000K), 0.2200000 secs] [Times: user=0.24 sys=0.00, real=0.220 secs]
2026-04-04T11:02:16.000+0000: 136.000: [Full GC (Allocation Failure) [Tenured: 19930K->19730K(20000K)] 19930K->19730K(20000K), 0.2400000 secs] [Times: user=0.24 sys=0.00, real=0.240 secs]
2026-04-04T11:02:17.000+0000: 137.000: [Full GC (Allocation Failure) [Tenured: 19950K->19750K(20000K)] 19950K->19750K(20000K), 0.2600000 secs] [Times: user=0.24 sys=0.00, real=0.260 secs]
2026-04-04T11:02:18.000+0000: 138.000: [Full GC (Allocation Failure) [Tenured: 19850K->19650K(20000K)] 19850K->19650K(20000K), 0.2800000 secs] [Times: user=0.24 sys=0.00, real=0.280 secs]
2026-04-04T11:02:19.000+0000: 139.000: [Full GC (Allocation Failure) [Tenured: 19870K->19670K(20000K)] 19870K->19670K(20000K), 0.3000000 secs] [Times: user=0.24 sys=0.00, real=0.300 secs]
2026-04-04T11:02:20.000+0000: 140.000: [Full GC (Allocation Failure) [Tenured: 19890K->19690K(20000K)] 19890K->19690K(20000K), 0.2200000 secs] [Times: user=0.24 sys=0.00, real=0.220 secs]
2026-04-04T11:02:21.000+0000: 141.000: [Full GC (Allocation Failure) [Tenured: 19910K->19710K(20000K)] 19910K->19710K(20000K), 0.2400000 secs] [Times: user=0.24 sys=0.00, real=0.240 secs]
2026-04-04T11:02:22.000+0000: 142.000: [Full GC (Allocation Failure) [Tenured: 19930K->19730K(20000K)] 19930K->19730K(20000K), 0.2600000 secs] [Times: user=0.24 sys=0.00, real=0.260 secs]
2026-04-04T11:02:23.000+0000: 143.000: [Full GC (Allocation Failure) [Tenured: 19950K->19750K(20000K)] 19950K->19750K(20000K), 0.2800000 secs] [Times: user=0.24 sys=0.00, real=0.280 secs]
2026-04-04T11:02:24.000+0000: 144.000: [Full GC (Allocation Failure) [Tenured: 19850K->19650K(20000K)] 19850K->19650K(20000K), 0.3000000 secs] [Times: user=0.24 sys=0.00, real=0.300 secs]
2026-04-04T11:02:25.000+0000: 145.000: [Full GC (Allocation Failure) [Tenured: 19870K->19670K(20000K)] 19870K->19670K(20000K), 0.2200000 secs] [Times: user=0.24 sys=0.00, real=0.220 secs]
2026-04-04T11:02:26.000+0000: 146.000: [Full GC (Allocation Failure) [Tenured: 19890K->19690K(20000K)] 19890K->19690K(20000K), 0.2400000 secs] [Times: user=0.24 sys=0.00, real=0.240 secs]
2026-04-04T11:02:27.000+0000: 147.000: [Full GC (Allocation Failure) [Tenured: 19910K->19710K(20000K)] 19910K->19710K(20000K), 0.2600000 secs] [Times: user=0.24 sys=0.00, real=0.260 secs]
2026-04-04T11:02:28.000+0000: 148.000: [Full GC (Allocation Failure) [Tenured: 19930K->19730K(20000K)] 19930K->19730K(20000K), 0.2800000 secs] [Times: user=0.24 sys=0.00, real=0.280 secs]
2026-04-04T11:02:29.000+0000: 149.000: [Full GC (Allocation Failure) [Tenured: 19950K->19750K(20000K)] 19950K->19750K(20000K), 0.3000000 secs] [Times: user=0.24 sys=0.00, real=0.300 secs]
2026-04-04T11:02:30.000+0000: 150.000: [Full GC (Allocation Failure) [Tenured: 19850K->19650K(20000K)] 19850K->19650K(20000K), 0.2200000 secs] [Times: user=0.24 sys=0.00, real=0.220 secs]
2026-04-04T11:02:31.000+0000: 151.000: [Full GC (Allocation Failure) [Tenured: 19870K->19670K(20000K)] 19870K->19670K(20000K), 0.2400000 secs] [Times: user=0.24 sys=0.00, real=0.240 secs]
2026-04-04T11:02:32.000+0000: 152.000: [Full GC (Allocation Failure) [Tenured: 19890K->19690K(20000K)] 19890K->19690K(20000K), 0.2600000 secs] [Times: user=0.24 sys=0.00, real=0.260 secs]
2026-04-04T11:02:33.000+0000: 153.000: [Full GC (Allocation Failure) [Tenured: 19910K->19710K(20000K)] 19910K->19710K(20000K), 0.2800000 secs] [Times: user=0.24 sys=0.00, real=0.280 secs]
2026-04-04T11:02:34.000+0000: 154.000: [Full GC (Allocation Failure) [Tenured: 19930K->19730K(20000K)] 19930K->19730K(20000K), 0.3000000 secs] [Times: user=0.24 sys=0.00, real=0.300 secs]
2026-04-04T11:02:35.000+0000: 155.000: [Full GC (Allocation Failure) [Tenured: 19950K->19750K(20000K)] 19950K->19750K(20000K), 0.2200000 secs] [Times: user=0.24 sys=0.00, real=0.220 secs]
2026-04-04T11:02:36.000+0000: 156.000: [Full GC (Allocation Failure) [Tenured: 19850K->19650K(20000K)] 19850K->19650K(20000K), 0.2400000 secs] [Times: user=0.24 sys=0.00, real=0.240 secs]
2026-04-04T11:02:37.000+0000: 157.000: [Full GC (Allocation Failure) [Tenured: 19870K->19670K(20000K)] 19870K->19670K(20000K), 0.2600000 secs] [Times: user=0.24 sys=0.00, real=0.260 secs]
2026-04-04T11:02:38.000+0000: 158.000: [Full GC (Allocation Failure) [Tenured: 19890K->19690K(20000K)] 19890K->19690K(20000K), 0.2800000 secs] [Times: user=0.24 sys=0.00, real=0.280 secs]
2026-04-04T11:02:39.000+0000: 159.000: [Full GC (Allocation Failure) [Tenured: 19910K->19710K(20000K)] 19910K->19710K(20000K), 0.3000000 secs] [Times: user=0.24 sys=0.00, real=0.300 secs]
2026-04-04T11:02:40.000+0000: 160.000: [Full GC (Allocation Failure) [Tenured: 19930K->19730K(20000K)] 19930K->19730K(20000K), 0.2200000 secs] [Times: user=0.24 sys=0.00, real=0.220 secs]
2026-04-04T11:02:41.000+0000: 161.000: [Full GC (Allocation Failure) [Tenured: 19950K->19750K(20000K)] 19950K->19750K(20000K), 0.2400000 secs] [Times: user=0.24 sys=0.00, real=0.240 secs]
